Component: ARM Compiler 5.06 update 6 (build 750) Tool: armlink [4d35ed]

==============================================================================

Section Cross References

    startup_stm32f407xx.o(RESET) refers to startup_stm32f407xx.o(STACK) for __initial_sp
    startup_stm32f407xx.o(RESET) refers to startup_stm32f407xx.o(.text) for Reset_Handler
    startup_stm32f407xx.o(RESET) refers to stm32f4xx_it.o(i.NMI_Handler) for NMI_Handler
    startup_stm32f407xx.o(RESET) refers to stm32f4xx_it.o(i.HardFault_Handler) for HardFault_Handler
    startup_stm32f407xx.o(RESET) refers to stm32f4xx_it.o(i.MemManage_Handler) for MemManage_Handler
    startup_stm32f407xx.o(RESET) refers to stm32f4xx_it.o(i.BusFault_Handler) for BusFault_Handler
    startup_stm32f407xx.o(RESET) refers to stm32f4xx_it.o(i.UsageFault_Handler) for UsageFault_Handler
    startup_stm32f407xx.o(RESET) refers to stm32f4xx_it.o(i.SVC_Handler) for SVC_Handler
    startup_stm32f407xx.o(RESET) refers to stm32f4xx_it.o(i.DebugMon_Handler) for DebugMon_Handler
    startup_stm32f407xx.o(RESET) refers to stm32f4xx_it.o(i.PendSV_Handler) for PendSV_Handler
    startup_stm32f407xx.o(RESET) refers to main.o(i.SysTick_Handler) for SysTick_Handler
    startup_stm32f407xx.o(RESET) refers to stm32f4xx_it.o(i.DMA2_Stream2_IRQHandler) for DMA2_Stream2_IRQHandler
    startup_stm32f407xx.o(.text) refers to system_stm32f4xx.o(i.SystemInit) for SystemInit
    startup_stm32f407xx.o(.text) refers to entry.o(.ARM.Collect$$$$00000000) for __main
    lcd_main.o(i.printi) refers to lcd_main.o(i.prints) for prints
    lcd_main.o(i.tft_circ_push_pxbuf) refers to lcd_main.o(i.tft_dma_wait) for tft_dma_wait
    lcd_main.o(i.tft_clear) refers to lcd_main.o(.data) for .data
    lcd_main.o(i.tft_clear) refers to lcd_main.o(.bss) for .bss
    lcd_main.o(i.tft_clear_line) refers to lcd_main.o(.data) for .data
    lcd_main.o(i.tft_clear_line) refers to lcd_main.o(.bss) for .bss
    lcd_main.o(i.tft_fill_color) refers to lcd_main.o(.data) for .data
    lcd_main.o(i.tft_force_clear) refers to memseta.o(.text) for __aeabi_memset
    lcd_main.o(i.tft_force_clear) refers to lcd_main.o(i.tft_fill_color) for tft_fill_color
    lcd_main.o(i.tft_force_clear) refers to lcd_main.o(.bss) for .bss
    lcd_main.o(i.tft_force_clear) refers to lcd_main.o(.data) for .data
    lcd_main.o(i.tft_get_orientation) refers to lcd_main.o(.data) for .data
    lcd_main.o(i.tft_init) refers to lcd_main.o(i.tft_fill_color) for tft_fill_color
    lcd_main.o(i.tft_init) refers to lcd_main.o(i.tft_clear) for tft_clear
    lcd_main.o(i.tft_init) refers to lcd_main.o(.data) for .data
    lcd_main.o(i.tft_init) refers to lcd_main.o(.bss) for .bss
    lcd_main.o(i.tft_init) refers to main.o(.data) for __delay
    lcd_main.o(i.tft_init) refers to lcd_main.o(.constdata) for .constdata
    lcd_main.o(i.tft_printb) refers to lcd_main.o(i.tft_printc) for tft_printc
    lcd_main.o(i.tft_printf) refers to lcd_main.o(i.tft_printc) for tft_printc
    lcd_main.o(i.tft_printi) refers to lcd_main.o(i.tft_printc) for tft_printc
    lcd_main.o(i.tft_printl) refers to ldiv.o(.text) for __aeabi_ldivmod
    lcd_main.o(i.tft_printl) refers to lcd_main.o(i.tft_printc) for tft_printc
    lcd_main.o(i.tft_prints) refers to memseta.o(.text) for __aeabi_memclr4
    lcd_main.o(i.tft_prints) refers to lcd_main.o(i.prints) for prints
    lcd_main.o(i.tft_prints) refers to lcd_main.o(i.printi) for printi
    lcd_main.o(i.tft_prints) refers to lcd_main.o(i.tft_printc) for tft_printc
    lcd_main.o(i.tft_printu) refers to lcd_main.o(i.tft_printc) for tft_printc
    lcd_main.o(i.tft_push_pxbuf) refers to lcd_main.o(i.tft_dma_wait) for tft_dma_wait
    lcd_main.o(i.tft_pxbuf_update) refers to lcd_main.o(.data) for .data
    lcd_main.o(i.tft_pxbuf_update) refers to lcd_main.o(.bss) for .bss
    lcd_main.o(i.tft_pxbuf_update) refers to lcd_main.o(.constdata) for .constdata
    lcd_main.o(i.tft_pxbuf_write) refers to lcd_main.o(.data) for .data
    lcd_main.o(i.tft_pxbuf_write) refers to lcd_main.o(.bss) for .bss
    lcd_main.o(i.tft_pxbuf_write) refers to lcd_main.o(.constdata) for .constdata
    lcd_main.o(i.tft_reset) refers to main.o(.data) for __delay
    lcd_main.o(i.tft_set_bg_color) refers to lcd_main.o(.data) for .data
    lcd_main.o(i.tft_set_highlight_color) refers to lcd_main.o(.data) for .data
    lcd_main.o(i.tft_set_special_color) refers to lcd_main.o(.data) for .data
    lcd_main.o(i.tft_set_text_color) refers to lcd_main.o(.data) for .data
    lcd_main.o(i.tft_spi_init) refers to lcd_main.o(.bss) for .bss
    lcd_main.o(i.tft_update) refers to lcd_main.o(.data) for .data
    lcd_main.o(i.tft_update) refers to lcd_main.o(.bss) for .bss
    lcd_main.o(i.tft_update) refers to lcd_main.o(.constdata) for .constdata
    lcd_main.o(i.tft_update_dma) refers to lcd_main.o(i.tft_push_pxbuf) for tft_push_pxbuf
    lcd_main.o(i.tft_update_dma) refers to lcd_main.o(.data) for .data
    lcd_main.o(i.tft_update_dma) refers to lcd_main.o(.bss) for .bss
    lcd_main.o(i.tft_update_dma) refers to lcd_main.o(.constdata) for .constdata
    main.o(i.SysTick_Handler) refers to main.o(.data) for .data
    main.o(i.SystemClock_Config) refers to stm32f4xx_ll_utils.o(i.LL_Init1msTick) for LL_Init1msTick
    main.o(i.SystemClock_Config) refers to stm32f4xx_ll_utils.o(i.LL_SetSystemCoreClock) for LL_SetSystemCoreClock
    main.o(i.main) refers to main.o(i.SystemClock_Config) for SystemClock_Config
    main.o(i.main) refers to gpio.o(i.MX_GPIO_Init) for MX_GPIO_Init
    main.o(i.main) refers to dma.o(i.MX_DMA_Init) for MX_DMA_Init
    main.o(i.main) refers to spi.o(i.MX_SPI1_Init) for MX_SPI1_Init
    main.o(i.main) refers to usart.o(i.MX_USART1_UART_Init) for MX_USART1_UART_Init
    main.o(i.main) refers to adc.o(i.MX_ADC1_Init) for MX_ADC1_Init
    main.o(i.main) refers to spi.o(i.MX_SPI2_Init) for MX_SPI2_Init
    main.o(i.main) refers to usart.o(i.MX_USART2_UART_Init) for MX_USART2_UART_Init
    main.o(i.main) refers to tim.o(i.MX_TIM13_Init) for MX_TIM13_Init
    main.o(i.main) refers to dac.o(i.MX_DAC_Init) for MX_DAC_Init
    main.o(i.main) refers to tim.o(i.MX_TIM14_Init) for MX_TIM14_Init
    main.o(i.main) refers to tim.o(i.MX_TIM12_Init) for MX_TIM12_Init
    main.o(i.main) refers to tim.o(i.MX_TIM11_Init) for MX_TIM11_Init
    main.o(i.main) refers to tim.o(i.MX_TIM10_Init) for MX_TIM10_Init
    main.o(i.main) refers to tim.o(i.MX_TIM9_Init) for MX_TIM9_Init
    main.o(i.main) refers to tim.o(i.MX_TIM6_Init) for MX_TIM6_Init
    main.o(i.main) refers to tim.o(i.MX_TIM7_Init) for MX_TIM7_Init
    main.o(i.main) refers to lcd_main.o(i.tft_init) for tft_init
    main.o(i.main) refers to adc.o(i.joystick_init) for joystick_init
    main.o(i.main) refers to lcd_main.o(i.tft_clear) for tft_clear
    main.o(i.main) refers to lcd_main.o(i.tft_printc) for tft_printc
    main.o(i.main) refers to lcd_main.o(i.tft_printi) for tft_printi
    main.o(i.main) refers to lcd_main.o(i.tft_printb) for tft_printb
    main.o(i.main) refers to lcd_main.o(i.tft_update_dma) for tft_update_dma
    main.o(i.main) refers to adc.o(.data) for joys
    main.o(i.main) refers to main.o(.data) for .data
    gpio.o(i.MX_GPIO_Init) refers to stm32f4xx_ll_gpio.o(i.LL_GPIO_Init) for LL_GPIO_Init
    adc.o(i.MX_ADC1_Init) refers to stm32f4xx_ll_gpio.o(i.LL_GPIO_Init) for LL_GPIO_Init
    adc.o(i.MX_ADC1_Init) refers to stm32f4xx_ll_adc.o(i.LL_ADC_Init) for LL_ADC_Init
    adc.o(i.MX_ADC1_Init) refers to stm32f4xx_ll_adc.o(i.LL_ADC_REG_Init) for LL_ADC_REG_Init
    adc.o(i.MX_ADC1_Init) refers to stm32f4xx_ll_adc.o(i.LL_ADC_CommonInit) for LL_ADC_CommonInit
    adc.o(i.MX_ADC1_Init) refers to adc.o(.constdata) for .constdata
    adc.o(i.joystick_init) refers to adc.o(.constdata) for .constdata
    adc.o(i.joystick_init) refers to adc.o(.data) for .data
    dac.o(i.MX_DAC_Init) refers to stm32f4xx_ll_gpio.o(i.LL_GPIO_Init) for LL_GPIO_Init
    dac.o(i.MX_DAC_Init) refers to stm32f4xx_ll_dac.o(i.LL_DAC_Init) for LL_DAC_Init
    dac.o(i.MX_DAC_Init) refers to dac.o(.constdata) for .constdata
    spi.o(i.MX_SPI1_Init) refers to stm32f4xx_ll_gpio.o(i.LL_GPIO_Init) for LL_GPIO_Init
    spi.o(i.MX_SPI1_Init) refers to stm32f4xx_ll_spi.o(i.LL_SPI_Init) for LL_SPI_Init
    spi.o(i.MX_SPI1_Init) refers to spi.o(.constdata) for .constdata
    spi.o(i.MX_SPI2_Init) refers to stm32f4xx_ll_gpio.o(i.LL_GPIO_Init) for LL_GPIO_Init
    spi.o(i.MX_SPI2_Init) refers to stm32f4xx_ll_spi.o(i.LL_SPI_Init) for LL_SPI_Init
    spi.o(i.MX_SPI2_Init) refers to spi.o(.constdata) for .constdata
    tim.o(i.MX_TIM10_Init) refers to stm32f4xx_ll_tim.o(i.LL_TIM_Init) for LL_TIM_Init
    tim.o(i.MX_TIM11_Init) refers to stm32f4xx_ll_tim.o(i.LL_TIM_Init) for LL_TIM_Init
    tim.o(i.MX_TIM12_Init) refers to stm32f4xx_ll_tim.o(i.LL_TIM_Init) for LL_TIM_Init
    tim.o(i.MX_TIM13_Init) refers to stm32f4xx_ll_tim.o(i.LL_TIM_Init) for LL_TIM_Init
    tim.o(i.MX_TIM13_Init) refers to stm32f4xx_ll_tim.o(i.LL_TIM_OC_Init) for LL_TIM_OC_Init
    tim.o(i.MX_TIM13_Init) refers to stm32f4xx_ll_gpio.o(i.LL_GPIO_Init) for LL_GPIO_Init
    tim.o(i.MX_TIM13_Init) refers to tim.o(.constdata) for .constdata
    tim.o(i.MX_TIM14_Init) refers to stm32f4xx_ll_tim.o(i.LL_TIM_Init) for LL_TIM_Init
    tim.o(i.MX_TIM6_Init) refers to stm32f4xx_ll_tim.o(i.LL_TIM_Init) for LL_TIM_Init
    tim.o(i.MX_TIM7_Init) refers to stm32f4xx_ll_tim.o(i.LL_TIM_Init) for LL_TIM_Init
    tim.o(i.MX_TIM9_Init) refers to stm32f4xx_ll_tim.o(i.LL_TIM_Init) for LL_TIM_Init
    usart.o(i.MX_USART1_UART_Init) refers to stm32f4xx_ll_gpio.o(i.LL_GPIO_Init) for LL_GPIO_Init
    usart.o(i.MX_USART1_UART_Init) refers to stm32f4xx_ll_usart.o(i.LL_USART_Init) for LL_USART_Init
    usart.o(i.MX_USART1_UART_Init) refers to usart.o(.constdata) for .constdata
    usart.o(i.MX_USART2_UART_Init) refers to stm32f4xx_ll_gpio.o(i.LL_GPIO_Init) for LL_GPIO_Init
    usart.o(i.MX_USART2_UART_Init) refers to stm32f4xx_ll_usart.o(i.LL_USART_Init) for LL_USART_Init
    usart.o(i.MX_USART2_UART_Init) refers to usart.o(.constdata) for .constdata
    stm32f4xx_ll_dma.o(i.LL_DMA_DeInit) refers to stm32f4xx_ll_dma.o(.constdata) for .constdata
    stm32f4xx_ll_dma.o(i.LL_DMA_Init) refers to stm32f4xx_ll_dma.o(.constdata) for .constdata
    stm32f4xx_ll_spi.o(i.LL_I2S_Init) refers to stm32f4xx_ll_rcc.o(i.LL_RCC_GetI2SClockFreq) for LL_RCC_GetI2SClockFreq
    stm32f4xx_ll_usart.o(i.LL_USART_Init) refers to stm32f4xx_ll_rcc.o(i.LL_RCC_GetSystemClocksFreq) for LL_RCC_GetSystemClocksFreq
    stm32f4xx_ll_rcc.o(i.LL_RCC_GetSystemClocksFreq) refers to system_stm32f4xx.o(.constdata) for AHBPrescTable
    stm32f4xx_ll_rcc.o(i.LL_RCC_GetSystemClocksFreq) refers to system_stm32f4xx.o(.constdata) for APBPrescTable
    stm32f4xx_ll_rcc.o(i.RCC_GetHCLKClockFreq) refers to system_stm32f4xx.o(.constdata) for AHBPrescTable
    stm32f4xx_ll_rcc.o(i.RCC_GetPCLK1ClockFreq) refers to system_stm32f4xx.o(.constdata) for APBPrescTable
    stm32f4xx_ll_rcc.o(i.RCC_GetPCLK2ClockFreq) refers to system_stm32f4xx.o(.constdata) for APBPrescTable
    stm32f4xx_ll_utils.o(i.LL_PLL_ConfigSystemClock_HSE) refers to stm32f4xx_ll_utils.o(i.UTILS_EnablePLLAndSwitchSystem) for UTILS_EnablePLLAndSwitchSystem
    stm32f4xx_ll_utils.o(i.LL_PLL_ConfigSystemClock_HSI) refers to stm32f4xx_ll_utils.o(i.UTILS_EnablePLLAndSwitchSystem) for UTILS_EnablePLLAndSwitchSystem
    stm32f4xx_ll_utils.o(i.LL_SetSystemCoreClock) refers to system_stm32f4xx.o(.data) for SystemCoreClock
    stm32f4xx_ll_utils.o(i.UTILS_EnablePLLAndSwitchSystem) refers to system_stm32f4xx.o(.constdata) for AHBPrescTable
    stm32f4xx_ll_utils.o(i.UTILS_EnablePLLAndSwitchSystem) refers to system_stm32f4xx.o(.data) for SystemCoreClock
    system_stm32f4xx.o(i.SystemCoreClockUpdate) refers to system_stm32f4xx.o(.data) for .data
    system_stm32f4xx.o(i.SystemCoreClockUpdate) refers to system_stm32f4xx.o(.constdata) for .constdata
    entry.o(.ARM.Collect$$$$00000000) refers (Special) to entry10a.o(.ARM.Collect$$$$0000000D) for __rt_final_cpp
    entry.o(.ARM.Collect$$$$00000000) refers (Special) to entry11a.o(.ARM.Collect$$$$0000000F) for __rt_final_exit
    entry.o(.ARM.Collect$$$$00000000) refers (Special) to entry7b.o(.ARM.Collect$$$$00000008) for _main_clock
    entry.o(.ARM.Collect$$$$00000000) refers (Special) to entry8b.o(.ARM.Collect$$$$0000000A) for _main_cpp_init
    entry.o(.ARM.Collect$$$$00000000) refers (Special) to entry9a.o(.ARM.Collect$$$$0000000B) for _main_init
    entry.o(.ARM.Collect$$$$00000000) refers (Special) to entry5.o(.ARM.Collect$$$$00000004) for _main_scatterload
    entry.o(.ARM.Collect$$$$00000000) refers (Special) to entry2.o(.ARM.Collect$$$$00000001) for _main_stk
    ldiv.o(.text) refers to uldiv.o(.text) for __aeabi_uldivmod
    entry2.o(.ARM.Collect$$$$00000001) refers to entry2.o(.ARM.Collect$$$$00002712) for __lit__00000000
    entry2.o(.ARM.Collect$$$$00002712) refers to startup_stm32f407xx.o(STACK) for __initial_sp
    entry2.o(__vectab_stack_and_reset_area) refers to startup_stm32f407xx.o(STACK) for __initial_sp
    entry2.o(__vectab_stack_and_reset_area) refers to entry.o(.ARM.Collect$$$$00000000) for __main
    entry5.o(.ARM.Collect$$$$00000004) refers to init.o(.text) for __scatterload
    entry9a.o(.ARM.Collect$$$$0000000B) refers to main.o(i.main) for main
    entry9b.o(.ARM.Collect$$$$0000000C) refers to main.o(i.main) for main
    uldiv.o(.text) refers to llushr.o(.text) for __aeabi_llsr
    uldiv.o(.text) refers to llshl.o(.text) for __aeabi_llsl
    init.o(.text) refers to entry5.o(.ARM.Collect$$$$00000004) for __main_after_scatterload
    lcd_main.o(i.tft_printc) refers to lcd_main.o(.data) for .data
    lcd_main.o(i.tft_printc) refers to lcd_main.o(.bss) for .bss


==============================================================================

Removing Unused input sections from the image.

    Removing startup_stm32f407xx.o(HEAP), (512 bytes).
    Removing lcd_main.o(.rev16_text), (4 bytes).
    Removing lcd_main.o(.revsh_text), (4 bytes).
    Removing lcd_main.o(.rrx_text), (6 bytes).
    Removing lcd_main.o(i.printi), (168 bytes).
    Removing lcd_main.o(i.prints), (132 bytes).
    Removing lcd_main.o(i.tft_circ_push_pxbuf), (372 bytes).
    Removing lcd_main.o(i.tft_clear_line), (96 bytes).
    Removing lcd_main.o(i.tft_dma_tx), (20 bytes).
    Removing lcd_main.o(i.tft_force_clear), (68 bytes).
    Removing lcd_main.o(i.tft_get_orientation), (12 bytes).
    Removing lcd_main.o(i.tft_printf), (320 bytes).
    Removing lcd_main.o(i.tft_printl), (126 bytes).
    Removing lcd_main.o(i.tft_prints), (340 bytes).
    Removing lcd_main.o(i.tft_printu), (96 bytes).
    Removing lcd_main.o(i.tft_put_pixel), (324 bytes).
    Removing lcd_main.o(i.tft_pxbuf_update), (420 bytes).
    Removing lcd_main.o(i.tft_pxbuf_write), (316 bytes).
    Removing lcd_main.o(i.tft_reset), (64 bytes).
    Removing lcd_main.o(i.tft_set_bg_color), (12 bytes).
    Removing lcd_main.o(i.tft_set_highlight_color), (12 bytes).
    Removing lcd_main.o(i.tft_set_special_color), (12 bytes).
    Removing lcd_main.o(i.tft_set_text_color), (12 bytes).
    Removing lcd_main.o(i.tft_spi_init), (92 bytes).
    Removing lcd_main.o(i.tft_update), (840 bytes).
    Removing lcd_main.o(.data), (1 bytes).
    Removing lcd_main.o(.data), (1 bytes).
    Removing main.o(.rev16_text), (4 bytes).
    Removing main.o(.revsh_text), (4 bytes).
    Removing main.o(.rrx_text), (6 bytes).
    Removing main.o(i.Error_Handler), (2 bytes).
    Removing gpio.o(.rev16_text), (4 bytes).
    Removing gpio.o(.revsh_text), (4 bytes).
    Removing gpio.o(.rrx_text), (6 bytes).
    Removing adc.o(.rev16_text), (4 bytes).
    Removing adc.o(.revsh_text), (4 bytes).
    Removing adc.o(.rrx_text), (6 bytes).
    Removing dac.o(.rev16_text), (4 bytes).
    Removing dac.o(.revsh_text), (4 bytes).
    Removing dac.o(.rrx_text), (6 bytes).
    Removing dma.o(.rev16_text), (4 bytes).
    Removing dma.o(.revsh_text), (4 bytes).
    Removing dma.o(.rrx_text), (6 bytes).
    Removing spi.o(.rev16_text), (4 bytes).
    Removing spi.o(.revsh_text), (4 bytes).
    Removing spi.o(.rrx_text), (6 bytes).
    Removing tim.o(.rev16_text), (4 bytes).
    Removing tim.o(.revsh_text), (4 bytes).
    Removing tim.o(.rrx_text), (6 bytes).
    Removing usart.o(.rev16_text), (4 bytes).
    Removing usart.o(.revsh_text), (4 bytes).
    Removing usart.o(.rrx_text), (6 bytes).
    Removing stm32f4xx_it.o(.rev16_text), (4 bytes).
    Removing stm32f4xx_it.o(.revsh_text), (4 bytes).
    Removing stm32f4xx_it.o(.rrx_text), (6 bytes).
    Removing stm32f4xx_ll_gpio.o(.rev16_text), (4 bytes).
    Removing stm32f4xx_ll_gpio.o(.revsh_text), (4 bytes).
    Removing stm32f4xx_ll_gpio.o(.rrx_text), (6 bytes).
    Removing stm32f4xx_ll_gpio.o(i.LL_GPIO_DeInit), (256 bytes).
    Removing stm32f4xx_ll_gpio.o(i.LL_GPIO_StructInit), (22 bytes).
    Removing stm32f4xx_ll_adc.o(.rev16_text), (4 bytes).
    Removing stm32f4xx_ll_adc.o(.revsh_text), (4 bytes).
    Removing stm32f4xx_ll_adc.o(.rrx_text), (6 bytes).
    Removing stm32f4xx_ll_adc.o(i.LL_ADC_CommonDeInit), (28 bytes).
    Removing stm32f4xx_ll_adc.o(i.LL_ADC_CommonStructInit), (12 bytes).
    Removing stm32f4xx_ll_adc.o(i.LL_ADC_DeInit), (188 bytes).
    Removing stm32f4xx_ll_adc.o(i.LL_ADC_INJ_Init), (98 bytes).
    Removing stm32f4xx_ll_adc.o(i.LL_ADC_INJ_StructInit), (12 bytes).
    Removing stm32f4xx_ll_adc.o(i.LL_ADC_REG_StructInit), (14 bytes).
    Removing stm32f4xx_ll_adc.o(i.LL_ADC_StructInit), (14 bytes).
    Removing stm32f4xx_ll_dma.o(.rev16_text), (4 bytes).
    Removing stm32f4xx_ll_dma.o(.revsh_text), (4 bytes).
    Removing stm32f4xx_ll_dma.o(.rrx_text), (6 bytes).
    Removing stm32f4xx_ll_dma.o(i.LL_DMA_DeInit), (396 bytes).
    Removing stm32f4xx_ll_dma.o(i.LL_DMA_Init), (220 bytes).
    Removing stm32f4xx_ll_dma.o(i.LL_DMA_StructInit), (34 bytes).
    Removing stm32f4xx_ll_dma.o(.constdata), (8 bytes).
    Removing stm32f4xx_ll_dac.o(.rev16_text), (4 bytes).
    Removing stm32f4xx_ll_dac.o(.revsh_text), (4 bytes).
    Removing stm32f4xx_ll_dac.o(.rrx_text), (6 bytes).
    Removing stm32f4xx_ll_dac.o(i.LL_DAC_DeInit), (28 bytes).
    Removing stm32f4xx_ll_dac.o(i.LL_DAC_StructInit), (14 bytes).
    Removing stm32f4xx_ll_spi.o(.rev16_text), (4 bytes).
    Removing stm32f4xx_ll_spi.o(.revsh_text), (4 bytes).
    Removing stm32f4xx_ll_spi.o(.rrx_text), (6 bytes).
    Removing stm32f4xx_ll_spi.o(i.LL_I2S_ConfigPrescaler), (16 bytes).
    Removing stm32f4xx_ll_spi.o(i.LL_I2S_DeInit), (108 bytes).
    Removing stm32f4xx_ll_spi.o(i.LL_I2S_Init), (184 bytes).
    Removing stm32f4xx_ll_spi.o(i.LL_I2S_InitFullDuplex), (80 bytes).
    Removing stm32f4xx_ll_spi.o(i.LL_I2S_StructInit), (18 bytes).
    Removing stm32f4xx_ll_spi.o(i.LL_SPI_DeInit), (108 bytes).
    Removing stm32f4xx_ll_spi.o(i.LL_SPI_StructInit), (26 bytes).
    Removing stm32f4xx_ll_tim.o(.rev16_text), (4 bytes).
    Removing stm32f4xx_ll_tim.o(.revsh_text), (4 bytes).
    Removing stm32f4xx_ll_tim.o(.rrx_text), (6 bytes).
    Removing stm32f4xx_ll_tim.o(i.LL_TIM_BDTR_Init), (58 bytes).
    Removing stm32f4xx_ll_tim.o(i.LL_TIM_BDTR_StructInit), (18 bytes).
    Removing stm32f4xx_ll_tim.o(i.LL_TIM_DeInit), (388 bytes).
    Removing stm32f4xx_ll_tim.o(i.LL_TIM_ENCODER_Init), (116 bytes).
    Removing stm32f4xx_ll_tim.o(i.LL_TIM_ENCODER_StructInit), (28 bytes).
    Removing stm32f4xx_ll_tim.o(i.LL_TIM_HALLSENSOR_Init), (92 bytes).
    Removing stm32f4xx_ll_tim.o(i.LL_TIM_HALLSENSOR_StructInit), (12 bytes).
    Removing stm32f4xx_ll_tim.o(i.LL_TIM_IC_Init), (236 bytes).
    Removing stm32f4xx_ll_tim.o(i.LL_TIM_IC_StructInit), (16 bytes).
    Removing stm32f4xx_ll_tim.o(i.LL_TIM_OC_StructInit), (20 bytes).
    Removing stm32f4xx_ll_tim.o(i.LL_TIM_StructInit), (16 bytes).
    Removing stm32f4xx_ll_usart.o(.rev16_text), (4 bytes).
    Removing stm32f4xx_ll_usart.o(.revsh_text), (4 bytes).
    Removing stm32f4xx_ll_usart.o(.rrx_text), (6 bytes).
    Removing stm32f4xx_ll_usart.o(i.LL_USART_ClockInit), (64 bytes).
    Removing stm32f4xx_ll_usart.o(i.LL_USART_ClockStructInit), (12 bytes).
    Removing stm32f4xx_ll_usart.o(i.LL_USART_DeInit), (180 bytes).
    Removing stm32f4xx_ll_usart.o(i.LL_USART_StructInit), (24 bytes).
    Removing stm32f4xx_ll_rcc.o(.rev16_text), (4 bytes).
    Removing stm32f4xx_ll_rcc.o(.revsh_text), (4 bytes).
    Removing stm32f4xx_ll_rcc.o(.rrx_text), (6 bytes).
    Removing stm32f4xx_ll_rcc.o(i.LL_RCC_DeInit), (152 bytes).
    Removing stm32f4xx_ll_rcc.o(i.LL_RCC_GetI2SClockFreq), (116 bytes).
    Removing stm32f4xx_ll_rcc.o(i.LL_RCC_GetRNGClockFreq), (80 bytes).
    Removing stm32f4xx_ll_rcc.o(i.LL_RCC_GetSDIOClockFreq), (92 bytes).
    Removing stm32f4xx_ll_rcc.o(i.LL_RCC_GetUSBClockFreq), (80 bytes).
    Removing stm32f4xx_ll_rcc.o(i.RCC_GetHCLKClockFreq), (28 bytes).
    Removing stm32f4xx_ll_rcc.o(i.RCC_GetPCLK1ClockFreq), (24 bytes).
    Removing stm32f4xx_ll_rcc.o(i.RCC_GetPCLK2ClockFreq), (24 bytes).
    Removing stm32f4xx_ll_rcc.o(i.RCC_GetSystemClockFreq), (100 bytes).
    Removing stm32f4xx_ll_rcc.o(i.RCC_PLLI2S_GetFreqDomain_I2S), (68 bytes).
    Removing stm32f4xx_ll_rcc.o(i.RCC_PLL_GetFreqDomain_48M), (64 bytes).
    Removing stm32f4xx_ll_rcc.o(i.RCC_PLL_GetFreqDomain_SYS), (76 bytes).
    Removing stm32f4xx_ll_utils.o(.rev16_text), (4 bytes).
    Removing stm32f4xx_ll_utils.o(.revsh_text), (4 bytes).
    Removing stm32f4xx_ll_utils.o(.rrx_text), (6 bytes).
    Removing stm32f4xx_ll_utils.o(i.LL_PLL_ConfigSystemClock_HSE), (180 bytes).
    Removing stm32f4xx_ll_utils.o(i.LL_PLL_ConfigSystemClock_HSI), (148 bytes).
    Removing stm32f4xx_ll_utils.o(i.LL_mDelay), (36 bytes).
    Removing stm32f4xx_ll_utils.o(i.UTILS_EnablePLLAndSwitchSystem), (532 bytes).
    Removing stm32f4xx_ll_exti.o(.rev16_text), (4 bytes).
    Removing stm32f4xx_ll_exti.o(.revsh_text), (4 bytes).
    Removing stm32f4xx_ll_exti.o(.rrx_text), (6 bytes).
    Removing stm32f4xx_ll_exti.o(i.LL_EXTI_DeInit), (40 bytes).
    Removing stm32f4xx_ll_exti.o(i.LL_EXTI_Init), (212 bytes).
    Removing stm32f4xx_ll_exti.o(i.LL_EXTI_StructInit), (14 bytes).
    Removing system_stm32f4xx.o(.rev16_text), (4 bytes).
    Removing system_stm32f4xx.o(.revsh_text), (4 bytes).
    Removing system_stm32f4xx.o(.rrx_text), (6 bytes).
    Removing system_stm32f4xx.o(i.SystemCoreClockUpdate), (132 bytes).

145 unused section(s) (total 10026 bytes) removed from the image.

==============================================================================

Image Symbol Table

    Local Symbols

    Symbol Name                              Value     Ov Type        Size  Object(Section)

    ../Drivers/STM32F4xx_HAL_Driver/Src/stm32f4xx_ll_adc.c 0x00000000   Number         0  stm32f4xx_ll_adc.o ABSOLUTE
    ../Drivers/STM32F4xx_HAL_Driver/Src/stm32f4xx_ll_dac.c 0x00000000   Number         0  stm32f4xx_ll_dac.o ABSOLUTE
    ../Drivers/STM32F4xx_HAL_Driver/Src/stm32f4xx_ll_dma.c 0x00000000   Number         0  stm32f4xx_ll_dma.o ABSOLUTE
    ../Drivers/STM32F4xx_HAL_Driver/Src/stm32f4xx_ll_exti.c 0x00000000   Number         0  stm32f4xx_ll_exti.o ABSOLUTE
    ../Drivers/STM32F4xx_HAL_Driver/Src/stm32f4xx_ll_gpio.c 0x00000000   Number         0  stm32f4xx_ll_gpio.o ABSOLUTE
    ../Drivers/STM32F4xx_HAL_Driver/Src/stm32f4xx_ll_rcc.c 0x00000000   Number         0  stm32f4xx_ll_rcc.o ABSOLUTE
    ../Drivers/STM32F4xx_HAL_Driver/Src/stm32f4xx_ll_spi.c 0x00000000   Number         0  stm32f4xx_ll_spi.o ABSOLUTE
    ../Drivers/STM32F4xx_HAL_Driver/Src/stm32f4xx_ll_tim.c 0x00000000   Number         0  stm32f4xx_ll_tim.o ABSOLUTE
    ../Drivers/STM32F4xx_HAL_Driver/Src/stm32f4xx_ll_usart.c 0x00000000   Number         0  stm32f4xx_ll_usart.o ABSOLUTE
    ../Drivers/STM32F4xx_HAL_Driver/Src/stm32f4xx_ll_utils.c 0x00000000   Number         0  stm32f4xx_ll_utils.o ABSOLUTE
    ../Src/adc.c                             0x00000000   Number         0  adc.o ABSOLUTE
    ../Src/dac.c                             0x00000000   Number         0  dac.o ABSOLUTE
    ../Src/dma.c                             0x00000000   Number         0  dma.o ABSOLUTE
    ../Src/gpio.c                            0x00000000   Number         0  gpio.o ABSOLUTE
    ../Src/main.c                            0x00000000   Number         0  main.o ABSOLUTE
    ../Src/spi.c                             0x00000000   Number         0  spi.o ABSOLUTE
    ../Src/stm32f4xx_it.c                    0x00000000   Number         0  stm32f4xx_it.o ABSOLUTE
    ../Src/system_stm32f4xx.c                0x00000000   Number         0  system_stm32f4xx.o ABSOLUTE
    ../Src/tim.c                             0x00000000   Number         0  tim.o ABSOLUTE
    ../Src/usart.c                           0x00000000   Number         0  usart.o ABSOLUTE
    ../clib/microlib/division.c              0x00000000   Number         0  ldiv.o ABSOLUTE
    ../clib/microlib/division.c              0x00000000   Number         0  uldiv.o ABSOLUTE
    ../clib/microlib/init/entry.s            0x00000000   Number         0  entry10b.o ABSOLUTE
    ../clib/microlib/init/entry.s            0x00000000   Number         0  entry10a.o ABSOLUTE
    ../clib/microlib/init/entry.s            0x00000000   Number         0  entry9b.o ABSOLUTE
    ../clib/microlib/init/entry.s            0x00000000   Number         0  entry9a.o ABSOLUTE
    ../clib/microlib/init/entry.s            0x00000000   Number         0  entry8a.o ABSOLUTE
    ../clib/microlib/init/entry.s            0x00000000   Number         0  entry7b.o ABSOLUTE
    ../clib/microlib/init/entry.s            0x00000000   Number         0  entry2.o ABSOLUTE
    ../clib/microlib/init/entry.s            0x00000000   Number         0  entry5.o ABSOLUTE
    ../clib/microlib/init/entry.s            0x00000000   Number         0  entry7a.o ABSOLUTE
    ../clib/microlib/init/entry.s            0x00000000   Number         0  entry8b.o ABSOLUTE
    ../clib/microlib/init/entry.s            0x00000000   Number         0  entry.o ABSOLUTE
    ../clib/microlib/init/entry.s            0x00000000   Number         0  entry11a.o ABSOLUTE
    ../clib/microlib/init/entry.s            0x00000000   Number         0  entry11b.o ABSOLUTE
    ../clib/microlib/longlong.c              0x00000000   Number         0  llushr.o ABSOLUTE
    ../clib/microlib/longlong.c              0x00000000   Number         0  llshl.o ABSOLUTE
    ../clib/microlib/string/memset.c         0x00000000   Number         0  memseta.o ABSOLUTE
    ..\Drivers\STM32F4xx_HAL_Driver\Src\stm32f4xx_ll_adc.c 0x00000000   Number         0  stm32f4xx_ll_adc.o ABSOLUTE
    ..\Drivers\STM32F4xx_HAL_Driver\Src\stm32f4xx_ll_dac.c 0x00000000   Number         0  stm32f4xx_ll_dac.o ABSOLUTE
    ..\Drivers\STM32F4xx_HAL_Driver\Src\stm32f4xx_ll_dma.c 0x00000000   Number         0  stm32f4xx_ll_dma.o ABSOLUTE
    ..\Drivers\STM32F4xx_HAL_Driver\Src\stm32f4xx_ll_exti.c 0x00000000   Number         0  stm32f4xx_ll_exti.o ABSOLUTE
    ..\Drivers\STM32F4xx_HAL_Driver\Src\stm32f4xx_ll_gpio.c 0x00000000   Number         0  stm32f4xx_ll_gpio.o ABSOLUTE
    ..\Drivers\STM32F4xx_HAL_Driver\Src\stm32f4xx_ll_rcc.c 0x00000000   Number         0  stm32f4xx_ll_rcc.o ABSOLUTE
    ..\Drivers\STM32F4xx_HAL_Driver\Src\stm32f4xx_ll_spi.c 0x00000000   Number         0  stm32f4xx_ll_spi.o ABSOLUTE
    ..\Drivers\STM32F4xx_HAL_Driver\Src\stm32f4xx_ll_tim.c 0x00000000   Number         0  stm32f4xx_ll_tim.o ABSOLUTE
    ..\Drivers\STM32F4xx_HAL_Driver\Src\stm32f4xx_ll_usart.c 0x00000000   Number         0  stm32f4xx_ll_usart.o ABSOLUTE
    ..\Drivers\STM32F4xx_HAL_Driver\Src\stm32f4xx_ll_utils.c 0x00000000   Number         0  stm32f4xx_ll_utils.o ABSOLUTE
    ..\Src\adc.c                             0x00000000   Number         0  adc.o ABSOLUTE
    ..\Src\dac.c                             0x00000000   Number         0  dac.o ABSOLUTE
    ..\Src\dma.c                             0x00000000   Number         0  dma.o ABSOLUTE
    ..\Src\gpio.c                            0x00000000   Number         0  gpio.o ABSOLUTE
    ..\Src\lcd_main.c                        0x00000000   Number         0  lcd_main.o ABSOLUTE
    ..\Src\main.c                            0x00000000   Number         0  main.o ABSOLUTE
    ..\Src\spi.c                             0x00000000   Number         0  spi.o ABSOLUTE
    ..\Src\stm32f4xx_it.c                    0x00000000   Number         0  stm32f4xx_it.o ABSOLUTE
    ..\Src\system_stm32f4xx.c                0x00000000   Number         0  system_stm32f4xx.o ABSOLUTE
    ..\Src\tim.c                             0x00000000   Number         0  tim.o ABSOLUTE
    ..\Src\usart.c                           0x00000000   Number         0  usart.o ABSOLUTE
    ..\\Src\\lcd_main.c                      0x00000000   Number         0  lcd_main.o ABSOLUTE
    dc.s                                     0x00000000   Number         0  dc.o ABSOLUTE
    handlers.s                               0x00000000   Number         0  handlers.o ABSOLUTE
    init.s                                   0x00000000   Number         0  init.o ABSOLUTE
    startup_stm32f407xx.s                    0x00000000   Number         0  startup_stm32f407xx.o ABSOLUTE
    RESET                                    0x08000000   Section      392  startup_stm32f407xx.o(RESET)
    .ARM.Collect$$$$00000000                 0x08000188   Section        0  entry.o(.ARM.Collect$$$$00000000)
    .ARM.Collect$$$$00000001                 0x08000188   Section        4  entry2.o(.ARM.Collect$$$$00000001)
    .ARM.Collect$$$$00000004                 0x0800018c   Section        4  entry5.o(.ARM.Collect$$$$00000004)
    .ARM.Collect$$$$00000008                 0x08000190   Section        0  entry7b.o(.ARM.Collect$$$$00000008)
    .ARM.Collect$$$$0000000A                 0x08000190   Section        0  entry8b.o(.ARM.Collect$$$$0000000A)
    .ARM.Collect$$$$0000000B                 0x08000190   Section        8  entry9a.o(.ARM.Collect$$$$0000000B)
    .ARM.Collect$$$$0000000D                 0x08000198   Section        0  entry10a.o(.ARM.Collect$$$$0000000D)
    .ARM.Collect$$$$0000000F                 0x08000198   Section        0  entry11a.o(.ARM.Collect$$$$0000000F)
    .ARM.Collect$$$$00002712                 0x08000198   Section        4  entry2.o(.ARM.Collect$$$$00002712)
    __lit__00000000                          0x08000198   Data           4  entry2.o(.ARM.Collect$$$$00002712)
    .text                                    0x0800019c   Section       36  startup_stm32f407xx.o(.text)
    $v0                                      0x0800019c   Number         0  startup_stm32f407xx.o(.text)
    .text                                    0x080001c0   Section       36  init.o(.text)
    i.BusFault_Handler                       0x080001e4   Section        0  stm32f4xx_it.o(i.BusFault_Handler)
    i.DMA2_Stream2_IRQHandler                0x080001e6   Section        0  stm32f4xx_it.o(i.DMA2_Stream2_IRQHandler)
    i.DebugMon_Handler                       0x080001e8   Section        0  stm32f4xx_it.o(i.DebugMon_Handler)
    i.HardFault_Handler                      0x080001ea   Section        0  stm32f4xx_it.o(i.HardFault_Handler)
    i.LL_ADC_CommonInit                      0x080001ec   Section        0  stm32f4xx_ll_adc.o(i.LL_ADC_CommonInit)
    i.LL_ADC_Init                            0x0800024c   Section        0  stm32f4xx_ll_adc.o(i.LL_ADC_Init)
    i.LL_ADC_REG_Init                        0x08000288   Section        0  stm32f4xx_ll_adc.o(i.LL_ADC_REG_Init)
    i.LL_DAC_Init                            0x080002f8   Section        0  stm32f4xx_ll_dac.o(i.LL_DAC_Init)
    i.LL_GPIO_Init                           0x08000354   Section        0  stm32f4xx_ll_gpio.o(i.LL_GPIO_Init)
    i.LL_Init1msTick                         0x080004a8   Section        0  stm32f4xx_ll_utils.o(i.LL_Init1msTick)
    i.LL_RCC_GetSystemClocksFreq             0x080004c4   Section        0  stm32f4xx_ll_rcc.o(i.LL_RCC_GetSystemClocksFreq)
    i.LL_SPI_Init                            0x08000568   Section        0  stm32f4xx_ll_spi.o(i.LL_SPI_Init)
    i.LL_SetSystemCoreClock                  0x080005d0   Section        0  stm32f4xx_ll_utils.o(i.LL_SetSystemCoreClock)
    i.LL_TIM_Init                            0x080005dc   Section        0  stm32f4xx_ll_tim.o(i.LL_TIM_Init)
    i.LL_TIM_OC_Init                         0x080006a8   Section        0  stm32f4xx_ll_tim.o(i.LL_TIM_OC_Init)
    i.LL_USART_Init                          0x08000870   Section        0  stm32f4xx_ll_usart.o(i.LL_USART_Init)
    i.MX_ADC1_Init                           0x08000a0c   Section        0  adc.o(i.MX_ADC1_Init)
    i.MX_DAC_Init                            0x08000ce0   Section        0  dac.o(i.MX_DAC_Init)
    i.MX_DMA_Init                            0x08000e14   Section        0  dma.o(i.MX_DMA_Init)
    i.MX_GPIO_Init                           0x08000fb4   Section        0  gpio.o(i.MX_GPIO_Init)
    i.MX_SPI1_Init                           0x080010e0   Section        0  spi.o(i.MX_SPI1_Init)
    i.MX_SPI2_Init                           0x08001264   Section        0  spi.o(i.MX_SPI2_Init)
    i.MX_TIM10_Init                          0x08001448   Section        0  tim.o(i.MX_TIM10_Init)
    i.MX_TIM11_Init                          0x08001484   Section        0  tim.o(i.MX_TIM11_Init)
    i.MX_TIM12_Init                          0x080014c0   Section        0  tim.o(i.MX_TIM12_Init)
    i.MX_TIM13_Init                          0x08001508   Section        0  tim.o(i.MX_TIM13_Init)
    i.MX_TIM14_Init                          0x08001618   Section        0  tim.o(i.MX_TIM14_Init)
    i.MX_TIM6_Init                           0x08001654   Section        0  tim.o(i.MX_TIM6_Init)
    i.MX_TIM7_Init                           0x080016d4   Section        0  tim.o(i.MX_TIM7_Init)
    i.MX_TIM9_Init                           0x08001720   Section        0  tim.o(i.MX_TIM9_Init)
    i.MX_USART1_UART_Init                    0x08001768   Section        0  usart.o(i.MX_USART1_UART_Init)
    i.MX_USART2_UART_Init                    0x08001954   Section        0  usart.o(i.MX_USART2_UART_Init)
    i.MemManage_Handler                      0x08001aac   Section        0  stm32f4xx_it.o(i.MemManage_Handler)
    i.NMI_Handler                            0x08001aae   Section        0  stm32f4xx_it.o(i.NMI_Handler)
    i.PendSV_Handler                         0x08001ab0   Section        0  stm32f4xx_it.o(i.PendSV_Handler)
    i.SVC_Handler                            0x08001ab2   Section        0  stm32f4xx_it.o(i.SVC_Handler)
    i.SysTick_Handler                        0x08001ab4   Section        0  main.o(i.SysTick_Handler)
    i.SystemClock_Config                     0x08001ad4   Section        0  main.o(i.SystemClock_Config)
    i.SystemInit                             0x08001ba4   Section        0  system_stm32f4xx.o(i.SystemInit)
    i.UsageFault_Handler                     0x08001bfc   Section        0  stm32f4xx_it.o(i.UsageFault_Handler)
    i.__scatterload_copy                     0x08001bfe   Section       14  handlers.o(i.__scatterload_copy)
    i.__scatterload_null                     0x08001c0c   Section        2  handlers.o(i.__scatterload_null)
    i.__scatterload_zeroinit                 0x08001c0e   Section       14  handlers.o(i.__scatterload_zeroinit)
    i.joystick_init                          0x08001c1c   Section        0  adc.o(i.joystick_init)
    i.main                                   0x08001ca8   Section        0  main.o(i.main)
    i.tft_clear                              0x08001e74   Section        0  lcd_main.o(i.tft_clear)
    i.tft_dma_wait                           0x08001eec   Section        0  lcd_main.o(i.tft_dma_wait)
    i.tft_fill_color                         0x08001f08   Section        0  lcd_main.o(i.tft_fill_color)
    i.tft_init                               0x08002194   Section        0  lcd_main.o(i.tft_init)
    i.tft_printb                             0x08002350   Section        0  lcd_main.o(i.tft_printb)
    i.tft_printc                             0x080023dc   Section        0  lcd_main.o(i.tft_printc)
    i.tft_printi                             0x080024e8   Section        0  lcd_main.o(i.tft_printi)
    i.tft_push_pxbuf                         0x08002558   Section        0  lcd_main.o(i.tft_push_pxbuf)
    i.tft_update_dma                         0x080026e0   Section        0  lcd_main.o(i.tft_update_dma)
    .constdata                               0x08002918   Section     3659  lcd_main.o(.constdata)
    ascii_8x16                               0x0800291c   Data        3584  lcd_main.o(.constdata)
    .constdata                               0x08003763   Section        8  adc.o(.constdata)
    STREAM_OFFSET_TAB                        0x08003763   Data           8  adc.o(.constdata)
    .constdata                               0x0800376b   Section        8  dac.o(.constdata)
    STREAM_OFFSET_TAB                        0x0800376b   Data           8  dac.o(.constdata)
    .constdata                               0x08003773   Section        8  spi.o(.constdata)
    STREAM_OFFSET_TAB                        0x08003773   Data           8  spi.o(.constdata)
    .constdata                               0x0800377b   Section       14  tim.o(.constdata)
    OFFSET_TAB_CCMRx                         0x0800377b   Data           7  tim.o(.constdata)
    SHIFT_TAB_OCxx                           0x08003782   Data           7  tim.o(.constdata)
    .constdata                               0x08003789   Section        8  usart.o(.constdata)
    STREAM_OFFSET_TAB                        0x08003789   Data           8  usart.o(.constdata)
    .constdata                               0x08003791   Section       16  system_stm32f4xx.o(.constdata)
    .constdata                               0x080037a1   Section        8  system_stm32f4xx.o(.constdata)
    .data                                    0x20000000   Section       16  lcd_main.o(.data)
    .data                                    0x20000010   Section       16  main.o(.data)
    last_ticks                               0x2000001c   Data           4  main.o(.data)
    .data                                    0x20000020   Section        8  adc.o(.data)
    .data                                    0x20000028   Section        4  system_stm32f4xx.o(.data)
    .bss                                     0x2000002c   Section    28480  lcd_main.o(.bss)
    tft_dma_bufs                             0x20001f6c   Data       20480  lcd_main.o(.bss)
    STACK                                    0x20006f70   Section     1024  startup_stm32f407xx.o(STACK)

    Global Symbols

    Symbol Name                              Value     Ov Type        Size  Object(Section)

    BuildAttributes$$THM_ISAv4$E$P$D$K$B$S$7EM$VFPi3$EXTD16$VFPS$VFMA$PE$A:L22UL41UL21$X:L11$S22US41US21$IEEE1$IW$USESV6$~STKCKD$USESV7$~SHL$OTIME$EBA8$MICROLIB$REQ8$PRES8$EABIv2 0x00000000   Number         0  anon$$obj.o ABSOLUTE
    __ARM_use_no_argv                        0x00000000   Number         0  main.o ABSOLUTE
    __cpp_initialize__aeabi_                  - Undefined Weak Reference
    __cxa_finalize                            - Undefined Weak Reference
    __decompress                              - Undefined Weak Reference
    _clock_init                               - Undefined Weak Reference
    _microlib_exit                            - Undefined Weak Reference
    __Vectors_Size                           0x00000188   Number         0  startup_stm32f407xx.o ABSOLUTE
    __Vectors                                0x08000000   Data           4  startup_stm32f407xx.o(RESET)
    __Vectors_End                            0x08000188   Data           0  startup_stm32f407xx.o(RESET)
    __main                                   0x08000189   Thumb Code     0  entry.o(.ARM.Collect$$$$00000000)
    _main_stk                                0x08000189   Thumb Code     0  entry2.o(.ARM.Collect$$$$00000001)
    _main_scatterload                        0x0800018d   Thumb Code     0  entry5.o(.ARM.Collect$$$$00000004)
    __main_after_scatterload                 0x08000191   Thumb Code     0  entry5.o(.ARM.Collect$$$$00000004)
    _main_clock                              0x08000191   Thumb Code     0  entry7b.o(.ARM.Collect$$$$00000008)
    _main_cpp_init                           0x08000191   Thumb Code     0  entry8b.o(.ARM.Collect$$$$0000000A)
    _main_init                               0x08000191   Thumb Code     0  entry9a.o(.ARM.Collect$$$$0000000B)
    __rt_final_cpp                           0x08000199   Thumb Code     0  entry10a.o(.ARM.Collect$$$$0000000D)
    __rt_final_exit                          0x08000199   Thumb Code     0  entry11a.o(.ARM.Collect$$$$0000000F)
    Reset_Handler                            0x0800019d   Thumb Code     8  startup_stm32f407xx.o(.text)
    ADC_IRQHandler                           0x080001b7   Thumb Code     0  startup_stm32f407xx.o(.text)
    CAN1_RX0_IRQHandler                      0x080001b7   Thumb Code     0  startup_stm32f407xx.o(.text)
    CAN1_RX1_IRQHandler                      0x080001b7   Thumb Code     0  startup_stm32f407xx.o(.text)
    CAN1_SCE_IRQHandler                      0x080001b7   Thumb Code     0  startup_stm32f407xx.o(.text)
    CAN1_TX_IRQHandler                       0x080001b7   Thumb Code     0  startup_stm32f407xx.o(.text)
    CAN2_RX0_IRQHandler                      0x080001b7   Thumb Code     0  startup_stm32f407xx.o(.text)
    CAN2_RX1_IRQHandler                      0x080001b7   Thumb Code     0  startup_stm32f407xx.o(.text)
    CAN2_SCE_IRQHandler                      0x080001b7   Thumb Code     0  startup_stm32f407xx.o(.text)
    CAN2_TX_IRQHandler                       0x080001b7   Thumb Code     0  startup_stm32f407xx.o(.text)
    DCMI_IRQHandler                          0x080001b7   Thumb Code     0  startup_stm32f407xx.o(.text)
    DMA1_Stream0_IRQHandler                  0x080001b7   Thumb Code     0  startup_stm32f407xx.o(.text)
    DMA1_Stream1_IRQHandler                  0x080001b7   Thumb Code     0  startup_stm32f407xx.o(.text)
    DMA1_Stream2_IRQHandler                  0x080001b7   Thumb Code     0  startup_stm32f407xx.o(.text)
    DMA1_Stream3_IRQHandler                  0x080001b7   Thumb Code     0  startup_stm32f407xx.o(.text)
    DMA1_Stream4_IRQHandler                  0x080001b7   Thumb Code     0  startup_stm32f407xx.o(.text)
    DMA1_Stream5_IRQHandler                  0x080001b7   Thumb Code     0  startup_stm32f407xx.o(.text)
    DMA1_Stream6_IRQHandler                  0x080001b7   Thumb Code     0  startup_stm32f407xx.o(.text)
    DMA1_Stream7_IRQHandler                  0x080001b7   Thumb Code     0  startup_stm32f407xx.o(.text)
    DMA2_Stream0_IRQHandler                  0x080001b7   Thumb Code     0  startup_stm32f407xx.o(.text)
    DMA2_Stream1_IRQHandler                  0x080001b7   Thumb Code     0  startup_stm32f407xx.o(.text)
    DMA2_Stream3_IRQHandler                  0x080001b7   Thumb Code     0  startup_stm32f407xx.o(.text)
    DMA2_Stream4_IRQHandler                  0x080001b7   Thumb Code     0  startup_stm32f407xx.o(.text)
    DMA2_Stream5_IRQHandler                  0x080001b7   Thumb Code     0  startup_stm32f407xx.o(.text)
    DMA2_Stream6_IRQHandler                  0x080001b7   Thumb Code     0  startup_stm32f407xx.o(.text)
    DMA2_Stream7_IRQHandler                  0x080001b7   Thumb Code     0  startup_stm32f407xx.o(.text)
    ETH_IRQHandler                           0x080001b7   Thumb Code     0  startup_stm32f407xx.o(.text)
    ETH_WKUP_IRQHandler                      0x080001b7   Thumb Code     0  startup_stm32f407xx.o(.text)
    EXTI0_IRQHandler                         0x080001b7   Thumb Code     0  startup_stm32f407xx.o(.text)
    EXTI15_10_IRQHandler                     0x080001b7   Thumb Code     0  startup_stm32f407xx.o(.text)
    EXTI1_IRQHandler                         0x080001b7   Thumb Code     0  startup_stm32f407xx.o(.text)
    EXTI2_IRQHandler                         0x080001b7   Thumb Code     0  startup_stm32f407xx.o(.text)
    EXTI3_IRQHandler                         0x080001b7   Thumb Code     0  startup_stm32f407xx.o(.text)
    EXTI4_IRQHandler                         0x080001b7   Thumb Code     0  startup_stm32f407xx.o(.text)
    EXTI9_5_IRQHandler                       0x080001b7   Thumb Code     0  startup_stm32f407xx.o(.text)
    FLASH_IRQHandler                         0x080001b7   Thumb Code     0  startup_stm32f407xx.o(.text)
    FMC_IRQHandler                           0x080001b7   Thumb Code     0  startup_stm32f407xx.o(.text)
    FPU_IRQHandler                           0x080001b7   Thumb Code     0  startup_stm32f407xx.o(.text)
    HASH_RNG_IRQHandler                      0x080001b7   Thumb Code     0  startup_stm32f407xx.o(.text)
    I2C1_ER_IRQHandler                       0x080001b7   Thumb Code     0  startup_stm32f407xx.o(.text)
    I2C1_EV_IRQHandler                       0x080001b7   Thumb Code     0  startup_stm32f407xx.o(.text)
    I2C2_ER_IRQHandler                       0x080001b7   Thumb Code     0  startup_stm32f407xx.o(.text)
    I2C2_EV_IRQHandler                       0x080001b7   Thumb Code     0  startup_stm32f407xx.o(.text)
    I2C3_ER_IRQHandler                       0x080001b7   Thumb Code     0  startup_stm32f407xx.o(.text)
    I2C3_EV_IRQHandler                       0x080001b7   Thumb Code     0  startup_stm32f407xx.o(.text)
    OTG_FS_IRQHandler                        0x080001b7   Thumb Code     0  startup_stm32f407xx.o(.text)
    OTG_FS_WKUP_IRQHandler                   0x080001b7   Thumb Code     0  startup_stm32f407xx.o(.text)
    OTG_HS_EP1_IN_IRQHandler                 0x080001b7   Thumb Code     0  startup_stm32f407xx.o(.text)
    OTG_HS_EP1_OUT_IRQHandler                0x080001b7   Thumb Code     0  startup_stm32f407xx.o(.text)
    OTG_HS_IRQHandler                        0x080001b7   Thumb Code     0  startup_stm32f407xx.o(.text)
    OTG_HS_WKUP_IRQHandler                   0x080001b7   Thumb Code     0  startup_stm32f407xx.o(.text)
    PVD_IRQHandler                           0x080001b7   Thumb Code     0  startup_stm32f407xx.o(.text)
    RCC_IRQHandler                           0x080001b7   Thumb Code     0  startup_stm32f407xx.o(.text)
    RTC_Alarm_IRQHandler                     0x080001b7   Thumb Code     0  startup_stm32f407xx.o(.text)
    RTC_WKUP_IRQHandler                      0x080001b7   Thumb Code     0  startup_stm32f407xx.o(.text)
    SDIO_IRQHandler                          0x080001b7   Thumb Code     0  startup_stm32f407xx.o(.text)
    SPI1_IRQHandler                          0x080001b7   Thumb Code     0  startup_stm32f407xx.o(.text)
    SPI2_IRQHandler                          0x080001b7   Thumb Code     0  startup_stm32f407xx.o(.text)
    SPI3_IRQHandler                          0x080001b7   Thumb Code     0  startup_stm32f407xx.o(.text)
    TAMP_STAMP_IRQHandler                    0x080001b7   Thumb Code     0  startup_stm32f407xx.o(.text)
    TIM1_BRK_TIM9_IRQHandler                 0x080001b7   Thumb Code     0  startup_stm32f407xx.o(.text)
    TIM1_CC_IRQHandler                       0x080001b7   Thumb Code     0  startup_stm32f407xx.o(.text)
    TIM1_TRG_COM_TIM11_IRQHandler            0x080001b7   Thumb Code     0  startup_stm32f407xx.o(.text)
    TIM1_UP_TIM10_IRQHandler                 0x080001b7   Thumb Code     0  startup_stm32f407xx.o(.text)
    TIM2_IRQHandler                          0x080001b7   Thumb Code     0  startup_stm32f407xx.o(.text)
    TIM3_IRQHandler                          0x080001b7   Thumb Code     0  startup_stm32f407xx.o(.text)
    TIM4_IRQHandler                          0x080001b7   Thumb Code     0  startup_stm32f407xx.o(.text)
    TIM5_IRQHandler                          0x080001b7   Thumb Code     0  startup_stm32f407xx.o(.text)
    TIM6_DAC_IRQHandler                      0x080001b7   Thumb Code     0  startup_stm32f407xx.o(.text)
    TIM7_IRQHandler                          0x080001b7   Thumb Code     0  startup_stm32f407xx.o(.text)
    TIM8_BRK_TIM12_IRQHandler                0x080001b7   Thumb Code     0  startup_stm32f407xx.o(.text)
    TIM8_CC_IRQHandler                       0x080001b7   Thumb Code     0  startup_stm32f407xx.o(.text)
    TIM8_TRG_COM_TIM14_IRQHandler            0x080001b7   Thumb Code     0  startup_stm32f407xx.o(.text)
    TIM8_UP_TIM13_IRQHandler                 0x080001b7   Thumb Code     0  startup_stm32f407xx.o(.text)
    UART4_IRQHandler                         0x080001b7   Thumb Code     0  startup_stm32f407xx.o(.text)
    UART5_IRQHandler                         0x080001b7   Thumb Code     0  startup_stm32f407xx.o(.text)
    USART1_IRQHandler                        0x080001b7   Thumb Code     0  startup_stm32f407xx.o(.text)
    USART2_IRQHandler                        0x080001b7   Thumb Code     0  startup_stm32f407xx.o(.text)
    USART3_IRQHandler                        0x080001b7   Thumb Code     0  startup_stm32f407xx.o(.text)
    USART6_IRQHandler                        0x080001b7   Thumb Code     0  startup_stm32f407xx.o(.text)
    WWDG_IRQHandler                          0x080001b7   Thumb Code     0  startup_stm32f407xx.o(.text)
    __scatterload                            0x080001c1   Thumb Code    28  init.o(.text)
    __scatterload_rt2                        0x080001c1   Thumb Code     0  init.o(.text)
    BusFault_Handler                         0x080001e5   Thumb Code     2  stm32f4xx_it.o(i.BusFault_Handler)
    DMA2_Stream2_IRQHandler                  0x080001e7   Thumb Code     2  stm32f4xx_it.o(i.DMA2_Stream2_IRQHandler)
    DebugMon_Handler                         0x080001e9   Thumb Code     2  stm32f4xx_it.o(i.DebugMon_Handler)
    HardFault_Handler                        0x080001eb   Thumb Code     2  stm32f4xx_it.o(i.HardFault_Handler)
    LL_ADC_CommonInit                        0x080001ed   Thumb Code    86  stm32f4xx_ll_adc.o(i.LL_ADC_CommonInit)
    LL_ADC_Init                              0x0800024d   Thumb Code    60  stm32f4xx_ll_adc.o(i.LL_ADC_Init)
    LL_ADC_REG_Init                          0x08000289   Thumb Code   108  stm32f4xx_ll_adc.o(i.LL_ADC_REG_Init)
    LL_DAC_Init                              0x080002f9   Thumb Code    90  stm32f4xx_ll_dac.o(i.LL_DAC_Init)
    LL_GPIO_Init                             0x08000355   Thumb Code   340  stm32f4xx_ll_gpio.o(i.LL_GPIO_Init)
    LL_Init1msTick                           0x080004a9   Thumb Code    26  stm32f4xx_ll_utils.o(i.LL_Init1msTick)
    LL_RCC_GetSystemClocksFreq               0x080004c5   Thumb Code   142  stm32f4xx_ll_rcc.o(i.LL_RCC_GetSystemClocksFreq)
    LL_SPI_Init                              0x08000569   Thumb Code   102  stm32f4xx_ll_spi.o(i.LL_SPI_Init)
    LL_SetSystemCoreClock                    0x080005d1   Thumb Code     6  stm32f4xx_ll_utils.o(i.LL_SetSystemCoreClock)
    LL_TIM_Init                              0x080005dd   Thumb Code   182  stm32f4xx_ll_tim.o(i.LL_TIM_Init)
    LL_TIM_OC_Init                           0x080006a9   Thumb Code   446  stm32f4xx_ll_tim.o(i.LL_TIM_OC_Init)
    LL_USART_Init                            0x08000871   Thumb Code   408  stm32f4xx_ll_usart.o(i.LL_USART_Init)
    MX_ADC1_Init                             0x08000a0d   Thumb Code   690  adc.o(i.MX_ADC1_Init)
    MX_DAC_Init                              0x08000ce1   Thumb Code   262  dac.o(i.MX_DAC_Init)
    MX_DMA_Init                              0x08000e15   Thumb Code   368  dma.o(i.MX_DMA_Init)
    MX_GPIO_Init                             0x08000fb5   Thumb Code   268  gpio.o(i.MX_GPIO_Init)
    MX_SPI1_Init                             0x080010e1   Thumb Code   346  spi.o(i.MX_SPI1_Init)
    MX_SPI2_Init                             0x08001265   Thumb Code   444  spi.o(i.MX_SPI2_Init)
    MX_TIM10_Init                            0x08001449   Thumb Code    50  tim.o(i.MX_TIM10_Init)
    MX_TIM11_Init                            0x08001485   Thumb Code    50  tim.o(i.MX_TIM11_Init)
    MX_TIM12_Init                            0x080014c1   Thumb Code    64  tim.o(i.MX_TIM12_Init)
    MX_TIM13_Init                            0x08001509   Thumb Code   230  tim.o(i.MX_TIM13_Init)
    MX_TIM14_Init                            0x08001619   Thumb Code    50  tim.o(i.MX_TIM14_Init)
    MX_TIM6_Init                             0x08001655   Thumb Code   108  tim.o(i.MX_TIM6_Init)
    MX_TIM7_Init                             0x080016d5   Thumb Code    68  tim.o(i.MX_TIM7_Init)
    MX_TIM9_Init                             0x08001721   Thumb Code    64  tim.o(i.MX_TIM9_Init)
    MX_USART1_UART_Init                      0x08001769   Thumb Code   452  usart.o(i.MX_USART1_UART_Init)
    MX_USART2_UART_Init                      0x08001955   Thumb Code   304  usart.o(i.MX_USART2_UART_Init)
    MemManage_Handler                        0x08001aad   Thumb Code     2  stm32f4xx_it.o(i.MemManage_Handler)
    NMI_Handler                              0x08001aaf   Thumb Code     2  stm32f4xx_it.o(i.NMI_Handler)
    PendSV_Handler                           0x08001ab1   Thumb Code     2  stm32f4xx_it.o(i.PendSV_Handler)
    SVC_Handler                              0x08001ab3   Thumb Code     2  stm32f4xx_it.o(i.SVC_Handler)
    SysTick_Handler                          0x08001ab5   Thumb Code    28  main.o(i.SysTick_Handler)
    SystemClock_Config                       0x08001ad5   Thumb Code   174  main.o(i.SystemClock_Config)
    SystemInit                               0x08001ba5   Thumb Code    64  system_stm32f4xx.o(i.SystemInit)
    UsageFault_Handler                       0x08001bfd   Thumb Code     2  stm32f4xx_it.o(i.UsageFault_Handler)
    __scatterload_copy                       0x08001bff   Thumb Code    14  handlers.o(i.__scatterload_copy)
    __scatterload_null                       0x08001c0d   Thumb Code     2  handlers.o(i.__scatterload_null)
    __scatterload_zeroinit                   0x08001c0f   Thumb Code    14  handlers.o(i.__scatterload_zeroinit)
    joystick_init                            0x08001c1d   Thumb Code   116  adc.o(i.joystick_init)
    main                                     0x08001ca9   Thumb Code   370  main.o(i.main)
    tft_clear                                0x08001e75   Thumb Code   112  lcd_main.o(i.tft_clear)
    tft_dma_wait                             0x08001eed   Thumb Code    20  lcd_main.o(i.tft_dma_wait)
    tft_fill_color                           0x08001f09   Thumb Code   638  lcd_main.o(i.tft_fill_color)
    tft_init                                 0x08002195   Thumb Code   400  lcd_main.o(i.tft_init)
    tft_printb                               0x08002351   Thumb Code   140  lcd_main.o(i.tft_printb)
    tft_printc                               0x080023dd   Thumb Code   250  lcd_main.o(i.tft_printc)
    tft_printi                               0x080024e9   Thumb Code   106  lcd_main.o(i.tft_printi)
    tft_push_pxbuf                           0x08002559   Thumb Code   378  lcd_main.o(i.tft_push_pxbuf)
    tft_update_dma                           0x080026e1   Thumb Code   544  lcd_main.o(i.tft_update_dma)
    tft_orientation_init_code                0x08002918   Data           4  lcd_main.o(.constdata)
    tft_init_code                            0x0800371c   Data          71  lcd_main.o(.constdata)
    AHBPrescTable                            0x08003791   Data          16  system_stm32f4xx.o(.constdata)
    APBPrescTable                            0x080037a1   Data           8  system_stm32f4xx.o(.constdata)
    Region$$Table$$Base                      0x080037ac   Number         0  anon$$obj.o(Region$$Table)
    Region$$Table$$Limit                     0x080037cc   Number         0  anon$$obj.o(Region$$Table)
    tft_orientation                          0x20000000   Data           1  lcd_main.o(.data)
    char_max_x                               0x20000001   Data           1  lcd_main.o(.data)
    char_max_y                               0x20000002   Data           1  lcd_main.o(.data)
    cur_screen                               0x20000003   Data           1  lcd_main.o(.data)
    next_screen                              0x20000004   Data           1  lcd_main.o(.data)
    curr_bg_color                            0x20000006   Data           2  lcd_main.o(.data)
    curr_highlight_color                     0x20000008   Data           2  lcd_main.o(.data)
    curr_text_color                          0x2000000a   Data           2  lcd_main.o(.data)
    curr_text_color_sp                       0x2000000c   Data           2  lcd_main.o(.data)
    row_width                                0x2000000e   Data           2  lcd_main.o(.data)
    __tickf                                  0x20000010   Data           1  main.o(.data)
    __ticks                                  0x20000014   Data           4  main.o(.data)
    __delay                                  0x20000018   Data           4  main.o(.data)
    joys                                     0x20000020   Data           8  adc.o(.data)
    SystemCoreClock                          0x20000028   Data           4  system_stm32f4xx.o(.data)
    text_buf                                 0x2000002c   Data        1600  lcd_main.o(.bss)
    text_color_buf                           0x2000066c   Data        3200  lcd_main.o(.bss)
    bg_color_buf                             0x200012ec   Data        3200  lcd_main.o(.bss)
    __initial_sp                             0x20007370   Data           0  startup_stm32f407xx.o(STACK)



==============================================================================

Memory Map of the image

  Image Entry point : 0x08000189

  Load Region LR_IROM1 (Base: 0x08000000, Size: 0x000037f8, Max: 0x00080000, ABSOLUTE)

    Execution Region ER_IROM1 (Exec base: 0x08000000, Load base: 0x08000000, Size: 0x000037cc, Max: 0x00080000, ABSOLUTE)

    Exec Addr    Load Addr    Size         Type   Attr      Idx    E Section Name        Object

    0x08000000   0x08000000   0x00000188   Data   RO            3    RESET               startup_stm32f407xx.o
    0x08000188   0x08000188   0x00000000   Code   RO         1442  * .ARM.Collect$$$$00000000  mc_w.l(entry.o)
    0x08000188   0x08000188   0x00000004   Code   RO         1449    .ARM.Collect$$$$00000001  mc_w.l(entry2.o)
    0x0800018c   0x0800018c   0x00000004   Code   RO         1452    .ARM.Collect$$$$00000004  mc_w.l(entry5.o)
    0x08000190   0x08000190   0x00000000   Code   RO         1454    .ARM.Collect$$$$00000008  mc_w.l(entry7b.o)
    0x08000190   0x08000190   0x00000000   Code   RO         1456    .ARM.Collect$$$$0000000A  mc_w.l(entry8b.o)
    0x08000190   0x08000190   0x00000008   Code   RO         1457    .ARM.Collect$$$$0000000B  mc_w.l(entry9a.o)
    0x08000198   0x08000198   0x00000000   Code   RO         1459    .ARM.Collect$$$$0000000D  mc_w.l(entry10a.o)
    0x08000198   0x08000198   0x00000000   Code   RO         1461    .ARM.Collect$$$$0000000F  mc_w.l(entry11a.o)
    0x08000198   0x08000198   0x00000004   Code   RO         1450    .ARM.Collect$$$$00002712  mc_w.l(entry2.o)
    0x0800019c   0x0800019c   0x00000024   Code   RO            4    .text               startup_stm32f407xx.o
    0x080001c0   0x080001c0   0x00000024   Code   RO         1465    .text               mc_w.l(init.o)
    0x080001e4   0x080001e4   0x00000002   Code   RO          716    i.BusFault_Handler  stm32f4xx_it.o
    0x080001e6   0x080001e6   0x00000002   Code   RO          717    i.DMA2_Stream2_IRQHandler  stm32f4xx_it.o
    0x080001e8   0x080001e8   0x00000002   Code   RO          718    i.DebugMon_Handler  stm32f4xx_it.o
    0x080001ea   0x080001ea   0x00000002   Code   RO          719    i.HardFault_Handler  stm32f4xx_it.o
    0x080001ec   0x080001ec   0x00000060   Code   RO          834    i.LL_ADC_CommonInit  stm32f4xx_ll_adc.o
    0x0800024c   0x0800024c   0x0000003c   Code   RO          839    i.LL_ADC_Init       stm32f4xx_ll_adc.o
    0x08000288   0x08000288   0x00000070   Code   RO          840    i.LL_ADC_REG_Init   stm32f4xx_ll_adc.o
    0x080002f8   0x080002f8   0x0000005a   Code   RO          959    i.LL_DAC_Init       stm32f4xx_ll_dac.o
    0x08000352   0x08000352   0x00000002   PAD
    0x08000354   0x08000354   0x00000154   Code   RO          792    i.LL_GPIO_Init      stm32f4xx_ll_gpio.o
    0x080004a8   0x080004a8   0x0000001a   Code   RO         1309    i.LL_Init1msTick    stm32f4xx_ll_utils.o
    0x080004c2   0x080004c2   0x00000002   PAD
    0x080004c4   0x080004c4   0x000000a4   Code   RO         1220    i.LL_RCC_GetSystemClocksFreq  stm32f4xx_ll_rcc.o
    0x08000568   0x08000568   0x00000066   Code   RO         1003    i.LL_SPI_Init       stm32f4xx_ll_spi.o
    0x080005ce   0x080005ce   0x00000002   PAD
    0x080005d0   0x080005d0   0x0000000c   Code   RO         1312    i.LL_SetSystemCoreClock  stm32f4xx_ll_utils.o
    0x080005dc   0x080005dc   0x000000cc   Code   RO         1075    i.LL_TIM_Init       stm32f4xx_ll_tim.o
    0x080006a8   0x080006a8   0x000001c8   Code   RO         1076    i.LL_TIM_OC_Init    stm32f4xx_ll_tim.o
    0x08000870   0x08000870   0x0000019c   Code   RO         1168    i.LL_USART_Init     stm32f4xx_ll_usart.o
    0x08000a0c   0x08000a0c   0x000002d4   Code   RO          462    i.MX_ADC1_Init      adc.o
    0x08000ce0   0x08000ce0   0x00000134   Code   RO          509    i.MX_DAC_Init       dac.o
    0x08000e14   0x08000e14   0x000001a0   Code   RO          545    i.MX_DMA_Init       dma.o
    0x08000fb4   0x08000fb4   0x0000012c   Code   RO          428    i.MX_GPIO_Init      gpio.o
    0x080010e0   0x080010e0   0x00000184   Code   RO          569    i.MX_SPI1_Init      spi.o
    0x08001264   0x08001264   0x000001e4   Code   RO          570    i.MX_SPI2_Init      spi.o
    0x08001448   0x08001448   0x0000003c   Code   RO          610    i.MX_TIM10_Init     tim.o
    0x08001484   0x08001484   0x0000003c   Code   RO          611    i.MX_TIM11_Init     tim.o
    0x080014c0   0x080014c0   0x00000048   Code   RO          612    i.MX_TIM12_Init     tim.o
    0x08001508   0x08001508   0x00000110   Code   RO          613    i.MX_TIM13_Init     tim.o
    0x08001618   0x08001618   0x0000003c   Code   RO          614    i.MX_TIM14_Init     tim.o
    0x08001654   0x08001654   0x00000080   Code   RO          615    i.MX_TIM6_Init      tim.o
    0x080016d4   0x080016d4   0x0000004c   Code   RO          616    i.MX_TIM7_Init      tim.o
    0x08001720   0x08001720   0x00000048   Code   RO          617    i.MX_TIM9_Init      tim.o
    0x08001768   0x08001768   0x000001ec   Code   RO          681    i.MX_USART1_UART_Init  usart.o
    0x08001954   0x08001954   0x00000158   Code   RO          682    i.MX_USART2_UART_Init  usart.o
    0x08001aac   0x08001aac   0x00000002   Code   RO          720    i.MemManage_Handler  stm32f4xx_it.o
    0x08001aae   0x08001aae   0x00000002   Code   RO          721    i.NMI_Handler       stm32f4xx_it.o
    0x08001ab0   0x08001ab0   0x00000002   Code   RO          722    i.PendSV_Handler    stm32f4xx_it.o
    0x08001ab2   0x08001ab2   0x00000002   Code   RO          723    i.SVC_Handler       stm32f4xx_it.o
    0x08001ab4   0x08001ab4   0x00000020   Code   RO          334    i.SysTick_Handler   main.o
    0x08001ad4   0x08001ad4   0x000000d0   Code   RO          335    i.SystemClock_Config  main.o
    0x08001ba4   0x08001ba4   0x00000058   Code   RO         1408    i.SystemInit        system_stm32f4xx.o
    0x08001bfc   0x08001bfc   0x00000002   Code   RO          724    i.UsageFault_Handler  stm32f4xx_it.o
    0x08001bfe   0x08001bfe   0x0000000e   Code   RO         1473    i.__scatterload_copy  mc_w.l(handlers.o)
    0x08001c0c   0x08001c0c   0x00000002   Code   RO         1474    i.__scatterload_null  mc_w.l(handlers.o)
    0x08001c0e   0x08001c0e   0x0000000e   Code   RO         1475    i.__scatterload_zeroinit  mc_w.l(handlers.o)
    0x08001c1c   0x08001c1c   0x0000008c   Code   RO          463    i.joystick_init     adc.o
    0x08001ca8   0x08001ca8   0x000001cc   Code   RO          336    i.main              main.o
    0x08001e74   0x08001e74   0x00000078   Code   RO           16    i.tft_clear         lcd_main.o
    0x08001eec   0x08001eec   0x0000001c   Code   RO           19    i.tft_dma_wait      lcd_main.o
    0x08001f08   0x08001f08   0x0000028c   Code   RO           20    i.tft_fill_color    lcd_main.o
    0x08002194   0x08002194   0x000001bc   Code   RO           23    i.tft_init          lcd_main.o
    0x08002350   0x08002350   0x0000008c   Code   RO           24    i.tft_printb        lcd_main.o
    0x080023dc   0x080023dc   0x0000010c   Code   RO          196    i.tft_printc        lcd_main.o
    0x080024e8   0x080024e8   0x00000070   Code   RO           26    i.tft_printi        lcd_main.o
    0x08002558   0x08002558   0x00000188   Code   RO           30    i.tft_push_pxbuf    lcd_main.o
    0x080026e0   0x080026e0   0x00000238   Code   RO           41    i.tft_update_dma    lcd_main.o
    0x08002918   0x08002918   0x00000e4b   Data   RO           43    .constdata          lcd_main.o
    0x08003763   0x08003763   0x00000008   Data   RO          464    .constdata          adc.o
    0x0800376b   0x0800376b   0x00000008   Data   RO          510    .constdata          dac.o
    0x08003773   0x08003773   0x00000008   Data   RO          571    .constdata          spi.o
    0x0800377b   0x0800377b   0x0000000e   Data   RO          618    .constdata          tim.o
    0x08003789   0x08003789   0x00000008   Data   RO          683    .constdata          usart.o
    0x08003791   0x08003791   0x00000010   Data   RO         1409    .constdata          system_stm32f4xx.o
    0x080037a1   0x080037a1   0x00000008   Data   RO         1410    .constdata          system_stm32f4xx.o
    0x080037a9   0x080037a9   0x00000003   PAD
    0x080037ac   0x080037ac   0x00000020   Data   RO         1471    Region$$Table       anon$$obj.o


    Execution Region RW_IRAM1 (Exec base: 0x20000000, Load base: 0x080037cc, Size: 0x00007370, Max: 0x00020000, ABSOLUTE)

    Exec Addr    Load Addr    Size         Type   Attr      Idx    E Section Name        Object

    0x20000000   0x080037cc   0x00000010   Data   RW           44    .data               lcd_main.o
    0x20000010   0x080037dc   0x00000010   Data   RW          337    .data               main.o
    0x20000020   0x080037ec   0x00000008   Data   RW          465    .data               adc.o
    0x20000028   0x080037f4   0x00000004   Data   RW         1411    .data               system_stm32f4xx.o
    0x2000002c        -       0x00006f40   Zero   RW           42    .bss                lcd_main.o
    0x20006f6c   0x080037f8   0x00000004   PAD
    0x20006f70        -       0x00000400   Zero   RW            1    STACK               startup_stm32f407xx.o


==============================================================================

Image component sizes


      Code (inc. data)   RO Data    RW Data    ZI Data      Debug   Object Name

       864         58          8          8          0      65650   adc.o
       308         46          8          0          0      49449   dac.o
       416         48          0          0          0       2314   dma.o
       300         32          0          0          0      10755   gpio.o
      2724        136       3659         16      28480     626605   lcd_main.o
       700        128          0         16          0      89733   main.o
       872         82          8          0          0      34926   spi.o
        36          8        392          0       1024        848   startup_stm32f407xx.o
        18          0          0          0          0       4206   stm32f4xx_it.o
       268         14          0          0          0      52580   stm32f4xx_ll_adc.o
        90          0          0          0          0       4138   stm32f4xx_ll_dac.o
       340          0          0          0          0       7319   stm32f4xx_ll_gpio.o
       164         22          0          0          0      25264   stm32f4xx_ll_rcc.o
       102          0          0          0          0       4490   stm32f4xx_ll_spi.o
       660         32          0          0          0      32771   stm32f4xx_ll_tim.o
       412          4          0          0          0      15564   stm32f4xx_ll_usart.o
        38          6          0          0          0       8825   stm32f4xx_ll_utils.o
        88         24         24          4          0       1191   system_stm32f4xx.o
       800        116         14          0          0      31829   tim.o
       836         80          8          0          0      15788   usart.o

    ----------------------------------------------------------------------
     10042        836       4156         44      29508    1084245   Object Totals
         0          0         32          0          0          0   (incl. Generated)
         6          0          3          0          4          0   (incl. Padding)

    ----------------------------------------------------------------------

      Code (inc. data)   RO Data    RW Data    ZI Data      Debug   Library Member Name

         0          0          0          0          0          0   entry.o
         0          0          0          0          0          0   entry10a.o
         0          0          0          0          0          0   entry11a.o
         8          4          0          0          0          0   entry2.o
         4          0          0          0          0          0   entry5.o
         0          0          0          0          0          0   entry7b.o
         0          0          0          0          0          0   entry8b.o
         8          4          0          0          0          0   entry9a.o
        30          0          0          0          0          0   handlers.o
        36          8          0          0          0         68   init.o

    ----------------------------------------------------------------------
        86         16          0          0          0         68   Library Totals
         0          0          0          0          0          0   (incl. Padding)

    ----------------------------------------------------------------------

      Code (inc. data)   RO Data    RW Data    ZI Data      Debug   Library Name

        86         16          0          0          0         68   mc_w.l

    ----------------------------------------------------------------------
        86         16          0          0          0         68   Library Totals

    ----------------------------------------------------------------------

==============================================================================


      Code (inc. data)   RO Data    RW Data    ZI Data      Debug   

     10128        852       4156         44      29508    1079917   Grand Totals
     10128        852       4156         44      29508    1079917   ELF Image Totals
     10128        852       4156         44          0          0   ROM Totals

==============================================================================

    Total RO  Size (Code + RO Data)                14284 (  13.95kB)
    Total RW  Size (RW Data + ZI Data)             29552 (  28.86kB)
    Total ROM Size (Code + RO Data + RW Data)      14328 (  13.99kB)

==============================================================================

