Component: ARM Compiler 5.06 update 6 (build 750) Tool: armlink [4d35ed]

==============================================================================

Section Cross References

    startup_stm32f407xx.o(STACK) refers (Special) to heapauxi.o(.text) for __use_two_region_memory
    startup_stm32f407xx.o(HEAP) refers (Special) to heapauxi.o(.text) for __use_two_region_memory
    startup_stm32f407xx.o(RESET) refers (Special) to heapauxi.o(.text) for __use_two_region_memory
    startup_stm32f407xx.o(RESET) refers to startup_stm32f407xx.o(STACK) for __initial_sp
    startup_stm32f407xx.o(RESET) refers to startup_stm32f407xx.o(.text) for Reset_Handler
    startup_stm32f407xx.o(RESET) refers to stm32f4xx_it.o(i.NMI_Handler) for NMI_Handler
    startup_stm32f407xx.o(RESET) refers to stm32f4xx_it.o(i.HardFault_Handler) for HardFault_Handler
    startup_stm32f407xx.o(RESET) refers to stm32f4xx_it.o(i.MemManage_Handler) for MemManage_Handler
    startup_stm32f407xx.o(RESET) refers to stm32f4xx_it.o(i.BusFault_Handler) for BusFault_Handler
    startup_stm32f407xx.o(RESET) refers to stm32f4xx_it.o(i.UsageFault_Handler) for UsageFault_Handler
    startup_stm32f407xx.o(RESET) refers to stm32f4xx_it.o(i.SVC_Handler) for SVC_Handler
    startup_stm32f407xx.o(RESET) refers to stm32f4xx_it.o(i.DebugMon_Handler) for DebugMon_Handler
    startup_stm32f407xx.o(RESET) refers to stm32f4xx_it.o(i.PendSV_Handler) for PendSV_Handler
    startup_stm32f407xx.o(RESET) refers to main.o(i.SysTick_Handler) for SysTick_Handler
    startup_stm32f407xx.o(RESET) refers to stm32f4xx_it.o(i.DMA2_Stream2_IRQHandler) for DMA2_Stream2_IRQHandler
    startup_stm32f407xx.o(RESET) refers to stm32f4xx_it.o(i.DMA2_Stream5_IRQHandler) for DMA2_Stream5_IRQHandler
    startup_stm32f407xx.o(RESET) refers to stm32f4xx_it.o(i.DMA2_Stream6_IRQHandler) for DMA2_Stream6_IRQHandler
    startup_stm32f407xx.o(.text) refers (Special) to heapauxi.o(.text) for __use_two_region_memory
    startup_stm32f407xx.o(.text) refers to system_stm32f4xx_1.o(i.SystemInit) for SystemInit
    startup_stm32f407xx.o(.text) refers to __main.o(!!!main) for __main
    startup_stm32f407xx.o(.text) refers to startup_stm32f407xx.o(HEAP) for Heap_Mem
    startup_stm32f407xx.o(.text) refers to startup_stm32f407xx.o(STACK) for Stack_Mem
    lcd_main.o(i.printi) refers to lcd_main.o(i.prints) for prints
    lcd_main.o(i.tft_clear) refers to lcd_main.o(.data) for .data
    lcd_main.o(i.tft_clear) refers to lcd_main.o(.bss) for .bss
    lcd_main.o(i.tft_clear_line) refers to lcd_main.o(.data) for .data
    lcd_main.o(i.tft_clear_line) refers to lcd_main.o(.bss) for .bss
    lcd_main.o(i.tft_fill_color) refers to lcd_main.o(.data) for .data
    lcd_main.o(i.tft_force_clear) refers to aeabi_memset.o(.text) for __aeabi_memset
    lcd_main.o(i.tft_force_clear) refers to lcd_main.o(i.tft_fill_color) for tft_fill_color
    lcd_main.o(i.tft_force_clear) refers to lcd_main.o(.bss) for .bss
    lcd_main.o(i.tft_force_clear) refers to lcd_main.o(.data) for .data
    lcd_main.o(i.tft_get_orientation) refers to lcd_main.o(.data) for .data
    lcd_main.o(i.tft_init) refers to lcd_main.o(i.tft_fill_color) for tft_fill_color
    lcd_main.o(i.tft_init) refers to lcd_main.o(i.tft_clear) for tft_clear
    lcd_main.o(i.tft_init) refers to lcd_main.o(.data) for .data
    lcd_main.o(i.tft_init) refers to main.o(.data) for __delay
    lcd_main.o(i.tft_init) refers to lcd_main.o(.constdata) for .constdata
    lcd_main.o(i.tft_printb) refers to lcd_main.o(i.tft_printc) for tft_printc
    lcd_main.o(i.tft_printf) refers to lcd_main.o(i.tft_printc) for tft_printc
    lcd_main.o(i.tft_printh) refers to lcd_main.o(i.tft_printc) for tft_printc
    lcd_main.o(i.tft_printi) refers to lcd_main.o(i.tft_printc) for tft_printc
    lcd_main.o(i.tft_printl) refers to llsdiv.o(.text) for __aeabi_ldivmod
    lcd_main.o(i.tft_printl) refers to lcd_main.o(i.tft_printc) for tft_printc
    lcd_main.o(i.tft_prints) refers to rt_memclr_w.o(.text) for __aeabi_memclr4
    lcd_main.o(i.tft_prints) refers to lcd_main.o(i.prints) for prints
    lcd_main.o(i.tft_prints) refers to lcd_main.o(i.printi) for printi
    lcd_main.o(i.tft_prints) refers to lcd_main.o(i.tft_printc) for tft_printc
    lcd_main.o(i.tft_printu) refers to lcd_main.o(i.tft_printc) for tft_printc
    lcd_main.o(i.tft_pxbuf_update) refers to lcd_main.o(.data) for .data
    lcd_main.o(i.tft_pxbuf_update) refers to lcd_main.o(.bss) for .bss
    lcd_main.o(i.tft_pxbuf_update) refers to lcd_main.o(.constdata) for .constdata
    lcd_main.o(i.tft_pxbuf_write) refers to lcd_main.o(.data) for .data
    lcd_main.o(i.tft_pxbuf_write) refers to lcd_main.o(.bss) for .bss
    lcd_main.o(i.tft_pxbuf_write) refers to lcd_main.o(.constdata) for .constdata
    lcd_main.o(i.tft_reset) refers to main.o(.data) for __delay
    lcd_main.o(i.tft_set_bg_color) refers to lcd_main.o(.data) for .data
    lcd_main.o(i.tft_set_highlight_color) refers to lcd_main.o(.data) for .data
[...]
    cpu_asl                                  0x08003ca5   Thumb Code   954  cpu.o(i.cpu_asl)
    i.cpu_asla                               0x08004098   Section        0  cpu.o(i.cpu_asla)
    cpu_asla                                 0x08004099   Thumb Code    56  cpu.o(i.cpu_asla)
    i.cpu_bcc                                0x080040d4   Section        0  cpu.o(i.cpu_bcc)
    cpu_bcc                                  0x080040d5   Thumb Code   434  cpu.o(i.cpu_bcc)
    i.cpu_bcs                                0x080042b0   Section        0  cpu.o(i.cpu_bcs)
    cpu_bcs                                  0x080042b1   Thumb Code   432  cpu.o(i.cpu_bcs)
    i.cpu_beq                                0x08004488   Section        0  cpu.o(i.cpu_beq)
    cpu_beq                                  0x08004489   Thumb Code   432  cpu.o(i.cpu_beq)
    i.cpu_bit                                0x08004660   Section        0  cpu.o(i.cpu_bit)
    cpu_bit                                  0x08004661   Thumb Code   434  cpu.o(i.cpu_bit)
    i.cpu_bmi                                0x0800483c   Section        0  cpu.o(i.cpu_bmi)
    cpu_bmi                                  0x0800483d   Thumb Code   432  cpu.o(i.cpu_bmi)
    i.cpu_bne                                0x08004a14   Section        0  cpu.o(i.cpu_bne)
    cpu_bne                                  0x08004a15   Thumb Code   434  cpu.o(i.cpu_bne)
    i.cpu_bpl                                0x08004bf0   Section        0  cpu.o(i.cpu_bpl)
    cpu_bpl                                  0x08004bf1   Thumb Code   434  cpu.o(i.cpu_bpl)
    i.cpu_bra                                0x08004dcc   Section        0  cpu.o(i.cpu_bra)
    cpu_bra                                  0x08004dcd   Thumb Code    36  cpu.o(i.cpu_bra)
    i.cpu_brk                                0x08004df8   Section        0  cpu.o(i.cpu_brk)
    cpu_brk                                  0x08004df9   Thumb Code  1890  cpu.o(i.cpu_brk)
    i.cpu_bvc                                0x08005574   Section        0  cpu.o(i.cpu_bvc)
    cpu_bvc                                  0x08005575   Thumb Code   434  cpu.o(i.cpu_bvc)
    i.cpu_bvs                                0x08005750   Section        0  cpu.o(i.cpu_bvs)
    cpu_bvs                                  0x08005751   Thumb Code   432  cpu.o(i.cpu_bvs)
    i.cpu_clc                                0x08005928   Section        0  cpu.o(i.cpu_clc)
    cpu_clc                                  0x08005929   Thumb Code    12  cpu.o(i.cpu_clc)
    i.cpu_cld                                0x08005938   Section        0  cpu.o(i.cpu_cld)
    cpu_cld                                  0x08005939   Thumb Code    12  cpu.o(i.cpu_cld)
    i.cpu_cli                                0x08005948   Section        0  cpu.o(i.cpu_cli)
    cpu_cli                                  0x08005949   Thumb Code    12  cpu.o(i.cpu_cli)
    i.cpu_clv                                0x08005958   Section        0  cpu.o(i.cpu_clv)
    cpu_clv                                  0x08005959   Thumb Code    12  cpu.o(i.cpu_clv)
    i.cpu_cmp                                0x08005968   Section        0  cpu.o(i.cpu_cmp)
    cpu_cmp                                  0x08005969   Thumb Code   468  cpu.o(i.cpu_cmp)
    i.cpu_cpx                                0x08005b64   Section        0  cpu.o(i.cpu_cpx)
    cpu_cpx                                  0x08005b65   Thumb Code   468  cpu.o(i.cpu_cpx)
    i.cpu_cpy                                0x08005d60   Section        0  cpu.o(i.cpu_cpy)
    cpu_cpy                                  0x08005d61   Thumb Code   468  cpu.o(i.cpu_cpy)
    i.cpu_dea                                0x08005f5c   Section        0  cpu.o(i.cpu_dea)
    cpu_dea                                  0x08005f5d   Thumb Code    48  cpu.o(i.cpu_dea)
    i.cpu_dec                                0x08005f90   Section        0  cpu.o(i.cpu_dec)
    cpu_dec                                  0x08005f91   Thumb Code  1372  cpu.o(i.cpu_dec)
    i.cpu_dex                                0x08006500   Section        0  cpu.o(i.cpu_dex)
    cpu_dex                                  0x08006501   Thumb Code    48  cpu.o(i.cpu_dex)
    i.cpu_dey                                0x08006534   Section        0  cpu.o(i.cpu_dey)
    cpu_dey                                  0x08006535   Thumb Code    48  cpu.o(i.cpu_dey)
    i.cpu_eor                                0x08006568   Section        0  cpu.o(i.cpu_eor)
    cpu_eor                                  0x08006569   Thumb Code   442  cpu.o(i.cpu_eor)
    i.cpu_exec                               0x0800674c   Section        0  cpu.o(i.cpu_exec)
    i.cpu_immediate                          0x080074a0   Section        0  cpu.o(i.cpu_immediate)
    i.cpu_implied                            0x080074b0   Section        0  cpu.o(i.cpu_implied)
    i.cpu_ina                                0x080074b4   Section        0  cpu.o(i.cpu_ina)
    cpu_ina                                  0x080074b5   Thumb Code    48  cpu.o(i.cpu_ina)
    i.cpu_inc                                0x080074e8   Section        0  cpu.o(i.cpu_inc)
    cpu_inc                                  0x080074e9   Thumb Code  1372  cpu.o(i.cpu_inc)
    i.cpu_indabsx                            0x08007a58   Section        0  cpu.o(i.cpu_indabsx)
    i.cpu_indirect                           0x08007d80   Section        0  cpu.o(i.cpu_indirect)
    i.cpu_indx                               0x080080b0   Section        0  cpu.o(i.cpu_indx)
    i.cpu_indy                               0x080083e0   Section        0  cpu.o(i.cpu_indy)
    i.cpu_indzp                              0x08008738   Section        0  cpu.o(i.cpu_indzp)
    i.cpu_initmem                            0x08008a60   Section        0  cpu.o(i.cpu_initmem)
    i.cpu_inx                                0x08008a78   Section        0  cpu.o(i.cpu_inx)
    cpu_inx                                  0x08008a79   Thumb Code    48  cpu.o(i.cpu_inx)
    i.cpu_iny                                0x08008aac   Section        0  cpu.o(i.cpu_iny)
    cpu_iny                                  0x08008aad   Thumb Code    48  cpu.o(i.cpu_iny)
    i.cpu_irq                                0x08008ae0   Section        0  cpu.o(i.cpu_irq)
    i.cpu_jmp                                0x0800923c   Section        0  cpu.o(i.cpu_jmp)
    cpu_jmp                                  0x0800923d   Thumb Code    26  cpu.o(i.cpu_jmp)
    i.cpu_jsr                                0x08009260   Section        0  cpu.o(i.cpu_jsr)
    cpu_jsr                                  0x08009261   Thumb Code  1082  cpu.o(i.cpu_jsr)
    i.cpu_lda                                0x080096a0   Section        0  cpu.o(i.cpu_lda)
    cpu_lda                                  0x080096a1   Thumb Code   440  cpu.o(i.cpu_lda)
    i.cpu_ldx                                0x08009880   Section        0  cpu.o(i.cpu_ldx)
    cpu_ldx                                  0x08009881   Thumb Code   440  cpu.o(i.cpu_ldx)
    i.cpu_ldy                                0x08009a60   Section        0  cpu.o(i.cpu_ldy)
    cpu_ldy                                  0x08009a61   Thumb Code   440  cpu.o(i.cpu_ldy)
    i.cpu_lsr                                0x08009c40   Section        0  cpu.o(i.cpu_lsr)
    cpu_lsr                                  0x08009c41   Thumb Code   956  cpu.o(i.cpu_lsr)
    i.cpu_lsra                               0x0800a034   Section        0  cpu.o(i.cpu_lsra)
    cpu_lsra                                 0x0800a035   Thumb Code    54  cpu.o(i.cpu_lsra)
    i.cpu_nmi                                0x0800a070   Section        0  cpu.o(i.cpu_nmi)
    i.cpu_nop                                0x0800a770   Section        0  cpu.o(i.cpu_nop)
    cpu_nop                                  0x0800a771   Thumb Code     2  cpu.o(i.cpu_nop)
    i.cpu_ora                                0x0800a774   Section        0  cpu.o(i.cpu_ora)
    cpu_ora                                  0x0800a775   Thumb Code   442  cpu.o(i.cpu_ora)
    i.cpu_pha                                0x0800a958   Section        0  cpu.o(i.cpu_pha)
    cpu_pha                                  0x0800a959   Thumb Code   540  cpu.o(i.cpu_pha)
    i.cpu_php                                0x0800aba0   Section        0  cpu.o(i.cpu_php)
    cpu_php                                  0x0800aba1   Thumb Code   540  cpu.o(i.cpu_php)
    i.cpu_phx                                0x0800ade8   Section        0  cpu.o(i.cpu_phx)
    cpu_phx                                  0x0800ade9   Thumb Code   540  cpu.o(i.cpu_phx)
    i.cpu_phy                                0x0800b030   Section        0  cpu.o(i.cpu_phy)
    cpu_phy                                  0x0800b031   Thumb Code   540  cpu.o(i.cpu_phy)
    i.cpu_pla                                0x0800b278   Section        0  cpu.o(i.cpu_pla)
    cpu_pla                                  0x0800b279   Thumb Code   428  cpu.o(i.cpu_pla)
    i.cpu_plp                                0x0800b448   Section        0  cpu.o(i.cpu_plp)
    cpu_plp                                  0x0800b449   Thumb Code   398  cpu.o(i.cpu_plp)
    i.cpu_plx                                0x0800b5fc   Section        0  cpu.o(i.cpu_plx)
    cpu_plx                                  0x0800b5fd   Thumb Code   428  cpu.o(i.cpu_plx)
    i.cpu_ply                                0x0800b7cc   Section        0  cpu.o(i.cpu_ply)
    cpu_ply                                  0x0800b7cd   Thumb Code   428  cpu.o(i.cpu_ply)
    i.cpu_relative                           0x0800b99c   Section        0  cpu.o(i.cpu_relative)
    i.cpu_reset                              0x0800bb6c   Section        0  cpu.o(i.cpu_reset)
    i.cpu_rol                                0x0800bc70   Section        0  cpu.o(i.cpu_rol)
    cpu_rol                                  0x0800bc71   Thumb Code   966  cpu.o(i.cpu_rol)
    i.cpu_rola                               0x0800c070   Section        0  cpu.o(i.cpu_rola)
    cpu_rola                                 0x0800c071   Thumb Code    62  cpu.o(i.cpu_rola)
    i.cpu_ror                                0x0800c0b4   Section        0  cpu.o(i.cpu_ror)
    cpu_ror                                  0x0800c0b5   Thumb Code   978  cpu.o(i.cpu_ror)
    i.cpu_rora                               0x0800c4c0   Section        0  cpu.o(i.cpu_rora)
    cpu_rora                                 0x0800c4c1   Thumb Code    76  cpu.o(i.cpu_rora)
    i.cpu_rti                                0x0800c510   Section        0  cpu.o(i.cpu_rti)
    cpu_rti                                  0x0800c511   Thumb Code  1216  cpu.o(i.cpu_rti)
    i.cpu_rts                                0x0800c9dc   Section        0  cpu.o(i.cpu_rts)
    cpu_rts                                  0x0800c9dd   Thumb Code   790  cpu.o(i.cpu_rts)
    i.cpu_sbc                                0x0800cd18   Section        0  cpu.o(i.cpu_sbc)
    cpu_sbc                                  0x0800cd19   Thumb Code   576  cpu.o(i.cpu_sbc)
    i.cpu_sec                                0x0800cf80   Section        0  cpu.o(i.cpu_sec)
    cpu_sec                                  0x0800cf81   Thumb Code    12  cpu.o(i.cpu_sec)
    i.cpu_sed                                0x0800cf90   Section        0  cpu.o(i.cpu_sed)
    cpu_sed                                  0x0800cf91   Thumb Code    12  cpu.o(i.cpu_sed)
    i.cpu_sei                                0x0800cfa0   Section        0  cpu.o(i.cpu_sei)
    cpu_sei                                  0x0800cfa1   Thumb Code    12  cpu.o(i.cpu_sei)
    i.cpu_sta                                0x0800cfb0   Section        0  cpu.o(i.cpu_sta)
    cpu_sta                                  0x0800cfb1   Thumb Code   520  cpu.o(i.cpu_sta)
    i.cpu_stx                                0x0800d1e8   Section        0  cpu.o(i.cpu_stx)
    cpu_stx                                  0x0800d1e9   Thumb Code   520  cpu.o(i.cpu_stx)
    i.cpu_sty                                0x0800d420   Section        0  cpu.o(i.cpu_sty)
    cpu_sty                                  0x0800d421   Thumb Code   520  cpu.o(i.cpu_sty)
    i.cpu_stz                                0x0800d658   Section        0  cpu.o(i.cpu_stz)
    cpu_stz                                  0x0800d659   Thumb Code   434  cpu.o(i.cpu_stz)
    i.cpu_tax                                0x0800d83c   Section        0  cpu.o(i.cpu_tax)
    cpu_tax                                  0x0800d83d   Thumb Code    44  cpu.o(i.cpu_tax)
    i.cpu_tay                                0x0800d86c   Section        0  cpu.o(i.cpu_tay)
    cpu_tay                                  0x0800d86d   Thumb Code    44  cpu.o(i.cpu_tay)
    i.cpu_trb                                0x0800d89c   Section        0  cpu.o(i.cpu_trb)
    cpu_trb                                  0x0800d89d   Thumb Code  1356  cpu.o(i.cpu_trb)
    i.cpu_tsb                                0x0800ddfc   Section        0  cpu.o(i.cpu_tsb)
    cpu_tsb                                  0x0800ddfd   Thumb Code  1352  cpu.o(i.cpu_tsb)
    i.cpu_tsx                                0x0800e358   Section        0  cpu.o(i.cpu_tsx)
    cpu_tsx                                  0x0800e359   Thumb Code    44  cpu.o(i.cpu_tsx)
    i.cpu_txa                                0x0800e388   Section        0  cpu.o(i.cpu_txa)
    cpu_txa                                  0x0800e389   Thumb Code    44  cpu.o(i.cpu_txa)
    i.cpu_txs                                0x0800e3b8   Section        0  cpu.o(i.cpu_txs)
    cpu_txs                                  0x0800e3b9   Thumb Code     8  cpu.o(i.cpu_txs)
    i.cpu_tya                                0x0800e3c4   Section        0  cpu.o(i.cpu_tya)
    cpu_tya                                  0x0800e3c5   Thumb Code    44  cpu.o(i.cpu_tya)
    i.cpu_zp                                 0x0800e3f4   Section        0  cpu.o(i.cpu_zp)
    i.cpu_zpx                                0x0800e5a4   Section        0  cpu.o(i.cpu_zpx)
    i.cpu_zpy                                0x0800e75c   Section        0  cpu.o(i.cpu_zpy)
    i.joypad_read                            0x0800e914   Section        0  cpu.o(i.joypad_read)
    i.joystick_init                          0x0800e994   Section        0  adc.o(i.joystick_init)
    i.main                                   0x0800ea20   Section        0  main.o(i.main)
    i.nes_frame                              0x0800eac0   Section        0  nes.o(i.nes_frame)
    i.nes_init                               0x0800eba8   Section        0  nes.o(i.nes_init)
    i.ppu_init                               0x0800ebcc   Section        0  ppu.o(i.ppu_init)
    i.ppu_render_line                        0x0800ec24   Section        0  ppu.o(i.ppu_render_line)
    i.ppu_spr0_hit_flag                      0x0800f73c   Section        0  ppu.o(i.ppu_spr0_hit_flag)
    i.tft_clear                              0x0800f8b0   Section        0  lcd_main.o(i.tft_clear)
    i.tft_double_push_pxbuf                  0x0800f928   Section        0  lcd_main.o(i.tft_double_push_pxbuf)
    i.tft_fill_color                         0x0800faec   Section        0  lcd_main.o(i.tft_fill_color)
    i.tft_init                               0x0800fd78   Section        0  lcd_main.o(i.tft_init)
    x$fpl$fpinit                             0x0800ff24   Section       10  fpinit.o(x$fpl$fpinit)
    $v0                                      0x0800ff24   Number         0  fpinit.o(x$fpl$fpinit)
    .constdata                               0x0800ff2e   Section     3659  lcd_main.o(.constdata)
    ascii_8x16                               0x0800ff32   Data        3584  lcd_main.o(.constdata)
    .constdata                               0x08010d79   Section        8  adc.o(.constdata)
    STREAM_OFFSET_TAB                        0x08010d79   Data           8  adc.o(.constdata)
    .constdata                               0x08010d81   Section        8  dac.o(.constdata)
    STREAM_OFFSET_TAB                        0x08010d81   Data           8  dac.o(.constdata)
    .constdata                               0x08010d89   Section        8  spi.o(.constdata)
    STREAM_OFFSET_TAB                        0x08010d89   Data           8  spi.o(.constdata)
    .constdata                               0x08010d91   Section       14  tim.o(.constdata)
    OFFSET_TAB_CCMRx                         0x08010d91   Data           7  tim.o(.constdata)
    SHIFT_TAB_OCxx                           0x08010d98   Data           7  tim.o(.constdata)
    .constdata                               0x08010d9f   Section        8  usart.o(.constdata)
    STREAM_OFFSET_TAB                        0x08010d9f   Data           8  usart.o(.constdata)
    .constdata                               0x08010da8   Section     3072  cpu.o(.constdata)
    .constdata                               0x080119a8   Section      132  ppu.o(.constdata)
    .constdata                               0x08011a2c   Section    40976  nes.o(.constdata)
    romfile                                  0x08011a2c   Data       40976  nes.o(.constdata)
    .constdata                               0x0801ba3c   Section        8  stm32f4xx_hal_dma.o(.constdata)
    flagBitshiftOffset                       0x0801ba3c   Data           8  stm32f4xx_hal_dma.o(.constdata)
    .constdata                               0x0801ba44   Section       16  system_stm32f4xx_1.o(.constdata)
    .constdata                               0x0801ba54   Section        8  system_stm32f4xx_1.o(.constdata)
    .conststring                             0x0801ba5c   Section      296  cpu.o(.conststring)
    .data                                    0x10000000   Section       16  lcd_main.o(.data)
    .data                                    0x10000010   Section       12  main.o(.data)
    .data                                    0x1000001c   Section        8  adc.o(.data)
    .data                                    0x10000024   Section     1064  cpu.o(.data)
    IRQ_Flag                                 0x10000025   Data           1  cpu.o(.data)
    A                                        0x10000026   Data           1  cpu.o(.data)
    X                                        0x10000027   Data           1  cpu.o(.data)
    Y                                        0x10000028   Data           1  cpu.o(.data)
    P                                        0x10000029   Data           1  cpu.o(.data)
    S                                        0x1000002a   Data           1  cpu.o(.data)
    joypad_read_state                        0x1000002d   Data           2  cpu.o(.data)
    joypad_strobe                            0x1000002f   Data           2  cpu.o(.data)
    PC                                       0x10000032   Data           2  cpu.o(.data)
    .data                                    0x1000044c   Section       12  ppu.o(.data)
    .data                                    0x10000458   Section        4  nes.o(.data)
    .data                                    0x1000045c   Section       12  stm32f4xx_hal.o(.data)
    .data                                    0x10000468   Section        4  system_stm32f4xx_1.o(.data)
    .bss                                     0x1000046c   Section    28480  lcd_main.o(.bss)
    tft_dma_bufs                             0x100023ac   Data       20480  lcd_main.o(.bss)
    .bss                                     0x100073ac   Section      228  sdio.o(.bss)
    .bss                                     0x10007490   Section    18432  cpu.o(.bss)
    .bss                                     0x1000bc90   Section       96  libspace.o(.bss)
    HEAP                                     0x1000bcf0   Section      512  startup_stm32f407xx.o(HEAP)
    Heap_Mem                                 0x1000bcf0   Data         512  startup_stm32f407xx.o(HEAP)
    STACK                                    0x1000bef0   Section     1024  startup_stm32f407xx.o(STACK)
    Stack_Mem                                0x1000bef0   Data        1024  startup_stm32f407xx.o(STACK)
    __initial_sp                             0x1000c2f0   Data           0  startup_stm32f407xx.o(STACK)
    .bss                                     0x20000000   Section    125532  ppu.o(.bss)
    .bss                                     0x2001ea5c   Section      257  ppu.o(.bss)

    Global Symbols

    Symbol Name                              Value     Ov Type        Size  Object(Section)

    BuildAttributes$$THM_ISAv4$E$P$D$K$B$S$7EM$VFPi3$EXTD16$VFPS$VFMA$PE$A:L22UL41UL21$X:L11$S22US41US21$IEEE1$IW$USESV6$~STKCKD$USESV7$~SHL$OTIME$ROPI$EBA8$UX$STANDARDLIB$REQ8$PRES8$EABIv2 0x00000000   Number         0  anon$$obj.o ABSOLUTE
    __ARM_use_no_argv                        0x00000000   Number         0  main.o ABSOLUTE
    __ARM_exceptions_init                     - Undefined Weak Reference
    __alloca_initialize                       - Undefined Weak Reference
    __arm_preinit_                            - Undefined Weak Reference
    __cpp_initialize__aeabi_                  - Undefined Weak Reference
    __cxa_finalize                            - Undefined Weak Reference
    __rt_locale                               - Undefined Weak Reference
    __sigvec_lookup                           - Undefined Weak Reference
    _atexit_init                              - Undefined Weak Reference
    _call_atexit_fns                          - Undefined Weak Reference
    _clock_init                               - Undefined Weak Reference
    _fp_trap_init                             - Undefined Weak Reference
    _fp_trap_shutdown                         - Undefined Weak Reference
    _get_lc_collate                           - Undefined Weak Reference
    _get_lc_ctype                             - Undefined Weak Reference
    _get_lc_monetary                          - Undefined Weak Reference
    _get_lc_numeric                           - Undefined Weak Reference
    _get_lc_time                              - Undefined Weak Reference
    _getenv_init                              - Undefined Weak Reference
    _handle_redirection                       - Undefined Weak Reference
    _init_alloc                               - Undefined Weak Reference
    _init_user_alloc                          - Undefined Weak Reference
    _initio                                   - Undefined Weak Reference
    _rand_init                                - Undefined Weak Reference
    _signal_finish                            - Undefined Weak Reference
    _signal_init                              - Undefined Weak Reference
    _terminate_alloc                          - Undefined Weak Reference
    _terminate_user_alloc                     - Undefined Weak Reference
    _terminateio                              - Undefined Weak Reference
    __Vectors_Size                           0x00000188   Number         0  startup_stm32f407xx.o ABSOLUTE
    __Vectors                                0x08000000   Data           4  startup_stm32f407xx.o(RESET)
    __Vectors_End                            0x08000188   Data           0  startup_stm32f407xx.o(RESET)
    __main                                   0x08000189   Thumb Code     8  __main.o(!!!main)
    __scatterload                            0x08000191   Thumb Code     0  __scatter.o(!!!scatter)
    __scatterload_rt2                        0x08000191   Thumb Code    44  __scatter.o(!!!scatter)
    __scatterload_rt2_thumb_only             0x08000191   Thumb Code     0  __scatter.o(!!!scatter)
    __scatterload_null                       0x0800019f   Thumb Code     0  __scatter.o(!!!scatter)
    __decompress                             0x080001c5   Thumb Code    90  __dczerorl2.o(!!dczerorl2)
    __decompress1                            0x080001c5   Thumb Code     0  __dczerorl2.o(!!dczerorl2)
    __scatterload_zeroinit                   0x08000221   Thumb Code    28  __scatter_zi.o(!!handler_zi)
    __rt_lib_init                            0x0800023d   Thumb Code     0  libinit.o(.ARM.Collect$$libinit$$00000000)
    __rt_lib_init_fp_1                       0x0800023f   Thumb Code     0  libinit2.o(.ARM.Collect$$libinit$$00000001)
    __rt_lib_init_alloca_1                   0x08000243   Thumb Code     0  libinit2.o(.ARM.Collect$$libinit$$0000002E)
    __rt_lib_init_argv_1                     0x08000243   Thumb Code     0  libinit2.o(.ARM.Collect$$libinit$$0000002C)
    __rt_lib_init_atexit_1                   0x08000243   Thumb Code     0  libinit2.o(.ARM.Collect$$libinit$$0000001B)
    __rt_lib_init_clock_1                    0x08000243   Thumb Code     0  libinit2.o(.ARM.Collect$$libinit$$00000021)
    __rt_lib_init_cpp_1                      0x08000243   Thumb Code     0  libinit2.o(.ARM.Collect$$libinit$$00000032)
    __rt_lib_init_exceptions_1               0x08000243   Thumb Code     0  libinit2.o(.ARM.Collect$$libinit$$00000030)
    __rt_lib_init_fp_trap_1                  0x08000243   Thumb Code     0  libinit2.o(.ARM.Collect$$libinit$$0000001F)
    __rt_lib_init_getenv_1                   0x08000243   Thumb Code     0  libinit2.o(.ARM.Collect$$libinit$$00000023)
    __rt_lib_init_heap_1                     0x08000243   Thumb Code     0  libinit2.o(.ARM.Collect$$libinit$$0000000A)
    __rt_lib_init_lc_collate_1               0x08000243   Thumb Code     0  libinit2.o(.ARM.Collect$$libinit$$00000011)
    __rt_lib_init_lc_ctype_1                 0x08000243   Thumb Code     0  libinit2.o(.ARM.Collect$$libinit$$00000013)
    __rt_lib_init_lc_monetary_1              0x08000243   Thumb Code     0  libinit2.o(.ARM.Collect$$libinit$$00000015)
    __rt_lib_init_lc_numeric_1               0x08000243   Thumb Code     0  libinit2.o(.ARM.Collect$$libinit$$00000017)
    __rt_lib_init_lc_time_1                  0x08000243   Thumb Code     0  libinit2.o(.ARM.Collect$$libinit$$00000019)
    __rt_lib_init_preinit_1                  0x08000243   Thumb Code     0  libinit2.o(.ARM.Collect$$libinit$$00000004)
    __rt_lib_init_rand_1                     0x08000243   Thumb Code     0  libinit2.o(.ARM.Collect$$libinit$$0000000E)
    __rt_lib_init_return                     0x08000243   Thumb Code     0  libinit2.o(.ARM.Collect$$libinit$$00000033)
    __rt_lib_init_signal_1                   0x08000243   Thumb Code     0  libinit2.o(.ARM.Collect$$libinit$$0000001D)
    __rt_lib_init_stdio_1                    0x08000243   Thumb Code     0  libinit2.o(.ARM.Collect$$libinit$$00000025)
    __rt_lib_init_user_alloc_1               0x08000243   Thumb Code     0  libinit2.o(.ARM.Collect$$libinit$$0000000C)
    __rt_lib_shutdown                        0x08000245   Thumb Code     0  libshutdown.o(.ARM.Collect$$libshutdown$$00000000)
    __rt_lib_shutdown_cpp_1                  0x08000247   Thumb Code     0  libshutdown2.o(.ARM.Collect$$libshutdown$$00000002)
    __rt_lib_shutdown_fp_trap_1              0x08000247   Thumb Code     0  libshutdown2.o(.ARM.Collect$$libshutdown$$00000007)
    __rt_lib_shutdown_heap_1                 0x08000247   Thumb Code     0  libshutdown2.o(.ARM.Collect$$libshutdown$$0000000F)
    __rt_lib_shutdown_return                 0x08000247   Thumb Code     0  libshutdown2.o(.ARM.Collect$$libshutdown$$00000010)
    __rt_lib_shutdown_signal_1               0x08000247   Thumb Code     0  libshutdown2.o(.ARM.Collect$$libshutdown$$0000000A)
    __rt_lib_shutdown_stdio_1                0x08000247   Thumb Code     0  libshutdown2.o(.ARM.Collect$$libshutdown$$00000004)
    __rt_lib_shutdown_user_alloc_1           0x08000247   Thumb Code     0  libshutdown2.o(.ARM.Collect$$libshutdown$$0000000C)
    __rt_entry                               0x08000249   Thumb Code     0  __rtentry.o(.ARM.Collect$$rtentry$$00000000)
    __rt_entry_presh_1                       0x08000249   Thumb Code     0  __rtentry2.o(.ARM.Collect$$rtentry$$00000002)
    __rt_entry_sh                            0x08000249   Thumb Code     0  __rtentry4.o(.ARM.Collect$$rtentry$$00000004)
    __rt_entry_li                            0x0800024f   Thumb Code     0  __rtentry2.o(.ARM.Collect$$rtentry$$0000000A)
    __rt_entry_postsh_1                      0x0800024f   Thumb Code     0  __rtentry2.o(.ARM.Collect$$rtentry$$00000009)
    __rt_entry_main                          0x08000253   Thumb Code     0  __rtentry2.o(.ARM.Collect$$rtentry$$0000000D)
    __rt_entry_postli_1                      0x08000253   Thumb Code     0  __rtentry2.o(.ARM.Collect$$rtentry$$0000000C)
    __rt_exit                                0x0800025b   Thumb Code     0  rtexit.o(.ARM.Collect$$rtexit$$00000000)
    __rt_exit_ls                             0x0800025d   Thumb Code     0  rtexit2.o(.ARM.Collect$$rtexit$$00000003)
    __rt_exit_prels_1                        0x0800025d   Thumb Code     0  rtexit2.o(.ARM.Collect$$rtexit$$00000002)
    __rt_exit_exit                           0x08000261   Thumb Code     0  rtexit2.o(.ARM.Collect$$rtexit$$00000004)
    Reset_Handler                            0x08000269   Thumb Code     8  startup_stm32f407xx.o(.text)
    ADC_IRQHandler                           0x08000283   Thumb Code     0  startup_stm32f407xx.o(.text)
    CAN1_RX0_IRQHandler                      0x08000283   Thumb Code     0  startup_stm32f407xx.o(.text)
    CAN1_RX1_IRQHandler                      0x08000283   Thumb Code     0  startup_stm32f407xx.o(.text)
    CAN1_SCE_IRQHandler                      0x08000283   Thumb Code     0  startup_stm32f407xx.o(.text)
    CAN1_TX_IRQHandler                       0x08000283   Thumb Code     0  startup_stm32f407xx.o(.text)
    CAN2_RX0_IRQHandler                      0x08000283   Thumb Code     0  startup_stm32f407xx.o(.text)
    CAN2_RX1_IRQHandler                      0x08000283   Thumb Code     0  startup_stm32f407xx.o(.text)
    CAN2_SCE_IRQHandler                      0x08000283   Thumb Code     0  startup_stm32f407xx.o(.text)
    CAN2_TX_IRQHandler                       0x08000283   Thumb Code     0  startup_stm32f407xx.o(.text)
    DCMI_IRQHandler                          0x08000283   Thumb Code     0  startup_stm32f407xx.o(.text)
    DMA1_Stream0_IRQHandler                  0x08000283   Thumb Code     0  startup_stm32f407xx.o(.text)
    DMA1_Stream1_IRQHandler                  0x08000283   Thumb Code     0  startup_stm32f407xx.o(.text)
    DMA1_Stream2_IRQHandler                  0x08000283   Thumb Code     0  startup_stm32f407xx.o(.text)
    DMA1_Stream3_IRQHandler                  0x08000283   Thumb Code     0  startup_stm32f407xx.o(.text)
    DMA1_Stream4_IRQHandler                  0x08000283   Thumb Code     0  startup_stm32f407xx.o(.text)
    DMA1_Stream5_IRQHandler                  0x08000283   Thumb Code     0  startup_stm32f407xx.o(.text)
    DMA1_Stream6_IRQHandler                  0x08000283   Thumb Code     0  startup_stm32f407xx.o(.text)
    DMA1_Stream7_IRQHandler                  0x08000283   Thumb Code     0  startup_stm32f407xx.o(.text)
    DMA2_Stream0_IRQHandler                  0x08000283   Thumb Code     0  startup_stm32f407xx.o(.text)
    DMA2_Stream1_IRQHandler                  0x08000283   Thumb Code     0  startup_stm32f407xx.o(.text)
    DMA2_Stream3_IRQHandler                  0x08000283   Thumb Code     0  startup_stm32f407xx.o(.text)
    DMA2_Stream4_IRQHandler                  0x08000283   Thumb Code     0  startup_stm32f407xx.o(.text)
    DMA2_Stream7_IRQHandler                  0x08000283   Thumb Code     0  startup_stm32f407xx.o(.text)
    ETH_IRQHandler                           0x08000283   Thumb Code     0  startup_stm32f407xx.o(.text)
    ETH_WKUP_IRQHandler                      0x08000283   Thumb Code     0  startup_stm32f407xx.o(.text)
    EXTI0_IRQHandler                         0x08000283   Thumb Code     0  startup_stm32f407xx.o(.text)
    EXTI15_10_IRQHandler                     0x08000283   Thumb Code     0  startup_stm32f407xx.o(.text)
    EXTI1_IRQHandler                         0x08000283   Thumb Code     0  startup_stm32f407xx.o(.text)
    EXTI2_IRQHandler                         0x08000283   Thumb Code     0  startup_stm32f407xx.o(.text)
    EXTI3_IRQHandler                         0x08000283   Thumb Code     0  startup_stm32f407xx.o(.text)
    EXTI4_IRQHandler                         0x08000283   Thumb Code     0  startup_stm32f407xx.o(.text)
    EXTI9_5_IRQHandler                       0x08000283   Thumb Code     0  startup_stm32f407xx.o(.text)
    FLASH_IRQHandler                         0x08000283   Thumb Code     0  startup_stm32f407xx.o(.text)
    FMC_IRQHandler                           0x08000283   Thumb Code     0  startup_stm32f407xx.o(.text)
    FPU_IRQHandler                           0x08000283   Thumb Code     0  startup_stm32f407xx.o(.text)
    HASH_RNG_IRQHandler                      0x08000283   Thumb Code     0  startup_stm32f407xx.o(.text)
    I2C1_ER_IRQHandler                       0x08000283   Thumb Code     0  startup_stm32f407xx.o(.text)
    I2C1_EV_IRQHandler                       0x08000283   Thumb Code     0  startup_stm32f407xx.o(.text)
    I2C2_ER_IRQHandler                       0x08000283   Thumb Code     0  startup_stm32f407xx.o(.text)
    I2C2_EV_IRQHandler                       0x08000283   Thumb Code     0  startup_stm32f407xx.o(.text)
    I2C3_ER_IRQHandler                       0x08000283   Thumb Code     0  startup_stm32f407xx.o(.text)
    I2C3_EV_IRQHandler                       0x08000283   Thumb Code     0  startup_stm32f407xx.o(.text)
    OTG_FS_IRQHandler                        0x08000283   Thumb Code     0  startup_stm32f407xx.o(.text)
    OTG_FS_WKUP_IRQHandler                   0x08000283   Thumb Code     0  startup_stm32f407xx.o(.text)
    OTG_HS_EP1_IN_IRQHandler                 0x08000283   Thumb Code     0  startup_stm32f407xx.o(.text)
    OTG_HS_EP1_OUT_IRQHandler                0x08000283   Thumb Code     0  startup_stm32f407xx.o(.text)
    OTG_HS_IRQHandler                        0x08000283   Thumb Code     0  startup_stm32f407xx.o(.text)
    OTG_HS_WKUP_IRQHandler                   0x08000283   Thumb Code     0  startup_stm32f407xx.o(.text)
    PVD_IRQHandler                           0x08000283   Thumb Code     0  startup_stm32f407xx.o(.text)
    RCC_IRQHandler                           0x08000283   Thumb Code     0  startup_stm32f407xx.o(.text)
    RTC_Alarm_IRQHandler                     0x08000283   Thumb Code     0  startup_stm32f407xx.o(.text)
    RTC_WKUP_IRQHandler                      0x08000283   Thumb Code     0  startup_stm32f407xx.o(.text)
    SDIO_IRQHandler                          0x08000283   Thumb Code     0  startup_stm32f407xx.o(.text)
    SPI1_IRQHandler                          0x08000283   Thumb Code     0  startup_stm32f407xx.o(.text)
    SPI2_IRQHandler                          0x08000283   Thumb Code     0  startup_stm32f407xx.o(.text)
    SPI3_IRQHandler                          0x08000283   Thumb Code     0  startup_stm32f407xx.o(.text)
    TAMP_STAMP_IRQHandler                    0x08000283   Thumb Code     0  startup_stm32f407xx.o(.text)
    TIM1_BRK_TIM9_IRQHandler                 0x08000283   Thumb Code     0  startup_stm32f407xx.o(.text)
    TIM1_CC_IRQHandler                       0x08000283   Thumb Code     0  startup_stm32f407xx.o(.text)
    TIM1_TRG_COM_TIM11_IRQHandler            0x08000283   Thumb Code     0  startup_stm32f407xx.o(.text)
    TIM1_UP_TIM10_IRQHandler                 0x08000283   Thumb Code     0  startup_stm32f407xx.o(.text)
    TIM2_IRQHandler                          0x08000283   Thumb Code     0  startup_stm32f407xx.o(.text)
    TIM3_IRQHandler                          0x08000283   Thumb Code     0  startup_stm32f407xx.o(.text)
    TIM4_IRQHandler                          0x08000283   Thumb Code     0  startup_stm32f407xx.o(.text)
    TIM5_IRQHandler                          0x08000283   Thumb Code     0  startup_stm32f407xx.o(.text)
    TIM6_DAC_IRQHandler                      0x08000283   Thumb Code     0  startup_stm32f407xx.o(.text)
    TIM7_IRQHandler                          0x08000283   Thumb Code     0  startup_stm32f407xx.o(.text)
    TIM8_BRK_TIM12_IRQHandler                0x08000283   Thumb Code     0  startup_stm32f407xx.o(.text)
    TIM8_CC_IRQHandler                       0x08000283   Thumb Code     0  startup_stm32f407xx.o(.text)
    TIM8_TRG_COM_TIM14_IRQHandler            0x08000283   Thumb Code     0  startup_stm32f407xx.o(.text)
    TIM8_UP_TIM13_IRQHandler                 0x08000283   Thumb Code     0  startup_stm32f407xx.o(.text)
    UART4_IRQHandler                         0x08000283   Thumb Code     0  startup_stm32f407xx.o(.text)
    UART5_IRQHandler                         0x08000283   Thumb Code     0  startup_stm32f407xx.o(.text)
    USART1_IRQHandler                        0x08000283   Thumb Code     0  startup_stm32f407xx.o(.text)
    USART2_IRQHandler                        0x08000283   Thumb Code     0  startup_stm32f407xx.o(.text)
    USART3_IRQHandler                        0x08000283   Thumb Code     0  startup_stm32f407xx.o(.text)
    USART6_IRQHandler                        0x08000283   Thumb Code     0  startup_stm32f407xx.o(.text)
    WWDG_IRQHandler                          0x08000283   Thumb Code     0  startup_stm32f407xx.o(.text)
    __user_initial_stackheap                 0x08000285   Thumb Code     0  startup_stm32f407xx.o(.text)
    __aeabi_memcpy                           0x080002a9   Thumb Code     0  rt_memcpy_v6.o(.text)
    __rt_memcpy                              0x080002a9   Thumb Code   138  rt_memcpy_v6.o(.text)
    _memcpy_lastbytes                        0x0800030f   Thumb Code     0  rt_memcpy_v6.o(.text)
    __aeabi_memmove                          0x08000333   Thumb Code     0  rt_memmove_v6.o(.text)
    __rt_memmove                             0x08000333   Thumb Code   132  rt_memmove_v6.o(.text)
    __memmove_lastfew                        0x08000393   Thumb Code     0  rt_memmove_v6.o(.text)
    __aeabi_memclr                           0x080003b7   Thumb Code     0  rt_memclr.o(.text)
    __rt_memclr                              0x080003b7   Thumb Code    68  rt_memclr.o(.text)
    _memset                                  0x080003bb   Thumb Code     0  rt_memclr.o(.text)
    __aeabi_memclr4                          0x080003fb   Thumb Code     0  rt_memclr_w.o(.text)
    __aeabi_memclr8                          0x080003fb   Thumb Code     0  rt_memclr_w.o(.text)
    __rt_memclr_w                            0x080003fb   Thumb Code    78  rt_memclr_w.o(.text)
    _memset_w                                0x080003ff   Thumb Code     0  rt_memclr_w.o(.text)
    __use_two_region_memory                  0x08000449   Thumb Code     2  heapauxi.o(.text)
    __rt_heap_escrow$2region                 0x0800044b   Thumb Code     2  heapauxi.o(.text)
    __rt_heap_expand$2region                 0x0800044d   Thumb Code     2  heapauxi.o(.text)
    __aeabi_memcpy4                          0x0800044f   Thumb Code     0  rt_memcpy_w.o(.text)
    __aeabi_memcpy8                          0x0800044f   Thumb Code     0  rt_memcpy_w.o(.text)
    __rt_memcpy_w                            0x0800044f   Thumb Code   100  rt_memcpy_w.o(.text)
    _memcpy_lastbytes_aligned                0x08000497   Thumb Code     0  rt_memcpy_w.o(.text)
    __aeabi_memmove4                         0x080004b3   Thumb Code     0  rt_memmove_w.o(.text)
    __aeabi_memmove8                         0x080004b3   Thumb Code     0  rt_memmove_w.o(.text)
    __rt_memmove_w                           0x080004b3   Thumb Code   122  rt_memmove_w.o(.text)
    __memmove_aligned                        0x080004d9   Thumb Code     0  rt_memmove_w.o(.text)
    __memmove_lastfew_aligned                0x08000511   Thumb Code     0  rt_memmove_w.o(.text)
    __user_setup_stackheap                   0x0800052d   Thumb Code    74  sys_stackheap_outer.o(.text)
    exit                                     0x08000577   Thumb Code    18  exit.o(.text)
    __user_libspace                          0x08000589   Thumb Code     8  libspace.o(.text)
    __user_perproc_libspace                  0x08000589   Thumb Code     0  libspace.o(.text)
    __user_perthread_libspace                0x08000589   Thumb Code     0  libspace.o(.text)
    _sys_exit                                0x08000591   Thumb Code     8  sys_exit.o(.text)
    __I$use$semihosting                      0x0800059d   Thumb Code     0  use_no_semi.o(.text)
    __use_no_semihosting_swi                 0x0800059d   Thumb Code     2  use_no_semi.o(.text)
    BusFault_Handler                         0x0800059f   Thumb Code     2  stm32f4xx_it.o(i.BusFault_Handler)
    __semihosting_library_function           0x0800059f   Thumb Code     0  indicate_semi.o(.text)
    DMA2_Stream2_IRQHandler                  0x080005a1   Thumb Code     2  stm32f4xx_it.o(i.DMA2_Stream2_IRQHandler)
    DMA2_Stream5_IRQHandler                  0x080005a3   Thumb Code     2  stm32f4xx_it.o(i.DMA2_Stream5_IRQHandler)
    DMA2_Stream6_IRQHandler                  0x080005a5   Thumb Code     6  stm32f4xx_it.o(i.DMA2_Stream6_IRQHandler)
    DebugMon_Handler                         0x080005b1   Thumb Code     2  stm32f4xx_it.o(i.DebugMon_Handler)
    Error_Handler                            0x080005b3   Thumb Code     2  main.o(i.Error_Handler)
    HAL_DMA_IRQHandler                       0x080005b5   Thumb Code   470  stm32f4xx_hal_dma.o(i.HAL_DMA_IRQHandler)
    HAL_DMA_Init                             0x08000791   Thumb Code   334  stm32f4xx_hal_dma.o(i.HAL_DMA_Init)
    HAL_Delay                                0x080008ed   Thumb Code    34  stm32f4xx_hal.o(i.HAL_Delay)
    HAL_GPIO_Init                            0x08000915   Thumb Code   552  stm32f4xx_hal_gpio.o(i.HAL_GPIO_Init)
    HAL_GetTick                              0x08000b51   Thumb Code     6  main.o(i.HAL_GetTick)
    HAL_Init                                 0x08000b5d   Thumb Code    48  stm32f4xx_hal.o(i.HAL_Init)
    HAL_InitTick                             0x08000b91   Thumb Code    54  stm32f4xx_hal.o(i.HAL_InitTick)
    HAL_MspInit                              0x08000bd1   Thumb Code    42  stm32f4xx_hal_msp.o(i.HAL_MspInit)
    HAL_NVIC_EnableIRQ                       0x08000c05   Thumb Code    24  stm32f4xx_hal_cortex.o(i.HAL_NVIC_EnableIRQ)
    HAL_NVIC_SetPriority                     0x08000c1d   Thumb Code    96  stm32f4xx_hal_cortex.o(i.HAL_NVIC_SetPriority)
    HAL_NVIC_SetPriorityGrouping             0x08000c81   Thumb Code    30  stm32f4xx_hal_cortex.o(i.HAL_NVIC_SetPriorityGrouping)
    HAL_SD_ConfigWideBusOperation            0x08000ca5   Thumb Code   280  stm32f4xx_hal_sd.o(i.HAL_SD_ConfigWideBusOperation)
    HAL_SD_GetCardCSD                        0x08000dbd   Thumb Code   508  stm32f4xx_hal_sd.o(i.HAL_SD_GetCardCSD)
    HAL_SD_Init                              0x08000fb9   Thumb Code    54  stm32f4xx_hal_sd.o(i.HAL_SD_Init)
    HAL_SD_InitCard                          0x08000ff1   Thumb Code   446  stm32f4xx_hal_sd.o(i.HAL_SD_InitCard)
    HAL_SD_MspInit                           0x080011b5   Thumb Code   214  sdio.o(i.HAL_SD_MspInit)
    HAL_SYSTICK_Config                       0x080012a5   Thumb Code    38  stm32f4xx_hal_cortex.o(i.HAL_SYSTICK_Config)
    HardFault_Handler                        0x080012d1   Thumb Code     2  stm32f4xx_it.o(i.HardFault_Handler)
    LL_ADC_CommonInit                        0x080012d5   Thumb Code    86  stm32f4xx_ll_adc.o(i.LL_ADC_CommonInit)
    LL_ADC_Init                              0x08001335   Thumb Code    60  stm32f4xx_ll_adc.o(i.LL_ADC_Init)
    LL_ADC_REG_Init                          0x08001371   Thumb Code   108  stm32f4xx_ll_adc.o(i.LL_ADC_REG_Init)
    LL_DAC_Init                              0x080013e1   Thumb Code    90  stm32f4xx_ll_dac.o(i.LL_DAC_Init)
    LL_GPIO_Init                             0x0800143d   Thumb Code   340  stm32f4xx_ll_gpio.o(i.LL_GPIO_Init)
    LL_Init1msTick                           0x08001591   Thumb Code    26  stm32f4xx_ll_utils.o(i.LL_Init1msTick)
    LL_RCC_GetSystemClocksFreq               0x080015ad   Thumb Code   142  stm32f4xx_ll_rcc.o(i.LL_RCC_GetSystemClocksFreq)
    LL_SPI_Init                              0x08001651   Thumb Code   102  stm32f4xx_ll_spi.o(i.LL_SPI_Init)
    LL_SetSystemCoreClock                    0x080016b9   Thumb Code     6  stm32f4xx_ll_utils.o(i.LL_SetSystemCoreClock)
    LL_TIM_Init                              0x080016c5   Thumb Code   182  stm32f4xx_ll_tim.o(i.LL_TIM_Init)
    LL_TIM_OC_Init                           0x08001791   Thumb Code   446  stm32f4xx_ll_tim.o(i.LL_TIM_OC_Init)
    LL_USART_Init                            0x08001959   Thumb Code   408  stm32f4xx_ll_usart.o(i.LL_USART_Init)
    MX_ADC1_Init                             0x08001af5   Thumb Code   690  adc.o(i.MX_ADC1_Init)
    MX_DAC_Init                              0x08001dc9   Thumb Code   262  dac.o(i.MX_DAC_Init)
    MX_DMA_Init                              0x08001efd   Thumb Code   348  dma.o(i.MX_DMA_Init)
    MX_GPIO_Init                             0x08002089   Thumb Code   268  gpio.o(i.MX_GPIO_Init)
    MX_SDIO_SD_Init                          0x080021b5   Thumb Code    58  sdio.o(i.MX_SDIO_SD_Init)
    MX_SPI1_Init                             0x080021f9   Thumb Code   346  spi.o(i.MX_SPI1_Init)
    MX_SPI2_Init                             0x0800237d   Thumb Code   444  spi.o(i.MX_SPI2_Init)
    MX_TIM10_Init                            0x08002561   Thumb Code    50  tim.o(i.MX_TIM10_Init)
    MX_TIM11_Init                            0x0800259d   Thumb Code    50  tim.o(i.MX_TIM11_Init)
    MX_TIM12_Init                            0x080025d9   Thumb Code    64  tim.o(i.MX_TIM12_Init)
    MX_TIM13_Init                            0x08002621   Thumb Code   230  tim.o(i.MX_TIM13_Init)
    MX_TIM14_Init                            0x08002731   Thumb Code    50  tim.o(i.MX_TIM14_Init)
    MX_TIM6_Init                             0x0800276d   Thumb Code   116  tim.o(i.MX_TIM6_Init)
    MX_TIM7_Init                             0x080027f5   Thumb Code    68  tim.o(i.MX_TIM7_Init)
    MX_TIM9_Init                             0x08002841   Thumb Code    64  tim.o(i.MX_TIM9_Init)
    MX_USART1_UART_Init                      0x08002889   Thumb Code   452  usart.o(i.MX_USART1_UART_Init)
    MX_USART2_UART_Init                      0x08002a75   Thumb Code   304  usart.o(i.MX_USART2_UART_Init)
    MemManage_Handler                        0x08002bcd   Thumb Code     2  stm32f4xx_it.o(i.MemManage_Handler)
    NMI_Handler                              0x08002bcf   Thumb Code     2  stm32f4xx_it.o(i.NMI_Handler)
    PendSV_Handler                           0x08002bd1   Thumb Code     2  stm32f4xx_it.o(i.PendSV_Handler)
    SDIO_ConfigData                          0x08002bd3   Thumb Code    36  stm32f4xx_ll_sdmmc.o(i.SDIO_ConfigData)
    SDIO_GetPowerState                       0x08002bf7   Thumb Code     8  stm32f4xx_ll_sdmmc.o(i.SDIO_GetPowerState)
    SDIO_GetResponse                         0x08002bff   Thumb Code    14  stm32f4xx_ll_sdmmc.o(i.SDIO_GetResponse)
    SDIO_Init                                0x08002c0d   Thumb Code    44  stm32f4xx_ll_sdmmc.o(i.SDIO_Init)
    SDIO_PowerState_ON                       0x08002c39   Thumb Code     8  stm32f4xx_ll_sdmmc.o(i.SDIO_PowerState_ON)
    SDIO_ReadFIFO                            0x08002c41   Thumb Code     6  stm32f4xx_ll_sdmmc.o(i.SDIO_ReadFIFO)
    SDMMC_CmdAppCommand                      0x08002c47   Thumb Code    26  stm32f4xx_ll_sdmmc.o(i.SDMMC_CmdAppCommand)
    SDMMC_CmdAppOperCommand                  0x08002c61   Thumb Code    84  stm32f4xx_ll_sdmmc.o(i.SDMMC_CmdAppOperCommand)
    SDMMC_CmdBlockLength                     0x08002cb9   Thumb Code    24  stm32f4xx_ll_sdmmc.o(i.SDMMC_CmdBlockLength)
    SDMMC_CmdBusWidth                        0x08002cd1   Thumb Code    26  stm32f4xx_ll_sdmmc.o(i.SDMMC_CmdBusWidth)
    SDMMC_CmdGoIdleState                     0x08002ced   Thumb Code    62  stm32f4xx_ll_sdmmc.o(i.SDMMC_CmdGoIdleState)
    SDMMC_CmdOperCond                        0x08002d31   Thumb Code    92  stm32f4xx_ll_sdmmc.o(i.SDMMC_CmdOperCond)
    SDMMC_CmdSelDesel                        0x08002d91   Thumb Code    26  stm32f4xx_ll_sdmmc.o(i.SDMMC_CmdSelDesel)
    SDMMC_CmdSendCID                         0x08002dad   Thumb Code    92  stm32f4xx_ll_sdmmc.o(i.SDMMC_CmdSendCID)
    SDMMC_CmdSendCSD                         0x08002e0d   Thumb Code    92  stm32f4xx_ll_sdmmc.o(i.SDMMC_CmdSendCSD)
    SDMMC_CmdSendSCR                         0x08002e6d   Thumb Code    28  stm32f4xx_ll_sdmmc.o(i.SDMMC_CmdSendSCR)
    SDMMC_CmdSetRelAdd                       0x08002e89   Thumb Code   156  stm32f4xx_ll_sdmmc.o(i.SDMMC_CmdSetRelAdd)
    SVC_Handler                              0x080031af   Thumb Code     2  stm32f4xx_it.o(i.SVC_Handler)
    SysTick_Handler                          0x080031b1   Thumb Code    28  main.o(i.SysTick_Handler)
    SystemClock_Config                       0x080031d1   Thumb Code   174  main.o(i.SystemClock_Config)
    SystemInit                               0x080032a1   Thumb Code    64  system_stm32f4xx_1.o(i.SystemInit)
    UsageFault_Handler                       0x080032f9   Thumb Code     2  stm32f4xx_it.o(i.UsageFault_Handler)
    cpu_abs                                  0x080032fd   Thumb Code   396  cpu.o(i.cpu_abs)
    cpu_absx                                 0x080034ad   Thumb Code   438  cpu.o(i.cpu_absx)
    cpu_absy                                 0x0800368d   Thumb Code   438  cpu.o(i.cpu_absy)
    cpu_exec                                 0x0800674d   Thumb Code  3410  cpu.o(i.cpu_exec)
    cpu_immediate                            0x080074a1   Thumb Code    12  cpu.o(i.cpu_immediate)
    cpu_implied                              0x080074b1   Thumb Code     2  cpu.o(i.cpu_implied)
    cpu_indabsx                              0x08007a59   Thumb Code   772  cpu.o(i.cpu_indabsx)
    cpu_indirect                             0x08007d81   Thumb Code   778  cpu.o(i.cpu_indirect)
    cpu_indx                                 0x080080b1   Thumb Code   778  cpu.o(i.cpu_indx)
    cpu_indy                                 0x080083e1   Thumb Code   814  cpu.o(i.cpu_indy)
    cpu_indzp                                0x08008739   Thumb Code   772  cpu.o(i.cpu_indzp)
    cpu_initmem                              0x08008a61   Thumb Code    20  cpu.o(i.cpu_initmem)
    cpu_irq                                  0x08008ae1   Thumb Code  1858  cpu.o(i.cpu_irq)
    cpu_nmi                                  0x0800a071   Thumb Code  1762  cpu.o(i.cpu_nmi)
    cpu_relative                             0x0800b99d   Thumb Code   428  cpu.o(i.cpu_relative)
    cpu_reset                                0x0800bb6d   Thumb Code   240  cpu.o(i.cpu_reset)
    cpu_zp                                   0x0800e3f5   Thumb Code   396  cpu.o(i.cpu_zp)
    cpu_zpx                                  0x0800e5a5   Thumb Code   402  cpu.o(i.cpu_zpx)
    cpu_zpy                                  0x0800e75d   Thumb Code   402  cpu.o(i.cpu_zpy)
    joypad_read                              0x0800e915   Thumb Code   118  cpu.o(i.joypad_read)
    joystick_init                            0x0800e995   Thumb Code   116  adc.o(i.joystick_init)
    main                                     0x0800ea21   Thumb Code   152  main.o(i.main)
    nes_frame                                0x0800eac1   Thumb Code   206  nes.o(i.nes_frame)
    nes_init                                 0x0800eba9   Thumb Code    26  nes.o(i.nes_init)
    ppu_init                                 0x0800ebcd   Thumb Code    76  ppu.o(i.ppu_init)
    ppu_render_line                          0x0800ec25   Thumb Code  2818  ppu.o(i.ppu_render_line)
    ppu_spr0_hit_flag                        0x0800f73d   Thumb Code   354  ppu.o(i.ppu_spr0_hit_flag)
    tft_clear                                0x0800f8b1   Thumb Code   112  lcd_main.o(i.tft_clear)
    tft_double_push_pxbuf                    0x0800f929   Thumb Code   426  lcd_main.o(i.tft_double_push_pxbuf)
    tft_fill_color                           0x0800faed   Thumb Code   638  lcd_main.o(i.tft_fill_color)
    tft_init                                 0x0800fd79   Thumb Code   388  lcd_main.o(i.tft_init)
    _fp_init                                 0x0800ff25   Thumb Code    10  fpinit.o(x$fpl$fpinit)
    __fplib_config_fpu_vfp                   0x0800ff2d   Thumb Code     0  fpinit.o(x$fpl$fpinit)
    __fplib_config_pureend_doubles           0x0800ff2d   Thumb Code     0  fpinit.o(x$fpl$fpinit)
    tft_orientation_init_code                0x0800ff2e   Data           4  lcd_main.o(.constdata)
    tft_init_code                            0x08010d32   Data          71  lcd_main.o(.constdata)
    opcodetable                              0x08010da8   Data        3072  cpu.o(.constdata)
    sprite                                   0x080119a8   Data           4  ppu.o(.constdata)
    NES_Color_Palette                        0x080119ac   Data         128  ppu.o(.constdata)
    AHBPrescTable                            0x0801ba44   Data          16  system_stm32f4xx_1.o(.constdata)
    APBPrescTable                            0x0801ba54   Data           8  system_stm32f4xx_1.o(.constdata)
    Region$$Table$$Base                      0x0801bb84   Number         0  anon$$obj.o(Region$$Table)
    Region$$Table$$Limit                     0x0801bbb4   Number         0  anon$$obj.o(Region$$Table)
    tft_orientation                          0x10000000   Data           1  lcd_main.o(.data)
    char_max_x                               0x10000001   Data           1  lcd_main.o(.data)
    char_max_y                               0x10000002   Data           1  lcd_main.o(.data)
    cur_screen                               0x10000003   Data           1  lcd_main.o(.data)
    next_screen                              0x10000004   Data           1  lcd_main.o(.data)
    curr_bg_color                            0x10000006   Data           2  lcd_main.o(.data)
    curr_highlight_color                     0x10000008   Data           2  lcd_main.o(.data)
    curr_text_color                          0x1000000a   Data           2  lcd_main.o(.data)
    curr_text_color_sp                       0x1000000c   Data           2  lcd_main.o(.data)
    row_width                                0x1000000e   Data           2  lcd_main.o(.data)
    __tickf                                  0x10000010   Data           1  main.o(.data)
    __ticks                                  0x10000014   Data           4  main.o(.data)
    __delay                                  0x10000018   Data           4  main.o(.data)
    joys                                     0x1000001c   Data           8  adc.o(.data)
    NMI_Flag                                 0x10000024   Data           1  cpu.o(.data)
    opcode                                   0x1000002b   Data           1  cpu.o(.data)
    value                                    0x1000002c   Data           1  cpu.o(.data)
    savepc                                   0x10000034   Data           2  cpu.o(.data)
    help                                     0x10000036   Data           2  cpu.o(.data)
    prg_rombank0                             0x10000038   Data           4  cpu.o(.data)
    prg_rombank1                             0x1000003c   Data           4  cpu.o(.data)
    cpu_clockticks                           0x10000040   Data           4  cpu.o(.data)
    sum                                      0x10000044   Data           4  cpu.o(.data)
    saveflags                                0x10000048   Data           4  cpu.o(.data)
    opcode_names                             0x1000004c   Data        1024  cpu.o(.data)
    SpriteHitFlag                            0x1000044c   Data           1  ppu.o(.data)
    PPU_Latch_Flag                           0x1000044d   Data           1  ppu.o(.data)
    PPU_BG_VScrlOrg                          0x1000044e   Data           1  ppu.o(.data)
    PPU_BG_HScrlOrg                          0x1000044f   Data           1  ppu.o(.data)
    PPU_Reg                                  0x10000450   Data           4  ppu.o(.data)
    PPU_scanline                             0x10000454   Data           4  ppu.o(.data)
    frame_count                              0x10000458   Data           4  nes.o(.data)
    uwTickFreq                               0x1000045c   Data           1  stm32f4xx_hal.o(.data)
    uwTickPrio                               0x10000460   Data           4  stm32f4xx_hal.o(.data)
    uwTick                                   0x10000464   Data           4  stm32f4xx_hal.o(.data)
    SystemCoreClock                          0x10000468   Data           4  system_stm32f4xx_1.o(.data)
    text_buf                                 0x1000046c   Data        1600  lcd_main.o(.bss)
    text_color_buf                           0x10000aac   Data        3200  lcd_main.o(.bss)
    bg_color_buf                             0x1000172c   Data        3200  lcd_main.o(.bss)
    hsd                                      0x100073ac   Data         132  sdio.o(.bss)
    hdma_sdio                                0x10007430   Data          96  sdio.o(.bss)
    cpu_ram                                  0x10007490   Data        2048  cpu.o(.bss)
    exp_rom                                  0x10007c90   Data        8192  cpu.o(.bss)
    sram                                     0x10009c90   Data        8192  cpu.o(.bss)
    __libspace_start                         0x1000bc90   Data          96  libspace.o(.bss)
    __temporary_stack_top$libspace           0x1000bcf0   Data           0  libspace.o(.bss)
    DisplayBuffer                            0x20000000   Data       122880  ppu.o(.bss)
    NameTable                                0x2001e000   Data        2048  ppu.o(.bss)
    PPU_Mem                                  0x2001e800   Data          60  ppu.o(.bss)
    Buffer_scanline                          0x2001e83c   Data         544  ppu.o(.bss)
    Spr_Mem                                  0x2001ea5c   Data         257  ppu.o(.bss)



==============================================================================

Memory Map of the image

  Image Entry point : 0x08000189

  Load Region LR_IROM1 (Base: 0x08000000, Size: 0x0001c020, Max: 0x00080000, ABSOLUTE, COMPRESSED[0x0001bce8])

    Execution Region ER_IROM1 (Exec base: 0x08000000, Load base: 0x08000000, Size: 0x0001bbb4, Max: 0x00080000, ABSOLUTE)

    Exec Addr    Load Addr    Size         Type   Attr      Idx    E Section Name        Object

    0x08000000   0x08000000   0x00000188   Data   RO            3    RESET               startup_stm32f407xx.o
    0x08000188   0x08000188   0x00000008   Code   RO         3756  * !!!main             c_w.l(__main.o)
    0x08000190   0x08000190   0x00000034   Code   RO         3929    !!!scatter          c_w.l(__scatter.o)
    0x080001c4   0x080001c4   0x0000005a   Code   RO         3927    !!dczerorl2         c_w.l(__dczerorl2.o)
    0x0800021e   0x0800021e   0x00000002   PAD
    0x08000220   0x08000220   0x0000001c   Code   RO         3931    !!handler_zi        c_w.l(__scatter_zi.o)
    0x0800023c   0x0800023c   0x00000002   Code   RO         3797    .ARM.Collect$$libinit$$00000000  c_w.l(libinit.o)
    0x0800023e   0x0800023e   0x00000004   Code   RO         3809    .ARM.Collect$$libinit$$00000001  c_w.l(libinit2.o)
    0x08000242   0x08000242   0x00000000   Code   RO         3812    .ARM.Collect$$libinit$$00000004  c_w.l(libinit2.o)
    0x08000242   0x08000242   0x00000000   Code   RO         3815    .ARM.Collect$$libinit$$0000000A  c_w.l(libinit2.o)
    0x08000242   0x08000242   0x00000000   Code   RO         3817    .ARM.Collect$$libinit$$0000000C  c_w.l(libinit2.o)
    0x08000242   0x08000242   0x00000000   Code   RO         3819    .ARM.Collect$$libinit$$0000000E  c_w.l(libinit2.o)
    0x08000242   0x08000242   0x00000000   Code   RO         3822    .ARM.Collect$$libinit$$00000011  c_w.l(libinit2.o)
    0x08000242   0x08000242   0x00000000   Code   RO         3824    .ARM.Collect$$libinit$$00000013  c_w.l(libinit2.o)
    0x08000242   0x08000242   0x00000000   Code   RO         3826    .ARM.Collect$$libinit$$00000015  c_w.l(libinit2.o)
    0x08000242   0x08000242   0x00000000   Code   RO         3828    .ARM.Collect$$libinit$$00000017  c_w.l(libinit2.o)
    0x08000242   0x08000242   0x00000000   Code   RO         3830    .ARM.Collect$$libinit$$00000019  c_w.l(libinit2.o)
    0x08000242   0x08000242   0x00000000   Code   RO         3832    .ARM.Collect$$libinit$$0000001B  c_w.l(libinit2.o)
    0x08000242   0x08000242   0x00000000   Code   RO         3834    .ARM.Collect$$libinit$$0000001D  c_w.l(libinit2.o)
    0x08000242   0x08000242   0x00000000   Code   RO         3836    .ARM.Collect$$libinit$$0000001F  c_w.l(libinit2.o)
    0x08000242   0x08000242   0x00000000   Code   RO         3838    .ARM.Collect$$libinit$$00000021  c_w.l(libinit2.o)
    0x08000242   0x08000242   0x00000000   Code   RO         3840    .ARM.Collect$$libinit$$00000023  c_w.l(libinit2.o)
    0x08000242   0x08000242   0x00000000   Code   RO         3842    .ARM.Collect$$libinit$$00000025  c_w.l(libinit2.o)
    0x08000242   0x08000242   0x00000000   Code   RO         3846    .ARM.Collect$$libinit$$0000002C  c_w.l(libinit2.o)
    0x08000242   0x08000242   0x00000000   Code   RO         3848    .ARM.Collect$$libinit$$0000002E  c_w.l(libinit2.o)
    0x08000242   0x08000242   0x00000000   Code   RO         3850    .ARM.Collect$$libinit$$00000030  c_w.l(libinit2.o)
    0x08000242   0x08000242   0x00000000   Code   RO         3852    .ARM.Collect$$libinit$$00000032  c_w.l(libinit2.o)
    0x08000242   0x08000242   0x00000002   Code   RO         3853    .ARM.Collect$$libinit$$00000033  c_w.l(libinit2.o)
    0x08000244   0x08000244   0x00000002   Code   RO         3884    .ARM.Collect$$libshutdown$$00000000  c_w.l(libshutdown.o)
    0x08000246   0x08000246   0x00000000   Code   RO         3910    .ARM.Collect$$libshutdown$$00000002  c_w.l(libshutdown2.o)
    0x08000246   0x08000246   0x00000000   Code   RO         3912    .ARM.Collect$$libshutdown$$00000004  c_w.l(libshutdown2.o)
    0x08000246   0x08000246   0x00000000   Code   RO         3915    .ARM.Collect$$libshutdown$$00000007  c_w.l(libshutdown2.o)
    0x08000246   0x08000246   0x00000000   Code   RO         3918    .ARM.Collect$$libshutdown$$0000000A  c_w.l(libshutdown2.o)
    0x08000246   0x08000246   0x00000000   Code   RO         3920    .ARM.Collect$$libshutdown$$0000000C  c_w.l(libshutdown2.o)
    0x08000246   0x08000246   0x00000000   Code   RO         3923    .ARM.Collect$$libshutdown$$0000000F  c_w.l(libshutdown2.o)
    0x08000246   0x08000246   0x00000002   Code   RO         3924    .ARM.Collect$$libshutdown$$00000010  c_w.l(libshutdown2.o)
    0x08000248   0x08000248   0x00000000   Code   RO         3758    .ARM.Collect$$rtentry$$00000000  c_w.l(__rtentry.o)
    0x08000248   0x08000248   0x00000000   Code   RO         3768    .ARM.Collect$$rtentry$$00000002  c_w.l(__rtentry2.o)
    0x08000248   0x08000248   0x00000006   Code   RO         3780    .ARM.Collect$$rtentry$$00000004  c_w.l(__rtentry4.o)
    0x0800024e   0x0800024e   0x00000000   Code   RO         3770    .ARM.Collect$$rtentry$$00000009  c_w.l(__rtentry2.o)
    0x0800024e   0x0800024e   0x00000004   Code   RO         3771    .ARM.Collect$$rtentry$$0000000A  c_w.l(__rtentry2.o)
    0x08000252   0x08000252   0x00000000   Code   RO         3773    .ARM.Collect$$rtentry$$0000000C  c_w.l(__rtentry2.o)
    0x08000252   0x08000252   0x00000008   Code   RO         3774    .ARM.Collect$$rtentry$$0000000D  c_w.l(__rtentry2.o)
    0x0800025a   0x0800025a   0x00000002   Code   RO         3801    .ARM.Collect$$rtexit$$00000000  c_w.l(rtexit.o)
    0x0800025c   0x0800025c   0x00000000   Code   RO         3857    .ARM.Collect$$rtexit$$00000002  c_w.l(rtexit2.o)
    0x0800025c   0x0800025c   0x00000004   Code   RO         3858    .ARM.Collect$$rtexit$$00000003  c_w.l(rtexit2.o)
    0x08000260   0x08000260   0x00000006   Code   RO         3859    .ARM.Collect$$rtexit$$00000004  c_w.l(rtexit2.o)
    0x08000266   0x08000266   0x00000002   PAD
    0x08000268   0x08000268   0x00000040   Code   RO            4    .text               startup_stm32f407xx.o
    0x080002a8   0x080002a8   0x0000008a   Code   RO         3744    .text               c_w.l(rt_memcpy_v6.o)
    0x08000332   0x08000332   0x00000084   Code   RO         3746    .text               c_w.l(rt_memmove_v6.o)
    0x080003b6   0x080003b6   0x00000044   Code   RO         3750    .text               c_w.l(rt_memclr.o)
    0x080003fa   0x080003fa   0x0000004e   Code   RO         3752    .text               c_w.l(rt_memclr_w.o)
    0x08000448   0x08000448   0x00000006   Code   RO         3754    .text               c_w.l(heapauxi.o)
    0x0800044e   0x0800044e   0x00000064   Code   RO         3763    .text               c_w.l(rt_memcpy_w.o)
    0x080004b2   0x080004b2   0x0000007a   Code   RO         3765    .text               c_w.l(rt_memmove_w.o)
    0x0800052c   0x0800052c   0x0000004a   Code   RO         3784    .text               c_w.l(sys_stackheap_outer.o)
    0x08000576   0x08000576   0x00000012   Code   RO         3786    .text               c_w.l(exit.o)
    0x08000588   0x08000588   0x00000008   Code   RO         3798    .text               c_w.l(libspace.o)
    0x08000590   0x08000590   0x0000000c   Code   RO         3854    .text               c_w.l(sys_exit.o)
    0x0800059c   0x0800059c   0x00000002   Code   RO         3873    .text               c_w.l(use_no_semi.o)
    0x0800059e   0x0800059e   0x00000000   Code   RO         3875    .text               c_w.l(indicate_semi.o)
    0x0800059e   0x0800059e   0x00000002   Code   RO          841    i.BusFault_Handler  stm32f4xx_it.o
    0x080005a0   0x080005a0   0x00000002   Code   RO          842    i.DMA2_Stream2_IRQHandler  stm32f4xx_it.o
    0x080005a2   0x080005a2   0x00000002   Code   RO          843    i.DMA2_Stream5_IRQHandler  stm32f4xx_it.o
    0x080005a4   0x080005a4   0x0000000c   Code   RO          844    i.DMA2_Stream6_IRQHandler  stm32f4xx_it.o
    0x080005b0   0x080005b0   0x00000002   Code   RO          845    i.DebugMon_Handler  stm32f4xx_it.o
    0x080005b2   0x080005b2   0x00000002   Code   RO          405    i.Error_Handler     main.o
    0x080005b4   0x080005b4   0x000001dc   Code   RO         3142    i.HAL_DMA_IRQHandler  stm32f4xx_hal_dma.o
    0x08000790   0x08000790   0x0000015c   Code   RO         3143    i.HAL_DMA_Init      stm32f4xx_hal_dma.o
    0x080008ec   0x080008ec   0x00000028   Code   RO         3539    i.HAL_Delay         stm32f4xx_hal.o
    0x08000914   0x08000914   0x0000023c   Code   RO         3038    i.HAL_GPIO_Init     stm32f4xx_hal_gpio.o
    0x08000b50   0x08000b50   0x0000000c   Code   RO          406    i.HAL_GetTick       main.o
    0x08000b5c   0x08000b5c   0x00000034   Code   RO         3550    i.HAL_Init          stm32f4xx_hal.o
    0x08000b90   0x08000b90   0x00000040   Code   RO         3551    i.HAL_InitTick      stm32f4xx_hal.o
    0x08000bd0   0x08000bd0   0x00000034   Code   RO          929    i.HAL_MspInit       stm32f4xx_hal_msp.o
    0x08000c04   0x08000c04   0x00000018   Code   RO         3407    i.HAL_NVIC_EnableIRQ  stm32f4xx_hal_cortex.o
    0x08000c1c   0x08000c1c   0x00000064   Code   RO         3413    i.HAL_NVIC_SetPriority  stm32f4xx_hal_cortex.o
    0x08000c80   0x08000c80   0x00000024   Code   RO         3414    i.HAL_NVIC_SetPriorityGrouping  stm32f4xx_hal_cortex.o
    0x08000ca4   0x08000ca4   0x00000118   Code   RO         2062    i.HAL_SD_ConfigWideBusOperation  stm32f4xx_hal_sd.o
    0x08000dbc   0x08000dbc   0x000001fc   Code   RO         2067    i.HAL_SD_GetCardCSD  stm32f4xx_hal_sd.o
    0x08000fb8   0x08000fb8   0x00000036   Code   RO         2074    i.HAL_SD_Init       stm32f4xx_hal_sd.o
    0x08000fee   0x08000fee   0x00000002   PAD
    0x08000ff0   0x08000ff0   0x000001c4   Code   RO         2075    i.HAL_SD_InitCard   stm32f4xx_hal_sd.o
    0x080011b4   0x080011b4   0x000000f0   Code   RO          653    i.HAL_SD_MspInit    sdio.o
    0x080012a4   0x080012a4   0x0000002c   Code   RO         3418    i.HAL_SYSTICK_Config  stm32f4xx_hal_cortex.o
    0x080012d0   0x080012d0   0x00000002   Code   RO          846    i.HardFault_Handler  stm32f4xx_it.o
    0x080012d2   0x080012d2   0x00000002   PAD
    0x080012d4   0x080012d4   0x00000060   Code   RO         1647    i.LL_ADC_CommonInit  stm32f4xx_ll_adc.o
    0x08001334   0x08001334   0x0000003c   Code   RO         1652    i.LL_ADC_Init       stm32f4xx_ll_adc.o
    0x08001370   0x08001370   0x00000070   Code   RO         1653    i.LL_ADC_REG_Init   stm32f4xx_ll_adc.o
    0x080013e0   0x080013e0   0x0000005a   Code   RO         1772    i.LL_DAC_Init       stm32f4xx_ll_dac.o
    0x0800143a   0x0800143a   0x00000002   PAD
    0x0800143c   0x0800143c   0x00000154   Code   RO         1605    i.LL_GPIO_Init      stm32f4xx_ll_gpio.o
    0x08001590   0x08001590   0x0000001a   Code   RO         2617    i.LL_Init1msTick    stm32f4xx_ll_utils.o
    0x080015aa   0x080015aa   0x00000002   PAD
    0x080015ac   0x080015ac   0x000000a4   Code   RO         2528    i.LL_RCC_GetSystemClocksFreq  stm32f4xx_ll_rcc.o
    0x08001650   0x08001650   0x00000066   Code   RO         2275    i.LL_SPI_Init       stm32f4xx_ll_spi.o
    0x080016b6   0x080016b6   0x00000002   PAD
    0x080016b8   0x080016b8   0x0000000c   Code   RO         2620    i.LL_SetSystemCoreClock  stm32f4xx_ll_utils.o
    0x080016c4   0x080016c4   0x000000cc   Code   RO         2383    i.LL_TIM_Init       stm32f4xx_ll_tim.o
    0x08001790   0x08001790   0x000001c8   Code   RO         2384    i.LL_TIM_OC_Init    stm32f4xx_ll_tim.o
    0x08001958   0x08001958   0x0000019c   Code   RO         2476    i.LL_USART_Init     stm32f4xx_ll_usart.o
    0x08001af4   0x08001af4   0x000002d4   Code   RO          545    i.MX_ADC1_Init      adc.o
    0x08001dc8   0x08001dc8   0x00000134   Code   RO          592    i.MX_DAC_Init       dac.o
    0x08001efc   0x08001efc   0x0000018c   Code   RO          628    i.MX_DMA_Init       dma.o
    0x08002088   0x08002088   0x0000012c   Code   RO          511    i.MX_GPIO_Init      gpio.o
    0x080021b4   0x080021b4   0x00000044   Code   RO          654    i.MX_SDIO_SD_Init   sdio.o
    0x080021f8   0x080021f8   0x00000184   Code   RO          694    i.MX_SPI1_Init      spi.o
    0x0800237c   0x0800237c   0x000001e4   Code   RO          695    i.MX_SPI2_Init      spi.o
    0x08002560   0x08002560   0x0000003c   Code   RO          735    i.MX_TIM10_Init     tim.o
    0x0800259c   0x0800259c   0x0000003c   Code   RO          736    i.MX_TIM11_Init     tim.o
    0x080025d8   0x080025d8   0x00000048   Code   RO          737    i.MX_TIM12_Init     tim.o
    0x08002620   0x08002620   0x00000110   Code   RO          738    i.MX_TIM13_Init     tim.o
    0x08002730   0x08002730   0x0000003c   Code   RO          739    i.MX_TIM14_Init     tim.o
    0x0800276c   0x0800276c   0x00000088   Code   RO          740    i.MX_TIM6_Init      tim.o
    0x080027f4   0x080027f4   0x0000004c   Code   RO          741    i.MX_TIM7_Init      tim.o
    0x08002840   0x08002840   0x00000048   Code   RO          742    i.MX_TIM9_Init      tim.o
    0x08002888   0x08002888   0x000001ec   Code   RO          806    i.MX_USART1_UART_Init  usart.o
    0x08002a74   0x08002a74   0x00000158   Code   RO          807    i.MX_USART2_UART_Init  usart.o
    0x08002bcc   0x08002bcc   0x00000002   Code   RO          847    i.MemManage_Handler  stm32f4xx_it.o
    0x08002bce   0x08002bce   0x00000002   Code   RO          848    i.NMI_Handler       stm32f4xx_it.o
    0x08002bd0   0x08002bd0   0x00000002   Code   RO          849    i.PendSV_Handler    stm32f4xx_it.o
    0x08002bd2   0x08002bd2   0x00000024   Code   RO         1810    i.SDIO_ConfigData   stm32f4xx_ll_sdmmc.o
    0x08002bf6   0x08002bf6   0x00000008   Code   RO         1814    i.SDIO_GetPowerState  stm32f4xx_ll_sdmmc.o
    0x08002bfe   0x08002bfe   0x0000000e   Code   RO         1815    i.SDIO_GetResponse  stm32f4xx_ll_sdmmc.o
    0x08002c0c   0x08002c0c   0x0000002c   Code   RO         1816    i.SDIO_Init         stm32f4xx_ll_sdmmc.o
    0x08002c38   0x08002c38   0x00000008   Code   RO         1818    i.SDIO_PowerState_ON  stm32f4xx_ll_sdmmc.o
    0x08002c40   0x08002c40   0x00000006   Code   RO         1819    i.SDIO_ReadFIFO     stm32f4xx_ll_sdmmc.o
    0x08002c46   0x08002c46   0x0000001a   Code   RO         1823    i.SDMMC_CmdAppCommand  stm32f4xx_ll_sdmmc.o
    0x08002c60   0x08002c60   0x00000058   Code   RO         1824    i.SDMMC_CmdAppOperCommand  stm32f4xx_ll_sdmmc.o
    0x08002cb8   0x08002cb8   0x00000018   Code   RO         1825    i.SDMMC_CmdBlockLength  stm32f4xx_ll_sdmmc.o
    0x08002cd0   0x08002cd0   0x0000001a   Code   RO         1826    i.SDMMC_CmdBusWidth  stm32f4xx_ll_sdmmc.o
    0x08002cea   0x08002cea   0x00000002   PAD
    0x08002cec   0x08002cec   0x00000044   Code   RO         1830    i.SDMMC_CmdGoIdleState  stm32f4xx_ll_sdmmc.o
    0x08002d30   0x08002d30   0x00000060   Code   RO         1832    i.SDMMC_CmdOperCond  stm32f4xx_ll_sdmmc.o
    0x08002d90   0x08002d90   0x0000001a   Code   RO         1837    i.SDMMC_CmdSelDesel  stm32f4xx_ll_sdmmc.o
    0x08002daa   0x08002daa   0x00000002   PAD
    0x08002dac   0x08002dac   0x00000060   Code   RO         1838    i.SDMMC_CmdSendCID  stm32f4xx_ll_sdmmc.o
    0x08002e0c   0x08002e0c   0x00000060   Code   RO         1839    i.SDMMC_CmdSendCSD  stm32f4xx_ll_sdmmc.o
    0x08002e6c   0x08002e6c   0x0000001c   Code   RO         1840    i.SDMMC_CmdSendSCR  stm32f4xx_ll_sdmmc.o
    0x08002e88   0x08002e88   0x000000a0   Code   RO         1842    i.SDMMC_CmdSetRelAdd  stm32f4xx_ll_sdmmc.o
    0x08002f28   0x08002f28   0x00000174   Code   RO         1848    i.SDMMC_GetCmdResp1  stm32f4xx_ll_sdmmc.o
    0x0800309c   0x0800309c   0x00000112   Code   RO         2091    i.SD_FindSCR        stm32f4xx_hal_sd.o
    0x080031ae   0x080031ae   0x00000002   Code   RO          850    i.SVC_Handler       stm32f4xx_it.o
    0x080031b0   0x080031b0   0x00000020   Code   RO          407    i.SysTick_Handler   main.o
    0x080031d0   0x080031d0   0x000000d0   Code   RO          408    i.SystemClock_Config  main.o
    0x080032a0   0x080032a0   0x00000058   Code   RO         3704    i.SystemInit        system_stm32f4xx_1.o
    0x080032f8   0x080032f8   0x00000002   Code   RO          851    i.UsageFault_Handler  stm32f4xx_it.o
    0x080032fa   0x080032fa   0x00000002   PAD
    0x080032fc   0x080032fc   0x000001b0   Code   RO          953    i.cpu_abs           cpu.o
    0x080034ac   0x080034ac   0x000001e0   Code   RO          954    i.cpu_absx          cpu.o
    0x0800368c   0x0800368c   0x000001e0   Code   RO          955    i.cpu_absy          cpu.o
    0x0800386c   0x0800386c   0x00000254   Code   RO          956    i.cpu_adc           cpu.o
    0x08003ac0   0x08003ac0   0x000001e4   Code   RO          957    i.cpu_and           cpu.o
    0x08003ca4   0x08003ca4   0x000003f4   Code   RO          958    i.cpu_asl           cpu.o
    0x08004098   0x08004098   0x0000003c   Code   RO          959    i.cpu_asla          cpu.o
    0x080040d4   0x080040d4   0x000001dc   Code   RO          960    i.cpu_bcc           cpu.o
    0x080042b0   0x080042b0   0x000001d8   Code   RO          961    i.cpu_bcs           cpu.o
    0x08004488   0x08004488   0x000001d8   Code   RO          962    i.cpu_beq           cpu.o
    0x08004660   0x08004660   0x000001dc   Code   RO          963    i.cpu_bit           cpu.o
    0x0800483c   0x0800483c   0x000001d8   Code   RO          964    i.cpu_bmi           cpu.o
    0x08004a14   0x08004a14   0x000001dc   Code   RO          965    i.cpu_bne           cpu.o
    0x08004bf0   0x08004bf0   0x000001dc   Code   RO          966    i.cpu_bpl           cpu.o
    0x08004dcc   0x08004dcc   0x0000002c   Code   RO          967    i.cpu_bra           cpu.o
    0x08004df8   0x08004df8   0x0000077c   Code   RO          968    i.cpu_brk           cpu.o
    0x08005574   0x08005574   0x000001dc   Code   RO          969    i.cpu_bvc           cpu.o
    0x08005750   0x08005750   0x000001d8   Code   RO          970    i.cpu_bvs           cpu.o
    0x08005928   0x08005928   0x00000010   Code   RO          971    i.cpu_clc           cpu.o
    0x08005938   0x08005938   0x00000010   Code   RO          972    i.cpu_cld           cpu.o
    0x08005948   0x08005948   0x00000010   Code   RO          973    i.cpu_cli           cpu.o
    0x08005958   0x08005958   0x00000010   Code   RO          974    i.cpu_clv           cpu.o
    0x08005968   0x08005968   0x000001fc   Code   RO          975    i.cpu_cmp           cpu.o
    0x08005b64   0x08005b64   0x000001fc   Code   RO          976    i.cpu_cpx           cpu.o
    0x08005d60   0x08005d60   0x000001fc   Code   RO          977    i.cpu_cpy           cpu.o
    0x08005f5c   0x08005f5c   0x00000034   Code   RO          978    i.cpu_dea           cpu.o
    0x08005f90   0x08005f90   0x00000570   Code   RO          980    i.cpu_dec           cpu.o
    0x08006500   0x08006500   0x00000034   Code   RO          981    i.cpu_dex           cpu.o
    0x08006534   0x08006534   0x00000034   Code   RO          982    i.cpu_dey           cpu.o
    0x08006568   0x08006568   0x000001e4   Code   RO          983    i.cpu_eor           cpu.o
    0x0800674c   0x0800674c   0x00000d52   Code   RO          984    i.cpu_exec          cpu.o
    0x0800749e   0x0800749e   0x00000002   PAD
    0x080074a0   0x080074a0   0x00000010   Code   RO          985    i.cpu_immediate     cpu.o
    0x080074b0   0x080074b0   0x00000002   Code   RO          986    i.cpu_implied       cpu.o
    0x080074b2   0x080074b2   0x00000002   PAD
    0x080074b4   0x080074b4   0x00000034   Code   RO          987    i.cpu_ina           cpu.o
    0x080074e8   0x080074e8   0x00000570   Code   RO          988    i.cpu_inc           cpu.o
    0x08007a58   0x08007a58   0x00000328   Code   RO          989    i.cpu_indabsx       cpu.o
    0x08007d80   0x08007d80   0x00000330   Code   RO          990    i.cpu_indirect      cpu.o
    0x080080b0   0x080080b0   0x00000330   Code   RO          991    i.cpu_indx          cpu.o
    0x080083e0   0x080083e0   0x00000358   Code   RO          992    i.cpu_indy          cpu.o
    0x08008738   0x08008738   0x00000328   Code   RO          993    i.cpu_indzp         cpu.o
    0x08008a60   0x08008a60   0x00000018   Code   RO          994    i.cpu_initmem       cpu.o
    0x08008a78   0x08008a78   0x00000034   Code   RO          995    i.cpu_inx           cpu.o
    0x08008aac   0x08008aac   0x00000034   Code   RO          996    i.cpu_iny           cpu.o
    0x08008ae0   0x08008ae0   0x0000075c   Code   RO          997    i.cpu_irq           cpu.o
    0x0800923c   0x0800923c   0x00000024   Code   RO          998    i.cpu_jmp           cpu.o
    0x08009260   0x08009260   0x00000440   Code   RO          999    i.cpu_jsr           cpu.o
    0x080096a0   0x080096a0   0x000001e0   Code   RO         1000    i.cpu_lda           cpu.o
    0x08009880   0x08009880   0x000001e0   Code   RO         1001    i.cpu_ldx           cpu.o
    0x08009a60   0x08009a60   0x000001e0   Code   RO         1002    i.cpu_ldy           cpu.o
    0x08009c40   0x08009c40   0x000003f4   Code   RO         1003    i.cpu_lsr           cpu.o
    0x0800a034   0x0800a034   0x0000003c   Code   RO         1004    i.cpu_lsra          cpu.o
    0x0800a070   0x0800a070   0x00000700   Code   RO         1005    i.cpu_nmi           cpu.o
    0x0800a770   0x0800a770   0x00000002   Code   RO         1006    i.cpu_nop           cpu.o
    0x0800a772   0x0800a772   0x00000002   PAD
    0x0800a774   0x0800a774   0x000001e4   Code   RO         1007    i.cpu_ora           cpu.o
    0x0800a958   0x0800a958   0x00000248   Code   RO         1008    i.cpu_pha           cpu.o
    0x0800aba0   0x0800aba0   0x00000248   Code   RO         1009    i.cpu_php           cpu.o
    0x0800ade8   0x0800ade8   0x00000248   Code   RO         1010    i.cpu_phx           cpu.o
    0x0800b030   0x0800b030   0x00000248   Code   RO         1011    i.cpu_phy           cpu.o
    0x0800b278   0x0800b278   0x000001d0   Code   RO         1012    i.cpu_pla           cpu.o
    0x0800b448   0x0800b448   0x000001b4   Code   RO         1013    i.cpu_plp           cpu.o
    0x0800b5fc   0x0800b5fc   0x000001d0   Code   RO         1014    i.cpu_plx           cpu.o
    0x0800b7cc   0x0800b7cc   0x000001d0   Code   RO         1015    i.cpu_ply           cpu.o
    0x0800b99c   0x0800b99c   0x000001d0   Code   RO         1016    i.cpu_relative      cpu.o
    0x0800bb6c   0x0800bb6c   0x00000104   Code   RO         1017    i.cpu_reset         cpu.o
    0x0800bc70   0x0800bc70   0x00000400   Code   RO         1018    i.cpu_rol           cpu.o
    0x0800c070   0x0800c070   0x00000044   Code   RO         1019    i.cpu_rola          cpu.o
    0x0800c0b4   0x0800c0b4   0x0000040c   Code   RO         1020    i.cpu_ror           cpu.o
    0x0800c4c0   0x0800c4c0   0x00000050   Code   RO         1021    i.cpu_rora          cpu.o
    0x0800c510   0x0800c510   0x000004cc   Code   RO         1022    i.cpu_rti           cpu.o
    0x0800c9dc   0x0800c9dc   0x0000033c   Code   RO         1023    i.cpu_rts           cpu.o
    0x0800cd18   0x0800cd18   0x00000268   Code   RO         1024    i.cpu_sbc           cpu.o
    0x0800cf80   0x0800cf80   0x00000010   Code   RO         1025    i.cpu_sec           cpu.o
    0x0800cf90   0x0800cf90   0x00000010   Code   RO         1026    i.cpu_sed           cpu.o
    0x0800cfa0   0x0800cfa0   0x00000010   Code   RO         1027    i.cpu_sei           cpu.o
    0x0800cfb0   0x0800cfb0   0x00000238   Code   RO         1028    i.cpu_sta           cpu.o
    0x0800d1e8   0x0800d1e8   0x00000238   Code   RO         1029    i.cpu_stx           cpu.o
    0x0800d420   0x0800d420   0x00000238   Code   RO         1030    i.cpu_sty           cpu.o
    0x0800d658   0x0800d658   0x000001e4   Code   RO         1031    i.cpu_stz           cpu.o
    0x0800d83c   0x0800d83c   0x00000030   Code   RO         1032    i.cpu_tax           cpu.o
    0x0800d86c   0x0800d86c   0x00000030   Code   RO         1033    i.cpu_tay           cpu.o
    0x0800d89c   0x0800d89c   0x00000560   Code   RO         1034    i.cpu_trb           cpu.o
    0x0800ddfc   0x0800ddfc   0x0000055c   Code   RO         1035    i.cpu_tsb           cpu.o
    0x0800e358   0x0800e358   0x00000030   Code   RO         1036    i.cpu_tsx           cpu.o
    0x0800e388   0x0800e388   0x00000030   Code   RO         1037    i.cpu_txa           cpu.o
    0x0800e3b8   0x0800e3b8   0x0000000c   Code   RO         1038    i.cpu_txs           cpu.o
    0x0800e3c4   0x0800e3c4   0x00000030   Code   RO         1039    i.cpu_tya           cpu.o
    0x0800e3f4   0x0800e3f4   0x000001b0   Code   RO         1040    i.cpu_zp            cpu.o
    0x0800e5a4   0x0800e5a4   0x000001b8   Code   RO         1041    i.cpu_zpx           cpu.o
    0x0800e75c   0x0800e75c   0x000001b8   Code   RO         1042    i.cpu_zpy           cpu.o
    0x0800e914   0x0800e914   0x00000080   Code   RO         1043    i.joypad_read       cpu.o
    0x0800e994   0x0800e994   0x0000008c   Code   RO          546    i.joystick_init     adc.o
    0x0800ea20   0x0800ea20   0x000000a0   Code   RO          409    i.main              main.o
    0x0800eac0   0x0800eac0   0x000000e8   Code   RO         1567    i.nes_frame         nes.o
    0x0800eba8   0x0800eba8   0x00000024   Code   RO         1568    i.nes_init          nes.o
    0x0800ebcc   0x0800ebcc   0x00000058   Code   RO         1510    i.ppu_init          ppu.o
    0x0800ec24   0x0800ec24   0x00000b18   Code   RO         1511    i.ppu_render_line   ppu.o
    0x0800f73c   0x0800f73c   0x00000174   Code   RO         1512    i.ppu_spr0_hit_flag  ppu.o
    0x0800f8b0   0x0800f8b0   0x00000078   Code   RO           16    i.tft_clear         lcd_main.o
    0x0800f928   0x0800f928   0x000001c4   Code   RO           20    i.tft_double_push_pxbuf  lcd_main.o
    0x0800faec   0x0800faec   0x0000028c   Code   RO           21    i.tft_fill_color    lcd_main.o
    0x0800fd78   0x0800fd78   0x000001ac   Code   RO           24    i.tft_init          lcd_main.o
    0x0800ff24   0x0800ff24   0x0000000a   Code   RO         3869    x$fpl$fpinit        fz_wm.l(fpinit.o)
    0x0800ff2e   0x0800ff2e   0x00000e4b   Data   RO           46    .constdata          lcd_main.o
    0x08010d79   0x08010d79   0x00000008   Data   RO          547    .constdata          adc.o
    0x08010d81   0x08010d81   0x00000008   Data   RO          593    .constdata          dac.o
    0x08010d89   0x08010d89   0x00000008   Data   RO          696    .constdata          spi.o
    0x08010d91   0x08010d91   0x0000000e   Data   RO          743    .constdata          tim.o
    0x08010d9f   0x08010d9f   0x00000008   Data   RO          808    .constdata          usart.o
    0x08010da7   0x08010da7   0x00000001   PAD
    0x08010da8   0x08010da8   0x00000c00   Data   RO         1047    .constdata          cpu.o
    0x080119a8   0x080119a8   0x00000084   Data   RO         1515    .constdata          ppu.o
    0x08011a2c   0x08011a2c   0x0000a010   Data   RO         1569    .constdata          nes.o
    0x0801ba3c   0x0801ba3c   0x00000008   Data   RO         3149    .constdata          stm32f4xx_hal_dma.o
    0x0801ba44   0x0801ba44   0x00000010   Data   RO         3705    .constdata          system_stm32f4xx_1.o
    0x0801ba54   0x0801ba54   0x00000008   Data   RO         3706    .constdata          system_stm32f4xx_1.o
    0x0801ba5c   0x0801ba5c   0x00000128   Data   RO         1048    .conststring        cpu.o
    0x0801bb84   0x0801bb84   0x00000030   Data   RO         3925    Region$$Table       anon$$obj.o


    Execution Region RW_IRAM2 (Exec base: 0x10000000, Load base: 0x0801bbb4, Size: 0x0000c2f0, Max: 0x00010000, ABSOLUTE, COMPRESSED[0x00000134])

    Exec Addr    Load Addr    Size         Type   Attr      Idx    E Section Name        Object

    0x10000000   COMPRESSED   0x00000010   Data   RW           47    .data               lcd_main.o
    0x10000010   COMPRESSED   0x0000000c   Data   RW          410    .data               main.o
    0x1000001c   COMPRESSED   0x00000008   Data   RW          548    .data               adc.o
    0x10000024   COMPRESSED   0x00000428   Data   RW         1049    .data               cpu.o
    0x1000044c   COMPRESSED   0x0000000c   Data   RW         1516    .data               ppu.o
    0x10000458   COMPRESSED   0x00000004   Data   RW         1570    .data               nes.o
    0x1000045c   COMPRESSED   0x0000000c   Data   RW         3557    .data               stm32f4xx_hal.o
    0x10000468   COMPRESSED   0x00000004   Data   RW         3707    .data               system_stm32f4xx_1.o
    0x1000046c        -       0x00006f40   Zero   RW           45    .bss                lcd_main.o
    0x100073ac        -       0x000000e4   Zero   RW          655    .bss                sdio.o
    0x10007490        -       0x00004800   Zero   RW         1046    .bss                cpu.o
    0x1000bc90        -       0x00000060   Zero   RW         3799    .bss                c_w.l(libspace.o)
    0x1000bcf0        -       0x00000200   Zero   RW            2    HEAP                startup_stm32f407xx.o
    0x1000bef0        -       0x00000400   Zero   RW            1    STACK               startup_stm32f407xx.o


    Execution Region RW_IRAM1 (Exec base: 0x20000000, Load base: 0x0801bbb4, Size: 0x0001eb60, Max: 0x00020000, ABSOLUTE)

    Exec Addr    Load Addr    Size         Type   Attr      Idx    E Section Name        Object

    0x20000000        -       0x0001ea5c   Zero   RW         1513    .bss                ppu.o
    0x2001ea5c        -       0x00000101   Zero   RW         1514    .bss                ppu.o


==============================================================================

Image component sizes


      Code (inc. data)   RO Data    RW Data    ZI Data      Debug   Object Name

       864         58          8          8          0      65718   adc.o
     46738       6302       3368       1064      18432     130030   cpu.o
       308         46          8          0          0      49449   dac.o
       396         48          0          0          0       2310   dma.o
       300         32          0          0          0      10755   gpio.o
      1652         88       3659         16      28480     666732   lcd_main.o
       414         52          0         12          0      57152   main.o
       268         36      40976          4          0       1977   nes.o
      3300         96        132         12     125789      13929   ppu.o
       308         36          0          0        228       1883   sdio.o
       872         82          8          0          0      34926   spi.o
        64         26        392          0       1536        856   startup_stm32f407xx.o
       156         20          0         12          0       3585   stm32f4xx_hal.o
       204         16          0          0          0      30003   stm32f4xx_hal_cortex.o
       824         20          8          0          0       3276   stm32f4xx_hal_dma.o
       572         20          0          0          0       1728   stm32f4xx_hal_gpio.o
        52         10          0          0          0        862   stm32f4xx_hal_msp.o
      1568          6          0          0          0       7366   stm32f4xx_hal_sd.o
        32          6          0          0          0       5170   stm32f4xx_it.o
       268         14          0          0          0      52580   stm32f4xx_ll_adc.o
        90          0          0          0          0       4138   stm32f4xx_ll_dac.o
       340          0          0          0          0       7319   stm32f4xx_ll_gpio.o
       164         22          0          0          0      25264   stm32f4xx_ll_rcc.o
      1222         36          0          0          0      16512   stm32f4xx_ll_sdmmc.o
       102          0          0          0          0       4490   stm32f4xx_ll_spi.o
       660         32          0          0          0      32771   stm32f4xx_ll_tim.o
       412          4          0          0          0      15564   stm32f4xx_ll_usart.o
        38          6          0          0          0       8825   stm32f4xx_ll_utils.o
        88         24         24          4          0       1191   system_stm32f4xx_1.o
       808        116         14          0          0      31829   tim.o
       836         80          8          0          0      15788   usart.o

    ----------------------------------------------------------------------
     63942       7334      48654       1132     174468    1303978   Object Totals
         0          0         48          0          0          0   (incl. Generated)
        22          0          1          0          3          0   (incl. Padding)

    ----------------------------------------------------------------------

      Code (inc. data)   RO Data    RW Data    ZI Data      Debug   Library Member Name

        90          0          0          0          0          0   __dczerorl2.o
         8          0          0          0          0         68   __main.o
         0          0          0          0          0          0   __rtentry.o
        12          0          0          0          0          0   __rtentry2.o
         6          0          0          0          0          0   __rtentry4.o
        52          8          0          0          0          0   __scatter.o
        28          0          0          0          0          0   __scatter_zi.o
        18          0          0          0          0         80   exit.o
         6          0          0          0          0        152   heapauxi.o
         0          0          0          0          0          0   indicate_semi.o
         2          0          0          0          0          0   libinit.o
         6          0          0          0          0          0   libinit2.o
         2          0          0          0          0          0   libshutdown.o
         2          0          0          0          0          0   libshutdown2.o
         8          4          0          0         96         68   libspace.o
        68          0          0          0          0         68   rt_memclr.o
        78          0          0          0          0         80   rt_memclr_w.o
       138          0          0          0          0         68   rt_memcpy_v6.o
       100          0          0          0          0         80   rt_memcpy_w.o
       132          0          0          0          0         68   rt_memmove_v6.o
       122          0          0          0          0         80   rt_memmove_w.o
         2          0          0          0          0          0   rtexit.o
        10          0          0          0          0          0   rtexit2.o
        12          4          0          0          0         68   sys_exit.o
        74          0          0          0          0         80   sys_stackheap_outer.o
         2          0          0          0          0         68   use_no_semi.o
        10          0          0          0          0        116   fpinit.o

    ----------------------------------------------------------------------
       992         16          0          0         96       1144   Library Totals
         4          0          0          0          0          0   (incl. Padding)

    ----------------------------------------------------------------------

      Code (inc. data)   RO Data    RW Data    ZI Data      Debug   Library Name

       978         16          0          0         96       1028   c_w.l
        10          0          0          0          0        116   fz_wm.l

    ----------------------------------------------------------------------
       992         16          0          0         96       1144   Library Totals

    ----------------------------------------------------------------------

==============================================================================


      Code (inc. data)   RO Data    RW Data    ZI Data      Debug   

     64934       7350      48654       1132     174564    1287254   Grand Totals
     64934       7350      48654        308     174564    1287254   ELF Image Totals (compressed)
     64934       7350      48654        308          0          0   ROM Totals

==============================================================================

    Total RO  Size (Code + RO Data)               113588 ( 110.93kB)
    Total RW  Size (RW Data + ZI Data)            175696 ( 171.58kB)
    Total ROM Size (Code + RO Data + RW Data)     113896 ( 111.23kB)

==============================================================================

