Component: ARM Compiler 5.06 update 6 (build 750) Tool: armlink [4d35ed]

==============================================================================

Section Cross References

    startup_stm32f407xx.o(RESET) refers to startup_stm32f407xx.o(STACK) for __initial_sp
    startup_stm32f407xx.o(RESET) refers to startup_stm32f407xx.o(.text) for Reset_Handler
    startup_stm32f407xx.o(RESET) refers to stm32f4xx_it.o(i.NMI_Handler) for NMI_Handler
    startup_stm32f407xx.o(RESET) refers to stm32f4xx_it.o(i.HardFault_Handler) for HardFault_Handler
    startup_stm32f407xx.o(RESET) refers to stm32f4xx_it.o(i.MemManage_Handler) for MemManage_Handler
    startup_stm32f407xx.o(RESET) refers to stm32f4xx_it.o(i.BusFault_Handler) for BusFault_Handler
    startup_stm32f407xx.o(RESET) refers to stm32f4xx_it.o(i.UsageFault_Handler) for UsageFault_Handler
    startup_stm32f407xx.o(RESET) refers to stm32f4xx_it.o(i.SVC_Handler) for SVC_Handler
    startup_stm32f407xx.o(RESET) refers to stm32f4xx_it.o(i.DebugMon_Handler) for DebugMon_Handler
    startup_stm32f407xx.o(RESET) refers to stm32f4xx_it.o(i.PendSV_Handler) for PendSV_Handler
    startup_stm32f407xx.o(RESET) refers to main.o(i.SysTick_Handler) for SysTick_Handler
    startup_stm32f407xx.o(RESET) refers to stm32f4xx_it.o(i.DMA2_Stream2_IRQHandler) for DMA2_Stream2_IRQHandler
    startup_stm32f407xx.o(RESET) refers to stm32f4xx_it.o(i.DMA2_Stream5_IRQHandler) for DMA2_Stream5_IRQHandler
    startup_stm32f407xx.o(RESET) refers to stm32f4xx_it.o(i.DMA2_Stream6_IRQHandler) for DMA2_Stream6_IRQHandler
    startup_stm32f407xx.o(.text) refers to system_stm32f4xx_1.o(i.SystemInit) for SystemInit
    startup_stm32f407xx.o(.text) refers to entry.o(.ARM.Collect$$$$00000000) for __main
    lcd_main.o(i.printi) refers to lcd_main.o(i.prints) for prints
    lcd_main.o(i.tft_clear) refers to lcd_main.o(.data) for .data
    lcd_main.o(i.tft_clear) refers to lcd_main.o(.bss) for .bss
    lcd_main.o(i.tft_clear_line) refers to lcd_main.o(.data) for .data
    lcd_main.o(i.tft_clear_line) refers to lcd_main.o(.bss) for .bss
    lcd_main.o(i.tft_fill_color) refers to lcd_main.o(.data) for .data
    lcd_main.o(i.tft_force_clear) refers to memseta.o(.text) for __aeabi_memset
    lcd_main.o(i.tft_force_clear) refers to lcd_main.o(i.tft_fill_color) for tft_fill_color
    lcd_main.o(i.tft_force_clear) refers to lcd_main.o(.bss) for .bss
    lcd_main.o(i.tft_force_clear) refers to lcd_main.o(.data) for .data
    lcd_main.o(i.tft_get_orientation) refers to lcd_main.o(.data) for .data
    lcd_main.o(i.tft_init) refers to lcd_main.o(i.tft_fill_color) for tft_fill_color
    lcd_main.o(i.tft_init) refers to lcd_main.o(i.tft_clear) for tft_clear
    lcd_main.o(i.tft_init) refers to lcd_main.o(.data) for .data
    lcd_main.o(i.tft_init) refers to lcd_main.o(.bss) for .bss
    lcd_main.o(i.tft_init) refers to main.o(.data) for __delay
    lcd_main.o(i.tft_init) refers to lcd_main.o(.constdata) for .constdata
    lcd_main.o(i.tft_printb) refers to lcd_main.o(i.tft_printc) for tft_printc
    lcd_main.o(i.tft_printf) refers to lcd_main.o(i.tft_printc) for tft_printc
    lcd_main.o(i.tft_printh) refers to lcd_main.o(i.tft_printc) for tft_printc
    lcd_main.o(i.tft_printi) refers to lcd_main.o(i.tft_printc) for tft_printc
    lcd_main.o(i.tft_printl) refers to ldiv.o(.text) for __aeabi_ldivmod
    lcd_main.o(i.tft_printl) refers to lcd_main.o(i.tft_printc) for tft_printc
    lcd_main.o(i.tft_prints) refers to memseta.o(.text) for __aeabi_memclr4
    lcd_main.o(i.tft_prints) refers to lcd_main.o(i.prints) for prints
    lcd_main.o(i.tft_prints) refers to lcd_main.o(i.printi) for printi
    lcd_main.o(i.tft_prints) refers to lcd_main.o(i.tft_printc) for tft_printc
    lcd_main.o(i.tft_printu) refers to lcd_main.o(i.tft_printc) for tft_printc
    lcd_main.o(i.tft_pxbuf_update) refers to lcd_main.o(.data) for .data
    lcd_main.o(i.tft_pxbuf_update) refers to lcd_main.o(.bss) for .bss
    lcd_main.o(i.tft_pxbuf_update) refers to lcd_main.o(.constdata) for .constdata
    lcd_main.o(i.tft_pxbuf_write) refers to lcd_main.o(.data) for .data
    lcd_main.o(i.tft_pxbuf_write) refers to lcd_main.o(.bss) for .bss
    lcd_main.o(i.tft_pxbuf_write) refers to lcd_main.o(.constdata) for .constdata
    lcd_main.o(i.tft_reset) refers to main.o(.data) for __delay
    lcd_main.o(i.tft_set_bg_color) refers to lcd_main.o(.data) for .data
    lcd_main.o(i.tft_set_highlight_color) refers to lcd_main.o(.data) for .data
    lcd_main.o(i.tft_set_special_color) refers to lcd_main.o(.data) for .data
    lcd_main.o(i.tft_set_text_color) refers to lcd_main.o(.data) for .data
    lcd_main.o(i.tft_spi_init) refers to lcd_main.o(.bss) for .bss
    lcd_main.o(i.tft_update) refers to lcd_main.o(.data) for .data
    lcd_main.o(i.tft_update) refers to lcd_main.o(.bss) for .bss
    lcd_main.o(i.tft_update) refers to lcd_main.o(.constdata) for .constdata
    lcd_main.o(i.tft_update_dma) refers to lcd_main.o(i.tft_push_pxbuf) for tft_push_pxbuf
[...]
    i.HAL_GetTick                            0x080008f8   Section        0  main.o(i.HAL_GetTick)
    i.HAL_Init                               0x08000904   Section        0  stm32f4xx_hal.o(i.HAL_Init)
    i.HAL_InitTick                           0x08000938   Section        0  stm32f4xx_hal.o(i.HAL_InitTick)
    i.HAL_MspInit                            0x08000978   Section        0  stm32f4xx_hal_msp.o(i.HAL_MspInit)
    i.HAL_NVIC_EnableIRQ                     0x080009ac   Section        0  stm32f4xx_hal_cortex.o(i.HAL_NVIC_EnableIRQ)
    i.HAL_NVIC_SetPriority                   0x080009c4   Section        0  stm32f4xx_hal_cortex.o(i.HAL_NVIC_SetPriority)
    i.HAL_NVIC_SetPriorityGrouping           0x08000a28   Section        0  stm32f4xx_hal_cortex.o(i.HAL_NVIC_SetPriorityGrouping)
    i.HAL_SD_ConfigWideBusOperation          0x08000a4c   Section        0  stm32f4xx_hal_sd.o(i.HAL_SD_ConfigWideBusOperation)
    i.HAL_SD_GetCardCSD                      0x08000b64   Section        0  stm32f4xx_hal_sd.o(i.HAL_SD_GetCardCSD)
    i.HAL_SD_Init                            0x08000d60   Section        0  stm32f4xx_hal_sd.o(i.HAL_SD_Init)
    i.HAL_SD_InitCard                        0x08000d98   Section        0  stm32f4xx_hal_sd.o(i.HAL_SD_InitCard)
    i.HAL_SD_MspInit                         0x08000f5c   Section        0  sdio.o(i.HAL_SD_MspInit)
    i.HAL_SYSTICK_Config                     0x0800104c   Section        0  stm32f4xx_hal_cortex.o(i.HAL_SYSTICK_Config)
    i.HardFault_Handler                      0x08001078   Section        0  stm32f4xx_it.o(i.HardFault_Handler)
    i.LL_ADC_CommonInit                      0x0800107c   Section        0  stm32f4xx_ll_adc.o(i.LL_ADC_CommonInit)
    i.LL_ADC_Init                            0x080010dc   Section        0  stm32f4xx_ll_adc.o(i.LL_ADC_Init)
    i.LL_ADC_REG_Init                        0x08001118   Section        0  stm32f4xx_ll_adc.o(i.LL_ADC_REG_Init)
    i.LL_DAC_Init                            0x08001188   Section        0  stm32f4xx_ll_dac.o(i.LL_DAC_Init)
    i.LL_GPIO_Init                           0x080011e4   Section        0  stm32f4xx_ll_gpio.o(i.LL_GPIO_Init)
    i.LL_Init1msTick                         0x08001338   Section        0  stm32f4xx_ll_utils.o(i.LL_Init1msTick)
    i.LL_RCC_GetSystemClocksFreq             0x08001354   Section        0  stm32f4xx_ll_rcc.o(i.LL_RCC_GetSystemClocksFreq)
    i.LL_SPI_Init                            0x080013f8   Section        0  stm32f4xx_ll_spi.o(i.LL_SPI_Init)
    i.LL_SetSystemCoreClock                  0x08001460   Section        0  stm32f4xx_ll_utils.o(i.LL_SetSystemCoreClock)
    i.LL_TIM_Init                            0x0800146c   Section        0  stm32f4xx_ll_tim.o(i.LL_TIM_Init)
    i.LL_TIM_OC_Init                         0x08001538   Section        0  stm32f4xx_ll_tim.o(i.LL_TIM_OC_Init)
    i.LL_USART_Init                          0x08001700   Section        0  stm32f4xx_ll_usart.o(i.LL_USART_Init)
    i.MX_ADC1_Init                           0x0800189c   Section        0  adc.o(i.MX_ADC1_Init)
    i.MX_DAC_Init                            0x08001b70   Section        0  dac.o(i.MX_DAC_Init)
    i.MX_DMA_Init                            0x08001ca4   Section        0  dma.o(i.MX_DMA_Init)
    i.MX_GPIO_Init                           0x08001e30   Section        0  gpio.o(i.MX_GPIO_Init)
    i.MX_SDIO_SD_Init                        0x08001f5c   Section        0  sdio.o(i.MX_SDIO_SD_Init)
    i.MX_SPI1_Init                           0x08001fa0   Section        0  spi.o(i.MX_SPI1_Init)
    i.MX_SPI2_Init                           0x08002124   Section        0  spi.o(i.MX_SPI2_Init)
    i.MX_TIM10_Init                          0x08002308   Section        0  tim.o(i.MX_TIM10_Init)
    i.MX_TIM11_Init                          0x08002344   Section        0  tim.o(i.MX_TIM11_Init)
    i.MX_TIM12_Init                          0x08002380   Section        0  tim.o(i.MX_TIM12_Init)
    i.MX_TIM13_Init                          0x080023c8   Section        0  tim.o(i.MX_TIM13_Init)
    i.MX_TIM14_Init                          0x080024d8   Section        0  tim.o(i.MX_TIM14_Init)
    i.MX_TIM6_Init                           0x08002514   Section        0  tim.o(i.MX_TIM6_Init)
    i.MX_TIM7_Init                           0x08002594   Section        0  tim.o(i.MX_TIM7_Init)
    i.MX_TIM9_Init                           0x080025e0   Section        0  tim.o(i.MX_TIM9_Init)
    i.MX_USART1_UART_Init                    0x08002628   Section        0  usart.o(i.MX_USART1_UART_Init)
    i.MX_USART2_UART_Init                    0x08002814   Section        0  usart.o(i.MX_USART2_UART_Init)
    i.MemManage_Handler                      0x0800296c   Section        0  stm32f4xx_it.o(i.MemManage_Handler)
    i.NMI_Handler                            0x0800296e   Section        0  stm32f4xx_it.o(i.NMI_Handler)
    i.PendSV_Handler                         0x08002970   Section        0  stm32f4xx_it.o(i.PendSV_Handler)
    i.SDIO_ConfigData                        0x08002972   Section        0  stm32f4xx_ll_sdmmc.o(i.SDIO_ConfigData)
    i.SDIO_GetPowerState                     0x08002996   Section        0  stm32f4xx_ll_sdmmc.o(i.SDIO_GetPowerState)
    i.SDIO_GetResponse                       0x0800299e   Section        0  stm32f4xx_ll_sdmmc.o(i.SDIO_GetResponse)
    i.SDIO_Init                              0x080029ac   Section        0  stm32f4xx_ll_sdmmc.o(i.SDIO_Init)
    i.SDIO_PowerState_ON                     0x080029d8   Section        0  stm32f4xx_ll_sdmmc.o(i.SDIO_PowerState_ON)
    i.SDIO_ReadFIFO                          0x080029e0   Section        0  stm32f4xx_ll_sdmmc.o(i.SDIO_ReadFIFO)
    i.SDMMC_CmdAppCommand                    0x080029e6   Section        0  stm32f4xx_ll_sdmmc.o(i.SDMMC_CmdAppCommand)
    i.SDMMC_CmdAppOperCommand                0x08002a00   Section        0  stm32f4xx_ll_sdmmc.o(i.SDMMC_CmdAppOperCommand)
    i.SDMMC_CmdBlockLength                   0x08002a58   Section        0  stm32f4xx_ll_sdmmc.o(i.SDMMC_CmdBlockLength)
    i.SDMMC_CmdBusWidth                      0x08002a70   Section        0  stm32f4xx_ll_sdmmc.o(i.SDMMC_CmdBusWidth)
    i.SDMMC_CmdGoIdleState                   0x08002a8c   Section        0  stm32f4xx_ll_sdmmc.o(i.SDMMC_CmdGoIdleState)
    i.SDMMC_CmdOperCond                      0x08002ad0   Section        0  stm32f4xx_ll_sdmmc.o(i.SDMMC_CmdOperCond)
    i.SDMMC_CmdSelDesel                      0x08002b30   Section        0  stm32f4xx_ll_sdmmc.o(i.SDMMC_CmdSelDesel)
    i.SDMMC_CmdSendCID                       0x08002b4c   Section        0  stm32f4xx_ll_sdmmc.o(i.SDMMC_CmdSendCID)
    i.SDMMC_CmdSendCSD                       0x08002bac   Section        0  stm32f4xx_ll_sdmmc.o(i.SDMMC_CmdSendCSD)
    i.SDMMC_CmdSendSCR                       0x08002c0c   Section        0  stm32f4xx_ll_sdmmc.o(i.SDMMC_CmdSendSCR)
    i.SDMMC_CmdSetRelAdd                     0x08002c28   Section        0  stm32f4xx_ll_sdmmc.o(i.SDMMC_CmdSetRelAdd)
    i.SDMMC_GetCmdResp1                      0x08002cc8   Section        0  stm32f4xx_ll_sdmmc.o(i.SDMMC_GetCmdResp1)
    SDMMC_GetCmdResp1                        0x08002cc9   Thumb Code   362  stm32f4xx_ll_sdmmc.o(i.SDMMC_GetCmdResp1)
    i.SD_FindSCR                             0x08002e3c   Section        0  stm32f4xx_hal_sd.o(i.SD_FindSCR)
    SD_FindSCR                               0x08002e3d   Thumb Code   274  stm32f4xx_hal_sd.o(i.SD_FindSCR)
    i.SVC_Handler                            0x08002f4e   Section        0  stm32f4xx_it.o(i.SVC_Handler)
    i.SysTick_Handler                        0x08002f50   Section        0  main.o(i.SysTick_Handler)
    i.SystemClock_Config                     0x08002f70   Section        0  main.o(i.SystemClock_Config)
    i.SystemInit                             0x08003040   Section        0  system_stm32f4xx_1.o(i.SystemInit)
    i.UsageFault_Handler                     0x08003098   Section        0  stm32f4xx_it.o(i.UsageFault_Handler)
    i.__0printf$5                            0x0800309c   Section        0  printf5.o(i.__0printf$5)
    i.__scatterload_copy                     0x080030bc   Section       14  handlers.o(i.__scatterload_copy)
    i.__scatterload_null                     0x080030ca   Section        2  handlers.o(i.__scatterload_null)
    i.__scatterload_zeroinit                 0x080030cc   Section       14  handlers.o(i.__scatterload_zeroinit)
    i._printf_core                           0x080030dc   Section        0  printf5.o(i._printf_core)
    _printf_core                             0x080030dd   Thumb Code   658  printf5.o(i._printf_core)
    i.cpu_abs                                0x0800339c   Section        0  cpu.o(i.cpu_abs)
    i.cpu_absx                               0x080036f8   Section        0  cpu.o(i.cpu_absx)
    i.cpu_absy                               0x08003a84   Section        0  cpu.o(i.cpu_absy)
    i.cpu_adc                                0x08003e10   Section        0  cpu.o(i.cpu_adc)
    i.cpu_and                                0x08004078   Section        0  cpu.o(i.cpu_and)
    i.cpu_asl                                0x08004270   Section        0  cpu.o(i.cpu_asl)
    i.cpu_asla                               0x0800468c   Section        0  cpu.o(i.cpu_asla)
    i.cpu_bcc                                0x080046c8   Section        0  cpu.o(i.cpu_bcc)
    i.cpu_bcs                                0x080048b4   Section        0  cpu.o(i.cpu_bcs)
    i.cpu_beq                                0x08004aa0   Section        0  cpu.o(i.cpu_beq)
    i.cpu_bit                                0x08004c8c   Section        0  cpu.o(i.cpu_bit)
    i.cpu_bmi                                0x08004e7c   Section        0  cpu.o(i.cpu_bmi)
    i.cpu_bne                                0x08005068   Section        0  cpu.o(i.cpu_bne)
    i.cpu_bpl                                0x08005254   Section        0  cpu.o(i.cpu_bpl)
    i.cpu_bra                                0x08005440   Section        0  cpu.o(i.cpu_bra)
    i.cpu_brk                                0x0800546c   Section        0  cpu.o(i.cpu_brk)
    i.cpu_bvc                                0x08005c0c   Section        0  cpu.o(i.cpu_bvc)
    i.cpu_bvs                                0x08005df8   Section        0  cpu.o(i.cpu_bvs)
    i.cpu_clc                                0x08005fe4   Section        0  cpu.o(i.cpu_clc)
    i.cpu_cld                                0x08005ff4   Section        0  cpu.o(i.cpu_cld)
    i.cpu_cli                                0x08006004   Section        0  cpu.o(i.cpu_cli)
    i.cpu_clv                                0x08006014   Section        0  cpu.o(i.cpu_clv)
    i.cpu_cmp                                0x08006024   Section        0  cpu.o(i.cpu_cmp)
    i.cpu_cpx                                0x08006234   Section        0  cpu.o(i.cpu_cpx)
    i.cpu_cpy                                0x08006444   Section        0  cpu.o(i.cpu_cpy)
    i.cpu_dea                                0x08006654   Section        0  cpu.o(i.cpu_dea)
    i.cpu_dec                                0x08006688   Section        0  cpu.o(i.cpu_dec)
    i.cpu_dex                                0x08006c40   Section        0  cpu.o(i.cpu_dex)
    i.cpu_dey                                0x08006c74   Section        0  cpu.o(i.cpu_dey)
    i.cpu_eor                                0x08006ca8   Section        0  cpu.o(i.cpu_eor)
    i.cpu_exec                               0x08006ea0   Section        0  cpu.o(i.cpu_exec)
    i.cpu_immediate                          0x080070f0   Section        0  cpu.o(i.cpu_immediate)
    i.cpu_implied                            0x08007100   Section        0  cpu.o(i.cpu_implied)
    i.cpu_ina                                0x08007104   Section        0  cpu.o(i.cpu_ina)
    i.cpu_inc                                0x08007138   Section        0  cpu.o(i.cpu_inc)
    i.cpu_indabsx                            0x080076f0   Section        0  cpu.o(i.cpu_indabsx)
    i.cpu_indirect                           0x08007da4   Section        0  cpu.o(i.cpu_indirect)
    i.cpu_indx                               0x0800845c   Section        0  cpu.o(i.cpu_indx)
    i.cpu_indy                               0x0800894c   Section        0  cpu.o(i.cpu_indy)
    i.cpu_indzp                              0x08008e68   Section        0  cpu.o(i.cpu_indzp)
    i.cpu_initmem                            0x08009350   Section        0  cpu.o(i.cpu_initmem)
    i.cpu_inx                                0x08009368   Section        0  cpu.o(i.cpu_inx)
    i.cpu_iny                                0x0800939c   Section        0  cpu.o(i.cpu_iny)
    i.cpu_irq                                0x080093d0   Section        0  cpu.o(i.cpu_irq)
    i.cpu_jmp                                0x08009b70   Section        0  cpu.o(i.cpu_jmp)
    i.cpu_jsr                                0x08009b94   Section        0  cpu.o(i.cpu_jsr)
    i.cpu_lda                                0x08009ffc   Section        0  cpu.o(i.cpu_lda)
    i.cpu_ldx                                0x0800a1f0   Section        0  cpu.o(i.cpu_ldx)
    i.cpu_ldy                                0x0800a3e4   Section        0  cpu.o(i.cpu_ldy)
    i.cpu_lsr                                0x0800a5d8   Section        0  cpu.o(i.cpu_lsr)
    i.cpu_lsra                               0x0800a9f4   Section        0  cpu.o(i.cpu_lsra)
    i.cpu_nmi                                0x0800aa30   Section        0  cpu.o(i.cpu_nmi)
    i.cpu_nop                                0x0800b158   Section        0  cpu.o(i.cpu_nop)
    i.cpu_ora                                0x0800b15c   Section        0  cpu.o(i.cpu_ora)
    i.cpu_pha                                0x0800b354   Section        0  cpu.o(i.cpu_pha)
    i.cpu_php                                0x0800b5b0   Section        0  cpu.o(i.cpu_php)
    i.cpu_phx                                0x0800b80c   Section        0  cpu.o(i.cpu_phx)
    i.cpu_phy                                0x0800ba68   Section        0  cpu.o(i.cpu_phy)
    i.cpu_pla                                0x0800bcc4   Section        0  cpu.o(i.cpu_pla)
    i.cpu_plp                                0x0800bea8   Section        0  cpu.o(i.cpu_plp)
    i.cpu_plx                                0x0800c070   Section        0  cpu.o(i.cpu_plx)
    i.cpu_ply                                0x0800c254   Section        0  cpu.o(i.cpu_ply)
    i.cpu_relative                           0x0800c438   Section        0  cpu.o(i.cpu_relative)
    i.cpu_reset                              0x0800c61c   Section        0  cpu.o(i.cpu_reset)
    i.cpu_rol                                0x0800c730   Section        0  cpu.o(i.cpu_rol)
    i.cpu_rola                               0x0800cb5c   Section        0  cpu.o(i.cpu_rola)
    i.cpu_ror                                0x0800cba0   Section        0  cpu.o(i.cpu_ror)
    i.cpu_rora                               0x0800cfd4   Section        0  cpu.o(i.cpu_rora)
    i.cpu_rti                                0x0800d024   Section        0  cpu.o(i.cpu_rti)
    i.cpu_rts                                0x0800d524   Section        0  cpu.o(i.cpu_rts)
    i.cpu_sbc                                0x0800d880   Section        0  cpu.o(i.cpu_sbc)
    i.cpu_sec                                0x0800db00   Section        0  cpu.o(i.cpu_sec)
    i.cpu_sed                                0x0800db10   Section        0  cpu.o(i.cpu_sed)
    i.cpu_sei                                0x0800db20   Section        0  cpu.o(i.cpu_sei)
    i.cpu_sta                                0x0800db30   Section        0  cpu.o(i.cpu_sta)
    i.cpu_stx                                0x0800dd78   Section        0  cpu.o(i.cpu_stx)
    i.cpu_sty                                0x0800dfc0   Section        0  cpu.o(i.cpu_sty)
    i.cpu_stz                                0x0800e208   Section        0  cpu.o(i.cpu_stz)
    i.cpu_tax                                0x0800e3f8   Section        0  cpu.o(i.cpu_tax)
    i.cpu_tay                                0x0800e428   Section        0  cpu.o(i.cpu_tay)
    i.cpu_trb                                0x0800e458   Section        0  cpu.o(i.cpu_trb)
    i.cpu_tsb                                0x0800ea04   Section        0  cpu.o(i.cpu_tsb)
    i.cpu_tsx                                0x0800efa4   Section        0  cpu.o(i.cpu_tsx)
    i.cpu_txa                                0x0800efd4   Section        0  cpu.o(i.cpu_txa)
    i.cpu_txs                                0x0800f004   Section        0  cpu.o(i.cpu_txs)
    i.cpu_tya                                0x0800f010   Section        0  cpu.o(i.cpu_tya)
    i.cpu_zp                                 0x0800f040   Section        0  cpu.o(i.cpu_zp)
    i.cpu_zpx                                0x0800f204   Section        0  cpu.o(i.cpu_zpx)
    i.cpu_zpy                                0x0800f3d0   Section        0  cpu.o(i.cpu_zpy)
    i.fputc                                  0x0800f59c   Section        0  fputc.o(i.fputc)
    i.joypad_read                            0x0800f5b0   Section        0  cpu.o(i.joypad_read)
    i.joystick_init                          0x0800f630   Section        0  adc.o(i.joystick_init)
    i.main                                   0x0800f6bc   Section        0  main.o(i.main)
    i.nes_frame                              0x0800f74c   Section        0  nes.o(i.nes_frame)
    i.nes_init                               0x0800f844   Section        0  nes.o(i.nes_init)
    i.ppu_init                               0x0800f868   Section        0  ppu.o(i.ppu_init)
    i.ppu_render_line                        0x0800f8a8   Section        0  ppu.o(i.ppu_render_line)
    i.ppu_spr0_hit_flag                      0x080103a8   Section        0  ppu.o(i.ppu_spr0_hit_flag)
    i.tft_clear                              0x0801051c   Section        0  lcd_main.o(i.tft_clear)
    i.tft_fill_color                         0x08010594   Section        0  lcd_main.o(i.tft_fill_color)
    i.tft_init                               0x08010820   Section        0  lcd_main.o(i.tft_init)
    i.tft_print_nes_line                     0x080109dc   Section        0  lcd_main.o(i.tft_print_nes_line)
    .constdata                               0x08010b48   Section     3659  lcd_main.o(.constdata)
    ascii_8x16                               0x08010b4c   Data        3584  lcd_main.o(.constdata)
    .constdata                               0x08011993   Section        8  adc.o(.constdata)
    STREAM_OFFSET_TAB                        0x08011993   Data           8  adc.o(.constdata)
    .constdata                               0x0801199b   Section        8  dac.o(.constdata)
    STREAM_OFFSET_TAB                        0x0801199b   Data           8  dac.o(.constdata)
    .constdata                               0x080119a3   Section        8  spi.o(.constdata)
    STREAM_OFFSET_TAB                        0x080119a3   Data           8  spi.o(.constdata)
    .constdata                               0x080119ab   Section       14  tim.o(.constdata)
    OFFSET_TAB_CCMRx                         0x080119ab   Data           7  tim.o(.constdata)
    SHIFT_TAB_OCxx                           0x080119b2   Data           7  tim.o(.constdata)
    .constdata                               0x080119b9   Section        8  usart.o(.constdata)
    STREAM_OFFSET_TAB                        0x080119b9   Data           8  usart.o(.constdata)
    .constdata                               0x080119c4   Section     3072  cpu.o(.constdata)
    .constdata                               0x080125c4   Section      132  ppu.o(.constdata)
    .constdata                               0x08012648   Section    40976  nes.o(.constdata)
    romfile                                  0x08012648   Data       40976  nes.o(.constdata)
    .constdata                               0x0801c658   Section        8  stm32f4xx_hal_dma.o(.constdata)
    flagBitshiftOffset                       0x0801c658   Data           8  stm32f4xx_hal_dma.o(.constdata)
    .constdata                               0x0801c660   Section       16  system_stm32f4xx_1.o(.constdata)
    .constdata                               0x0801c670   Section        8  system_stm32f4xx_1.o(.constdata)
    .conststring                             0x0801c678   Section      452  cpu.o(.conststring)
    .data                                    0x20000000   Section       16  lcd_main.o(.data)
    .data                                    0x20000010   Section       12  main.o(.data)
    .data                                    0x2000001c   Section        8  adc.o(.data)
    .data                                    0x20000024   Section     1064  cpu.o(.data)
    IRQ_Flag                                 0x20000025   Data           1  cpu.o(.data)
    A                                        0x20000026   Data           1  cpu.o(.data)
    X                                        0x20000027   Data           1  cpu.o(.data)
    Y                                        0x20000028   Data           1  cpu.o(.data)
    P                                        0x20000029   Data           1  cpu.o(.data)
    S                                        0x2000002a   Data           1  cpu.o(.data)
    joypad_read_state                        0x2000002d   Data           2  cpu.o(.data)
    joypad_strobe                            0x2000002f   Data           2  cpu.o(.data)
    PC                                       0x20000032   Data           2  cpu.o(.data)
    .data                                    0x2000044c   Section       12  ppu.o(.data)
    .data                                    0x20000458   Section        4  nes.o(.data)
    .data                                    0x2000045c   Section       12  stm32f4xx_hal.o(.data)
    .data                                    0x20000468   Section        4  system_stm32f4xx_1.o(.data)
    .data                                    0x2000046c   Section        4  stdout.o(.data)
    .bss                                     0x20000470   Section    28480  lcd_main.o(.bss)
    tft_dma_bufs                             0x200023b0   Data       20480  lcd_main.o(.bss)
    .bss                                     0x200073b0   Section      228  sdio.o(.bss)
    .bss                                     0x20007494   Section    18432  cpu.o(.bss)
    .bss                                     0x2000bc94   Section     2652  ppu.o(.bss)
    .bss                                     0x2000c6f0   Section      257  ppu.o(.bss)
    STACK                                    0x2000c7f8   Section     1024  startup_stm32f407xx.o(STACK)

    Global Symbols

    Symbol Name                              Value     Ov Type        Size  Object(Section)

    BuildAttributes$$THM_ISAv4$E$P$D$K$B$S$7EM$VFPi3$EXTD16$VFPS$VFMA$PE$A:L22UL41UL21$X:L11$S22US41US21$IEEE1$IW$USESV6$~STKCKD$USESV7$~SHL$OTIME$ROPI$EBA8$MICROLIB$REQ8$PRES8$EABIv2 0x00000000   Number         0  anon$$obj.o ABSOLUTE
    __ARM_use_no_argv                        0x00000000   Number         0  main.o ABSOLUTE
    _printf_a                                0x00000000   Number         0  stubs.o ABSOLUTE
    _printf_c                                0x00000000   Number         0  stubs.o ABSOLUTE
    _printf_charcount                        0x00000000   Number         0  stubs.o ABSOLUTE
    _printf_d                                0x00000000   Number         0  stubs.o ABSOLUTE
    _printf_e                                0x00000000   Number         0  stubs.o ABSOLUTE
    _printf_f                                0x00000000   Number         0  stubs.o ABSOLUTE
    _printf_flags                            0x00000000   Number         0  stubs.o ABSOLUTE
    _printf_fp_dec                           0x00000000   Number         0  stubs.o ABSOLUTE
    _printf_fp_hex                           0x00000000   Number         0  stubs.o ABSOLUTE
    _printf_g                                0x00000000   Number         0  stubs.o ABSOLUTE
    _printf_i                                0x00000000   Number         0  stubs.o ABSOLUTE
    _printf_int_dec                          0x00000000   Number         0  stubs.o ABSOLUTE
    _printf_l                                0x00000000   Number         0  stubs.o ABSOLUTE
    _printf_lc                               0x00000000   Number         0  stubs.o ABSOLUTE
    _printf_ll                               0x00000000   Number         0  stubs.o ABSOLUTE
    _printf_lld                              0x00000000   Number         0  stubs.o ABSOLUTE
    _printf_lli                              0x00000000   Number         0  stubs.o ABSOLUTE
    _printf_llo                              0x00000000   Number         0  stubs.o ABSOLUTE
    _printf_llu                              0x00000000   Number         0  stubs.o ABSOLUTE
    _printf_llx                              0x00000000   Number         0  stubs.o ABSOLUTE
    _printf_longlong_dec                     0x00000000   Number         0  stubs.o ABSOLUTE
    _printf_longlong_hex                     0x00000000   Number         0  stubs.o ABSOLUTE
    _printf_longlong_oct                     0x00000000   Number         0  stubs.o ABSOLUTE
    _printf_ls                               0x00000000   Number         0  stubs.o ABSOLUTE
    _printf_mbtowc                           0x00000000   Number         0  stubs.o ABSOLUTE
    _printf_n                                0x00000000   Number         0  stubs.o ABSOLUTE
    _printf_o                                0x00000000   Number         0  stubs.o ABSOLUTE
    _printf_p                                0x00000000   Number         0  stubs.o ABSOLUTE
    _printf_percent                          0x00000000   Number         0  stubs.o ABSOLUTE
    _printf_pre_padding                      0x00000000   Number         0  stubs.o ABSOLUTE
    _printf_return_value                     0x00000000   Number         0  stubs.o ABSOLUTE
    _printf_s                                0x00000000   Number         0  stubs.o ABSOLUTE
    _printf_sizespec                         0x00000000   Number         0  stubs.o ABSOLUTE
    _printf_str                              0x00000000   Number         0  stubs.o ABSOLUTE
    _printf_truncate_signed                  0x00000000   Number         0  stubs.o ABSOLUTE
    _printf_truncate_unsigned                0x00000000   Number         0  stubs.o ABSOLUTE
    _printf_u                                0x00000000   Number         0  stubs.o ABSOLUTE
    _printf_wc                               0x00000000   Number         0  stubs.o ABSOLUTE
    _printf_wctomb                           0x00000000   Number         0  stubs.o ABSOLUTE
    _printf_widthprec                        0x00000000   Number         0  stubs.o ABSOLUTE
    _printf_x                                0x00000000   Number         0  stubs.o ABSOLUTE
    __cpp_initialize__aeabi_                  - Undefined Weak Reference
    __cxa_finalize                            - Undefined Weak Reference
    _clock_init                               - Undefined Weak Reference
    _microlib_exit                            - Undefined Weak Reference
    __Vectors_Size                           0x00000188   Number         0  startup_stm32f407xx.o ABSOLUTE
    __Vectors                                0x08000000   Data           4  startup_stm32f407xx.o(RESET)
    __Vectors_End                            0x08000188   Data           0  startup_stm32f407xx.o(RESET)
    __main                                   0x08000189   Thumb Code     0  entry.o(.ARM.Collect$$$$00000000)
    _main_stk                                0x08000189   Thumb Code     0  entry2.o(.ARM.Collect$$$$00000001)
    _main_scatterload                        0x0800018d   Thumb Code     0  entry5.o(.ARM.Collect$$$$00000004)
    __main_after_scatterload                 0x08000191   Thumb Code     0  entry5.o(.ARM.Collect$$$$00000004)
    _main_clock                              0x08000191   Thumb Code     0  entry7b.o(.ARM.Collect$$$$00000008)
    _main_cpp_init                           0x08000191   Thumb Code     0  entry8b.o(.ARM.Collect$$$$0000000A)
    _main_init                               0x08000191   Thumb Code     0  entry9a.o(.ARM.Collect$$$$0000000B)
    __rt_final_cpp                           0x08000199   Thumb Code     0  entry10a.o(.ARM.Collect$$$$0000000D)
    __rt_final_exit                          0x08000199   Thumb Code     0  entry11a.o(.ARM.Collect$$$$0000000F)
    Reset_Handler                            0x0800019d   Thumb Code     8  startup_stm32f407xx.o(.text)
    ADC_IRQHandler                           0x080001b7   Thumb Code     0  startup_stm32f407xx.o(.text)
    CAN1_RX0_IRQHandler                      0x080001b7   Thumb Code     0  startup_stm32f407xx.o(.text)
    CAN1_RX1_IRQHandler                      0x080001b7   Thumb Code     0  startup_stm32f407xx.o(.text)
    CAN1_SCE_IRQHandler                      0x080001b7   Thumb Code     0  startup_stm32f407xx.o(.text)
    CAN1_TX_IRQHandler                       0x080001b7   Thumb Code     0  startup_stm32f407xx.o(.text)
    CAN2_RX0_IRQHandler                      0x080001b7   Thumb Code     0  startup_stm32f407xx.o(.text)
    CAN2_RX1_IRQHandler                      0x080001b7   Thumb Code     0  startup_stm32f407xx.o(.text)
    CAN2_SCE_IRQHandler                      0x080001b7   Thumb Code     0  startup_stm32f407xx.o(.text)
    CAN2_TX_IRQHandler                       0x080001b7   Thumb Code     0  startup_stm32f407xx.o(.text)
    DCMI_IRQHandler                          0x080001b7   Thumb Code     0  startup_stm32f407xx.o(.text)
    DMA1_Stream0_IRQHandler                  0x080001b7   Thumb Code     0  startup_stm32f407xx.o(.text)
    DMA1_Stream1_IRQHandler                  0x080001b7   Thumb Code     0  startup_stm32f407xx.o(.text)
    DMA1_Stream2_IRQHandler                  0x080001b7   Thumb Code     0  startup_stm32f407xx.o(.text)
    DMA1_Stream3_IRQHandler                  0x080001b7   Thumb Code     0  startup_stm32f407xx.o(.text)
    DMA1_Stream4_IRQHandler                  0x080001b7   Thumb Code     0  startup_stm32f407xx.o(.text)
    DMA1_Stream5_IRQHandler                  0x080001b7   Thumb Code     0  startup_stm32f407xx.o(.text)
    DMA1_Stream6_IRQHandler                  0x080001b7   Thumb Code     0  startup_stm32f407xx.o(.text)
    DMA1_Stream7_IRQHandler                  0x080001b7   Thumb Code     0  startup_stm32f407xx.o(.text)
    DMA2_Stream0_IRQHandler                  0x080001b7   Thumb Code     0  startup_stm32f407xx.o(.text)
    DMA2_Stream1_IRQHandler                  0x080001b7   Thumb Code     0  startup_stm32f407xx.o(.text)
    DMA2_Stream3_IRQHandler                  0x080001b7   Thumb Code     0  startup_stm32f407xx.o(.text)
    DMA2_Stream4_IRQHandler                  0x080001b7   Thumb Code     0  startup_stm32f407xx.o(.text)
    DMA2_Stream7_IRQHandler                  0x080001b7   Thumb Code     0  startup_stm32f407xx.o(.text)
    ETH_IRQHandler                           0x080001b7   Thumb Code     0  startup_stm32f407xx.o(.text)
    ETH_WKUP_IRQHandler                      0x080001b7   Thumb Code     0  startup_stm32f407xx.o(.text)
    EXTI0_IRQHandler                         0x080001b7   Thumb Code     0  startup_stm32f407xx.o(.text)
    EXTI15_10_IRQHandler                     0x080001b7   Thumb Code     0  startup_stm32f407xx.o(.text)
    EXTI1_IRQHandler                         0x080001b7   Thumb Code     0  startup_stm32f407xx.o(.text)
    EXTI2_IRQHandler                         0x080001b7   Thumb Code     0  startup_stm32f407xx.o(.text)
    EXTI3_IRQHandler                         0x080001b7   Thumb Code     0  startup_stm32f407xx.o(.text)
    EXTI4_IRQHandler                         0x080001b7   Thumb Code     0  startup_stm32f407xx.o(.text)
    EXTI9_5_IRQHandler                       0x080001b7   Thumb Code     0  startup_stm32f407xx.o(.text)
    FLASH_IRQHandler                         0x080001b7   Thumb Code     0  startup_stm32f407xx.o(.text)
    FMC_IRQHandler                           0x080001b7   Thumb Code     0  startup_stm32f407xx.o(.text)
    FPU_IRQHandler                           0x080001b7   Thumb Code     0  startup_stm32f407xx.o(.text)
    HASH_RNG_IRQHandler                      0x080001b7   Thumb Code     0  startup_stm32f407xx.o(.text)
    I2C1_ER_IRQHandler                       0x080001b7   Thumb Code     0  startup_stm32f407xx.o(.text)
    I2C1_EV_IRQHandler                       0x080001b7   Thumb Code     0  startup_stm32f407xx.o(.text)
    I2C2_ER_IRQHandler                       0x080001b7   Thumb Code     0  startup_stm32f407xx.o(.text)
    I2C2_EV_IRQHandler                       0x080001b7   Thumb Code     0  startup_stm32f407xx.o(.text)
    I2C3_ER_IRQHandler                       0x080001b7   Thumb Code     0  startup_stm32f407xx.o(.text)
    I2C3_EV_IRQHandler                       0x080001b7   Thumb Code     0  startup_stm32f407xx.o(.text)
    OTG_FS_IRQHandler                        0x080001b7   Thumb Code     0  startup_stm32f407xx.o(.text)
    OTG_FS_WKUP_IRQHandler                   0x080001b7   Thumb Code     0  startup_stm32f407xx.o(.text)
    OTG_HS_EP1_IN_IRQHandler                 0x080001b7   Thumb Code     0  startup_stm32f407xx.o(.text)
    OTG_HS_EP1_OUT_IRQHandler                0x080001b7   Thumb Code     0  startup_stm32f407xx.o(.text)
    OTG_HS_IRQHandler                        0x080001b7   Thumb Code     0  startup_stm32f407xx.o(.text)
    OTG_HS_WKUP_IRQHandler                   0x080001b7   Thumb Code     0  startup_stm32f407xx.o(.text)
    PVD_IRQHandler                           0x080001b7   Thumb Code     0  startup_stm32f407xx.o(.text)
    RCC_IRQHandler                           0x080001b7   Thumb Code     0  startup_stm32f407xx.o(.text)
    RTC_Alarm_IRQHandler                     0x080001b7   Thumb Code     0  startup_stm32f407xx.o(.text)
    RTC_WKUP_IRQHandler                      0x080001b7   Thumb Code     0  startup_stm32f407xx.o(.text)
    SDIO_IRQHandler                          0x080001b7   Thumb Code     0  startup_stm32f407xx.o(.text)
    SPI1_IRQHandler                          0x080001b7   Thumb Code     0  startup_stm32f407xx.o(.text)
    SPI2_IRQHandler                          0x080001b7   Thumb Code     0  startup_stm32f407xx.o(.text)
    SPI3_IRQHandler                          0x080001b7   Thumb Code     0  startup_stm32f407xx.o(.text)
    TAMP_STAMP_IRQHandler                    0x080001b7   Thumb Code     0  startup_stm32f407xx.o(.text)
    TIM1_BRK_TIM9_IRQHandler                 0x080001b7   Thumb Code     0  startup_stm32f407xx.o(.text)
    TIM1_CC_IRQHandler                       0x080001b7   Thumb Code     0  startup_stm32f407xx.o(.text)
    TIM1_TRG_COM_TIM11_IRQHandler            0x080001b7   Thumb Code     0  startup_stm32f407xx.o(.text)
    TIM1_UP_TIM10_IRQHandler                 0x080001b7   Thumb Code     0  startup_stm32f407xx.o(.text)
    TIM2_IRQHandler                          0x080001b7   Thumb Code     0  startup_stm32f407xx.o(.text)
    TIM3_IRQHandler                          0x080001b7   Thumb Code     0  startup_stm32f407xx.o(.text)
    TIM4_IRQHandler                          0x080001b7   Thumb Code     0  startup_stm32f407xx.o(.text)
    TIM5_IRQHandler                          0x080001b7   Thumb Code     0  startup_stm32f407xx.o(.text)
    TIM6_DAC_IRQHandler                      0x080001b7   Thumb Code     0  startup_stm32f407xx.o(.text)
    TIM7_IRQHandler                          0x080001b7   Thumb Code     0  startup_stm32f407xx.o(.text)
    TIM8_BRK_TIM12_IRQHandler                0x080001b7   Thumb Code     0  startup_stm32f407xx.o(.text)
    TIM8_CC_IRQHandler                       0x080001b7   Thumb Code     0  startup_stm32f407xx.o(.text)
    TIM8_TRG_COM_TIM14_IRQHandler            0x080001b7   Thumb Code     0  startup_stm32f407xx.o(.text)
    TIM8_UP_TIM13_IRQHandler                 0x080001b7   Thumb Code     0  startup_stm32f407xx.o(.text)
    UART4_IRQHandler                         0x080001b7   Thumb Code     0  startup_stm32f407xx.o(.text)
    UART5_IRQHandler                         0x080001b7   Thumb Code     0  startup_stm32f407xx.o(.text)
    USART1_IRQHandler                        0x080001b7   Thumb Code     0  startup_stm32f407xx.o(.text)
    USART2_IRQHandler                        0x080001b7   Thumb Code     0  startup_stm32f407xx.o(.text)
    USART3_IRQHandler                        0x080001b7   Thumb Code     0  startup_stm32f407xx.o(.text)
    USART6_IRQHandler                        0x080001b7   Thumb Code     0  startup_stm32f407xx.o(.text)
    WWDG_IRQHandler                          0x080001b7   Thumb Code     0  startup_stm32f407xx.o(.text)
    __aeabi_uldivmod                         0x080001c1   Thumb Code    98  uldiv.o(.text)
    ___aeabi_memcpy$move                     0x08000223   Thumb Code    64  memmovea.o(.text)
    ___aeabi_memcpy4$move                    0x08000223   Thumb Code     0  memmovea.o(.text)
    ___aeabi_memcpy8$move                    0x08000223   Thumb Code     0  memmovea.o(.text)
    __aeabi_memmove                          0x08000223   Thumb Code     0  memmovea.o(.text)
    __aeabi_memmove4                         0x08000223   Thumb Code     0  memmovea.o(.text)
    __aeabi_memmove8                         0x08000223   Thumb Code     0  memmovea.o(.text)
    __aeabi_memset                           0x08000263   Thumb Code    14  memseta.o(.text)
    __aeabi_memset4                          0x08000263   Thumb Code     0  memseta.o(.text)
    __aeabi_memset8                          0x08000263   Thumb Code     0  memseta.o(.text)
    __aeabi_memclr                           0x08000271   Thumb Code     4  memseta.o(.text)
    __aeabi_memclr4                          0x08000271   Thumb Code     0  memseta.o(.text)
    __aeabi_memclr8                          0x08000271   Thumb Code     0  memseta.o(.text)
    _memset$wrapper                          0x08000275   Thumb Code    18  memseta.o(.text)
    __aeabi_llsl                             0x08000287   Thumb Code    30  llshl.o(.text)
    _ll_shift_l                              0x08000287   Thumb Code     0  llshl.o(.text)
    __aeabi_llsr                             0x080002a5   Thumb Code    32  llushr.o(.text)
    _ll_ushift_r                             0x080002a5   Thumb Code     0  llushr.o(.text)
    __scatterload                            0x080002c5   Thumb Code    28  init.o(.text)
    __scatterload_rt2                        0x080002c5   Thumb Code     0  init.o(.text)
    __I$use$semihosting$fputc                0x080002e9   Thumb Code     0  iusesemip.o(.text)
    __decompress                             0x080002e9   Thumb Code     0  __dclz77c.o(.text)
    __decompress2                            0x080002e9   Thumb Code    94  __dclz77c.o(.text)
    __semihosting_library_function           0x080002e9   Thumb Code     0  semi.o(.text)
    BusFault_Handler                         0x08000347   Thumb Code     2  stm32f4xx_it.o(i.BusFault_Handler)
    DMA2_Stream2_IRQHandler                  0x08000349   Thumb Code     2  stm32f4xx_it.o(i.DMA2_Stream2_IRQHandler)
    DMA2_Stream5_IRQHandler                  0x0800034b   Thumb Code     2  stm32f4xx_it.o(i.DMA2_Stream5_IRQHandler)
    DMA2_Stream6_IRQHandler                  0x0800034d   Thumb Code     6  stm32f4xx_it.o(i.DMA2_Stream6_IRQHandler)
    DebugMon_Handler                         0x08000359   Thumb Code     2  stm32f4xx_it.o(i.DebugMon_Handler)
    Error_Handler                            0x0800035b   Thumb Code     2  main.o(i.Error_Handler)
    HAL_DMA_IRQHandler                       0x0800035d   Thumb Code   470  stm32f4xx_hal_dma.o(i.HAL_DMA_IRQHandler)
    HAL_DMA_Init                             0x08000539   Thumb Code   334  stm32f4xx_hal_dma.o(i.HAL_DMA_Init)
    HAL_Delay                                0x08000695   Thumb Code    34  stm32f4xx_hal.o(i.HAL_Delay)
    HAL_GPIO_Init                            0x080006bd   Thumb Code   552  stm32f4xx_hal_gpio.o(i.HAL_GPIO_Init)
    HAL_GetTick                              0x080008f9   Thumb Code     6  main.o(i.HAL_GetTick)
    HAL_Init                                 0x08000905   Thumb Code    48  stm32f4xx_hal.o(i.HAL_Init)
    HAL_InitTick                             0x08000939   Thumb Code    54  stm32f4xx_hal.o(i.HAL_InitTick)
    HAL_MspInit                              0x08000979   Thumb Code    42  stm32f4xx_hal_msp.o(i.HAL_MspInit)
    HAL_NVIC_EnableIRQ                       0x080009ad   Thumb Code    24  stm32f4xx_hal_cortex.o(i.HAL_NVIC_EnableIRQ)
    HAL_NVIC_SetPriority                     0x080009c5   Thumb Code    96  stm32f4xx_hal_cortex.o(i.HAL_NVIC_SetPriority)
    HAL_NVIC_SetPriorityGrouping             0x08000a29   Thumb Code    30  stm32f4xx_hal_cortex.o(i.HAL_NVIC_SetPriorityGrouping)
    HAL_SD_ConfigWideBusOperation            0x08000a4d   Thumb Code   280  stm32f4xx_hal_sd.o(i.HAL_SD_ConfigWideBusOperation)
    HAL_SD_GetCardCSD                        0x08000b65   Thumb Code   508  stm32f4xx_hal_sd.o(i.HAL_SD_GetCardCSD)
    HAL_SD_Init                              0x08000d61   Thumb Code    54  stm32f4xx_hal_sd.o(i.HAL_SD_Init)
    HAL_SD_InitCard                          0x08000d99   Thumb Code   446  stm32f4xx_hal_sd.o(i.HAL_SD_InitCard)
    HAL_SD_MspInit                           0x08000f5d   Thumb Code   214  sdio.o(i.HAL_SD_MspInit)
    HAL_SYSTICK_Config                       0x0800104d   Thumb Code    38  stm32f4xx_hal_cortex.o(i.HAL_SYSTICK_Config)
    HardFault_Handler                        0x08001079   Thumb Code     2  stm32f4xx_it.o(i.HardFault_Handler)
    LL_ADC_CommonInit                        0x0800107d   Thumb Code    86  stm32f4xx_ll_adc.o(i.LL_ADC_CommonInit)
    LL_ADC_Init                              0x080010dd   Thumb Code    60  stm32f4xx_ll_adc.o(i.LL_ADC_Init)
    LL_ADC_REG_Init                          0x08001119   Thumb Code   108  stm32f4xx_ll_adc.o(i.LL_ADC_REG_Init)
    LL_DAC_Init                              0x08001189   Thumb Code    90  stm32f4xx_ll_dac.o(i.LL_DAC_Init)
    LL_GPIO_Init                             0x080011e5   Thumb Code   340  stm32f4xx_ll_gpio.o(i.LL_GPIO_Init)
    LL_Init1msTick                           0x08001339   Thumb Code    26  stm32f4xx_ll_utils.o(i.LL_Init1msTick)
    LL_RCC_GetSystemClocksFreq               0x08001355   Thumb Code   142  stm32f4xx_ll_rcc.o(i.LL_RCC_GetSystemClocksFreq)
    LL_SPI_Init                              0x080013f9   Thumb Code   102  stm32f4xx_ll_spi.o(i.LL_SPI_Init)
    LL_SetSystemCoreClock                    0x08001461   Thumb Code     6  stm32f4xx_ll_utils.o(i.LL_SetSystemCoreClock)
    LL_TIM_Init                              0x0800146d   Thumb Code   182  stm32f4xx_ll_tim.o(i.LL_TIM_Init)
    LL_TIM_OC_Init                           0x08001539   Thumb Code   446  stm32f4xx_ll_tim.o(i.LL_TIM_OC_Init)
    LL_USART_Init                            0x08001701   Thumb Code   408  stm32f4xx_ll_usart.o(i.LL_USART_Init)
    MX_ADC1_Init                             0x0800189d   Thumb Code   690  adc.o(i.MX_ADC1_Init)
    MX_DAC_Init                              0x08001b71   Thumb Code   262  dac.o(i.MX_DAC_Init)
    MX_DMA_Init                              0x08001ca5   Thumb Code   348  dma.o(i.MX_DMA_Init)
    MX_GPIO_Init                             0x08001e31   Thumb Code   268  gpio.o(i.MX_GPIO_Init)
    MX_SDIO_SD_Init                          0x08001f5d   Thumb Code    58  sdio.o(i.MX_SDIO_SD_Init)
    MX_SPI1_Init                             0x08001fa1   Thumb Code   346  spi.o(i.MX_SPI1_Init)
    MX_SPI2_Init                             0x08002125   Thumb Code   444  spi.o(i.MX_SPI2_Init)
    MX_TIM10_Init                            0x08002309   Thumb Code    50  tim.o(i.MX_TIM10_Init)
    MX_TIM11_Init                            0x08002345   Thumb Code    50  tim.o(i.MX_TIM11_Init)
    MX_TIM12_Init                            0x08002381   Thumb Code    64  tim.o(i.MX_TIM12_Init)
    MX_TIM13_Init                            0x080023c9   Thumb Code   230  tim.o(i.MX_TIM13_Init)
    MX_TIM14_Init                            0x080024d9   Thumb Code    50  tim.o(i.MX_TIM14_Init)
    MX_TIM6_Init                             0x08002515   Thumb Code   108  tim.o(i.MX_TIM6_Init)
    MX_TIM7_Init                             0x08002595   Thumb Code    68  tim.o(i.MX_TIM7_Init)
    MX_TIM9_Init                             0x080025e1   Thumb Code    64  tim.o(i.MX_TIM9_Init)
    MX_USART1_UART_Init                      0x08002629   Thumb Code   452  usart.o(i.MX_USART1_UART_Init)
    MX_USART2_UART_Init                      0x08002815   Thumb Code   304  usart.o(i.MX_USART2_UART_Init)
    MemManage_Handler                        0x0800296d   Thumb Code     2  stm32f4xx_it.o(i.MemManage_Handler)
    NMI_Handler                              0x0800296f   Thumb Code     2  stm32f4xx_it.o(i.NMI_Handler)
    PendSV_Handler                           0x08002971   Thumb Code     2  stm32f4xx_it.o(i.PendSV_Handler)
    SDIO_ConfigData                          0x08002973   Thumb Code    36  stm32f4xx_ll_sdmmc.o(i.SDIO_ConfigData)
    SDIO_GetPowerState                       0x08002997   Thumb Code     8  stm32f4xx_ll_sdmmc.o(i.SDIO_GetPowerState)
    SDIO_GetResponse                         0x0800299f   Thumb Code    14  stm32f4xx_ll_sdmmc.o(i.SDIO_GetResponse)
    SDIO_Init                                0x080029ad   Thumb Code    44  stm32f4xx_ll_sdmmc.o(i.SDIO_Init)
    SDIO_PowerState_ON                       0x080029d9   Thumb Code     8  stm32f4xx_ll_sdmmc.o(i.SDIO_PowerState_ON)
    SDIO_ReadFIFO                            0x080029e1   Thumb Code     6  stm32f4xx_ll_sdmmc.o(i.SDIO_ReadFIFO)
    SDMMC_CmdAppCommand                      0x080029e7   Thumb Code    26  stm32f4xx_ll_sdmmc.o(i.SDMMC_CmdAppCommand)
    SDMMC_CmdAppOperCommand                  0x08002a01   Thumb Code    84  stm32f4xx_ll_sdmmc.o(i.SDMMC_CmdAppOperCommand)
    SDMMC_CmdBlockLength                     0x08002a59   Thumb Code    24  stm32f4xx_ll_sdmmc.o(i.SDMMC_CmdBlockLength)
    SDMMC_CmdBusWidth                        0x08002a71   Thumb Code    26  stm32f4xx_ll_sdmmc.o(i.SDMMC_CmdBusWidth)
    SDMMC_CmdGoIdleState                     0x08002a8d   Thumb Code    62  stm32f4xx_ll_sdmmc.o(i.SDMMC_CmdGoIdleState)
    SDMMC_CmdOperCond                        0x08002ad1   Thumb Code    92  stm32f4xx_ll_sdmmc.o(i.SDMMC_CmdOperCond)
    SDMMC_CmdSelDesel                        0x08002b31   Thumb Code    26  stm32f4xx_ll_sdmmc.o(i.SDMMC_CmdSelDesel)
    SDMMC_CmdSendCID                         0x08002b4d   Thumb Code    92  stm32f4xx_ll_sdmmc.o(i.SDMMC_CmdSendCID)
    SDMMC_CmdSendCSD                         0x08002bad   Thumb Code    92  stm32f4xx_ll_sdmmc.o(i.SDMMC_CmdSendCSD)
    SDMMC_CmdSendSCR                         0x08002c0d   Thumb Code    28  stm32f4xx_ll_sdmmc.o(i.SDMMC_CmdSendSCR)
    SDMMC_CmdSetRelAdd                       0x08002c29   Thumb Code   156  stm32f4xx_ll_sdmmc.o(i.SDMMC_CmdSetRelAdd)
    SVC_Handler                              0x08002f4f   Thumb Code     2  stm32f4xx_it.o(i.SVC_Handler)
    SysTick_Handler                          0x08002f51   Thumb Code    28  main.o(i.SysTick_Handler)
    SystemClock_Config                       0x08002f71   Thumb Code   174  main.o(i.SystemClock_Config)
    SystemInit                               0x08003041   Thumb Code    64  system_stm32f4xx_1.o(i.SystemInit)
    UsageFault_Handler                       0x08003099   Thumb Code     2  stm32f4xx_it.o(i.UsageFault_Handler)
    __0printf$5                              0x0800309d   Thumb Code    22  printf5.o(i.__0printf$5)
    __1printf$5                              0x0800309d   Thumb Code     0  printf5.o(i.__0printf$5)
    __2printf                                0x0800309d   Thumb Code     0  printf5.o(i.__0printf$5)
    __scatterload_copy                       0x080030bd   Thumb Code    14  handlers.o(i.__scatterload_copy)
    __scatterload_null                       0x080030cb   Thumb Code     2  handlers.o(i.__scatterload_null)
    __scatterload_zeroinit                   0x080030cd   Thumb Code    14  handlers.o(i.__scatterload_zeroinit)
    cpu_abs                                  0x0800339d   Thumb Code   814  cpu.o(i.cpu_abs)
    cpu_absx                                 0x080036f9   Thumb Code   858  cpu.o(i.cpu_absx)
    cpu_absy                                 0x08003a85   Thumb Code   858  cpu.o(i.cpu_absy)
    cpu_adc                                  0x08003e11   Thumb Code   566  cpu.o(i.cpu_adc)
    cpu_and                                  0x08004079   Thumb Code   456  cpu.o(i.cpu_and)
    cpu_asl                                  0x08004271   Thumb Code   980  cpu.o(i.cpu_asl)
    cpu_asla                                 0x0800468d   Thumb Code    56  cpu.o(i.cpu_asla)
    cpu_bcc                                  0x080046c9   Thumb Code   444  cpu.o(i.cpu_bcc)
    cpu_bcs                                  0x080048b5   Thumb Code   444  cpu.o(i.cpu_bcs)
    cpu_beq                                  0x08004aa1   Thumb Code   444  cpu.o(i.cpu_beq)
    cpu_bit                                  0x08004c8d   Thumb Code   446  cpu.o(i.cpu_bit)
    cpu_bmi                                  0x08004e7d   Thumb Code   444  cpu.o(i.cpu_bmi)
    cpu_bne                                  0x08005069   Thumb Code   444  cpu.o(i.cpu_bne)
    cpu_bpl                                  0x08005255   Thumb Code   444  cpu.o(i.cpu_bpl)
    cpu_bra                                  0x08005441   Thumb Code    36  cpu.o(i.cpu_bra)
    cpu_brk                                  0x0800546d   Thumb Code  1916  cpu.o(i.cpu_brk)
    cpu_bvc                                  0x08005c0d   Thumb Code   444  cpu.o(i.cpu_bvc)
    cpu_bvs                                  0x08005df9   Thumb Code   444  cpu.o(i.cpu_bvs)
    cpu_clc                                  0x08005fe5   Thumb Code    12  cpu.o(i.cpu_clc)
    cpu_cld                                  0x08005ff5   Thumb Code    12  cpu.o(i.cpu_cld)
    cpu_cli                                  0x08006005   Thumb Code    12  cpu.o(i.cpu_cli)
    cpu_clv                                  0x08006015   Thumb Code    12  cpu.o(i.cpu_clv)
    cpu_cmp                                  0x08006025   Thumb Code   480  cpu.o(i.cpu_cmp)
    cpu_cpx                                  0x08006235   Thumb Code   480  cpu.o(i.cpu_cpx)
    cpu_cpy                                  0x08006445   Thumb Code   480  cpu.o(i.cpu_cpy)
    cpu_dea                                  0x08006655   Thumb Code    48  cpu.o(i.cpu_dea)
    cpu_dec                                  0x08006689   Thumb Code  1428  cpu.o(i.cpu_dec)
    cpu_dex                                  0x08006c41   Thumb Code    48  cpu.o(i.cpu_dex)
    cpu_dey                                  0x08006c75   Thumb Code    48  cpu.o(i.cpu_dey)
    cpu_eor                                  0x08006ca9   Thumb Code   454  cpu.o(i.cpu_eor)
    cpu_exec                                 0x08006ea1   Thumb Code   542  cpu.o(i.cpu_exec)
    cpu_immediate                            0x080070f1   Thumb Code    12  cpu.o(i.cpu_immediate)
    cpu_implied                              0x08007101   Thumb Code     2  cpu.o(i.cpu_implied)
    cpu_ina                                  0x08007105   Thumb Code    48  cpu.o(i.cpu_ina)
    cpu_inc                                  0x08007139   Thumb Code  1428  cpu.o(i.cpu_inc)
    cpu_indabsx                              0x080076f1   Thumb Code  1670  cpu.o(i.cpu_indabsx)
    cpu_indirect                             0x08007da5   Thumb Code  1676  cpu.o(i.cpu_indirect)
    cpu_indx                                 0x0800845d   Thumb Code  1248  cpu.o(i.cpu_indx)
    cpu_indy                                 0x0800894d   Thumb Code  1288  cpu.o(i.cpu_indy)
    cpu_indzp                                0x08008e69   Thumb Code  1240  cpu.o(i.cpu_indzp)
    cpu_initmem                              0x08009351   Thumb Code    20  cpu.o(i.cpu_initmem)
    cpu_inx                                  0x08009369   Thumb Code    48  cpu.o(i.cpu_inx)
    cpu_iny                                  0x0800939d   Thumb Code    48  cpu.o(i.cpu_iny)
    cpu_irq                                  0x080093d1   Thumb Code  1914  cpu.o(i.cpu_irq)
    cpu_jmp                                  0x08009b71   Thumb Code    26  cpu.o(i.cpu_jmp)
    cpu_jsr                                  0x08009b95   Thumb Code  1110  cpu.o(i.cpu_jsr)
    cpu_lda                                  0x08009ffd   Thumb Code   452  cpu.o(i.cpu_lda)
    cpu_ldx                                  0x0800a1f1   Thumb Code   452  cpu.o(i.cpu_ldx)
    cpu_ldy                                  0x0800a3e5   Thumb Code   452  cpu.o(i.cpu_ldy)
    cpu_lsr                                  0x0800a5d9   Thumb Code   980  cpu.o(i.cpu_lsr)
    cpu_lsra                                 0x0800a9f5   Thumb Code    54  cpu.o(i.cpu_lsra)
    cpu_nmi                                  0x0800aa31   Thumb Code  1794  cpu.o(i.cpu_nmi)
    cpu_nop                                  0x0800b159   Thumb Code     2  cpu.o(i.cpu_nop)
    cpu_ora                                  0x0800b15d   Thumb Code   454  cpu.o(i.cpu_ora)
    cpu_pha                                  0x0800b355   Thumb Code   552  cpu.o(i.cpu_pha)
    cpu_php                                  0x0800b5b1   Thumb Code   552  cpu.o(i.cpu_php)
    cpu_phx                                  0x0800b80d   Thumb Code   552  cpu.o(i.cpu_phx)
    cpu_phy                                  0x0800ba69   Thumb Code   552  cpu.o(i.cpu_phy)
    cpu_pla                                  0x0800bcc5   Thumb Code   440  cpu.o(i.cpu_pla)
    cpu_plp                                  0x0800bea9   Thumb Code   410  cpu.o(i.cpu_plp)
    cpu_plx                                  0x0800c071   Thumb Code   440  cpu.o(i.cpu_plx)
    cpu_ply                                  0x0800c255   Thumb Code   440  cpu.o(i.cpu_ply)
    cpu_relative                             0x0800c439   Thumb Code   440  cpu.o(i.cpu_relative)
    cpu_reset                                0x0800c61d   Thumb Code   250  cpu.o(i.cpu_reset)
    cpu_rol                                  0x0800c731   Thumb Code  1068  cpu.o(i.cpu_rol)
    cpu_rola                                 0x0800cb5d   Thumb Code    62  cpu.o(i.cpu_rola)
    cpu_ror                                  0x0800cba1   Thumb Code  1076  cpu.o(i.cpu_ror)
    cpu_rora                                 0x0800cfd5   Thumb Code    76  cpu.o(i.cpu_rora)
    cpu_rti                                  0x0800d025   Thumb Code  1264  cpu.o(i.cpu_rti)
    cpu_rts                                  0x0800d525   Thumb Code   814  cpu.o(i.cpu_rts)
    cpu_sbc                                  0x0800d881   Thumb Code   590  cpu.o(i.cpu_sbc)
    cpu_sec                                  0x0800db01   Thumb Code    12  cpu.o(i.cpu_sec)
    cpu_sed                                  0x0800db11   Thumb Code    12  cpu.o(i.cpu_sed)
    cpu_sei                                  0x0800db21   Thumb Code    12  cpu.o(i.cpu_sei)
    cpu_sta                                  0x0800db31   Thumb Code   528  cpu.o(i.cpu_sta)
    cpu_stx                                  0x0800dd79   Thumb Code   528  cpu.o(i.cpu_stx)
    cpu_sty                                  0x0800dfc1   Thumb Code   528  cpu.o(i.cpu_sty)
    cpu_stz                                  0x0800e209   Thumb Code   440  cpu.o(i.cpu_stz)
    cpu_tax                                  0x0800e3f9   Thumb Code    44  cpu.o(i.cpu_tax)
    cpu_tay                                  0x0800e429   Thumb Code    44  cpu.o(i.cpu_tay)
    cpu_trb                                  0x0800e459   Thumb Code  1416  cpu.o(i.cpu_trb)
    cpu_tsb                                  0x0800ea05   Thumb Code  1404  cpu.o(i.cpu_tsb)
    cpu_tsx                                  0x0800efa5   Thumb Code    44  cpu.o(i.cpu_tsx)
    cpu_txa                                  0x0800efd5   Thumb Code    44  cpu.o(i.cpu_txa)
    cpu_txs                                  0x0800f005   Thumb Code     8  cpu.o(i.cpu_txs)
    cpu_tya                                  0x0800f011   Thumb Code    44  cpu.o(i.cpu_tya)
    cpu_zp                                   0x0800f041   Thumb Code   408  cpu.o(i.cpu_zp)
    cpu_zpx                                  0x0800f205   Thumb Code   414  cpu.o(i.cpu_zpx)
    cpu_zpy                                  0x0800f3d1   Thumb Code   414  cpu.o(i.cpu_zpy)
    fputc                                    0x0800f59d   Thumb Code    18  fputc.o(i.fputc)
    joypad_read                              0x0800f5b1   Thumb Code   118  cpu.o(i.joypad_read)
    joystick_init                            0x0800f631   Thumb Code   116  adc.o(i.joystick_init)
    main                                     0x0800f6bd   Thumb Code   138  main.o(i.main)
    nes_frame                                0x0800f74d   Thumb Code   222  nes.o(i.nes_frame)
    nes_init                                 0x0800f845   Thumb Code    26  nes.o(i.nes_init)
    ppu_init                                 0x0800f869   Thumb Code    56  ppu.o(i.ppu_init)
    ppu_render_line                          0x0800f8a9   Thumb Code  2804  ppu.o(i.ppu_render_line)
    ppu_spr0_hit_flag                        0x080103a9   Thumb Code   354  ppu.o(i.ppu_spr0_hit_flag)
    tft_clear                                0x0801051d   Thumb Code   112  lcd_main.o(i.tft_clear)
    tft_fill_color                           0x08010595   Thumb Code   638  lcd_main.o(i.tft_fill_color)
    tft_init                                 0x08010821   Thumb Code   400  lcd_main.o(i.tft_init)
    tft_print_nes_line                       0x080109dd   Thumb Code   340  lcd_main.o(i.tft_print_nes_line)
    tft_orientation_init_code                0x08010b48   Data           4  lcd_main.o(.constdata)
    tft_init_code                            0x0801194c   Data          71  lcd_main.o(.constdata)
    opcodetable                              0x080119c4   Data        3072  cpu.o(.constdata)
    sprite                                   0x080125c4   Data           4  ppu.o(.constdata)
    NES_Color_Palette                        0x080125c8   Data         128  ppu.o(.constdata)
    AHBPrescTable                            0x0801c660   Data          16  system_stm32f4xx_1.o(.constdata)
    APBPrescTable                            0x0801c670   Data           8  system_stm32f4xx_1.o(.constdata)
    Region$$Table$$Base                      0x0801c83c   Number         0  anon$$obj.o(Region$$Table)
    Region$$Table$$Limit                     0x0801c85c   Number         0  anon$$obj.o(Region$$Table)
    tft_orientation                          0x20000000   Data           1  lcd_main.o(.data)
    char_max_x                               0x20000001   Data           1  lcd_main.o(.data)
    char_max_y                               0x20000002   Data           1  lcd_main.o(.data)
    cur_screen                               0x20000003   Data           1  lcd_main.o(.data)
    next_screen                              0x20000004   Data           1  lcd_main.o(.data)
    curr_bg_color                            0x20000006   Data           2  lcd_main.o(.data)
    curr_highlight_color                     0x20000008   Data           2  lcd_main.o(.data)
    curr_text_color                          0x2000000a   Data           2  lcd_main.o(.data)
    curr_text_color_sp                       0x2000000c   Data           2  lcd_main.o(.data)
    row_width                                0x2000000e   Data           2  lcd_main.o(.data)
    __tickf                                  0x20000010   Data           1  main.o(.data)
    __ticks                                  0x20000014   Data           4  main.o(.data)
    __delay                                  0x20000018   Data           4  main.o(.data)
    joys                                     0x2000001c   Data           8  adc.o(.data)
    NMI_Flag                                 0x20000024   Data           1  cpu.o(.data)
    opcode                                   0x2000002b   Data           1  cpu.o(.data)
    value                                    0x2000002c   Data           1  cpu.o(.data)
    savepc                                   0x20000034   Data           2  cpu.o(.data)
    help                                     0x20000036   Data           2  cpu.o(.data)
    prg_rombank0                             0x20000038   Data           4  cpu.o(.data)
    prg_rombank1                             0x2000003c   Data           4  cpu.o(.data)
    cpu_clockticks                           0x20000040   Data           4  cpu.o(.data)
    sum                                      0x20000044   Data           4  cpu.o(.data)
    saveflags                                0x20000048   Data           4  cpu.o(.data)
    opcode_names                             0x2000004c   Data        1024  cpu.o(.data)
    SpriteHitFlag                            0x2000044c   Data           1  ppu.o(.data)
    PPU_Latch_Flag                           0x2000044d   Data           1  ppu.o(.data)
    PPU_BG_VScrlOrg                          0x2000044e   Data           1  ppu.o(.data)
    PPU_BG_HScrlOrg                          0x2000044f   Data           1  ppu.o(.data)
    PPU_Reg                                  0x20000450   Data           4  ppu.o(.data)
    PPU_scanline                             0x20000454   Data           4  ppu.o(.data)
    frame_count                              0x20000458   Data           4  nes.o(.data)
    uwTickFreq                               0x2000045c   Data           1  stm32f4xx_hal.o(.data)
    uwTickPrio                               0x20000460   Data           4  stm32f4xx_hal.o(.data)
    uwTick                                   0x20000464   Data           4  stm32f4xx_hal.o(.data)
    SystemCoreClock                          0x20000468   Data           4  system_stm32f4xx_1.o(.data)
    __stdout                                 0x2000046c   Data           4  stdout.o(.data)
    text_buf                                 0x20000470   Data        1600  lcd_main.o(.bss)
    text_color_buf                           0x20000ab0   Data        3200  lcd_main.o(.bss)
    bg_color_buf                             0x20001730   Data        3200  lcd_main.o(.bss)
    hsd                                      0x200073b0   Data         132  sdio.o(.bss)
    hdma_sdio                                0x20007434   Data          96  sdio.o(.bss)
    cpu_ram                                  0x20007494   Data        2048  cpu.o(.bss)
    exp_rom                                  0x20007c94   Data        8192  cpu.o(.bss)
    sram                                     0x20009c94   Data        8192  cpu.o(.bss)
    NameTable                                0x2000bc94   Data        2048  ppu.o(.bss)
    PPU_Mem                                  0x2000c494   Data          60  ppu.o(.bss)
    Buffer_scanline                          0x2000c4d0   Data         544  ppu.o(.bss)
    Spr_Mem                                  0x2000c6f0   Data         257  ppu.o(.bss)
    __initial_sp                             0x2000cbf8   Data           0  startup_stm32f407xx.o(STACK)



==============================================================================

Memory Map of the image

  Image Entry point : 0x08000189

  Load Region LR_IROM1 (Base: 0x08000000, Size: 0x0001cccc, Max: 0x00080000, ABSOLUTE, COMPRESSED[0x0001c994])

    Execution Region ER_IROM1 (Exec base: 0x08000000, Load base: 0x08000000, Size: 0x0001c85c, Max: 0x00080000, ABSOLUTE)

    Exec Addr    Load Addr    Size         Type   Attr      Idx    E Section Name        Object

    0x08000000   0x08000000   0x00000188   Data   RO            3    RESET               startup_stm32f407xx.o
    0x08000188   0x08000188   0x00000000   Code   RO         3798  * .ARM.Collect$$$$00000000  mc_w.l(entry.o)
    0x08000188   0x08000188   0x00000004   Code   RO         4072    .ARM.Collect$$$$00000001  mc_w.l(entry2.o)
    0x0800018c   0x0800018c   0x00000004   Code   RO         4075    .ARM.Collect$$$$00000004  mc_w.l(entry5.o)
    0x08000190   0x08000190   0x00000000   Code   RO         4077    .ARM.Collect$$$$00000008  mc_w.l(entry7b.o)
    0x08000190   0x08000190   0x00000000   Code   RO         4079    .ARM.Collect$$$$0000000A  mc_w.l(entry8b.o)
    0x08000190   0x08000190   0x00000008   Code   RO         4080    .ARM.Collect$$$$0000000B  mc_w.l(entry9a.o)
    0x08000198   0x08000198   0x00000000   Code   RO         4082    .ARM.Collect$$$$0000000D  mc_w.l(entry10a.o)
    0x08000198   0x08000198   0x00000000   Code   RO         4084    .ARM.Collect$$$$0000000F  mc_w.l(entry11a.o)
    0x08000198   0x08000198   0x00000004   Code   RO         4073    .ARM.Collect$$$$00002712  mc_w.l(entry2.o)
    0x0800019c   0x0800019c   0x00000024   Code   RO            4    .text               startup_stm32f407xx.o
    0x080001c0   0x080001c0   0x00000062   Code   RO         3801    .text               mc_w.l(uldiv.o)
    0x08000222   0x08000222   0x00000040   Code   RO         3805    .text               mc_w.l(memmovea.o)
    0x08000262   0x08000262   0x00000024   Code   RO         3807    .text               mc_w.l(memseta.o)
    0x08000286   0x08000286   0x0000001e   Code   RO         4091    .text               mc_w.l(llshl.o)
    0x080002a4   0x080002a4   0x00000020   Code   RO         4093    .text               mc_w.l(llushr.o)
    0x080002c4   0x080002c4   0x00000024   Code   RO         4106    .text               mc_w.l(init.o)
    0x080002e8   0x080002e8   0x00000000   Code   RO         4108    .text               mc_w.l(semi.o)
    0x080002e8   0x080002e8   0x00000000   Code   RO         4111    .text               mc_w.l(iusesemip.o)
    0x080002e8   0x080002e8   0x0000005e   Code   RO         4122    .text               mc_w.l(__dclz77c.o)
    0x08000346   0x08000346   0x00000002   Code   RO          832    i.BusFault_Handler  stm32f4xx_it.o
    0x08000348   0x08000348   0x00000002   Code   RO          833    i.DMA2_Stream2_IRQHandler  stm32f4xx_it.o
    0x0800034a   0x0800034a   0x00000002   Code   RO          834    i.DMA2_Stream5_IRQHandler  stm32f4xx_it.o
    0x0800034c   0x0800034c   0x0000000c   Code   RO          835    i.DMA2_Stream6_IRQHandler  stm32f4xx_it.o
    0x08000358   0x08000358   0x00000002   Code   RO          836    i.DebugMon_Handler  stm32f4xx_it.o
    0x0800035a   0x0800035a   0x00000002   Code   RO          396    i.Error_Handler     main.o
    0x0800035c   0x0800035c   0x000001dc   Code   RO         3202    i.HAL_DMA_IRQHandler  stm32f4xx_hal_dma.o
    0x08000538   0x08000538   0x0000015c   Code   RO         3203    i.HAL_DMA_Init      stm32f4xx_hal_dma.o
    0x08000694   0x08000694   0x00000028   Code   RO         3599    i.HAL_Delay         stm32f4xx_hal.o
    0x080006bc   0x080006bc   0x0000023c   Code   RO         3098    i.HAL_GPIO_Init     stm32f4xx_hal_gpio.o
    0x080008f8   0x080008f8   0x0000000c   Code   RO          397    i.HAL_GetTick       main.o
    0x08000904   0x08000904   0x00000034   Code   RO         3610    i.HAL_Init          stm32f4xx_hal.o
    0x08000938   0x08000938   0x00000040   Code   RO         3611    i.HAL_InitTick      stm32f4xx_hal.o
    0x08000978   0x08000978   0x00000034   Code   RO          920    i.HAL_MspInit       stm32f4xx_hal_msp.o
    0x080009ac   0x080009ac   0x00000018   Code   RO         3467    i.HAL_NVIC_EnableIRQ  stm32f4xx_hal_cortex.o
    0x080009c4   0x080009c4   0x00000064   Code   RO         3473    i.HAL_NVIC_SetPriority  stm32f4xx_hal_cortex.o
    0x08000a28   0x08000a28   0x00000024   Code   RO         3474    i.HAL_NVIC_SetPriorityGrouping  stm32f4xx_hal_cortex.o
    0x08000a4c   0x08000a4c   0x00000118   Code   RO         2122    i.HAL_SD_ConfigWideBusOperation  stm32f4xx_hal_sd.o
    0x08000b64   0x08000b64   0x000001fc   Code   RO         2127    i.HAL_SD_GetCardCSD  stm32f4xx_hal_sd.o
    0x08000d60   0x08000d60   0x00000036   Code   RO         2134    i.HAL_SD_Init       stm32f4xx_hal_sd.o
    0x08000d96   0x08000d96   0x00000002   PAD
    0x08000d98   0x08000d98   0x000001c4   Code   RO         2135    i.HAL_SD_InitCard   stm32f4xx_hal_sd.o
    0x08000f5c   0x08000f5c   0x000000f0   Code   RO          644    i.HAL_SD_MspInit    sdio.o
    0x0800104c   0x0800104c   0x0000002c   Code   RO         3478    i.HAL_SYSTICK_Config  stm32f4xx_hal_cortex.o
    0x08001078   0x08001078   0x00000002   Code   RO          837    i.HardFault_Handler  stm32f4xx_it.o
    0x0800107a   0x0800107a   0x00000002   PAD
    0x0800107c   0x0800107c   0x00000060   Code   RO         1707    i.LL_ADC_CommonInit  stm32f4xx_ll_adc.o
    0x080010dc   0x080010dc   0x0000003c   Code   RO         1712    i.LL_ADC_Init       stm32f4xx_ll_adc.o
    0x08001118   0x08001118   0x00000070   Code   RO         1713    i.LL_ADC_REG_Init   stm32f4xx_ll_adc.o
    0x08001188   0x08001188   0x0000005a   Code   RO         1832    i.LL_DAC_Init       stm32f4xx_ll_dac.o
    0x080011e2   0x080011e2   0x00000002   PAD
    0x080011e4   0x080011e4   0x00000154   Code   RO         1665    i.LL_GPIO_Init      stm32f4xx_ll_gpio.o
    0x08001338   0x08001338   0x0000001a   Code   RO         2677    i.LL_Init1msTick    stm32f4xx_ll_utils.o
    0x08001352   0x08001352   0x00000002   PAD
    0x08001354   0x08001354   0x000000a4   Code   RO         2588    i.LL_RCC_GetSystemClocksFreq  stm32f4xx_ll_rcc.o
    0x080013f8   0x080013f8   0x00000066   Code   RO         2335    i.LL_SPI_Init       stm32f4xx_ll_spi.o
    0x0800145e   0x0800145e   0x00000002   PAD
    0x08001460   0x08001460   0x0000000c   Code   RO         2680    i.LL_SetSystemCoreClock  stm32f4xx_ll_utils.o
    0x0800146c   0x0800146c   0x000000cc   Code   RO         2443    i.LL_TIM_Init       stm32f4xx_ll_tim.o
    0x08001538   0x08001538   0x000001c8   Code   RO         2444    i.LL_TIM_OC_Init    stm32f4xx_ll_tim.o
    0x08001700   0x08001700   0x0000019c   Code   RO         2536    i.LL_USART_Init     stm32f4xx_ll_usart.o
    0x0800189c   0x0800189c   0x000002d4   Code   RO          536    i.MX_ADC1_Init      adc.o
    0x08001b70   0x08001b70   0x00000134   Code   RO          583    i.MX_DAC_Init       dac.o
    0x08001ca4   0x08001ca4   0x0000018c   Code   RO          619    i.MX_DMA_Init       dma.o
    0x08001e30   0x08001e30   0x0000012c   Code   RO          502    i.MX_GPIO_Init      gpio.o
    0x08001f5c   0x08001f5c   0x00000044   Code   RO          645    i.MX_SDIO_SD_Init   sdio.o
    0x08001fa0   0x08001fa0   0x00000184   Code   RO          685    i.MX_SPI1_Init      spi.o
    0x08002124   0x08002124   0x000001e4   Code   RO          686    i.MX_SPI2_Init      spi.o
    0x08002308   0x08002308   0x0000003c   Code   RO          726    i.MX_TIM10_Init     tim.o
    0x08002344   0x08002344   0x0000003c   Code   RO          727    i.MX_TIM11_Init     tim.o
    0x08002380   0x08002380   0x00000048   Code   RO          728    i.MX_TIM12_Init     tim.o
    0x080023c8   0x080023c8   0x00000110   Code   RO          729    i.MX_TIM13_Init     tim.o
    0x080024d8   0x080024d8   0x0000003c   Code   RO          730    i.MX_TIM14_Init     tim.o
    0x08002514   0x08002514   0x00000080   Code   RO          731    i.MX_TIM6_Init      tim.o
    0x08002594   0x08002594   0x0000004c   Code   RO          732    i.MX_TIM7_Init      tim.o
    0x080025e0   0x080025e0   0x00000048   Code   RO          733    i.MX_TIM9_Init      tim.o
    0x08002628   0x08002628   0x000001ec   Code   RO          797    i.MX_USART1_UART_Init  usart.o
    0x08002814   0x08002814   0x00000158   Code   RO          798    i.MX_USART2_UART_Init  usart.o
    0x0800296c   0x0800296c   0x00000002   Code   RO          838    i.MemManage_Handler  stm32f4xx_it.o
    0x0800296e   0x0800296e   0x00000002   Code   RO          839    i.NMI_Handler       stm32f4xx_it.o
    0x08002970   0x08002970   0x00000002   Code   RO          840    i.PendSV_Handler    stm32f4xx_it.o
    0x08002972   0x08002972   0x00000024   Code   RO         1870    i.SDIO_ConfigData   stm32f4xx_ll_sdmmc.o
    0x08002996   0x08002996   0x00000008   Code   RO         1874    i.SDIO_GetPowerState  stm32f4xx_ll_sdmmc.o
    0x0800299e   0x0800299e   0x0000000e   Code   RO         1875    i.SDIO_GetResponse  stm32f4xx_ll_sdmmc.o
    0x080029ac   0x080029ac   0x0000002c   Code   RO         1876    i.SDIO_Init         stm32f4xx_ll_sdmmc.o
    0x080029d8   0x080029d8   0x00000008   Code   RO         1878    i.SDIO_PowerState_ON  stm32f4xx_ll_sdmmc.o
    0x080029e0   0x080029e0   0x00000006   Code   RO         1879    i.SDIO_ReadFIFO     stm32f4xx_ll_sdmmc.o
    0x080029e6   0x080029e6   0x0000001a   Code   RO         1883    i.SDMMC_CmdAppCommand  stm32f4xx_ll_sdmmc.o
    0x08002a00   0x08002a00   0x00000058   Code   RO         1884    i.SDMMC_CmdAppOperCommand  stm32f4xx_ll_sdmmc.o
    0x08002a58   0x08002a58   0x00000018   Code   RO         1885    i.SDMMC_CmdBlockLength  stm32f4xx_ll_sdmmc.o
    0x08002a70   0x08002a70   0x0000001a   Code   RO         1886    i.SDMMC_CmdBusWidth  stm32f4xx_ll_sdmmc.o
    0x08002a8a   0x08002a8a   0x00000002   PAD
    0x08002a8c   0x08002a8c   0x00000044   Code   RO         1890    i.SDMMC_CmdGoIdleState  stm32f4xx_ll_sdmmc.o
    0x08002ad0   0x08002ad0   0x00000060   Code   RO         1892    i.SDMMC_CmdOperCond  stm32f4xx_ll_sdmmc.o
    0x08002b30   0x08002b30   0x0000001a   Code   RO         1897    i.SDMMC_CmdSelDesel  stm32f4xx_ll_sdmmc.o
    0x08002b4a   0x08002b4a   0x00000002   PAD
    0x08002b4c   0x08002b4c   0x00000060   Code   RO         1898    i.SDMMC_CmdSendCID  stm32f4xx_ll_sdmmc.o
    0x08002bac   0x08002bac   0x00000060   Code   RO         1899    i.SDMMC_CmdSendCSD  stm32f4xx_ll_sdmmc.o
    0x08002c0c   0x08002c0c   0x0000001c   Code   RO         1900    i.SDMMC_CmdSendSCR  stm32f4xx_ll_sdmmc.o
    0x08002c28   0x08002c28   0x000000a0   Code   RO         1902    i.SDMMC_CmdSetRelAdd  stm32f4xx_ll_sdmmc.o
    0x08002cc8   0x08002cc8   0x00000174   Code   RO         1908    i.SDMMC_GetCmdResp1  stm32f4xx_ll_sdmmc.o
    0x08002e3c   0x08002e3c   0x00000112   Code   RO         2151    i.SD_FindSCR        stm32f4xx_hal_sd.o
    0x08002f4e   0x08002f4e   0x00000002   Code   RO          841    i.SVC_Handler       stm32f4xx_it.o
    0x08002f50   0x08002f50   0x00000020   Code   RO          398    i.SysTick_Handler   main.o
    0x08002f70   0x08002f70   0x000000d0   Code   RO          399    i.SystemClock_Config  main.o
    0x08003040   0x08003040   0x00000058   Code   RO         3764    i.SystemInit        system_stm32f4xx_1.o
    0x08003098   0x08003098   0x00000002   Code   RO          842    i.UsageFault_Handler  stm32f4xx_it.o
    0x0800309a   0x0800309a   0x00000002   PAD
    0x0800309c   0x0800309c   0x00000020   Code   RO         3944    i.__0printf$5       mc_w.l(printf5.o)
    0x080030bc   0x080030bc   0x0000000e   Code   RO         4116    i.__scatterload_copy  mc_w.l(handlers.o)
    0x080030ca   0x080030ca   0x00000002   Code   RO         4117    i.__scatterload_null  mc_w.l(handlers.o)
    0x080030cc   0x080030cc   0x0000000e   Code   RO         4118    i.__scatterload_zeroinit  mc_w.l(handlers.o)
    0x080030da   0x080030da   0x00000002   PAD
    0x080030dc   0x080030dc   0x000002c0   Code   RO         3951    i._printf_core      mc_w.l(printf5.o)
    0x0800339c   0x0800339c   0x0000035c   Code   RO          944    i.cpu_abs           cpu.o
    0x080036f8   0x080036f8   0x0000038c   Code   RO          945    i.cpu_absx          cpu.o
    0x08003a84   0x08003a84   0x0000038c   Code   RO          946    i.cpu_absy          cpu.o
    0x08003e10   0x08003e10   0x00000268   Code   RO          947    i.cpu_adc           cpu.o
    0x08004078   0x08004078   0x000001f8   Code   RO          948    i.cpu_and           cpu.o
    0x08004270   0x08004270   0x0000041c   Code   RO          949    i.cpu_asl           cpu.o
    0x0800468c   0x0800468c   0x0000003c   Code   RO          950    i.cpu_asla          cpu.o
    0x080046c8   0x080046c8   0x000001ec   Code   RO          951    i.cpu_bcc           cpu.o
    0x080048b4   0x080048b4   0x000001ec   Code   RO          952    i.cpu_bcs           cpu.o
    0x08004aa0   0x08004aa0   0x000001ec   Code   RO          953    i.cpu_beq           cpu.o
    0x08004c8c   0x08004c8c   0x000001f0   Code   RO          954    i.cpu_bit           cpu.o
    0x08004e7c   0x08004e7c   0x000001ec   Code   RO          955    i.cpu_bmi           cpu.o
    0x08005068   0x08005068   0x000001ec   Code   RO          956    i.cpu_bne           cpu.o
    0x08005254   0x08005254   0x000001ec   Code   RO          957    i.cpu_bpl           cpu.o
    0x08005440   0x08005440   0x0000002c   Code   RO          958    i.cpu_bra           cpu.o
    0x0800546c   0x0800546c   0x000007a0   Code   RO          959    i.cpu_brk           cpu.o
    0x08005c0c   0x08005c0c   0x000001ec   Code   RO          960    i.cpu_bvc           cpu.o
    0x08005df8   0x08005df8   0x000001ec   Code   RO          961    i.cpu_bvs           cpu.o
    0x08005fe4   0x08005fe4   0x00000010   Code   RO          962    i.cpu_clc           cpu.o
    0x08005ff4   0x08005ff4   0x00000010   Code   RO          963    i.cpu_cld           cpu.o
    0x08006004   0x08006004   0x00000010   Code   RO          964    i.cpu_cli           cpu.o
    0x08006014   0x08006014   0x00000010   Code   RO          965    i.cpu_clv           cpu.o
    0x08006024   0x08006024   0x00000210   Code   RO          966    i.cpu_cmp           cpu.o
    0x08006234   0x08006234   0x00000210   Code   RO          967    i.cpu_cpx           cpu.o
    0x08006444   0x08006444   0x00000210   Code   RO          968    i.cpu_cpy           cpu.o
    0x08006654   0x08006654   0x00000034   Code   RO          969    i.cpu_dea           cpu.o
    0x08006688   0x08006688   0x000005b8   Code   RO          971    i.cpu_dec           cpu.o
    0x08006c40   0x08006c40   0x00000034   Code   RO          972    i.cpu_dex           cpu.o
    0x08006c74   0x08006c74   0x00000034   Code   RO          973    i.cpu_dey           cpu.o
    0x08006ca8   0x08006ca8   0x000001f8   Code   RO          974    i.cpu_eor           cpu.o
    0x08006ea0   0x08006ea0   0x00000250   Code   RO          975    i.cpu_exec          cpu.o
    0x080070f0   0x080070f0   0x00000010   Code   RO          976    i.cpu_immediate     cpu.o
    0x08007100   0x08007100   0x00000002   Code   RO          977    i.cpu_implied       cpu.o
    0x08007102   0x08007102   0x00000002   PAD
    0x08007104   0x08007104   0x00000034   Code   RO          978    i.cpu_ina           cpu.o
    0x08007138   0x08007138   0x000005b8   Code   RO          979    i.cpu_inc           cpu.o
    0x080076f0   0x080076f0   0x000006b4   Code   RO          980    i.cpu_indabsx       cpu.o
    0x08007da4   0x08007da4   0x000006b8   Code   RO          981    i.cpu_indirect      cpu.o
    0x0800845c   0x0800845c   0x000004f0   Code   RO          982    i.cpu_indx          cpu.o
    0x0800894c   0x0800894c   0x0000051c   Code   RO          983    i.cpu_indy          cpu.o
    0x08008e68   0x08008e68   0x000004e8   Code   RO          984    i.cpu_indzp         cpu.o
    0x08009350   0x08009350   0x00000018   Code   RO          985    i.cpu_initmem       cpu.o
    0x08009368   0x08009368   0x00000034   Code   RO          986    i.cpu_inx           cpu.o
    0x0800939c   0x0800939c   0x00000034   Code   RO          987    i.cpu_iny           cpu.o
    0x080093d0   0x080093d0   0x000007a0   Code   RO          988    i.cpu_irq           cpu.o
    0x08009b70   0x08009b70   0x00000024   Code   RO          989    i.cpu_jmp           cpu.o
    0x08009b94   0x08009b94   0x00000468   Code   RO          990    i.cpu_jsr           cpu.o
    0x08009ffc   0x08009ffc   0x000001f4   Code   RO          991    i.cpu_lda           cpu.o
    0x0800a1f0   0x0800a1f0   0x000001f4   Code   RO          992    i.cpu_ldx           cpu.o
    0x0800a3e4   0x0800a3e4   0x000001f4   Code   RO          993    i.cpu_ldy           cpu.o
    0x0800a5d8   0x0800a5d8   0x0000041c   Code   RO          994    i.cpu_lsr           cpu.o
    0x0800a9f4   0x0800a9f4   0x0000003c   Code   RO          995    i.cpu_lsra          cpu.o
    0x0800aa30   0x0800aa30   0x00000728   Code   RO          996    i.cpu_nmi           cpu.o
    0x0800b158   0x0800b158   0x00000002   Code   RO          997    i.cpu_nop           cpu.o
    0x0800b15a   0x0800b15a   0x00000002   PAD
    0x0800b15c   0x0800b15c   0x000001f8   Code   RO          998    i.cpu_ora           cpu.o
    0x0800b354   0x0800b354   0x0000025c   Code   RO          999    i.cpu_pha           cpu.o
    0x0800b5b0   0x0800b5b0   0x0000025c   Code   RO         1000    i.cpu_php           cpu.o
    0x0800b80c   0x0800b80c   0x0000025c   Code   RO         1001    i.cpu_phx           cpu.o
    0x0800ba68   0x0800ba68   0x0000025c   Code   RO         1002    i.cpu_phy           cpu.o
    0x0800bcc4   0x0800bcc4   0x000001e4   Code   RO         1003    i.cpu_pla           cpu.o
    0x0800bea8   0x0800bea8   0x000001c8   Code   RO         1004    i.cpu_plp           cpu.o
    0x0800c070   0x0800c070   0x000001e4   Code   RO         1005    i.cpu_plx           cpu.o
    0x0800c254   0x0800c254   0x000001e4   Code   RO         1006    i.cpu_ply           cpu.o
    0x0800c438   0x0800c438   0x000001e4   Code   RO         1007    i.cpu_relative      cpu.o
    0x0800c61c   0x0800c61c   0x00000114   Code   RO         1008    i.cpu_reset         cpu.o
    0x0800c730   0x0800c730   0x0000042c   Code   RO         1009    i.cpu_rol           cpu.o
    0x0800cb5c   0x0800cb5c   0x00000044   Code   RO         1010    i.cpu_rola          cpu.o
    0x0800cba0   0x0800cba0   0x00000434   Code   RO         1011    i.cpu_ror           cpu.o
    0x0800cfd4   0x0800cfd4   0x00000050   Code   RO         1012    i.cpu_rora          cpu.o
    0x0800d024   0x0800d024   0x00000500   Code   RO         1013    i.cpu_rti           cpu.o
    0x0800d524   0x0800d524   0x0000035c   Code   RO         1014    i.cpu_rts           cpu.o
    0x0800d880   0x0800d880   0x00000280   Code   RO         1015    i.cpu_sbc           cpu.o
    0x0800db00   0x0800db00   0x00000010   Code   RO         1016    i.cpu_sec           cpu.o
    0x0800db10   0x0800db10   0x00000010   Code   RO         1017    i.cpu_sed           cpu.o
    0x0800db20   0x0800db20   0x00000010   Code   RO         1018    i.cpu_sei           cpu.o
    0x0800db30   0x0800db30   0x00000248   Code   RO         1019    i.cpu_sta           cpu.o
    0x0800dd78   0x0800dd78   0x00000248   Code   RO         1020    i.cpu_stx           cpu.o
    0x0800dfc0   0x0800dfc0   0x00000248   Code   RO         1021    i.cpu_sty           cpu.o
    0x0800e208   0x0800e208   0x000001f0   Code   RO         1022    i.cpu_stz           cpu.o
    0x0800e3f8   0x0800e3f8   0x00000030   Code   RO         1023    i.cpu_tax           cpu.o
    0x0800e428   0x0800e428   0x00000030   Code   RO         1024    i.cpu_tay           cpu.o
    0x0800e458   0x0800e458   0x000005ac   Code   RO         1025    i.cpu_trb           cpu.o
    0x0800ea04   0x0800ea04   0x000005a0   Code   RO         1026    i.cpu_tsb           cpu.o
    0x0800efa4   0x0800efa4   0x00000030   Code   RO         1027    i.cpu_tsx           cpu.o
    0x0800efd4   0x0800efd4   0x00000030   Code   RO         1028    i.cpu_txa           cpu.o
    0x0800f004   0x0800f004   0x0000000c   Code   RO         1029    i.cpu_txs           cpu.o
    0x0800f010   0x0800f010   0x00000030   Code   RO         1030    i.cpu_tya           cpu.o
    0x0800f040   0x0800f040   0x000001c4   Code   RO         1031    i.cpu_zp            cpu.o
    0x0800f204   0x0800f204   0x000001cc   Code   RO         1032    i.cpu_zpx           cpu.o
    0x0800f3d0   0x0800f3d0   0x000001cc   Code   RO         1033    i.cpu_zpy           cpu.o
    0x0800f59c   0x0800f59c   0x00000012   Code   RO         4086    i.fputc             mc_w.l(fputc.o)
    0x0800f5ae   0x0800f5ae   0x00000002   PAD
    0x0800f5b0   0x0800f5b0   0x00000080   Code   RO         1034    i.joypad_read       cpu.o
    0x0800f630   0x0800f630   0x0000008c   Code   RO          537    i.joystick_init     adc.o
    0x0800f6bc   0x0800f6bc   0x00000090   Code   RO          400    i.main              main.o
    0x0800f74c   0x0800f74c   0x000000f8   Code   RO         1627    i.nes_frame         nes.o
    0x0800f844   0x0800f844   0x00000024   Code   RO         1628    i.nes_init          nes.o
    0x0800f868   0x0800f868   0x00000040   Code   RO         1570    i.ppu_init          ppu.o
    0x0800f8a8   0x0800f8a8   0x00000b00   Code   RO         1571    i.ppu_render_line   ppu.o
    0x080103a8   0x080103a8   0x00000174   Code   RO         1572    i.ppu_spr0_hit_flag  ppu.o
    0x0801051c   0x0801051c   0x00000078   Code   RO           16    i.tft_clear         lcd_main.o
    0x08010594   0x08010594   0x0000028c   Code   RO           20    i.tft_fill_color    lcd_main.o
    0x08010820   0x08010820   0x000001bc   Code   RO           23    i.tft_init          lcd_main.o
    0x080109dc   0x080109dc   0x0000016c   Code   RO           24    i.tft_print_nes_line  lcd_main.o
    0x08010b48   0x08010b48   0x00000e4b   Data   RO           45    .constdata          lcd_main.o
    0x08011993   0x08011993   0x00000008   Data   RO          538    .constdata          adc.o
    0x0801199b   0x0801199b   0x00000008   Data   RO          584    .constdata          dac.o
    0x080119a3   0x080119a3   0x00000008   Data   RO          687    .constdata          spi.o
    0x080119ab   0x080119ab   0x0000000e   Data   RO          734    .constdata          tim.o
    0x080119b9   0x080119b9   0x00000008   Data   RO          799    .constdata          usart.o
    0x080119c1   0x080119c1   0x00000003   PAD
    0x080119c4   0x080119c4   0x00000c00   Data   RO         1038    .constdata          cpu.o
    0x080125c4   0x080125c4   0x00000084   Data   RO         1575    .constdata          ppu.o
    0x08012648   0x08012648   0x0000a010   Data   RO         1629    .constdata          nes.o
    0x0801c658   0x0801c658   0x00000008   Data   RO         3209    .constdata          stm32f4xx_hal_dma.o
    0x0801c660   0x0801c660   0x00000010   Data   RO         3765    .constdata          system_stm32f4xx_1.o
    0x0801c670   0x0801c670   0x00000008   Data   RO         3766    .constdata          system_stm32f4xx_1.o
    0x0801c678   0x0801c678   0x000001c4   Data   RO         1039    .conststring        cpu.o
    0x0801c83c   0x0801c83c   0x00000020   Data   RO         4114    Region$$Table       anon$$obj.o


    Execution Region RW_IRAM1 (Exec base: 0x20000000, Load base: 0x0801c85c, Size: 0x0000cbf8, Max: 0x00020000, ABSOLUTE, COMPRESSED[0x00000138])

    Exec Addr    Load Addr    Size         Type   Attr      Idx    E Section Name        Object

    0x20000000   COMPRESSED   0x00000010   Data   RW           46    .data               lcd_main.o
    0x20000010   COMPRESSED   0x0000000c   Data   RW          401    .data               main.o
    0x2000001c   COMPRESSED   0x00000008   Data   RW          539    .data               adc.o
    0x20000024   COMPRESSED   0x00000428   Data   RW         1040    .data               cpu.o
    0x2000044c   COMPRESSED   0x0000000c   Data   RW         1576    .data               ppu.o
    0x20000458   COMPRESSED   0x00000004   Data   RW         1630    .data               nes.o
    0x2000045c   COMPRESSED   0x0000000c   Data   RW         3617    .data               stm32f4xx_hal.o
    0x20000468   COMPRESSED   0x00000004   Data   RW         3767    .data               system_stm32f4xx_1.o
    0x2000046c   COMPRESSED   0x00000004   Data   RW         4088    .data               mc_w.l(stdout.o)
    0x20000470        -       0x00006f40   Zero   RW           44    .bss                lcd_main.o
    0x200073b0        -       0x000000e4   Zero   RW          646    .bss                sdio.o
    0x20007494        -       0x00004800   Zero   RW         1037    .bss                cpu.o
    0x2000bc94        -       0x00000a5c   Zero   RW         1573    .bss                ppu.o
    0x2000c6f0        -       0x00000101   Zero   RW         1574    .bss                ppu.o
    0x2000c7f1   COMPRESSED   0x00000007   PAD
    0x2000c7f8        -       0x00000400   Zero   RW            1    STACK               startup_stm32f407xx.o


==============================================================================

Image component sizes


      Code (inc. data)   RO Data    RW Data    ZI Data      Debug   Object Name

       864         58          8          8          0      65718   adc.o
     49788       6278       3524       1064      18432     144629   cpu.o
       308         46          8          0          0      49449   dac.o
       396         48          0          0          0       2310   dma.o
       300         32          0          0          0      10755   gpio.o
      1580         90       3659         16      28480     666336   lcd_main.o
       398         50          0         12          0      57136   main.o
       284         36      40976          4          0       1989   nes.o
      3252         80        132         12       2909      13839   ppu.o
       308         36          0          0        228       1883   sdio.o
       872         82          8          0          0      34926   spi.o
        36          8        392          0       1024        848   startup_stm32f407xx.o
       156         20          0         12          0       3585   stm32f4xx_hal.o
       204         16          0          0          0      30003   stm32f4xx_hal_cortex.o
       824         20          8          0          0       3276   stm32f4xx_hal_dma.o
       572         20          0          0          0       1728   stm32f4xx_hal_gpio.o
        52         10          0          0          0        862   stm32f4xx_hal_msp.o
      1568          6          0          0          0       7366   stm32f4xx_hal_sd.o
        32          6          0          0          0       5170   stm32f4xx_it.o
       268         14          0          0          0      52580   stm32f4xx_ll_adc.o
        90          0          0          0          0       4138   stm32f4xx_ll_dac.o
       340          0          0          0          0       7319   stm32f4xx_ll_gpio.o
       164         22          0          0          0      25264   stm32f4xx_ll_rcc.o
      1222         36          0          0          0      16512   stm32f4xx_ll_sdmmc.o
       102          0          0          0          0       4490   stm32f4xx_ll_spi.o
       660         32          0          0          0      32771   stm32f4xx_ll_tim.o
       412          4          0          0          0      15564   stm32f4xx_ll_usart.o
        38          6          0          0          0       8825   stm32f4xx_ll_utils.o
        88         24         24          4          0       1191   system_stm32f4xx_1.o
       800        116         14          0          0      31829   tim.o
       836         80          8          0          0      15788   usart.o

    ----------------------------------------------------------------------
     66834       7276      48796       1132      51080    1318079   Object Totals
         0          0         32          0          0          0   (incl. Generated)
        20          0          3          0          7          0   (incl. Padding)

    ----------------------------------------------------------------------

      Code (inc. data)   RO Data    RW Data    ZI Data      Debug   Library Member Name

        94          0          0          0          0          0   __dclz77c.o
         0          0          0          0          0          0   entry.o
         0          0          0          0          0          0   entry10a.o
         0          0          0          0          0          0   entry11a.o
         8          4          0          0          0          0   entry2.o
         4          0          0          0          0          0   entry5.o
         0          0          0          0          0          0   entry7b.o
         0          0          0          0          0          0   entry8b.o
         8          4          0          0          0          0   entry9a.o
        18          0          0          0          0         80   fputc.o
        30          0          0          0          0          0   handlers.o
        36          8          0          0          0         68   init.o
         0          0          0          0          0          0   iusesemip.o
        30          0          0          0          0         68   llshl.o
        32          0          0          0          0         68   llushr.o
        64          0          0          0          0         76   memmovea.o
        36          0          0          0          0        108   memseta.o
       736         56          0          0          0        184   printf5.o
         0          0          0          0          0          0   semi.o
         0          0          0          4          0          0   stdout.o
        98          0          0          0          0         92   uldiv.o

    ----------------------------------------------------------------------
      1198         72          0          4          0        744   Library Totals
         4          0          0          0          0          0   (incl. Padding)

    ----------------------------------------------------------------------

      Code (inc. data)   RO Data    RW Data    ZI Data      Debug   Library Name

      1194         72          0          4          0        744   mc_w.l

    ----------------------------------------------------------------------
      1198         72          0          4          0        744   Library Totals

    ----------------------------------------------------------------------

==============================================================================


      Code (inc. data)   RO Data    RW Data    ZI Data      Debug   

     68032       7348      48796       1136      51080    1301395   Grand Totals
     68032       7348      48796        312      51080    1301395   ELF Image Totals (compressed)
     68032       7348      48796        312          0          0   ROM Totals

==============================================================================

    Total RO  Size (Code + RO Data)               116828 ( 114.09kB)
    Total RW  Size (RW Data + ZI Data)             52216 (  50.99kB)
    Total ROM Size (Code + RO Data + RW Data)     117140 ( 114.39kB)

==============================================================================

