Component: ARM Compiler 5.06 update 6 (build 750) Tool: armlink [4d35ed]

==============================================================================

Section Cross References

    startup_stm32f407xx.o(STACK) refers (Special) to heapauxi.o(.text) for __use_two_region_memory
    startup_stm32f407xx.o(HEAP) refers (Special) to heapauxi.o(.text) for __use_two_region_memory
    startup_stm32f407xx.o(RESET) refers (Special) to heapauxi.o(.text) for __use_two_region_memory
    startup_stm32f407xx.o(RESET) refers to startup_stm32f407xx.o(STACK) for __initial_sp
    startup_stm32f407xx.o(RESET) refers to startup_stm32f407xx.o(.text) for Reset_Handler
    startup_stm32f407xx.o(RESET) refers to stm32f4xx_it.o(i.NMI_Handler) for NMI_Handler
    startup_stm32f407xx.o(RESET) refers to stm32f4xx_it.o(i.HardFault_Handler) for HardFault_Handler
    startup_stm32f407xx.o(RESET) refers to stm32f4xx_it.o(i.MemManage_Handler) for MemManage_Handler
    startup_stm32f407xx.o(RESET) refers to stm32f4xx_it.o(i.BusFault_Handler) for BusFault_Handler
    startup_stm32f407xx.o(RESET) refers to stm32f4xx_it.o(i.UsageFault_Handler) for UsageFault_Handler
    startup_stm32f407xx.o(RESET) refers to stm32f4xx_it.o(i.SVC_Handler) for SVC_Handler
    startup_stm32f407xx.o(RESET) refers to stm32f4xx_it.o(i.DebugMon_Handler) for DebugMon_Handler
    startup_stm32f407xx.o(RESET) refers to stm32f4xx_it.o(i.PendSV_Handler) for PendSV_Handler
    startup_stm32f407xx.o(RESET) refers to main.o(i.SysTick_Handler) for SysTick_Handler
    startup_stm32f407xx.o(RESET) refers to stm32f4xx_it.o(i.DMA2_Stream2_IRQHandler) for DMA2_Stream2_IRQHandler
    startup_stm32f407xx.o(RESET) refers to stm32f4xx_it.o(i.DMA2_Stream5_IRQHandler) for DMA2_Stream5_IRQHandler
    startup_stm32f407xx.o(RESET) refers to stm32f4xx_it.o(i.DMA2_Stream6_IRQHandler) for DMA2_Stream6_IRQHandler
    startup_stm32f407xx.o(.text) refers (Special) to heapauxi.o(.text) for __use_two_region_memory
    startup_stm32f407xx.o(.text) refers to system_stm32f4xx_1.o(i.SystemInit) for SystemInit
    startup_stm32f407xx.o(.text) refers to __main.o(!!!main) for __main
    startup_stm32f407xx.o(.text) refers to startup_stm32f407xx.o(HEAP) for Heap_Mem
    startup_stm32f407xx.o(.text) refers to startup_stm32f407xx.o(STACK) for Stack_Mem
    lcd_main.o(i.printi) refers to lcd_main.o(i.prints) for prints
    lcd_main.o(i.tft_clear) refers to lcd_main.o(.data) for .data
    lcd_main.o(i.tft_clear) refers to lcd_main.o(.bss) for .bss
    lcd_main.o(i.tft_clear_line) refers to lcd_main.o(.data) for .data
    lcd_main.o(i.tft_clear_line) refers to lcd_main.o(.bss) for .bss
    lcd_main.o(i.tft_fill_color) refers to lcd_main.o(.data) for .data
    lcd_main.o(i.tft_force_clear) refers to aeabi_memset.o(.text) for __aeabi_memset
    lcd_main.o(i.tft_force_clear) refers to lcd_main.o(i.tft_fill_color) for tft_fill_color
    lcd_main.o(i.tft_force_clear) refers to lcd_main.o(.bss) for .bss
    lcd_main.o(i.tft_force_clear) refers to lcd_main.o(.data) for .data
    lcd_main.o(i.tft_get_orientation) refers to lcd_main.o(.data) for .data
    lcd_main.o(i.tft_init) refers to lcd_main.o(i.tft_fill_color) for tft_fill_color
    lcd_main.o(i.tft_init) refers to lcd_main.o(i.tft_clear) for tft_clear
    lcd_main.o(i.tft_init) refers to lcd_main.o(.data) for .data
    lcd_main.o(i.tft_init) refers to main.o(.data) for __delay
    lcd_main.o(i.tft_init) refers to lcd_main.o(.constdata) for .constdata
    lcd_main.o(i.tft_printb) refers to lcd_main.o(i.tft_printc) for tft_printc
    lcd_main.o(i.tft_printf) refers to lcd_main.o(i.tft_printc) for tft_printc
    lcd_main.o(i.tft_printh) refers to lcd_main.o(i.tft_printc) for tft_printc
    lcd_main.o(i.tft_printi) refers to lcd_main.o(i.tft_printc) for tft_printc
    lcd_main.o(i.tft_printl) refers to llsdiv.o(.text) for __aeabi_ldivmod
    lcd_main.o(i.tft_printl) refers to lcd_main.o(i.tft_printc) for tft_printc
    lcd_main.o(i.tft_prints) refers to rt_memclr_w.o(.text) for __aeabi_memclr4
    lcd_main.o(i.tft_prints) refers to lcd_main.o(i.prints) for prints
    lcd_main.o(i.tft_prints) refers to lcd_main.o(i.printi) for printi
    lcd_main.o(i.tft_prints) refers to lcd_main.o(i.tft_printc) for tft_printc
    lcd_main.o(i.tft_printu) refers to lcd_main.o(i.tft_printc) for tft_printc
    lcd_main.o(i.tft_pxbuf_update) refers to lcd_main.o(.data) for .data
    lcd_main.o(i.tft_pxbuf_update) refers to lcd_main.o(.bss) for .bss
    lcd_main.o(i.tft_pxbuf_update) refers to lcd_main.o(.constdata) for .constdata
    lcd_main.o(i.tft_pxbuf_write) refers to lcd_main.o(.data) for .data
    lcd_main.o(i.tft_pxbuf_write) refers to lcd_main.o(.bss) for .bss
    lcd_main.o(i.tft_pxbuf_write) refers to lcd_main.o(.constdata) for .constdata
    lcd_main.o(i.tft_reset) refers to main.o(.data) for __delay
    lcd_main.o(i.tft_set_bg_color) refers to lcd_main.o(.data) for .data
    lcd_main.o(i.tft_set_highlight_color) refers to lcd_main.o(.data) for .data
[...]
    L                                        0x0802f540   Data          48  pow.o(.constdata)
    P                                        0x0802f570   Data          40  pow.o(.constdata)
    .constdata                               0x0802f598   Section      152  atan.o(.constdata)
    atanhi                                   0x0802f598   Data          32  atan.o(.constdata)
    atanlo                                   0x0802f5b8   Data          32  atan.o(.constdata)
    aTodd                                    0x0802f5d8   Data          40  atan.o(.constdata)
    aTeven                                   0x0802f600   Data          48  atan.o(.constdata)
    .constdata                               0x0802f630   Section        8  qnan.o(.constdata)
    .conststring                             0x0802f638   Section      342  main.o(.conststring)
    .conststring                             0x0802f790   Section      744  cpu.o(.conststring)
    .data                                    0x10000000   Section       16  lcd_main.o(.data)
    .data                                    0x10000010   Section       28  main.o(.data)
    GAME_SELECT                              0x1000001c   Data           4  main.o(.data)
    last_joypad_state                        0x10000020   Data           4  main.o(.data)
    last_blink                               0x10000024   Data           4  main.o(.data)
    last_bright                              0x10000028   Data           4  main.o(.data)
    .data                                    0x1000002c   Section       12  ppu.o(.data)
    .data                                    0x10000038   Section       16  nes.o(.data)
    romFiles                                 0x1000003c   Data          12  nes.o(.data)
    .data                                    0x10000048   Section       74  imu.o(.data)
    imu_control                              0x10000048   Data           1  imu.o(.data)
    .data                                    0x10000094   Section       12  stm32f4xx_hal.o(.data)
    .data                                    0x100000a0   Section        4  system_stm32f4xx_1.o(.data)
    .bss                                     0x100000a4   Section    28480  lcd_main.o(.bss)
    tft_dma_bufs                             0x10001fe4   Data       20480  lcd_main.o(.bss)
    .bss                                     0x10006fe4   Section       24  main.o(.bss)
    .bss                                     0x10006ffc   Section      228  sdio.o(.bss)
    .bss                                     0x100070e0   Section      128  imu.o(.bss)
    .bss                                     0x10007160   Section       96  libspace.o(.bss)
    HEAP                                     0x100071c0   Section      512  startup_stm32f407xx.o(HEAP)
    Heap_Mem                                 0x100071c0   Data         512  startup_stm32f407xx.o(HEAP)
    STACK                                    0x100073c0   Section     1024  startup_stm32f407xx.o(STACK)
    Stack_Mem                                0x100073c0   Data        1024  startup_stm32f407xx.o(STACK)
    __initial_sp                             0x100077c0   Data           0  startup_stm32f407xx.o(STACK)
    .data                                    0x20000000   Section        8  adc.o(.data)
    .data                                    0x20000008   Section     1092  cpu.o(.data)
    IRQ_Flag                                 0x20000009   Data           1  cpu.o(.data)
    A                                        0x2000000a   Data           1  cpu.o(.data)
    X                                        0x2000000b   Data           1  cpu.o(.data)
    Y                                        0x2000000c   Data           1  cpu.o(.data)
    P                                        0x2000000d   Data           1  cpu.o(.data)
    S                                        0x2000000e   Data           1  cpu.o(.data)
    opcode                                   0x2000000f   Data           1  cpu.o(.data)
    operand                                  0x20000010   Data           1  cpu.o(.data)
    joypad_read_state                        0x20000011   Data           2  cpu.o(.data)
    joypad_strobe                            0x20000013   Data           2  cpu.o(.data)
    PC                                       0x20000016   Data           2  cpu.o(.data)
    operand16                                0x20000018   Data           2  cpu.o(.data)
    .bss                                     0x2000044c   Section     2048  cpu.o(.bss)
    .bss                                     0x20000c4c   Section    126556  ppu.o(.bss)
    Buffer_scanline                          0x2001f888   Data         544  ppu.o(.bss)
    .bss                                     0x2001faa8   Section      257  ppu.o(.bss)

    Global Symbols

    Symbol Name                              Value     Ov Type        Size  Object(Section)

    BuildAttributes$$THM_ISAv4$E$P$D$K$B$S$7EM$VFPi3$EXTD16$VFPS$VFMA$PE$A:L22UL41UL21$X:L11$S22US41US21$IEEE1$IW$USESV6$~STKCKD$USESV7$~SHL$OTIME$ROPI$IEEEX$EBA8$UX$STANDARDLIB$REQ8$PRES8$EABIv2 0x00000000   Number         0  anon$$obj.o ABSOLUTE
    __ARM_use_no_argv                        0x00000000   Number         0  main.o ABSOLUTE
    __ARM_exceptions_init                     - Undefined Weak Reference
    __alloca_initialize                       - Undefined Weak Reference
    __arm_preinit_                            - Undefined Weak Reference
    __cpp_initialize__aeabi_                  - Undefined Weak Reference
    __cxa_finalize                            - Undefined Weak Reference
    __rt_locale                               - Undefined Weak Reference
    __sigvec_lookup                           - Undefined Weak Reference
    _atexit_init                              - Undefined Weak Reference
    _call_atexit_fns                          - Undefined Weak Reference
    _clock_init                               - Undefined Weak Reference
    _fp_trap_init                             - Undefined Weak Reference
    _fp_trap_shutdown                         - Undefined Weak Reference
    _get_lc_collate                           - Undefined Weak Reference
    _get_lc_ctype                             - Undefined Weak Reference
    _get_lc_monetary                          - Undefined Weak Reference
    _get_lc_numeric                           - Undefined Weak Reference
    _get_lc_time                              - Undefined Weak Reference
    _getenv_init                              - Undefined Weak Reference
    _handle_redirection                       - Undefined Weak Reference
    _init_alloc                               - Undefined Weak Reference
    _init_user_alloc                          - Undefined Weak Reference
    _initio                                   - Undefined Weak Reference
    _rand_init                                - Undefined Weak Reference
    _signal_finish                            - Undefined Weak Reference
    _signal_init                              - Undefined Weak Reference
    _terminate_alloc                          - Undefined Weak Reference
    _terminate_user_alloc                     - Undefined Weak Reference
    _terminateio                              - Undefined Weak Reference
    __Vectors_Size                           0x00000188   Number         0  startup_stm32f407xx.o ABSOLUTE
    __Vectors                                0x08000000   Data           4  startup_stm32f407xx.o(RESET)
    __Vectors_End                            0x08000188   Data           0  startup_stm32f407xx.o(RESET)
    __main                                   0x08000189   Thumb Code     8  __main.o(!!!main)
    __scatterload                            0x08000191   Thumb Code     0  __scatter.o(!!!scatter)
    __scatterload_rt2                        0x08000191   Thumb Code    44  __scatter.o(!!!scatter)
    __scatterload_rt2_thumb_only             0x08000191   Thumb Code     0  __scatter.o(!!!scatter)
    __scatterload_null                       0x0800019f   Thumb Code     0  __scatter.o(!!!scatter)
    __decompress                             0x080001c5   Thumb Code   100  __dclz77c.o(!!dclz77c)
    __decompress2                            0x080001c5   Thumb Code     0  __dclz77c.o(!!dclz77c)
    __scatterload_copy                       0x08000229   Thumb Code    26  __scatter_copy.o(!!handler_copy)
    __scatterload_zeroinit                   0x08000245   Thumb Code    28  __scatter_zi.o(!!handler_zi)
    __rt_lib_init                            0x08000261   Thumb Code     0  libinit.o(.ARM.Collect$$libinit$$00000000)
    __rt_lib_init_fp_1                       0x08000263   Thumb Code     0  libinit2.o(.ARM.Collect$$libinit$$00000001)
    __rt_lib_init_alloca_1                   0x08000267   Thumb Code     0  libinit2.o(.ARM.Collect$$libinit$$0000002E)
    __rt_lib_init_argv_1                     0x08000267   Thumb Code     0  libinit2.o(.ARM.Collect$$libinit$$0000002C)
    __rt_lib_init_atexit_1                   0x08000267   Thumb Code     0  libinit2.o(.ARM.Collect$$libinit$$0000001B)
    __rt_lib_init_clock_1                    0x08000267   Thumb Code     0  libinit2.o(.ARM.Collect$$libinit$$00000021)
    __rt_lib_init_cpp_1                      0x08000267   Thumb Code     0  libinit2.o(.ARM.Collect$$libinit$$00000032)
    __rt_lib_init_exceptions_1               0x08000267   Thumb Code     0  libinit2.o(.ARM.Collect$$libinit$$00000030)
    __rt_lib_init_fp_trap_1                  0x08000267   Thumb Code     0  libinit2.o(.ARM.Collect$$libinit$$0000001F)
    __rt_lib_init_getenv_1                   0x08000267   Thumb Code     0  libinit2.o(.ARM.Collect$$libinit$$00000023)
    __rt_lib_init_heap_1                     0x08000267   Thumb Code     0  libinit2.o(.ARM.Collect$$libinit$$0000000A)
    __rt_lib_init_lc_collate_1               0x08000267   Thumb Code     0  libinit2.o(.ARM.Collect$$libinit$$00000011)
    __rt_lib_init_lc_ctype_1                 0x08000267   Thumb Code     0  libinit2.o(.ARM.Collect$$libinit$$00000013)
    __rt_lib_init_lc_monetary_1              0x08000267   Thumb Code     0  libinit2.o(.ARM.Collect$$libinit$$00000015)
    __rt_lib_init_lc_numeric_1               0x08000267   Thumb Code     0  libinit2.o(.ARM.Collect$$libinit$$00000017)
    __rt_lib_init_lc_time_1                  0x08000267   Thumb Code     0  libinit2.o(.ARM.Collect$$libinit$$00000019)
    __rt_lib_init_preinit_1                  0x08000267   Thumb Code     0  libinit2.o(.ARM.Collect$$libinit$$00000004)
    __rt_lib_init_rand_1                     0x08000267   Thumb Code     0  libinit2.o(.ARM.Collect$$libinit$$0000000E)
    __rt_lib_init_return                     0x08000267   Thumb Code     0  libinit2.o(.ARM.Collect$$libinit$$00000033)
    __rt_lib_init_signal_1                   0x08000267   Thumb Code     0  libinit2.o(.ARM.Collect$$libinit$$0000001D)
    __rt_lib_init_stdio_1                    0x08000267   Thumb Code     0  libinit2.o(.ARM.Collect$$libinit$$00000025)
    __rt_lib_init_user_alloc_1               0x08000267   Thumb Code     0  libinit2.o(.ARM.Collect$$libinit$$0000000C)
    __rt_lib_shutdown                        0x08000269   Thumb Code     0  libshutdown.o(.ARM.Collect$$libshutdown$$00000000)
    __rt_lib_shutdown_cpp_1                  0x0800026b   Thumb Code     0  libshutdown2.o(.ARM.Collect$$libshutdown$$00000002)
    __rt_lib_shutdown_fp_trap_1              0x0800026b   Thumb Code     0  libshutdown2.o(.ARM.Collect$$libshutdown$$00000007)
    __rt_lib_shutdown_heap_1                 0x0800026b   Thumb Code     0  libshutdown2.o(.ARM.Collect$$libshutdown$$0000000F)
    __rt_lib_shutdown_return                 0x0800026b   Thumb Code     0  libshutdown2.o(.ARM.Collect$$libshutdown$$00000010)
    __rt_lib_shutdown_signal_1               0x0800026b   Thumb Code     0  libshutdown2.o(.ARM.Collect$$libshutdown$$0000000A)
    __rt_lib_shutdown_stdio_1                0x0800026b   Thumb Code     0  libshutdown2.o(.ARM.Collect$$libshutdown$$00000004)
    __rt_lib_shutdown_user_alloc_1           0x0800026b   Thumb Code     0  libshutdown2.o(.ARM.Collect$$libshutdown$$0000000C)
    __rt_entry                               0x0800026d   Thumb Code     0  __rtentry.o(.ARM.Collect$$rtentry$$00000000)
    __rt_entry_presh_1                       0x0800026d   Thumb Code     0  __rtentry2.o(.ARM.Collect$$rtentry$$00000002)
    __rt_entry_sh                            0x0800026d   Thumb Code     0  __rtentry4.o(.ARM.Collect$$rtentry$$00000004)
    __rt_entry_li                            0x08000273   Thumb Code     0  __rtentry2.o(.ARM.Collect$$rtentry$$0000000A)
    __rt_entry_postsh_1                      0x08000273   Thumb Code     0  __rtentry2.o(.ARM.Collect$$rtentry$$00000009)
    __rt_entry_main                          0x08000277   Thumb Code     0  __rtentry2.o(.ARM.Collect$$rtentry$$0000000D)
    __rt_entry_postli_1                      0x08000277   Thumb Code     0  __rtentry2.o(.ARM.Collect$$rtentry$$0000000C)
    __rt_exit                                0x0800027f   Thumb Code     0  rtexit.o(.ARM.Collect$$rtexit$$00000000)
    __rt_exit_ls                             0x08000281   Thumb Code     0  rtexit2.o(.ARM.Collect$$rtexit$$00000003)
    __rt_exit_prels_1                        0x08000281   Thumb Code     0  rtexit2.o(.ARM.Collect$$rtexit$$00000002)
    __rt_exit_exit                           0x08000285   Thumb Code     0  rtexit2.o(.ARM.Collect$$rtexit$$00000004)
    Reset_Handler                            0x0800028d   Thumb Code     8  startup_stm32f407xx.o(.text)
    ADC_IRQHandler                           0x080002a7   Thumb Code     0  startup_stm32f407xx.o(.text)
    CAN1_RX0_IRQHandler                      0x080002a7   Thumb Code     0  startup_stm32f407xx.o(.text)
    CAN1_RX1_IRQHandler                      0x080002a7   Thumb Code     0  startup_stm32f407xx.o(.text)
    CAN1_SCE_IRQHandler                      0x080002a7   Thumb Code     0  startup_stm32f407xx.o(.text)
    CAN1_TX_IRQHandler                       0x080002a7   Thumb Code     0  startup_stm32f407xx.o(.text)
    CAN2_RX0_IRQHandler                      0x080002a7   Thumb Code     0  startup_stm32f407xx.o(.text)
    CAN2_RX1_IRQHandler                      0x080002a7   Thumb Code     0  startup_stm32f407xx.o(.text)
    CAN2_SCE_IRQHandler                      0x080002a7   Thumb Code     0  startup_stm32f407xx.o(.text)
    CAN2_TX_IRQHandler                       0x080002a7   Thumb Code     0  startup_stm32f407xx.o(.text)
    DCMI_IRQHandler                          0x080002a7   Thumb Code     0  startup_stm32f407xx.o(.text)
    DMA1_Stream0_IRQHandler                  0x080002a7   Thumb Code     0  startup_stm32f407xx.o(.text)
    DMA1_Stream1_IRQHandler                  0x080002a7   Thumb Code     0  startup_stm32f407xx.o(.text)
    DMA1_Stream2_IRQHandler                  0x080002a7   Thumb Code     0  startup_stm32f407xx.o(.text)
    DMA1_Stream3_IRQHandler                  0x080002a7   Thumb Code     0  startup_stm32f407xx.o(.text)
    DMA1_Stream4_IRQHandler                  0x080002a7   Thumb Code     0  startup_stm32f407xx.o(.text)
    DMA1_Stream5_IRQHandler                  0x080002a7   Thumb Code     0  startup_stm32f407xx.o(.text)
    DMA1_Stream6_IRQHandler                  0x080002a7   Thumb Code     0  startup_stm32f407xx.o(.text)
    DMA1_Stream7_IRQHandler                  0x080002a7   Thumb Code     0  startup_stm32f407xx.o(.text)
    DMA2_Stream0_IRQHandler                  0x080002a7   Thumb Code     0  startup_stm32f407xx.o(.text)
    DMA2_Stream1_IRQHandler                  0x080002a7   Thumb Code     0  startup_stm32f407xx.o(.text)
    DMA2_Stream3_IRQHandler                  0x080002a7   Thumb Code     0  startup_stm32f407xx.o(.text)
    DMA2_Stream4_IRQHandler                  0x080002a7   Thumb Code     0  startup_stm32f407xx.o(.text)
    DMA2_Stream7_IRQHandler                  0x080002a7   Thumb Code     0  startup_stm32f407xx.o(.text)
    ETH_IRQHandler                           0x080002a7   Thumb Code     0  startup_stm32f407xx.o(.text)
    ETH_WKUP_IRQHandler                      0x080002a7   Thumb Code     0  startup_stm32f407xx.o(.text)
    EXTI0_IRQHandler                         0x080002a7   Thumb Code     0  startup_stm32f407xx.o(.text)
    EXTI15_10_IRQHandler                     0x080002a7   Thumb Code     0  startup_stm32f407xx.o(.text)
    EXTI1_IRQHandler                         0x080002a7   Thumb Code     0  startup_stm32f407xx.o(.text)
    EXTI2_IRQHandler                         0x080002a7   Thumb Code     0  startup_stm32f407xx.o(.text)
    EXTI3_IRQHandler                         0x080002a7   Thumb Code     0  startup_stm32f407xx.o(.text)
    EXTI4_IRQHandler                         0x080002a7   Thumb Code     0  startup_stm32f407xx.o(.text)
    EXTI9_5_IRQHandler                       0x080002a7   Thumb Code     0  startup_stm32f407xx.o(.text)
    FLASH_IRQHandler                         0x080002a7   Thumb Code     0  startup_stm32f407xx.o(.text)
    FMC_IRQHandler                           0x080002a7   Thumb Code     0  startup_stm32f407xx.o(.text)
    FPU_IRQHandler                           0x080002a7   Thumb Code     0  startup_stm32f407xx.o(.text)
    HASH_RNG_IRQHandler                      0x080002a7   Thumb Code     0  startup_stm32f407xx.o(.text)
    I2C1_ER_IRQHandler                       0x080002a7   Thumb Code     0  startup_stm32f407xx.o(.text)
    I2C1_EV_IRQHandler                       0x080002a7   Thumb Code     0  startup_stm32f407xx.o(.text)
    I2C2_ER_IRQHandler                       0x080002a7   Thumb Code     0  startup_stm32f407xx.o(.text)
    I2C2_EV_IRQHandler                       0x080002a7   Thumb Code     0  startup_stm32f407xx.o(.text)
    I2C3_ER_IRQHandler                       0x080002a7   Thumb Code     0  startup_stm32f407xx.o(.text)
    I2C3_EV_IRQHandler                       0x080002a7   Thumb Code     0  startup_stm32f407xx.o(.text)
    OTG_FS_IRQHandler                        0x080002a7   Thumb Code     0  startup_stm32f407xx.o(.text)
    OTG_FS_WKUP_IRQHandler                   0x080002a7   Thumb Code     0  startup_stm32f407xx.o(.text)
    OTG_HS_EP1_IN_IRQHandler                 0x080002a7   Thumb Code     0  startup_stm32f407xx.o(.text)
    OTG_HS_EP1_OUT_IRQHandler                0x080002a7   Thumb Code     0  startup_stm32f407xx.o(.text)
    OTG_HS_IRQHandler                        0x080002a7   Thumb Code     0  startup_stm32f407xx.o(.text)
    OTG_HS_WKUP_IRQHandler                   0x080002a7   Thumb Code     0  startup_stm32f407xx.o(.text)
    PVD_IRQHandler                           0x080002a7   Thumb Code     0  startup_stm32f407xx.o(.text)
    RCC_IRQHandler                           0x080002a7   Thumb Code     0  startup_stm32f407xx.o(.text)
    RTC_Alarm_IRQHandler                     0x080002a7   Thumb Code     0  startup_stm32f407xx.o(.text)
    RTC_WKUP_IRQHandler                      0x080002a7   Thumb Code     0  startup_stm32f407xx.o(.text)
    SDIO_IRQHandler                          0x080002a7   Thumb Code     0  startup_stm32f407xx.o(.text)
    SPI1_IRQHandler                          0x080002a7   Thumb Code     0  startup_stm32f407xx.o(.text)
    SPI2_IRQHandler                          0x080002a7   Thumb Code     0  startup_stm32f407xx.o(.text)
    SPI3_IRQHandler                          0x080002a7   Thumb Code     0  startup_stm32f407xx.o(.text)
    TAMP_STAMP_IRQHandler                    0x080002a7   Thumb Code     0  startup_stm32f407xx.o(.text)
    TIM1_BRK_TIM9_IRQHandler                 0x080002a7   Thumb Code     0  startup_stm32f407xx.o(.text)
    TIM1_CC_IRQHandler                       0x080002a7   Thumb Code     0  startup_stm32f407xx.o(.text)
    TIM1_TRG_COM_TIM11_IRQHandler            0x080002a7   Thumb Code     0  startup_stm32f407xx.o(.text)
    TIM1_UP_TIM10_IRQHandler                 0x080002a7   Thumb Code     0  startup_stm32f407xx.o(.text)
    TIM2_IRQHandler                          0x080002a7   Thumb Code     0  startup_stm32f407xx.o(.text)
    TIM3_IRQHandler                          0x080002a7   Thumb Code     0  startup_stm32f407xx.o(.text)
    TIM4_IRQHandler                          0x080002a7   Thumb Code     0  startup_stm32f407xx.o(.text)
    TIM5_IRQHandler                          0x080002a7   Thumb Code     0  startup_stm32f407xx.o(.text)
    TIM6_DAC_IRQHandler                      0x080002a7   Thumb Code     0  startup_stm32f407xx.o(.text)
    TIM7_IRQHandler                          0x080002a7   Thumb Code     0  startup_stm32f407xx.o(.text)
    TIM8_BRK_TIM12_IRQHandler                0x080002a7   Thumb Code     0  startup_stm32f407xx.o(.text)
    TIM8_CC_IRQHandler                       0x080002a7   Thumb Code     0  startup_stm32f407xx.o(.text)
    TIM8_TRG_COM_TIM14_IRQHandler            0x080002a7   Thumb Code     0  startup_stm32f407xx.o(.text)
    TIM8_UP_TIM13_IRQHandler                 0x080002a7   Thumb Code     0  startup_stm32f407xx.o(.text)
    UART4_IRQHandler                         0x080002a7   Thumb Code     0  startup_stm32f407xx.o(.text)
    UART5_IRQHandler                         0x080002a7   Thumb Code     0  startup_stm32f407xx.o(.text)
    USART1_IRQHandler                        0x080002a7   Thumb Code     0  startup_stm32f407xx.o(.text)
    USART2_IRQHandler                        0x080002a7   Thumb Code     0  startup_stm32f407xx.o(.text)
    USART3_IRQHandler                        0x080002a7   Thumb Code     0  startup_stm32f407xx.o(.text)
    USART6_IRQHandler                        0x080002a7   Thumb Code     0  startup_stm32f407xx.o(.text)
    WWDG_IRQHandler                          0x080002a7   Thumb Code     0  startup_stm32f407xx.o(.text)
    __user_initial_stackheap                 0x080002a9   Thumb Code     0  startup_stm32f407xx.o(.text)
    __aeabi_memmove                          0x080002cd   Thumb Code     0  rt_memmove_v6.o(.text)
    __rt_memmove                             0x080002cd   Thumb Code   132  rt_memmove_v6.o(.text)
    __memmove_lastfew                        0x0800032d   Thumb Code     0  rt_memmove_v6.o(.text)
    __aeabi_memclr4                          0x08000351   Thumb Code     0  rt_memclr_w.o(.text)
    __aeabi_memclr8                          0x08000351   Thumb Code     0  rt_memclr_w.o(.text)
    __rt_memclr_w                            0x08000351   Thumb Code    78  rt_memclr_w.o(.text)
    _memset_w                                0x08000355   Thumb Code     0  rt_memclr_w.o(.text)
    __use_two_region_memory                  0x0800039f   Thumb Code     2  heapauxi.o(.text)
    __rt_heap_escrow$2region                 0x080003a1   Thumb Code     2  heapauxi.o(.text)
    __rt_heap_expand$2region                 0x080003a3   Thumb Code     2  heapauxi.o(.text)
    __read_errno                             0x080003a5   Thumb Code    10  _rserrno.o(.text)
    __set_errno                              0x080003af   Thumb Code    12  _rserrno.o(.text)
    __aeabi_memcpy                           0x080003bb   Thumb Code     0  rt_memcpy_v6.o(.text)
    __rt_memcpy                              0x080003bb   Thumb Code   138  rt_memcpy_v6.o(.text)
    _memcpy_lastbytes                        0x08000421   Thumb Code     0  rt_memcpy_v6.o(.text)
    __aeabi_memmove4                         0x08000445   Thumb Code     0  rt_memmove_w.o(.text)
    __aeabi_memmove8                         0x08000445   Thumb Code     0  rt_memmove_w.o(.text)
    __rt_memmove_w                           0x08000445   Thumb Code   122  rt_memmove_w.o(.text)
    __memmove_aligned                        0x0800046b   Thumb Code     0  rt_memmove_w.o(.text)
    __memmove_lastfew_aligned                0x080004a3   Thumb Code     0  rt_memmove_w.o(.text)
    __aeabi_errno_addr                       0x080004c1   Thumb Code     8  rt_errno_addr_intlibspace.o(.text)
    __errno$intlibspace                      0x080004c1   Thumb Code     0  rt_errno_addr_intlibspace.o(.text)
    __rt_errno_addr$intlibspace              0x080004c1   Thumb Code     0  rt_errno_addr_intlibspace.o(.text)
    __aeabi_memcpy4                          0x080004c9   Thumb Code     0  rt_memcpy_w.o(.text)
    __aeabi_memcpy8                          0x080004c9   Thumb Code     0  rt_memcpy_w.o(.text)
    __rt_memcpy_w                            0x080004c9   Thumb Code   100  rt_memcpy_w.o(.text)
    _memcpy_lastbytes_aligned                0x08000511   Thumb Code     0  rt_memcpy_w.o(.text)
    __user_libspace                          0x0800052d   Thumb Code     8  libspace.o(.text)
    __user_perproc_libspace                  0x0800052d   Thumb Code     0  libspace.o(.text)
    __user_perthread_libspace                0x0800052d   Thumb Code     0  libspace.o(.text)
    __user_setup_stackheap                   0x08000535   Thumb Code    74  sys_stackheap_outer.o(.text)
    exit                                     0x0800057f   Thumb Code    18  exit.o(.text)
    _sys_exit                                0x08000591   Thumb Code     8  sys_exit.o(.text)
    __I$use$semihosting                      0x0800059d   Thumb Code     0  use_no_semi.o(.text)
    __use_no_semihosting_swi                 0x0800059d   Thumb Code     2  use_no_semi.o(.text)
    BusFault_Handler                         0x0800059f   Thumb Code     2  stm32f4xx_it.o(i.BusFault_Handler)
    __semihosting_library_function           0x0800059f   Thumb Code     0  indicate_semi.o(.text)
    DMA2_Stream2_IRQHandler                  0x080005a1   Thumb Code     2  stm32f4xx_it.o(i.DMA2_Stream2_IRQHandler)
    DMA2_Stream5_IRQHandler                  0x080005a3   Thumb Code     2  stm32f4xx_it.o(i.DMA2_Stream5_IRQHandler)
    DMA2_Stream6_IRQHandler                  0x080005a5   Thumb Code     6  stm32f4xx_it.o(i.DMA2_Stream6_IRQHandler)
    DebugMon_Handler                         0x080005b1   Thumb Code     2  stm32f4xx_it.o(i.DebugMon_Handler)
    Error_Handler                            0x080005b3   Thumb Code     2  main.o(i.Error_Handler)
    HAL_DMA_IRQHandler                       0x080005b5   Thumb Code   470  stm32f4xx_hal_dma.o(i.HAL_DMA_IRQHandler)
    HAL_DMA_Init                             0x08000791   Thumb Code   334  stm32f4xx_hal_dma.o(i.HAL_DMA_Init)
    HAL_Delay                                0x080008ed   Thumb Code    34  stm32f4xx_hal.o(i.HAL_Delay)
    HAL_GPIO_Init                            0x08000915   Thumb Code   552  stm32f4xx_hal_gpio.o(i.HAL_GPIO_Init)
    HAL_GetTick                              0x08000b51   Thumb Code     6  main.o(i.HAL_GetTick)
    HAL_Init                                 0x08000b5d   Thumb Code    48  stm32f4xx_hal.o(i.HAL_Init)
    HAL_InitTick                             0x08000b91   Thumb Code    54  stm32f4xx_hal.o(i.HAL_InitTick)
    HAL_MspInit                              0x08000bd1   Thumb Code    42  stm32f4xx_hal_msp.o(i.HAL_MspInit)
    HAL_NVIC_EnableIRQ                       0x08000c05   Thumb Code    24  stm32f4xx_hal_cortex.o(i.HAL_NVIC_EnableIRQ)
    HAL_NVIC_SetPriority                     0x08000c1d   Thumb Code    96  stm32f4xx_hal_cortex.o(i.HAL_NVIC_SetPriority)
    HAL_NVIC_SetPriorityGrouping             0x08000c81   Thumb Code    30  stm32f4xx_hal_cortex.o(i.HAL_NVIC_SetPriorityGrouping)
    HAL_SD_ConfigWideBusOperation            0x08000ca5   Thumb Code   280  stm32f4xx_hal_sd.o(i.HAL_SD_ConfigWideBusOperation)
    HAL_SD_GetCardCSD                        0x08000dbd   Thumb Code   508  stm32f4xx_hal_sd.o(i.HAL_SD_GetCardCSD)
    HAL_SD_Init                              0x08000fb9   Thumb Code    54  stm32f4xx_hal_sd.o(i.HAL_SD_Init)
    HAL_SD_InitCard                          0x08000ff1   Thumb Code   446  stm32f4xx_hal_sd.o(i.HAL_SD_InitCard)
    HAL_SD_MspInit                           0x080011b5   Thumb Code   214  sdio.o(i.HAL_SD_MspInit)
    HAL_SYSTICK_Config                       0x080012a5   Thumb Code    38  stm32f4xx_hal_cortex.o(i.HAL_SYSTICK_Config)
    HardFault_Handler                        0x080012d1   Thumb Code     2  stm32f4xx_it.o(i.HardFault_Handler)
    IMU_dataAvailable                        0x080012d5   Thumb Code    80  imu.o(i.IMU_dataAvailable)
    IMU_enableRotation                       0x08001335   Thumb Code    10  imu.o(i.IMU_enableRotation)
    IMU_init                                 0x08001341   Thumb Code   222  imu.o(i.IMU_init)
    IMU_parseInputReport                     0x08001439   Thumb Code   280  imu.o(i.IMU_parseInputReport)
    IMU_receivePacket                        0x0800155d   Thumb Code   230  imu.o(i.IMU_receivePacket)
    IMU_sendPacket                           0x08001661   Thumb Code   240  imu.o(i.IMU_sendPacket)
    IMU_setFeatureCommand                    0x08001771   Thumb Code    84  imu.o(i.IMU_setFeatureCommand)
    LL_ADC_CommonInit                        0x080017c9   Thumb Code    86  stm32f4xx_ll_adc.o(i.LL_ADC_CommonInit)
    LL_ADC_Init                              0x08001829   Thumb Code    60  stm32f4xx_ll_adc.o(i.LL_ADC_Init)
    LL_ADC_REG_Init                          0x08001865   Thumb Code   108  stm32f4xx_ll_adc.o(i.LL_ADC_REG_Init)
    LL_DAC_Init                              0x080018d5   Thumb Code    90  stm32f4xx_ll_dac.o(i.LL_DAC_Init)
    LL_GPIO_Init                             0x08001931   Thumb Code   340  stm32f4xx_ll_gpio.o(i.LL_GPIO_Init)
    LL_Init1msTick                           0x08001a85   Thumb Code    26  stm32f4xx_ll_utils.o(i.LL_Init1msTick)
    LL_RCC_GetSystemClocksFreq               0x08001aa1   Thumb Code   142  stm32f4xx_ll_rcc.o(i.LL_RCC_GetSystemClocksFreq)
    LL_SPI_Init                              0x08001b45   Thumb Code   102  stm32f4xx_ll_spi.o(i.LL_SPI_Init)
    LL_SetSystemCoreClock                    0x08001bad   Thumb Code     6  stm32f4xx_ll_utils.o(i.LL_SetSystemCoreClock)
    LL_TIM_Init                              0x08001bb9   Thumb Code   182  stm32f4xx_ll_tim.o(i.LL_TIM_Init)
    LL_TIM_OC_Init                           0x08001c85   Thumb Code   446  stm32f4xx_ll_tim.o(i.LL_TIM_OC_Init)
    LL_USART_Init                            0x08001e4d   Thumb Code   408  stm32f4xx_ll_usart.o(i.LL_USART_Init)
    MX_ADC1_Init                             0x08001fe9   Thumb Code   690  adc.o(i.MX_ADC1_Init)
    MX_DAC_Init                              0x080022bd   Thumb Code   262  dac.o(i.MX_DAC_Init)
    MX_DMA_Init                              0x080023f1   Thumb Code   348  dma.o(i.MX_DMA_Init)
    MX_GPIO_Init                             0x0800257d   Thumb Code   284  gpio.o(i.MX_GPIO_Init)
    MX_SDIO_SD_Init                          0x080026b9   Thumb Code    58  sdio.o(i.MX_SDIO_SD_Init)
    MX_SPI1_Init                             0x080026fd   Thumb Code   346  spi.o(i.MX_SPI1_Init)
    MX_SPI2_Init                             0x08002881   Thumb Code   446  spi.o(i.MX_SPI2_Init)
    MX_TIM10_Init                            0x08002a69   Thumb Code    50  tim.o(i.MX_TIM10_Init)
    MX_TIM11_Init                            0x08002aa5   Thumb Code    50  tim.o(i.MX_TIM11_Init)
    MX_TIM12_Init                            0x08002ae1   Thumb Code    64  tim.o(i.MX_TIM12_Init)
    MX_TIM13_Init                            0x08002b29   Thumb Code   232  tim.o(i.MX_TIM13_Init)
    MX_TIM14_Init                            0x08002c39   Thumb Code    50  tim.o(i.MX_TIM14_Init)
    MX_TIM6_Init                             0x08002c75   Thumb Code   116  tim.o(i.MX_TIM6_Init)
    MX_TIM7_Init                             0x08002cfd   Thumb Code    68  tim.o(i.MX_TIM7_Init)
    MX_TIM9_Init                             0x08002d49   Thumb Code    64  tim.o(i.MX_TIM9_Init)
    MX_USART1_UART_Init                      0x08002d91   Thumb Code   452  usart.o(i.MX_USART1_UART_Init)
    MX_USART2_UART_Init                      0x08002f7d   Thumb Code   304  usart.o(i.MX_USART2_UART_Init)
    MemManage_Handler                        0x080030d5   Thumb Code     2  stm32f4xx_it.o(i.MemManage_Handler)
    NMI_Handler                              0x080030d7   Thumb Code     2  stm32f4xx_it.o(i.NMI_Handler)
    PendSV_Handler                           0x080030d9   Thumb Code     2  stm32f4xx_it.o(i.PendSV_Handler)
    SDIO_ConfigData                          0x080030db   Thumb Code    36  stm32f4xx_ll_sdmmc.o(i.SDIO_ConfigData)
    SDIO_GetPowerState                       0x080030ff   Thumb Code     8  stm32f4xx_ll_sdmmc.o(i.SDIO_GetPowerState)
    SDIO_GetResponse                         0x08003107   Thumb Code    14  stm32f4xx_ll_sdmmc.o(i.SDIO_GetResponse)
    SDIO_Init                                0x08003115   Thumb Code    44  stm32f4xx_ll_sdmmc.o(i.SDIO_Init)
    SDIO_PowerState_ON                       0x08003141   Thumb Code     8  stm32f4xx_ll_sdmmc.o(i.SDIO_PowerState_ON)
    SDIO_ReadFIFO                            0x08003149   Thumb Code     6  stm32f4xx_ll_sdmmc.o(i.SDIO_ReadFIFO)
    SDMMC_CmdAppCommand                      0x0800314f   Thumb Code    26  stm32f4xx_ll_sdmmc.o(i.SDMMC_CmdAppCommand)
    SDMMC_CmdAppOperCommand                  0x08003169   Thumb Code    84  stm32f4xx_ll_sdmmc.o(i.SDMMC_CmdAppOperCommand)
    SDMMC_CmdBlockLength                     0x080031c1   Thumb Code    24  stm32f4xx_ll_sdmmc.o(i.SDMMC_CmdBlockLength)
    SDMMC_CmdBusWidth                        0x080031d9   Thumb Code    26  stm32f4xx_ll_sdmmc.o(i.SDMMC_CmdBusWidth)
    SDMMC_CmdGoIdleState                     0x080031f5   Thumb Code    62  stm32f4xx_ll_sdmmc.o(i.SDMMC_CmdGoIdleState)
    SDMMC_CmdOperCond                        0x08003239   Thumb Code    92  stm32f4xx_ll_sdmmc.o(i.SDMMC_CmdOperCond)
    SDMMC_CmdSelDesel                        0x08003299   Thumb Code    26  stm32f4xx_ll_sdmmc.o(i.SDMMC_CmdSelDesel)
    SDMMC_CmdSendCID                         0x080032b5   Thumb Code    92  stm32f4xx_ll_sdmmc.o(i.SDMMC_CmdSendCID)
    SDMMC_CmdSendCSD                         0x08003315   Thumb Code    92  stm32f4xx_ll_sdmmc.o(i.SDMMC_CmdSendCSD)
    SDMMC_CmdSendSCR                         0x08003375   Thumb Code    28  stm32f4xx_ll_sdmmc.o(i.SDMMC_CmdSendSCR)
    SDMMC_CmdSetRelAdd                       0x08003391   Thumb Code   156  stm32f4xx_ll_sdmmc.o(i.SDMMC_CmdSetRelAdd)
    SVC_Handler                              0x080036b7   Thumb Code     2  stm32f4xx_it.o(i.SVC_Handler)
    SysTick_Handler                          0x080036b9   Thumb Code    28  main.o(i.SysTick_Handler)
    SystemClock_Config                       0x080036d9   Thumb Code   174  main.o(i.SystemClock_Config)
    SystemInit                               0x080037a9   Thumb Code    64  system_stm32f4xx_1.o(i.SystemInit)
    UsageFault_Handler                       0x08003801   Thumb Code     2  stm32f4xx_it.o(i.UsageFault_Handler)
    __ARM_fpclassify                         0x08003803   Thumb Code    48  fpclassify.o(i.__ARM_fpclassify)
    __hardfp_asin                            0x08003839   Thumb Code   770  asin.o(i.__hardfp_asin)
    __hardfp_atan                            0x08003b99   Thumb Code   622  atan.o(i.__hardfp_atan)
    __hardfp_atan2                           0x08003e71   Thumb Code   432  atan2.o(i.__hardfp_atan2)
    __hardfp_pow                             0x08004061   Thumb Code  3072  pow.o(i.__hardfp_pow)
    __kernel_poly                            0x08004cb1   Thumb Code   248  poly.o(i.__kernel_poly)
    __mathlib_dbl_divzero                    0x08004da9   Thumb Code    28  dunder.o(i.__mathlib_dbl_divzero)
    __mathlib_dbl_infnan                     0x08004dd9   Thumb Code    20  dunder.o(i.__mathlib_dbl_infnan)
    __mathlib_dbl_infnan2                    0x08004ded   Thumb Code    20  dunder.o(i.__mathlib_dbl_infnan2)
    __mathlib_dbl_invalid                    0x08004e01   Thumb Code    24  dunder.o(i.__mathlib_dbl_invalid)
    __mathlib_dbl_overflow                   0x08004e21   Thumb Code    24  dunder.o(i.__mathlib_dbl_overflow)
    __mathlib_dbl_underflow                  0x08004e41   Thumb Code    24  dunder.o(i.__mathlib_dbl_underflow)
    atan                                     0x08004e61   Thumb Code    16  atan.o(i.atan)
    cpu_exec                                 0x080065ad   Thumb Code   172  cpu.o(i.cpu_exec)
    cpu_initmem                              0x08009ded   Thumb Code    20  cpu.o(i.cpu_initmem)
    cpu_reset                                0x0800a959   Thumb Code    36  cpu.o(i.cpu_reset)
    fabs                                     0x0800c481   Thumb Code    24  fabs.o(i.fabs)
    getAccelFlick                            0x0800c499   Thumb Code    44  imu.o(i.getAccelFlick)
    getAccelLeft                             0x0800c4d1   Thumb Code    30  imu.o(i.getAccelLeft)
    getAccelRight                            0x0800c4f9   Thumb Code    30  imu.o(i.getAccelRight)
    getIMUControl                            0x0800c521   Thumb Code     6  imu.o(i.getIMUControl)
    getPitch                                 0x0800c531   Thumb Code   234  imu.o(i.getPitch)
    getRoll                                  0x0800c641   Thumb Code   190  imu.o(i.getRoll)
    joypad_assigned                          0x0800c719   Thumb Code   654  main.o(i.joypad_assigned)
    joypad_icon                              0x0800c9ad   Thumb Code    34  main.o(i.joypad_icon)
    joypad_read                              0x0800c9dd   Thumb Code   134  cpu.o(i.joypad_read)
    joypad_rotate                            0x0800ca69   Thumb Code    54  main.o(i.joypad_rotate)
    joypad_update                            0x0800caa9   Thumb Code   162  cpu.o(i.joypad_update)
    joystick_init                            0x0800cb59   Thumb Code   116  adc.o(i.joystick_init)
    main                                     0x0800cbe5   Thumb Code  2388  main.o(i.main)
    nes_frame                                0x0800d595   Thumb Code   202  nes.o(i.nes_frame)
    nes_init                                 0x0800d679   Thumb Code    38  nes.o(i.nes_init)
    ppu_init                                 0x0800d6a1   Thumb Code    76  ppu.o(i.ppu_init)
    ppu_render_line                          0x0800d6f9   Thumb Code  3390  ppu.o(i.ppu_render_line)
    ppu_spr0_hit_flag                        0x0800e43d   Thumb Code   354  ppu.o(i.ppu_spr0_hit_flag)
    premap_palette                           0x0800e5b1   Thumb Code   148  ppu.o(i.premap_palette)
    qToFloat                                 0x0800e781   Thumb Code    70  imu.o(i.qToFloat)
    rom_select                               0x0800e7d1   Thumb Code     8  nes.o(i.rom_select)
    sqrt                                     0x0800e7dd   Thumb Code   110  sqrt.o(i.sqrt)
    tft_clear                                0x0800e84d   Thumb Code   112  lcd_main.o(i.tft_clear)
    tft_double_push_pxbuf                    0x0800e8c5   Thumb Code   426  lcd_main.o(i.tft_double_push_pxbuf)
    tft_fill_color                           0x0800ea89   Thumb Code   638  lcd_main.o(i.tft_fill_color)
    tft_init                                 0x0800ed15   Thumb Code   388  lcd_main.o(i.tft_init)
    tft_printc                               0x0800eec1   Thumb Code   220  lcd_main.o(i.tft_printc)
    tft_prints                               0x0800efa5   Thumb Code   332  lcd_main.o(i.tft_prints)
    tft_update                               0x0800f0f9   Thumb Code   818  lcd_main.o(i.tft_update)
    toggleIMUControl                         0x0800f441   Thumb Code    16  imu.o(i.toggleIMUControl)
    __aeabi_dneg                             0x0800f455   Thumb Code     0  basic.o(x$fpl$basic)
    _dneg                                    0x0800f455   Thumb Code     6  basic.o(x$fpl$basic)
    __aeabi_fneg                             0x0800f45b   Thumb Code     0  basic.o(x$fpl$basic)
    _fneg                                    0x0800f45b   Thumb Code     6  basic.o(x$fpl$basic)
    _dabs                                    0x0800f461   Thumb Code     6  basic.o(x$fpl$basic)
    _fabs                                    0x0800f467   Thumb Code     6  basic.o(x$fpl$basic)
    __aeabi_d2f                              0x0800f46d   Thumb Code     0  d2f.o(x$fpl$d2f)
    _d2f                                     0x0800f46d   Thumb Code    98  d2f.o(x$fpl$d2f)
    __aeabi_dadd                             0x0800f4d1   Thumb Code     0  daddsub_clz.o(x$fpl$dadd)
    _dadd                                    0x0800f4d1   Thumb Code   332  daddsub_clz.o(x$fpl$dadd)
    __fpl_dcheck_NaN1                        0x0800f621   Thumb Code    10  dcheck1.o(x$fpl$dcheck1)
    __fpl_dcmp_Inf                           0x0800f631   Thumb Code    24  dcmpi.o(x$fpl$dcmpinf)
    __aeabi_ddiv                             0x0800f649   Thumb Code     0  ddiv.o(x$fpl$ddiv)
    _ddiv                                    0x0800f649   Thumb Code   552  ddiv.o(x$fpl$ddiv)
    __aeabi_i2d                              0x0800f8f9   Thumb Code     0  dflt_clz.o(x$fpl$dflt)
    _dflt                                    0x0800f8f9   Thumb Code    46  dflt_clz.o(x$fpl$dflt)
    __aeabi_cdcmple                          0x0800f929   Thumb Code     0  dleqf.o(x$fpl$dleqf)
    _dcmple                                  0x0800f929   Thumb Code   120  dleqf.o(x$fpl$dleqf)
    __fpl_dcmple_InfNaN                      0x0800f98b   Thumb Code     0  dleqf.o(x$fpl$dleqf)
    __aeabi_dmul                             0x0800f9a1   Thumb Code     0  dmul.o(x$fpl$dmul)
    _dmul                                    0x0800f9a1   Thumb Code   332  dmul.o(x$fpl$dmul)
    __fpl_dnaninf                            0x0800faf5   Thumb Code   156  dnaninf.o(x$fpl$dnaninf)
    __fpl_dretinf                            0x0800fb91   Thumb Code    12  dretinf.o(x$fpl$dretinf)
    __aeabi_cdrcmple                         0x0800fb9d   Thumb Code     0  drleqf.o(x$fpl$drleqf)
    _drcmple                                 0x0800fb9d   Thumb Code   108  drleqf.o(x$fpl$drleqf)
    __aeabi_drsub                            0x0800fc09   Thumb Code     0  daddsub_clz.o(x$fpl$drsb)
    _drsb                                    0x0800fc09   Thumb Code    22  daddsub_clz.o(x$fpl$drsb)
    _dsqrt                                   0x0800fc21   Thumb Code   404  dsqrt_umaal.o(x$fpl$dsqrt)
    __aeabi_dsub                             0x0800fdb9   Thumb Code     0  daddsub_clz.o(x$fpl$dsub)
    _dsub                                    0x0800fdb9   Thumb Code   464  daddsub_clz.o(x$fpl$dsub)
    __aeabi_f2d                              0x0800ff8d   Thumb Code     0  f2d.o(x$fpl$f2d)
    _f2d                                     0x0800ff8d   Thumb Code    86  f2d.o(x$fpl$f2d)
    __fpl_fnaninf                            0x0800ffe3   Thumb Code   140  fnaninf.o(x$fpl$fnaninf)
    _fp_init                                 0x0801006f   Thumb Code    10  fpinit.o(x$fpl$fpinit)
    __fplib_config_fpu_vfp                   0x08010077   Thumb Code     0  fpinit.o(x$fpl$fpinit)
    __fplib_config_pureend_doubles           0x08010077   Thumb Code     0  fpinit.o(x$fpl$fpinit)
    __fpl_fretinf                            0x08010079   Thumb Code    10  fretinf.o(x$fpl$fretinf)
    __fpl_return_NaN                         0x08010083   Thumb Code   100  retnan.o(x$fpl$retnan)
    __ARM_scalbn                             0x080100e7   Thumb Code    92  scalbn.o(x$fpl$scalbn)
    __fpl_cmpreturn                          0x08010143   Thumb Code    48  trapv.o(x$fpl$trapveneer)
    __I$use$fp                               0x08010172   Number         0  usenofp.o(x$fpl$usenofp)
    tft_orientation_init_code                0x08010172   Data           4  lcd_main.o(.constdata)
    tft_init_code                            0x08010f76   Data          71  lcd_main.o(.constdata)
    opcodeticks                              0x08010fec   Data        1024  cpu.o(.constdata)
    sprite                                   0x080113ec   Data           4  ppu.o(.constdata)
    AHBPrescTable                            0x0802f4a8   Data          16  system_stm32f4xx_1.o(.constdata)
    APBPrescTable                            0x0802f4b8   Data           8  system_stm32f4xx_1.o(.constdata)
    __mathlib_zero                           0x0802f630   Data           8  qnan.o(.constdata)
    Region$$Table$$Base                      0x0802fa78   Number         0  anon$$obj.o(Region$$Table)
    Region$$Table$$Limit                     0x0802fab8   Number         0  anon$$obj.o(Region$$Table)
    tft_orientation                          0x10000000   Data           1  lcd_main.o(.data)
    char_max_x                               0x10000001   Data           1  lcd_main.o(.data)
    char_max_y                               0x10000002   Data           1  lcd_main.o(.data)
    cur_screen                               0x10000003   Data           1  lcd_main.o(.data)
    next_screen                              0x10000004   Data           1  lcd_main.o(.data)
    curr_bg_color                            0x10000006   Data           2  lcd_main.o(.data)
    curr_highlight_color                     0x10000008   Data           2  lcd_main.o(.data)
    curr_text_color                          0x1000000a   Data           2  lcd_main.o(.data)
    curr_text_color_sp                       0x1000000c   Data           2  lcd_main.o(.data)
    row_width                                0x1000000e   Data           2  lcd_main.o(.data)
    __tickf                                  0x10000010   Data           1  main.o(.data)
    __ticks                                  0x10000014   Data           4  main.o(.data)
    __delay                                  0x10000018   Data           4  main.o(.data)
    SpriteHitFlag                            0x1000002c   Data           1  ppu.o(.data)
    PPU_Latch_Flag                           0x1000002d   Data           1  ppu.o(.data)
    PPU_BG_VScrlOrg                          0x1000002e   Data           1  ppu.o(.data)
    PPU_BG_HScrlOrg                          0x1000002f   Data           1  ppu.o(.data)
    PPU_Reg                                  0x10000030   Data           4  ppu.o(.data)
    PPU_scanline                             0x10000034   Data           4  ppu.o(.data)
    frame_count                              0x10000038   Data           4  nes.o(.data)
    stabilityClassifier                      0x10000049   Data           1  imu.o(.data)
    activityClassifier                       0x1000004a   Data           1  imu.o(.data)
    calibrationStatus                        0x1000004b   Data           1  imu.o(.data)
    rotationVector_Q1                        0x1000004c   Data           2  imu.o(.data)
    accelerometer_Q1                         0x1000004e   Data           2  imu.o(.data)
    gyro_Q1                                  0x10000050   Data           2  imu.o(.data)
    rawAccelX                                0x10000052   Data           2  imu.o(.data)
    rawAccelY                                0x10000054   Data           2  imu.o(.data)
    rawAccelZ                                0x10000056   Data           2  imu.o(.data)
    accelAccuracy                            0x10000058   Data           2  imu.o(.data)
    rawLinAccelX                             0x1000005a   Data           2  imu.o(.data)
    rawLinAccelY                             0x1000005c   Data           2  imu.o(.data)
    rawLinAccelZ                             0x1000005e   Data           2  imu.o(.data)
    accelLinAccuracy                         0x10000060   Data           2  imu.o(.data)
    rawGyroX                                 0x10000062   Data           2  imu.o(.data)
    rawGyroY                                 0x10000064   Data           2  imu.o(.data)
    rawGyroZ                                 0x10000066   Data           2  imu.o(.data)
    gyroAccuracy                             0x10000068   Data           2  imu.o(.data)
    rawMagX                                  0x1000006a   Data           2  imu.o(.data)
    rawMagY                                  0x1000006c   Data           2  imu.o(.data)
    rawMagZ                                  0x1000006e   Data           2  imu.o(.data)
    magAccuracy                              0x10000070   Data           2  imu.o(.data)
    rawQuatI                                 0x10000072   Data           2  imu.o(.data)
    rawQuatJ                                 0x10000074   Data           2  imu.o(.data)
    rawQuatK                                 0x10000076   Data           2  imu.o(.data)
    rawQuatReal                              0x10000078   Data           2  imu.o(.data)
    rawQuatRadianAccuracy                    0x1000007a   Data           2  imu.o(.data)
    quatAccuracy                             0x1000007c   Data           2  imu.o(.data)
    stepCount                                0x1000007e   Data           2  imu.o(.data)
    shtpHeader                               0x10000080   Data           4  imu.o(.data)
    timeStamp                                0x10000084   Data           4  imu.o(.data)
    _activityConfidences                     0x10000088   Data           4  imu.o(.data)
    sequenceNumber                           0x1000008c   Data           6  imu.o(.data)
    uwTickFreq                               0x10000094   Data           1  stm32f4xx_hal.o(.data)
    uwTickPrio                               0x10000098   Data           4  stm32f4xx_hal.o(.data)
    uwTick                                   0x1000009c   Data           4  stm32f4xx_hal.o(.data)
    SystemCoreClock                          0x100000a0   Data           4  system_stm32f4xx_1.o(.data)
    text_buf                                 0x100000a4   Data        1600  lcd_main.o(.bss)
    text_color_buf                           0x100006e4   Data        3200  lcd_main.o(.bss)
    bg_color_buf                             0x10001364   Data        3200  lcd_main.o(.bss)
    joypad_assignments                       0x10006fe4   Data          24  main.o(.bss)
    hsd                                      0x10006ffc   Data         132  sdio.o(.bss)
    hdma_sdio                                0x10007080   Data          96  sdio.o(.bss)
    shtpData                                 0x100070e0   Data         128  imu.o(.bss)
    __libspace_start                         0x10007160   Data          96  libspace.o(.bss)
    __temporary_stack_top$libspace           0x100071c0   Data           0  libspace.o(.bss)
    joys                                     0x20000000   Data           8  adc.o(.data)
    NMI_Flag                                 0x20000008   Data           1  cpu.o(.data)
    joypad_state                             0x2000001c   Data           4  cpu.o(.data)
    joypad_A                                 0x20000020   Data           4  cpu.o(.data)
    joypad_B                                 0x20000024   Data           4  cpu.o(.data)
    joypad_U                                 0x20000028   Data           4  cpu.o(.data)
    joypad_D                                 0x2000002c   Data           4  cpu.o(.data)
    joypad_L                                 0x20000030   Data           4  cpu.o(.data)
    joypad_R                                 0x20000034   Data           4  cpu.o(.data)
    joypad_SEL                               0x20000038   Data           4  cpu.o(.data)
    joypad_START                             0x2000003c   Data           4  cpu.o(.data)
    prg_rombank0                             0x20000040   Data           4  cpu.o(.data)
    prg_rombank1                             0x20000044   Data           4  cpu.o(.data)
    cpu_clockticks                           0x20000048   Data           4  cpu.o(.data)
    opcode_names                             0x2000004c   Data        1024  cpu.o(.data)
    cpu_ram                                  0x2000044c   Data        2048  cpu.o(.bss)
    DisplayBuffer                            0x20000c4c   Data       122880  ppu.o(.bss)
    Premapped_palette                        0x2001ec4c   Data        1024  ppu.o(.bss)
    NameTable                                0x2001f04c   Data        2048  ppu.o(.bss)
    PPU_Mem                                  0x2001f84c   Data          60  ppu.o(.bss)
    Spr_Mem                                  0x2001faa8   Data         257  ppu.o(.bss)



==============================================================================

Memory Map of the image

  Image Entry point : 0x08000189

  Load Region LR_IROM1 (Base: 0x08000000, Size: 0x0002ffa8, Max: 0x00080000, ABSOLUTE, COMPRESSED[0x0002fd10])

    Execution Region ER_IROM1 (Exec base: 0x08000000, Load base: 0x08000000, Size: 0x0002fab8, Max: 0x00080000, ABSOLUTE)

    Exec Addr    Load Addr    Size         Type   Attr      Idx    E Section Name        Object

    0x08000000   0x08000000   0x00000188   Data   RO            3    RESET               startup_stm32f407xx.o
    0x08000188   0x08000188   0x00000008   Code   RO         3737  * !!!main             c_w.l(__main.o)
    0x08000190   0x08000190   0x00000034   Code   RO         4061    !!!scatter          c_w.l(__scatter.o)
    0x080001c4   0x080001c4   0x00000064   Code   RO         4059    !!dclz77c           c_w.l(__dclz77c.o)
    0x08000228   0x08000228   0x0000001a   Code   RO         4063    !!handler_copy      c_w.l(__scatter_copy.o)
    0x08000242   0x08000242   0x00000002   PAD
    0x08000244   0x08000244   0x0000001c   Code   RO         4065    !!handler_zi        c_w.l(__scatter_zi.o)
    0x08000260   0x08000260   0x00000002   Code   RO         3926    .ARM.Collect$$libinit$$00000000  c_w.l(libinit.o)
    0x08000262   0x08000262   0x00000004   Code   RO         3939    .ARM.Collect$$libinit$$00000001  c_w.l(libinit2.o)
    0x08000266   0x08000266   0x00000000   Code   RO         3942    .ARM.Collect$$libinit$$00000004  c_w.l(libinit2.o)
    0x08000266   0x08000266   0x00000000   Code   RO         3945    .ARM.Collect$$libinit$$0000000A  c_w.l(libinit2.o)
    0x08000266   0x08000266   0x00000000   Code   RO         3947    .ARM.Collect$$libinit$$0000000C  c_w.l(libinit2.o)
    0x08000266   0x08000266   0x00000000   Code   RO         3949    .ARM.Collect$$libinit$$0000000E  c_w.l(libinit2.o)
    0x08000266   0x08000266   0x00000000   Code   RO         3952    .ARM.Collect$$libinit$$00000011  c_w.l(libinit2.o)
    0x08000266   0x08000266   0x00000000   Code   RO         3954    .ARM.Collect$$libinit$$00000013  c_w.l(libinit2.o)
    0x08000266   0x08000266   0x00000000   Code   RO         3956    .ARM.Collect$$libinit$$00000015  c_w.l(libinit2.o)
    0x08000266   0x08000266   0x00000000   Code   RO         3958    .ARM.Collect$$libinit$$00000017  c_w.l(libinit2.o)
    0x08000266   0x08000266   0x00000000   Code   RO         3960    .ARM.Collect$$libinit$$00000019  c_w.l(libinit2.o)
    0x08000266   0x08000266   0x00000000   Code   RO         3962    .ARM.Collect$$libinit$$0000001B  c_w.l(libinit2.o)
    0x08000266   0x08000266   0x00000000   Code   RO         3964    .ARM.Collect$$libinit$$0000001D  c_w.l(libinit2.o)
    0x08000266   0x08000266   0x00000000   Code   RO         3966    .ARM.Collect$$libinit$$0000001F  c_w.l(libinit2.o)
    0x08000266   0x08000266   0x00000000   Code   RO         3968    .ARM.Collect$$libinit$$00000021  c_w.l(libinit2.o)
    0x08000266   0x08000266   0x00000000   Code   RO         3970    .ARM.Collect$$libinit$$00000023  c_w.l(libinit2.o)
    0x08000266   0x08000266   0x00000000   Code   RO         3972    .ARM.Collect$$libinit$$00000025  c_w.l(libinit2.o)
    0x08000266   0x08000266   0x00000000   Code   RO         3976    .ARM.Collect$$libinit$$0000002C  c_w.l(libinit2.o)
    0x08000266   0x08000266   0x00000000   Code   RO         3978    .ARM.Collect$$libinit$$0000002E  c_w.l(libinit2.o)
    0x08000266   0x08000266   0x00000000   Code   RO         3980    .ARM.Collect$$libinit$$00000030  c_w.l(libinit2.o)
    0x08000266   0x08000266   0x00000000   Code   RO         3982    .ARM.Collect$$libinit$$00000032  c_w.l(libinit2.o)
    0x08000266   0x08000266   0x00000002   Code   RO         3983    .ARM.Collect$$libinit$$00000033  c_w.l(libinit2.o)
    0x08000268   0x08000268   0x00000002   Code   RO         4016    .ARM.Collect$$libshutdown$$00000000  c_w.l(libshutdown.o)
    0x0800026a   0x0800026a   0x00000000   Code   RO         4042    .ARM.Collect$$libshutdown$$00000002  c_w.l(libshutdown2.o)
    0x0800026a   0x0800026a   0x00000000   Code   RO         4044    .ARM.Collect$$libshutdown$$00000004  c_w.l(libshutdown2.o)
    0x0800026a   0x0800026a   0x00000000   Code   RO         4047    .ARM.Collect$$libshutdown$$00000007  c_w.l(libshutdown2.o)
    0x0800026a   0x0800026a   0x00000000   Code   RO         4050    .ARM.Collect$$libshutdown$$0000000A  c_w.l(libshutdown2.o)
    0x0800026a   0x0800026a   0x00000000   Code   RO         4052    .ARM.Collect$$libshutdown$$0000000C  c_w.l(libshutdown2.o)
    0x0800026a   0x0800026a   0x00000000   Code   RO         4055    .ARM.Collect$$libshutdown$$0000000F  c_w.l(libshutdown2.o)
    0x0800026a   0x0800026a   0x00000002   Code   RO         4056    .ARM.Collect$$libshutdown$$00000010  c_w.l(libshutdown2.o)
    0x0800026c   0x0800026c   0x00000000   Code   RO         3795    .ARM.Collect$$rtentry$$00000000  c_w.l(__rtentry.o)
    0x0800026c   0x0800026c   0x00000000   Code   RO         3881    .ARM.Collect$$rtentry$$00000002  c_w.l(__rtentry2.o)
    0x0800026c   0x0800026c   0x00000006   Code   RO         3893    .ARM.Collect$$rtentry$$00000004  c_w.l(__rtentry4.o)
    0x08000272   0x08000272   0x00000000   Code   RO         3883    .ARM.Collect$$rtentry$$00000009  c_w.l(__rtentry2.o)
    0x08000272   0x08000272   0x00000004   Code   RO         3884    .ARM.Collect$$rtentry$$0000000A  c_w.l(__rtentry2.o)
    0x08000276   0x08000276   0x00000000   Code   RO         3886    .ARM.Collect$$rtentry$$0000000C  c_w.l(__rtentry2.o)
    0x08000276   0x08000276   0x00000008   Code   RO         3887    .ARM.Collect$$rtentry$$0000000D  c_w.l(__rtentry2.o)
    0x0800027e   0x0800027e   0x00000002   Code   RO         3931    .ARM.Collect$$rtexit$$00000000  c_w.l(rtexit.o)
    0x08000280   0x08000280   0x00000000   Code   RO         3989    .ARM.Collect$$rtexit$$00000002  c_w.l(rtexit2.o)
    0x08000280   0x08000280   0x00000004   Code   RO         3990    .ARM.Collect$$rtexit$$00000003  c_w.l(rtexit2.o)
    0x08000284   0x08000284   0x00000006   Code   RO         3991    .ARM.Collect$$rtexit$$00000004  c_w.l(rtexit2.o)
    0x0800028a   0x0800028a   0x00000002   PAD
    0x0800028c   0x0800028c   0x00000040   Code   RO            4    .text               startup_stm32f407xx.o
    0x080002cc   0x080002cc   0x00000084   Code   RO         3729    .text               c_w.l(rt_memmove_v6.o)
    0x08000350   0x08000350   0x0000004e   Code   RO         3733    .text               c_w.l(rt_memclr_w.o)
    0x0800039e   0x0800039e   0x00000006   Code   RO         3735    .text               c_w.l(heapauxi.o)
    0x080003a4   0x080003a4   0x00000016   Code   RO         3800    .text               c_w.l(_rserrno.o)
    0x080003ba   0x080003ba   0x0000008a   Code   RO         3802    .text               c_w.l(rt_memcpy_v6.o)
    0x08000444   0x08000444   0x0000007a   Code   RO         3804    .text               c_w.l(rt_memmove_w.o)
    0x080004be   0x080004be   0x00000002   PAD
    0x080004c0   0x080004c0   0x00000008   Code   RO         3900    .text               c_w.l(rt_errno_addr_intlibspace.o)
    0x080004c8   0x080004c8   0x00000064   Code   RO         3902    .text               c_w.l(rt_memcpy_w.o)
    0x0800052c   0x0800052c   0x00000008   Code   RO         3910    .text               c_w.l(libspace.o)
    0x08000534   0x08000534   0x0000004a   Code   RO         3913    .text               c_w.l(sys_stackheap_outer.o)
    0x0800057e   0x0800057e   0x00000012   Code   RO         3915    .text               c_w.l(exit.o)
    0x08000590   0x08000590   0x0000000c   Code   RO         3986    .text               c_w.l(sys_exit.o)
    0x0800059c   0x0800059c   0x00000002   Code   RO         4005    .text               c_w.l(use_no_semi.o)
    0x0800059e   0x0800059e   0x00000000   Code   RO         4007    .text               c_w.l(indicate_semi.o)
    0x0800059e   0x0800059e   0x00000002   Code   RO          863    i.BusFault_Handler  stm32f4xx_it.o
    0x080005a0   0x080005a0   0x00000002   Code   RO          864    i.DMA2_Stream2_IRQHandler  stm32f4xx_it.o
    0x080005a2   0x080005a2   0x00000002   Code   RO          865    i.DMA2_Stream5_IRQHandler  stm32f4xx_it.o
    0x080005a4   0x080005a4   0x0000000c   Code   RO          866    i.DMA2_Stream6_IRQHandler  stm32f4xx_it.o
    0x080005b0   0x080005b0   0x00000002   Code   RO          867    i.DebugMon_Handler  stm32f4xx_it.o
    0x080005b2   0x080005b2   0x00000002   Code   RO          399    i.Error_Handler     main.o
    0x080005b4   0x080005b4   0x000001dc   Code   RO         3127    i.HAL_DMA_IRQHandler  stm32f4xx_hal_dma.o
    0x08000790   0x08000790   0x0000015c   Code   RO         3128    i.HAL_DMA_Init      stm32f4xx_hal_dma.o
    0x080008ec   0x080008ec   0x00000028   Code   RO         3524    i.HAL_Delay         stm32f4xx_hal.o
    0x08000914   0x08000914   0x0000023c   Code   RO         3023    i.HAL_GPIO_Init     stm32f4xx_hal_gpio.o
    0x08000b50   0x08000b50   0x0000000c   Code   RO          400    i.HAL_GetTick       main.o
    0x08000b5c   0x08000b5c   0x00000034   Code   RO         3535    i.HAL_Init          stm32f4xx_hal.o
    0x08000b90   0x08000b90   0x00000040   Code   RO         3536    i.HAL_InitTick      stm32f4xx_hal.o
    0x08000bd0   0x08000bd0   0x00000034   Code   RO          951    i.HAL_MspInit       stm32f4xx_hal_msp.o
    0x08000c04   0x08000c04   0x00000018   Code   RO         3392    i.HAL_NVIC_EnableIRQ  stm32f4xx_hal_cortex.o
    0x08000c1c   0x08000c1c   0x00000064   Code   RO         3398    i.HAL_NVIC_SetPriority  stm32f4xx_hal_cortex.o
    0x08000c80   0x08000c80   0x00000024   Code   RO         3399    i.HAL_NVIC_SetPriorityGrouping  stm32f4xx_hal_cortex.o
    0x08000ca4   0x08000ca4   0x00000118   Code   RO         2047    i.HAL_SD_ConfigWideBusOperation  stm32f4xx_hal_sd.o
    0x08000dbc   0x08000dbc   0x000001fc   Code   RO         2052    i.HAL_SD_GetCardCSD  stm32f4xx_hal_sd.o
    0x08000fb8   0x08000fb8   0x00000036   Code   RO         2059    i.HAL_SD_Init       stm32f4xx_hal_sd.o
    0x08000fee   0x08000fee   0x00000002   PAD
    0x08000ff0   0x08000ff0   0x000001c4   Code   RO         2060    i.HAL_SD_InitCard   stm32f4xx_hal_sd.o
    0x080011b4   0x080011b4   0x000000f0   Code   RO          675    i.HAL_SD_MspInit    sdio.o
    0x080012a4   0x080012a4   0x0000002c   Code   RO         3403    i.HAL_SYSTICK_Config  stm32f4xx_hal_cortex.o
    0x080012d0   0x080012d0   0x00000002   Code   RO          868    i.HardFault_Handler  stm32f4xx_it.o
    0x080012d2   0x080012d2   0x00000002   PAD
    0x080012d4   0x080012d4   0x00000060   Code   RO         1374    i.IMU_dataAvailable  imu.o
    0x08001334   0x08001334   0x0000000a   Code   RO         1377    i.IMU_enableRotation  imu.o
    0x0800133e   0x0800133e   0x00000002   PAD
    0x08001340   0x08001340   0x000000f8   Code   RO         1378    i.IMU_init          imu.o
    0x08001438   0x08001438   0x00000124   Code   RO         1380    i.IMU_parseInputReport  imu.o
    0x0800155c   0x0800155c   0x00000104   Code   RO         1381    i.IMU_receivePacket  imu.o
    0x08001660   0x08001660   0x00000110   Code   RO         1382    i.IMU_sendPacket    imu.o
    0x08001770   0x08001770   0x00000058   Code   RO         1383    i.IMU_setFeatureCommand  imu.o
    0x080017c8   0x080017c8   0x00000060   Code   RO         1632    i.LL_ADC_CommonInit  stm32f4xx_ll_adc.o
    0x08001828   0x08001828   0x0000003c   Code   RO         1637    i.LL_ADC_Init       stm32f4xx_ll_adc.o
    0x08001864   0x08001864   0x00000070   Code   RO         1638    i.LL_ADC_REG_Init   stm32f4xx_ll_adc.o
    0x080018d4   0x080018d4   0x0000005a   Code   RO         1757    i.LL_DAC_Init       stm32f4xx_ll_dac.o
    0x0800192e   0x0800192e   0x00000002   PAD
    0x08001930   0x08001930   0x00000154   Code   RO         1590    i.LL_GPIO_Init      stm32f4xx_ll_gpio.o
    0x08001a84   0x08001a84   0x0000001a   Code   RO         2602    i.LL_Init1msTick    stm32f4xx_ll_utils.o
    0x08001a9e   0x08001a9e   0x00000002   PAD
    0x08001aa0   0x08001aa0   0x000000a4   Code   RO         2513    i.LL_RCC_GetSystemClocksFreq  stm32f4xx_ll_rcc.o
    0x08001b44   0x08001b44   0x00000066   Code   RO         2260    i.LL_SPI_Init       stm32f4xx_ll_spi.o
    0x08001baa   0x08001baa   0x00000002   PAD
    0x08001bac   0x08001bac   0x0000000c   Code   RO         2605    i.LL_SetSystemCoreClock  stm32f4xx_ll_utils.o
    0x08001bb8   0x08001bb8   0x000000cc   Code   RO         2368    i.LL_TIM_Init       stm32f4xx_ll_tim.o
    0x08001c84   0x08001c84   0x000001c8   Code   RO         2369    i.LL_TIM_OC_Init    stm32f4xx_ll_tim.o
    0x08001e4c   0x08001e4c   0x0000019c   Code   RO         2461    i.LL_USART_Init     stm32f4xx_ll_usart.o
    0x08001fe8   0x08001fe8   0x000002d4   Code   RO          567    i.MX_ADC1_Init      adc.o
    0x080022bc   0x080022bc   0x00000134   Code   RO          614    i.MX_DAC_Init       dac.o
    0x080023f0   0x080023f0   0x0000018c   Code   RO          650    i.MX_DMA_Init       dma.o
    0x0800257c   0x0800257c   0x0000013c   Code   RO          533    i.MX_GPIO_Init      gpio.o
    0x080026b8   0x080026b8   0x00000044   Code   RO          676    i.MX_SDIO_SD_Init   sdio.o
    0x080026fc   0x080026fc   0x00000184   Code   RO          716    i.MX_SPI1_Init      spi.o
    0x08002880   0x08002880   0x000001e8   Code   RO          717    i.MX_SPI2_Init      spi.o
    0x08002a68   0x08002a68   0x0000003c   Code   RO          757    i.MX_TIM10_Init     tim.o
    0x08002aa4   0x08002aa4   0x0000003c   Code   RO          758    i.MX_TIM11_Init     tim.o
    0x08002ae0   0x08002ae0   0x00000048   Code   RO          759    i.MX_TIM12_Init     tim.o
    0x08002b28   0x08002b28   0x00000110   Code   RO          760    i.MX_TIM13_Init     tim.o
    0x08002c38   0x08002c38   0x0000003c   Code   RO          761    i.MX_TIM14_Init     tim.o
    0x08002c74   0x08002c74   0x00000088   Code   RO          762    i.MX_TIM6_Init      tim.o
    0x08002cfc   0x08002cfc   0x0000004c   Code   RO          763    i.MX_TIM7_Init      tim.o
    0x08002d48   0x08002d48   0x00000048   Code   RO          764    i.MX_TIM9_Init      tim.o
    0x08002d90   0x08002d90   0x000001ec   Code   RO          828    i.MX_USART1_UART_Init  usart.o
    0x08002f7c   0x08002f7c   0x00000158   Code   RO          829    i.MX_USART2_UART_Init  usart.o
    0x080030d4   0x080030d4   0x00000002   Code   RO          869    i.MemManage_Handler  stm32f4xx_it.o
    0x080030d6   0x080030d6   0x00000002   Code   RO          870    i.NMI_Handler       stm32f4xx_it.o
    0x080030d8   0x080030d8   0x00000002   Code   RO          871    i.PendSV_Handler    stm32f4xx_it.o
    0x080030da   0x080030da   0x00000024   Code   RO         1795    i.SDIO_ConfigData   stm32f4xx_ll_sdmmc.o
    0x080030fe   0x080030fe   0x00000008   Code   RO         1799    i.SDIO_GetPowerState  stm32f4xx_ll_sdmmc.o
    0x08003106   0x08003106   0x0000000e   Code   RO         1800    i.SDIO_GetResponse  stm32f4xx_ll_sdmmc.o
    0x08003114   0x08003114   0x0000002c   Code   RO         1801    i.SDIO_Init         stm32f4xx_ll_sdmmc.o
    0x08003140   0x08003140   0x00000008   Code   RO         1803    i.SDIO_PowerState_ON  stm32f4xx_ll_sdmmc.o
    0x08003148   0x08003148   0x00000006   Code   RO         1804    i.SDIO_ReadFIFO     stm32f4xx_ll_sdmmc.o
    0x0800314e   0x0800314e   0x0000001a   Code   RO         1808    i.SDMMC_CmdAppCommand  stm32f4xx_ll_sdmmc.o
    0x08003168   0x08003168   0x00000058   Code   RO         1809    i.SDMMC_CmdAppOperCommand  stm32f4xx_ll_sdmmc.o
    0x080031c0   0x080031c0   0x00000018   Code   RO         1810    i.SDMMC_CmdBlockLength  stm32f4xx_ll_sdmmc.o
    0x080031d8   0x080031d8   0x0000001a   Code   RO         1811    i.SDMMC_CmdBusWidth  stm32f4xx_ll_sdmmc.o
    0x080031f2   0x080031f2   0x00000002   PAD
    0x080031f4   0x080031f4   0x00000044   Code   RO         1815    i.SDMMC_CmdGoIdleState  stm32f4xx_ll_sdmmc.o
    0x08003238   0x08003238   0x00000060   Code   RO         1817    i.SDMMC_CmdOperCond  stm32f4xx_ll_sdmmc.o
    0x08003298   0x08003298   0x0000001a   Code   RO         1822    i.SDMMC_CmdSelDesel  stm32f4xx_ll_sdmmc.o
    0x080032b2   0x080032b2   0x00000002   PAD
    0x080032b4   0x080032b4   0x00000060   Code   RO         1823    i.SDMMC_CmdSendCID  stm32f4xx_ll_sdmmc.o
    0x08003314   0x08003314   0x00000060   Code   RO         1824    i.SDMMC_CmdSendCSD  stm32f4xx_ll_sdmmc.o
    0x08003374   0x08003374   0x0000001c   Code   RO         1825    i.SDMMC_CmdSendSCR  stm32f4xx_ll_sdmmc.o
    0x08003390   0x08003390   0x000000a0   Code   RO         1827    i.SDMMC_CmdSetRelAdd  stm32f4xx_ll_sdmmc.o
    0x08003430   0x08003430   0x00000174   Code   RO         1833    i.SDMMC_GetCmdResp1  stm32f4xx_ll_sdmmc.o
    0x080035a4   0x080035a4   0x00000112   Code   RO         2076    i.SD_FindSCR        stm32f4xx_hal_sd.o
    0x080036b6   0x080036b6   0x00000002   Code   RO          872    i.SVC_Handler       stm32f4xx_it.o
    0x080036b8   0x080036b8   0x00000020   Code   RO          401    i.SysTick_Handler   main.o
    0x080036d8   0x080036d8   0x000000d0   Code   RO          402    i.SystemClock_Config  main.o
    0x080037a8   0x080037a8   0x00000058   Code   RO         3689    i.SystemInit        system_stm32f4xx_1.o
    0x08003800   0x08003800   0x00000002   Code   RO          873    i.UsageFault_Handler  stm32f4xx_it.o
    0x08003802   0x08003802   0x00000030   Code   RO         3863    i.__ARM_fpclassify  m_wm.l(fpclassify.o)
    0x08003832   0x08003832   0x00000006   PAD
    0x08003838   0x08003838   0x00000360   Code   RO         3755    i.__hardfp_asin     m_wm.l(asin.o)
    0x08003b98   0x08003b98   0x000002d8   Code   RO         3829    i.__hardfp_atan     m_wm.l(atan.o)
    0x08003e70   0x08003e70   0x000001f0   Code   RO         3769    i.__hardfp_atan2    m_wm.l(atan2.o)
    0x08004060   0x08004060   0x00000c50   Code   RO         3781    i.__hardfp_pow      m_wm.l(pow.o)
    0x08004cb0   0x08004cb0   0x000000f8   Code   RO         3865    i.__kernel_poly     m_wm.l(poly.o)
    0x08004da8   0x08004da8   0x00000030   Code   RO         3843    i.__mathlib_dbl_divzero  m_wm.l(dunder.o)
    0x08004dd8   0x08004dd8   0x00000014   Code   RO         3844    i.__mathlib_dbl_infnan  m_wm.l(dunder.o)
    0x08004dec   0x08004dec   0x00000014   Code   RO         3845    i.__mathlib_dbl_infnan2  m_wm.l(dunder.o)
    0x08004e00   0x08004e00   0x00000020   Code   RO         3846    i.__mathlib_dbl_invalid  m_wm.l(dunder.o)
    0x08004e20   0x08004e20   0x00000020   Code   RO         3847    i.__mathlib_dbl_overflow  m_wm.l(dunder.o)
    0x08004e40   0x08004e40   0x00000020   Code   RO         3849    i.__mathlib_dbl_underflow  m_wm.l(dunder.o)
    0x08004e60   0x08004e60   0x00000010   Code   RO         3831    i.atan              m_wm.l(atan.o)
    0x08004e70   0x08004e70   0x00000010   Code   RO          975    i.cpu_abs           cpu.o
    0x08004e80   0x08004e80   0x0000003c   Code   RO          976    i.cpu_absx          cpu.o
    0x08004ebc   0x08004ebc   0x0000003c   Code   RO          977    i.cpu_absy          cpu.o
    0x08004ef8   0x08004ef8   0x0000021c   Code   RO          978    i.cpu_adc           cpu.o
    0x08005114   0x08005114   0x000001b4   Code   RO          979    i.cpu_and           cpu.o
    0x080052c8   0x080052c8   0x0000045e   Code   RO          980    i.cpu_asl           cpu.o
    0x08005726   0x08005726   0x00000002   PAD
    0x08005728   0x08005728   0x000001a8   Code   RO          981    i.cpu_bit           cpu.o
    0x080058d0   0x080058d0   0x000001c8   Code   RO          982    i.cpu_cmp           cpu.o
    0x08005a98   0x08005a98   0x000001c8   Code   RO          983    i.cpu_cpx           cpu.o
    0x08005c60   0x08005c60   0x000001c8   Code   RO          984    i.cpu_cpy           cpu.o
    0x08005e28   0x08005e28   0x000005d0   Code   RO          986    i.cpu_dec           cpu.o
    0x080063f8   0x080063f8   0x000001b4   Code   RO          987    i.cpu_eor           cpu.o
    0x080065ac   0x080065ac   0x000000b4   Code   RO          988    i.cpu_exec          cpu.o
    0x08006660   0x08006660   0x00002ca0   Code   RO          989    i.cpu_execinstruction  cpu.o
    0x08009300   0x08009300   0x00000010   Code   RO          990    i.cpu_immediate     cpu.o
    0x08009310   0x08009310   0x00000004   Code   RO          991    i.cpu_implied       cpu.o
    0x08009314   0x08009314   0x000005d0   Code   RO          992    i.cpu_inc           cpu.o
    0x080098e4   0x080098e4   0x00000194   Code   RO          993    i.cpu_indabsx       cpu.o
    0x08009a78   0x08009a78   0x00000198   Code   RO          994    i.cpu_indirect      cpu.o
    0x08009c10   0x08009c10   0x00000020   Code   RO          995    i.cpu_indx          cpu.o
    0x08009c30   0x08009c30   0x000001bc   Code   RO          996    i.cpu_indy          cpu.o
    0x08009dec   0x08009dec   0x00000018   Code   RO          997    i.cpu_initmem       cpu.o
    0x08009e04   0x08009e04   0x000001b0   Code   RO          999    i.cpu_lda           cpu.o
    0x08009fb4   0x08009fb4   0x000001b0   Code   RO         1000    i.cpu_ldx           cpu.o
    0x0800a164   0x0800a164   0x000001b0   Code   RO         1001    i.cpu_ldy           cpu.o
    0x0800a314   0x0800a314   0x0000045e   Code   RO         1002    i.cpu_lsr           cpu.o
    0x0800a772   0x0800a772   0x00000002   PAD
    0x0800a774   0x0800a774   0x000001b4   Code   RO         1004    i.cpu_ora           cpu.o
    0x0800a928   0x0800a928   0x00000030   Code   RO         1005    i.cpu_relative      cpu.o
    0x0800a958   0x0800a958   0x00000028   Code   RO         1006    i.cpu_reset         cpu.o
    0x0800a980   0x0800a980   0x00000470   Code   RO         1007    i.cpu_rol           cpu.o
    0x0800adf0   0x0800adf0   0x00000474   Code   RO         1008    i.cpu_ror           cpu.o
    0x0800b264   0x0800b264   0x00000228   Code   RO         1009    i.cpu_sbc           cpu.o
    0x0800b48c   0x0800b48c   0x000002a8   Code   RO         1010    i.cpu_sta           cpu.o
    0x0800b734   0x0800b734   0x000001b0   Code   RO         1011    i.cpu_stz           cpu.o
    0x0800b8e4   0x0800b8e4   0x000005c8   Code   RO         1012    i.cpu_trb           cpu.o
    0x0800beac   0x0800beac   0x000005d4   Code   RO         1013    i.cpu_tsb           cpu.o
    0x0800c480   0x0800c480   0x00000018   Code   RO         3859    i.fabs              m_wm.l(fabs.o)
    0x0800c498   0x0800c498   0x00000038   Code   RO         1386    i.getAccelFlick     imu.o
    0x0800c4d0   0x0800c4d0   0x00000028   Code   RO         1387    i.getAccelLeft      imu.o
    0x0800c4f8   0x0800c4f8   0x00000028   Code   RO         1388    i.getAccelRight     imu.o
    0x0800c520   0x0800c520   0x0000000c   Code   RO         1395    i.getIMUControl     imu.o
    0x0800c52c   0x0800c52c   0x00000004   PAD
    0x0800c530   0x0800c530   0x00000110   Code   RO         1396    i.getPitch          imu.o
    0x0800c640   0x0800c640   0x000000d8   Code   RO         1401    i.getRoll           imu.o
    0x0800c718   0x0800c718   0x00000294   Code   RO          403    i.joypad_assigned   main.o
    0x0800c9ac   0x0800c9ac   0x00000030   Code   RO          404    i.joypad_icon       main.o
    0x0800c9dc   0x0800c9dc   0x0000008c   Code   RO         1014    i.joypad_read       cpu.o
    0x0800ca68   0x0800ca68   0x00000040   Code   RO          405    i.joypad_rotate     main.o
    0x0800caa8   0x0800caa8   0x000000b0   Code   RO         1015    i.joypad_update     cpu.o
    0x0800cb58   0x0800cb58   0x0000008c   Code   RO          568    i.joystick_init     adc.o
    0x0800cbe4   0x0800cbe4   0x000009b0   Code   RO          406    i.main              main.o
    0x0800d594   0x0800d594   0x000000e4   Code   RO         1325    i.nes_frame         nes.o
    0x0800d678   0x0800d678   0x00000026   Code   RO         1326    i.nes_init          nes.o
    0x0800d69e   0x0800d69e   0x00000002   PAD
    0x0800d6a0   0x0800d6a0   0x00000058   Code   RO         1274    i.ppu_init          ppu.o
    0x0800d6f8   0x0800d6f8   0x00000d44   Code   RO         1275    i.ppu_render_line   ppu.o
    0x0800e43c   0x0800e43c   0x00000174   Code   RO         1276    i.ppu_spr0_hit_flag  ppu.o
    0x0800e5b0   0x0800e5b0   0x000000a0   Code   RO         1277    i.premap_palette    ppu.o
    0x0800e650   0x0800e650   0x000000a8   Code   RO           13    i.printi            lcd_main.o
    0x0800e6f8   0x0800e6f8   0x00000084   Code   RO           14    i.prints            lcd_main.o
    0x0800e77c   0x0800e77c   0x00000004   PAD
    0x0800e780   0x0800e780   0x00000050   Code   RO         1403    i.qToFloat          imu.o
    0x0800e7d0   0x0800e7d0   0x0000000c   Code   RO         1327    i.rom_select        nes.o
    0x0800e7dc   0x0800e7dc   0x0000006e   Code   RO         3870    i.sqrt              m_wm.l(sqrt.o)
    0x0800e84a   0x0800e84a   0x00000002   PAD
    0x0800e84c   0x0800e84c   0x00000078   Code   RO           16    i.tft_clear         lcd_main.o
    0x0800e8c4   0x0800e8c4   0x000001c4   Code   RO           20    i.tft_double_push_pxbuf  lcd_main.o
    0x0800ea88   0x0800ea88   0x0000028c   Code   RO           21    i.tft_fill_color    lcd_main.o
    0x0800ed14   0x0800ed14   0x000001ac   Code   RO           24    i.tft_init          lcd_main.o
    0x0800eec0   0x0800eec0   0x000000e4   Code   RO          207    i.tft_printc        lcd_main.o
    0x0800efa4   0x0800efa4   0x00000154   Code   RO           30    i.tft_prints        lcd_main.o
    0x0800f0f8   0x0800f0f8   0x00000348   Code   RO           42    i.tft_update        lcd_main.o
    0x0800f440   0x0800f440   0x00000014   Code   RO         1404    i.toggleIMUControl  imu.o
    0x0800f454   0x0800f454   0x00000018   Code   RO         3808    x$fpl$basic         fz_wm.l(basic.o)
    0x0800f46c   0x0800f46c   0x00000062   Code   RO         3739    x$fpl$d2f           fz_wm.l(d2f.o)
    0x0800f4ce   0x0800f4ce   0x00000002   PAD
    0x0800f4d0   0x0800f4d0   0x00000150   Code   RO         3810    x$fpl$dadd          fz_wm.l(daddsub_clz.o)
    0x0800f620   0x0800f620   0x00000010   Code   RO         3904    x$fpl$dcheck1       fz_wm.l(dcheck1.o)
    0x0800f630   0x0800f630   0x00000018   Code   RO         3927    x$fpl$dcmpinf       fz_wm.l(dcmpi.o)
    0x0800f648   0x0800f648   0x000002b0   Code   RO         3742    x$fpl$ddiv          fz_wm.l(ddiv.o)
    0x0800f8f8   0x0800f8f8   0x0000002e   Code   RO         3746    x$fpl$dflt          fz_wm.l(dflt_clz.o)
    0x0800f926   0x0800f926   0x00000002   PAD
    0x0800f928   0x0800f928   0x00000078   Code   RO         3906    x$fpl$dleqf         fz_wm.l(dleqf.o)
    0x0800f9a0   0x0800f9a0   0x00000154   Code   RO         3751    x$fpl$dmul          fz_wm.l(dmul.o)
    0x0800faf4   0x0800faf4   0x0000009c   Code   RO         3816    x$fpl$dnaninf       fz_wm.l(dnaninf.o)
    0x0800fb90   0x0800fb90   0x0000000c   Code   RO         3818    x$fpl$dretinf       fz_wm.l(dretinf.o)
    0x0800fb9c   0x0800fb9c   0x0000006c   Code   RO         3820    x$fpl$drleqf        fz_wm.l(drleqf.o)
    0x0800fc08   0x0800fc08   0x00000016   Code   RO         3811    x$fpl$drsb          fz_wm.l(daddsub_clz.o)
    0x0800fc1e   0x0800fc1e   0x00000002   PAD
    0x0800fc20   0x0800fc20   0x00000198   Code   RO         3908    x$fpl$dsqrt         fz_wm.l(dsqrt_umaal.o)
    0x0800fdb8   0x0800fdb8   0x000001d4   Code   RO         3812    x$fpl$dsub          fz_wm.l(daddsub_clz.o)
    0x0800ff8c   0x0800ff8c   0x00000056   Code   RO         3753    x$fpl$f2d           fz_wm.l(f2d.o)
    0x0800ffe2   0x0800ffe2   0x0000008c   Code   RO         3822    x$fpl$fnaninf       fz_wm.l(fnaninf.o)
    0x0801006e   0x0801006e   0x0000000a   Code   RO         4001    x$fpl$fpinit        fz_wm.l(fpinit.o)
    0x08010078   0x08010078   0x0000000a   Code   RO         3824    x$fpl$fretinf       fz_wm.l(fretinf.o)
    0x08010082   0x08010082   0x00000064   Code   RO         3929    x$fpl$retnan        fz_wm.l(retnan.o)
    0x080100e6   0x080100e6   0x0000005c   Code   RO         3826    x$fpl$scalbn        fz_wm.l(scalbn.o)
    0x08010142   0x08010142   0x00000030   Code   RO         3984    x$fpl$trapveneer    fz_wm.l(trapv.o)
    0x08010172   0x08010172   0x00000000   Code   RO         3828    x$fpl$usenofp       fz_wm.l(usenofp.o)
    0x08010172   0x08010172   0x00000e4b   Data   RO           45    .constdata          lcd_main.o
    0x08010fbd   0x08010fbd   0x00000008   Data   RO          569    .constdata          adc.o
    0x08010fc5   0x08010fc5   0x00000008   Data   RO          615    .constdata          dac.o
    0x08010fcd   0x08010fcd   0x00000008   Data   RO          718    .constdata          spi.o
    0x08010fd5   0x08010fd5   0x0000000e   Data   RO          765    .constdata          tim.o
    0x08010fe3   0x08010fe3   0x00000008   Data   RO          830    .constdata          usart.o
    0x08010feb   0x08010feb   0x00000001   PAD
    0x08010fec   0x08010fec   0x00000400   Data   RO         1019    .constdata          cpu.o
    0x080113ec   0x080113ec   0x00000084   Data   RO         1280    .constdata          ppu.o
    0x08011470   0x08011470   0x0000a010   Data   RO         1328    .constdata          nes.o
    0x0801b480   0x0801b480   0x0000a010   Data   RO         1329    .constdata          nes.o
    0x08025490   0x08025490   0x0000a010   Data   RO         1330    .constdata          nes.o
    0x0802f4a0   0x0802f4a0   0x00000008   Data   RO         3134    .constdata          stm32f4xx_hal_dma.o
    0x0802f4a8   0x0802f4a8   0x00000010   Data   RO         3690    .constdata          system_stm32f4xx_1.o
    0x0802f4b8   0x0802f4b8   0x00000008   Data   RO         3691    .constdata          system_stm32f4xx_1.o
    0x0802f4c0   0x0802f4c0   0x00000050   Data   RO         3758    .constdata          m_wm.l(asin.o)
    0x0802f510   0x0802f510   0x00000088   Data   RO         3784    .constdata          m_wm.l(pow.o)
    0x0802f598   0x0802f598   0x00000098   Data   RO         3832    .constdata          m_wm.l(atan.o)
    0x0802f630   0x0802f630   0x00000008   Data   RO         3867    .constdata          m_wm.l(qnan.o)
    0x0802f638   0x0802f638   0x00000156   Data   RO          408    .conststring        main.o
    0x0802f78e   0x0802f78e   0x00000002   PAD
    0x0802f790   0x0802f790   0x000002e8   Data   RO         1020    .conststring        cpu.o
    0x0802fa78   0x0802fa78   0x00000040   Data   RO         4057    Region$$Table       anon$$obj.o


    Execution Region RW_IRAM2 (Exec base: 0x10000000, Load base: 0x0802fc6c, Size: 0x000077c0, Max: 0x00010000, ABSOLUTE)

    Exec Addr    Load Addr    Size         Type   Attr      Idx    E Section Name        Object

    0x10000000   0x0802fc6c   0x00000010   Data   RW           46    .data               lcd_main.o
    0x10000010   0x0802fc7c   0x0000001c   Data   RW          410    .data               main.o
    0x1000002c   0x0802fc98   0x0000000c   Data   RW         1281    .data               ppu.o
    0x10000038   0x0802fca4   0x00000010   Data   RW         1331    .data               nes.o
    0x10000048   0x0802fcb4   0x0000004a   Data   RW         1407    .data               imu.o
    0x10000092   0x0802fcfe   0x00000002   PAD
    0x10000094   0x0802fd00   0x0000000c   Data   RW         3542    .data               stm32f4xx_hal.o
    0x100000a0   0x0802fd0c   0x00000004   Data   RW         3692    .data               system_stm32f4xx_1.o
    0x100000a4        -       0x00006f40   Zero   RW           44    .bss                lcd_main.o
    0x10006fe4        -       0x00000018   Zero   RW          407    .bss                main.o
    0x10006ffc        -       0x000000e4   Zero   RW          677    .bss                sdio.o
    0x100070e0        -       0x00000080   Zero   RW         1405    .bss                imu.o
    0x10007160        -       0x00000060   Zero   RW         3911    .bss                c_w.l(libspace.o)
    0x100071c0        -       0x00000200   Zero   RW            2    HEAP                startup_stm32f407xx.o
    0x100073c0        -       0x00000400   Zero   RW            1    STACK               startup_stm32f407xx.o


    Execution Region RW_IRAM1 (Exec base: 0x20000000, Load base: 0x0802fab8, Size: 0x0001fbac, Max: 0x00020000, ABSOLUTE, COMPRESSED[0x000001b4])

    Exec Addr    Load Addr    Size         Type   Attr      Idx    E Section Name        Object

    0x20000000   COMPRESSED   0x00000008   Data   RW          570    .data               adc.o
    0x20000008   COMPRESSED   0x00000444   Data   RW         1021    .data               cpu.o
    0x2000044c        -       0x00000800   Zero   RW         1018    .bss                cpu.o
    0x20000c4c        -       0x0001ee5c   Zero   RW         1278    .bss                ppu.o
    0x2001faa8        -       0x00000101   Zero   RW         1279    .bss                ppu.o


==============================================================================

Image component sizes


      Code (inc. data)   RO Data    RW Data    ZI Data      Debug   Object Name

       864         58          8          8          0      65561   adc.o
     30536       3840       1768       1092       2048      93343   cpu.o
       308         46          8          0          0      49493   dac.o
       396         48          0          0          0       2322   dma.o
       316         32          0          0          0      10791   gpio.o
      2002        236          0         74        128      26802   imu.o
      3360        126       3659         16      28480     676849   lcd_main.o
      3506        322        342         28         24      62174   main.o
       278         30     122928         16          0       3675   nes.o
      4016        134        132         12     126813      15535   ppu.o
       308         36          0          0        228       1919   sdio.o
       876         84          8          0          0      34990   spi.o
        64         26        392          0       1536        856   startup_stm32f407xx.o
       156         20          0         12          0       3637   stm32f4xx_hal.o
       204         16          0          0          0      30051   stm32f4xx_hal_cortex.o
       824         20          8          0          0       3312   stm32f4xx_hal_dma.o
       572         20          0          0          0       1744   stm32f4xx_hal_gpio.o
        52         10          0          0          0        882   stm32f4xx_hal_msp.o
      1568          6          0          0          0       7422   stm32f4xx_hal_sd.o
        32          6          0          0          0       5274   stm32f4xx_it.o
       268         14          0          0          0      52624   stm32f4xx_ll_adc.o
        90          0          0          0          0       4154   stm32f4xx_ll_dac.o
       340          0          0          0          0       7347   stm32f4xx_ll_gpio.o
       164         22          0          0          0      25292   stm32f4xx_ll_rcc.o
      1222         36          0          0          0      16712   stm32f4xx_ll_sdmmc.o
       102          0          0          0          0       4514   stm32f4xx_ll_spi.o
       660         32          0          0          0      32815   stm32f4xx_ll_tim.o
       412          4          0          0          0      15592   stm32f4xx_ll_usart.o
        38          6          0          0          0       8861   stm32f4xx_ll_utils.o
        88         24         24          4          0       1219   system_stm32f4xx_1.o
       808        114         14          0          0      31941   tim.o
       836         80          8          0          0      15832   usart.o

    ----------------------------------------------------------------------
     55296       5452     129366       1264     159260    1313535   Object Totals
         0          0         64          0          0          0   (incl. Generated)
        30          4          3          2          3          0   (incl. Padding)

    ----------------------------------------------------------------------

      Code (inc. data)   RO Data    RW Data    ZI Data      Debug   Library Member Name

       100          0          0          0          0          0   __dclz77c.o
         8          0          0          0          0         68   __main.o
         0          0          0          0          0          0   __rtentry.o
        12          0          0          0          0          0   __rtentry2.o
         6          0          0          0          0          0   __rtentry4.o
        52          8          0          0          0          0   __scatter.o
        26          0          0          0          0          0   __scatter_copy.o
        28          0          0          0          0          0   __scatter_zi.o
        22          0          0          0          0        100   _rserrno.o
        18          0          0          0          0         80   exit.o
         6          0          0          0          0        152   heapauxi.o
         0          0          0          0          0          0   indicate_semi.o
         2          0          0          0          0          0   libinit.o
         6          0          0          0          0          0   libinit2.o
         2          0          0          0          0          0   libshutdown.o
         2          0          0          0          0          0   libshutdown2.o
         8          4          0          0         96         68   libspace.o
         8          4          0          0          0         68   rt_errno_addr_intlibspace.o
        78          0          0          0          0         80   rt_memclr_w.o
       138          0          0          0          0         68   rt_memcpy_v6.o
       100          0          0          0          0         80   rt_memcpy_w.o
       132          0          0          0          0         68   rt_memmove_v6.o
       122          0          0          0          0         80   rt_memmove_w.o
         2          0          0          0          0          0   rtexit.o
        10          0          0          0          0          0   rtexit2.o
        12          4          0          0          0         68   sys_exit.o
        74          0          0          0          0         80   sys_stackheap_outer.o
         2          0          0          0          0         68   use_no_semi.o
        24          0          0          0          0        164   basic.o
        98          4          0          0          0        140   d2f.o
       826         16          0          0          0        492   daddsub_clz.o
        16          4          0          0          0        116   dcheck1.o
        24          0          0          0          0        116   dcmpi.o
       688        140          0          0          0        256   ddiv.o
        46          0          0          0          0        116   dflt_clz.o
       120          4          0          0          0        140   dleqf.o
       340         12          0          0          0        152   dmul.o
       156          4          0          0          0        140   dnaninf.o
        12          0          0          0          0        116   dretinf.o
       108          0          0          0          0        128   drleqf.o
       408         56          0          0          0        168   dsqrt_umaal.o
        86          4          0          0          0        132   f2d.o
       140          4          0          0          0        132   fnaninf.o
        10          0          0          0          0        116   fpinit.o
        10          0          0          0          0        116   fretinf.o
       100          0          0          0          0        116   retnan.o
        92          0          0          0          0        116   scalbn.o
        48          0          0          0          0        116   trapv.o
         0          0          0          0          0          0   usenofp.o
       864         94         80          0          0        280   asin.o
       744        106        152          0          0        352   atan.o
       496         64          0          0          0        192   atan2.o
       184         44          0          0          0        744   dunder.o
        24          0          0          0          0        124   fabs.o
        48          0          0          0          0        124   fpclassify.o
       248          0          0          0          0        152   poly.o
      3152        296        136          0          0        352   pow.o
         0          0          8          0          0          0   qnan.o
       110          0          0          0          0        148   sqrt.o

    ----------------------------------------------------------------------
     10218        872        376          0         96       6684   Library Totals
        20          0          0          0          0          0   (incl. Padding)

    ----------------------------------------------------------------------

      Code (inc. data)   RO Data    RW Data    ZI Data      Debug   Library Name

       976         20          0          0         96       1128   c_w.l
      3352        248          0          0          0       3088   fz_wm.l
      5870        604        376          0          0       2468   m_wm.l

    ----------------------------------------------------------------------
     10218        872        376          0         96       6684   Library Totals

    ----------------------------------------------------------------------

==============================================================================


      Code (inc. data)   RO Data    RW Data    ZI Data      Debug   

     65514       6324     129742       1264     159356    1301467   Grand Totals
     65514       6324     129742        600     159356    1301467   ELF Image Totals (compressed)
     65514       6324     129742        600          0          0   ROM Totals

==============================================================================

    Total RO  Size (Code + RO Data)               195256 ( 190.68kB)
    Total RW  Size (RW Data + ZI Data)            160620 ( 156.86kB)
    Total ROM Size (Code + RO Data + RW Data)     195856 ( 191.27kB)

==============================================================================

