Component: ARM Compiler 5.06 update 6 (build 750) Tool: armlink [4d35ed]

==============================================================================

Section Cross References

    startup_stm32f407xx.o(STACK) refers (Special) to heapauxi.o(.text) for __use_two_region_memory
    startup_stm32f407xx.o(HEAP) refers (Special) to heapauxi.o(.text) for __use_two_region_memory
    startup_stm32f407xx.o(RESET) refers (Special) to heapauxi.o(.text) for __use_two_region_memory
    startup_stm32f407xx.o(RESET) refers to startup_stm32f407xx.o(STACK) for __initial_sp
    startup_stm32f407xx.o(RESET) refers to startup_stm32f407xx.o(.text) for Reset_Handler
    startup_stm32f407xx.o(RESET) refers to stm32f4xx_it.o(i.NMI_Handler) for NMI_Handler
    startup_stm32f407xx.o(RESET) refers to stm32f4xx_it.o(i.HardFault_Handler) for HardFault_Handler
    startup_stm32f407xx.o(RESET) refers to stm32f4xx_it.o(i.MemManage_Handler) for MemManage_Handler
    startup_stm32f407xx.o(RESET) refers to stm32f4xx_it.o(i.BusFault_Handler) for BusFault_Handler
    startup_stm32f407xx.o(RESET) refers to stm32f4xx_it.o(i.UsageFault_Handler) for UsageFault_Handler
    startup_stm32f407xx.o(RESET) refers to stm32f4xx_it.o(i.SVC_Handler) for SVC_Handler
    startup_stm32f407xx.o(RESET) refers to stm32f4xx_it.o(i.DebugMon_Handler) for DebugMon_Handler
    startup_stm32f407xx.o(RESET) refers to stm32f4xx_it.o(i.PendSV_Handler) for PendSV_Handler
    startup_stm32f407xx.o(RESET) refers to main.o(i.SysTick_Handler) for SysTick_Handler
    startup_stm32f407xx.o(RESET) refers to stm32f4xx_it.o(i.DMA2_Stream2_IRQHandler) for DMA2_Stream2_IRQHandler
    startup_stm32f407xx.o(RESET) refers to stm32f4xx_it.o(i.DMA2_Stream5_IRQHandler) for DMA2_Stream5_IRQHandler
    startup_stm32f407xx.o(RESET) refers to stm32f4xx_it.o(i.DMA2_Stream6_IRQHandler) for DMA2_Stream6_IRQHandler
    startup_stm32f407xx.o(.text) refers (Special) to heapauxi.o(.text) for __use_two_region_memory
    startup_stm32f407xx.o(.text) refers to system_stm32f4xx_1.o(i.SystemInit) for SystemInit
    startup_stm32f407xx.o(.text) refers to __main.o(!!!main) for __main
    startup_stm32f407xx.o(.text) refers to startup_stm32f407xx.o(HEAP) for Heap_Mem
    startup_stm32f407xx.o(.text) refers to startup_stm32f407xx.o(STACK) for Stack_Mem
    lcd_main.o(i.printi) refers to lcd_main.o(i.prints) for prints
    lcd_main.o(i.tft_clear) refers to lcd_main.o(.data) for .data
    lcd_main.o(i.tft_clear) refers to lcd_main.o(.bss) for .bss
    lcd_main.o(i.tft_clear_line) refers to lcd_main.o(.data) for .data
    lcd_main.o(i.tft_clear_line) refers to lcd_main.o(.bss) for .bss
    lcd_main.o(i.tft_fill_color) refers to lcd_main.o(.data) for .data
    lcd_main.o(i.tft_force_clear) refers to aeabi_memset.o(.text) for __aeabi_memset
    lcd_main.o(i.tft_force_clear) refers to lcd_main.o(i.tft_fill_color) for tft_fill_color
    lcd_main.o(i.tft_force_clear) refers to lcd_main.o(.bss) for .bss
    lcd_main.o(i.tft_force_clear) refers to lcd_main.o(.data) for .data
    lcd_main.o(i.tft_get_orientation) refers to lcd_main.o(.data) for .data
    lcd_main.o(i.tft_init) refers to lcd_main.o(i.tft_fill_color) for tft_fill_color
    lcd_main.o(i.tft_init) refers to lcd_main.o(i.tft_clear) for tft_clear
    lcd_main.o(i.tft_init) refers to lcd_main.o(.data) for .data
    lcd_main.o(i.tft_init) refers to main.o(.data) for __delay
    lcd_main.o(i.tft_init) refers to lcd_main.o(.constdata) for .constdata
    lcd_main.o(i.tft_printb) refers to lcd_main.o(i.tft_printc) for tft_printc
    lcd_main.o(i.tft_printf) refers to lcd_main.o(i.tft_printc) for tft_printc
    lcd_main.o(i.tft_printh) refers to lcd_main.o(i.tft_printc) for tft_printc
    lcd_main.o(i.tft_printi) refers to lcd_main.o(i.tft_printc) for tft_printc
    lcd_main.o(i.tft_printl) refers to llsdiv.o(.text) for __aeabi_ldivmod
    lcd_main.o(i.tft_printl) refers to lcd_main.o(i.tft_printc) for tft_printc
    lcd_main.o(i.tft_prints) refers to rt_memclr_w.o(.text) for __aeabi_memclr4
    lcd_main.o(i.tft_prints) refers to lcd_main.o(i.prints) for prints
    lcd_main.o(i.tft_prints) refers to lcd_main.o(i.printi) for printi
    lcd_main.o(i.tft_prints) refers to lcd_main.o(i.tft_printc) for tft_printc
    lcd_main.o(i.tft_printu) refers to lcd_main.o(i.tft_printc) for tft_printc
    lcd_main.o(i.tft_pxbuf_update) refers to lcd_main.o(.data) for .data
    lcd_main.o(i.tft_pxbuf_update) refers to lcd_main.o(.bss) for .bss
    lcd_main.o(i.tft_pxbuf_update) refers to lcd_main.o(.constdata) for .constdata
    lcd_main.o(i.tft_pxbuf_write) refers to lcd_main.o(.data) for .data
    lcd_main.o(i.tft_pxbuf_write) refers to lcd_main.o(.bss) for .bss
    lcd_main.o(i.tft_pxbuf_write) refers to lcd_main.o(.constdata) for .constdata
    lcd_main.o(i.tft_reset) refers to main.o(.data) for __delay
    lcd_main.o(i.tft_set_bg_color) refers to lcd_main.o(.data) for .data
    lcd_main.o(i.tft_set_highlight_color) refers to lcd_main.o(.data) for .data
[...]
    .ARM.Collect$$rtentry$$0000000A          0x08000272   Section        4  __rtentry2.o(.ARM.Collect$$rtentry$$0000000A)
    .ARM.Collect$$rtentry$$0000000C          0x08000276   Section        0  __rtentry2.o(.ARM.Collect$$rtentry$$0000000C)
    .ARM.Collect$$rtentry$$0000000D          0x08000276   Section        8  __rtentry2.o(.ARM.Collect$$rtentry$$0000000D)
    .ARM.Collect$$rtexit$$00000000           0x0800027e   Section        2  rtexit.o(.ARM.Collect$$rtexit$$00000000)
    .ARM.Collect$$rtexit$$00000002           0x08000280   Section        0  rtexit2.o(.ARM.Collect$$rtexit$$00000002)
    .ARM.Collect$$rtexit$$00000003           0x08000280   Section        4  rtexit2.o(.ARM.Collect$$rtexit$$00000003)
    .ARM.Collect$$rtexit$$00000004           0x08000284   Section        6  rtexit2.o(.ARM.Collect$$rtexit$$00000004)
    .text                                    0x0800028c   Section       64  startup_stm32f407xx.o(.text)
    $v0                                      0x0800028c   Number         0  startup_stm32f407xx.o(.text)
    .text                                    0x080002cc   Section      132  rt_memmove_v6.o(.text)
    .text                                    0x08000350   Section       78  rt_memclr_w.o(.text)
    .text                                    0x0800039e   Section        0  heapauxi.o(.text)
    .text                                    0x080003a4   Section      138  rt_memcpy_v6.o(.text)
    .text                                    0x0800042e   Section      122  rt_memmove_w.o(.text)
    .text                                    0x080004a8   Section      100  rt_memcpy_w.o(.text)
    .text                                    0x0800050c   Section       74  sys_stackheap_outer.o(.text)
    .text                                    0x08000556   Section        0  exit.o(.text)
    .text                                    0x08000568   Section        8  libspace.o(.text)
    .text                                    0x08000570   Section        0  sys_exit.o(.text)
    .text                                    0x0800057c   Section        2  use_no_semi.o(.text)
    .text                                    0x0800057e   Section        0  indicate_semi.o(.text)
    i.BusFault_Handler                       0x0800057e   Section        0  stm32f4xx_it.o(i.BusFault_Handler)
    i.DMA2_Stream2_IRQHandler                0x08000580   Section        0  stm32f4xx_it.o(i.DMA2_Stream2_IRQHandler)
    i.DMA2_Stream5_IRQHandler                0x08000582   Section        0  stm32f4xx_it.o(i.DMA2_Stream5_IRQHandler)
    i.DMA2_Stream6_IRQHandler                0x08000584   Section        0  stm32f4xx_it.o(i.DMA2_Stream6_IRQHandler)
    i.DebugMon_Handler                       0x08000590   Section        0  stm32f4xx_it.o(i.DebugMon_Handler)
    i.Error_Handler                          0x08000592   Section        0  main.o(i.Error_Handler)
    i.HAL_DMA_IRQHandler                     0x08000594   Section        0  stm32f4xx_hal_dma.o(i.HAL_DMA_IRQHandler)
    i.HAL_DMA_Init                           0x08000770   Section        0  stm32f4xx_hal_dma.o(i.HAL_DMA_Init)
    i.HAL_Delay                              0x080008cc   Section        0  stm32f4xx_hal.o(i.HAL_Delay)
    i.HAL_GPIO_Init                          0x080008f4   Section        0  stm32f4xx_hal_gpio.o(i.HAL_GPIO_Init)
    i.HAL_GetTick                            0x08000b30   Section        0  main.o(i.HAL_GetTick)
    i.HAL_Init                               0x08000b3c   Section        0  stm32f4xx_hal.o(i.HAL_Init)
    i.HAL_InitTick                           0x08000b70   Section        0  stm32f4xx_hal.o(i.HAL_InitTick)
    i.HAL_MspInit                            0x08000bb0   Section        0  stm32f4xx_hal_msp.o(i.HAL_MspInit)
    i.HAL_NVIC_EnableIRQ                     0x08000be4   Section        0  stm32f4xx_hal_cortex.o(i.HAL_NVIC_EnableIRQ)
    i.HAL_NVIC_SetPriority                   0x08000bfc   Section        0  stm32f4xx_hal_cortex.o(i.HAL_NVIC_SetPriority)
    i.HAL_NVIC_SetPriorityGrouping           0x08000c60   Section        0  stm32f4xx_hal_cortex.o(i.HAL_NVIC_SetPriorityGrouping)
    i.HAL_SD_ConfigWideBusOperation          0x08000c84   Section        0  stm32f4xx_hal_sd.o(i.HAL_SD_ConfigWideBusOperation)
    i.HAL_SD_GetCardCSD                      0x08000d9c   Section        0  stm32f4xx_hal_sd.o(i.HAL_SD_GetCardCSD)
    i.HAL_SD_Init                            0x08000f98   Section        0  stm32f4xx_hal_sd.o(i.HAL_SD_Init)
    i.HAL_SD_InitCard                        0x08000fd0   Section        0  stm32f4xx_hal_sd.o(i.HAL_SD_InitCard)
    i.HAL_SD_MspInit                         0x08001194   Section        0  sdio.o(i.HAL_SD_MspInit)
    i.HAL_SYSTICK_Config                     0x08001284   Section        0  stm32f4xx_hal_cortex.o(i.HAL_SYSTICK_Config)
    i.HardFault_Handler                      0x080012b0   Section        0  stm32f4xx_it.o(i.HardFault_Handler)
    i.LL_ADC_CommonInit                      0x080012b4   Section        0  stm32f4xx_ll_adc.o(i.LL_ADC_CommonInit)
    i.LL_ADC_Init                            0x08001314   Section        0  stm32f4xx_ll_adc.o(i.LL_ADC_Init)
    i.LL_ADC_REG_Init                        0x08001350   Section        0  stm32f4xx_ll_adc.o(i.LL_ADC_REG_Init)
    i.LL_DAC_Init                            0x080013c0   Section        0  stm32f4xx_ll_dac.o(i.LL_DAC_Init)
    i.LL_GPIO_Init                           0x0800141c   Section        0  stm32f4xx_ll_gpio.o(i.LL_GPIO_Init)
    i.LL_Init1msTick                         0x08001570   Section        0  stm32f4xx_ll_utils.o(i.LL_Init1msTick)
    i.LL_RCC_GetSystemClocksFreq             0x0800158c   Section        0  stm32f4xx_ll_rcc.o(i.LL_RCC_GetSystemClocksFreq)
    i.LL_SPI_Init                            0x08001630   Section        0  stm32f4xx_ll_spi.o(i.LL_SPI_Init)
    i.LL_SetSystemCoreClock                  0x08001698   Section        0  stm32f4xx_ll_utils.o(i.LL_SetSystemCoreClock)
    i.LL_TIM_Init                            0x080016a4   Section        0  stm32f4xx_ll_tim.o(i.LL_TIM_Init)
    i.LL_TIM_OC_Init                         0x08001770   Section        0  stm32f4xx_ll_tim.o(i.LL_TIM_OC_Init)
    i.LL_USART_Init                          0x08001938   Section        0  stm32f4xx_ll_usart.o(i.LL_USART_Init)
    i.MX_ADC1_Init                           0x08001ad4   Section        0  adc.o(i.MX_ADC1_Init)
    i.MX_DAC_Init                            0x08001da8   Section        0  dac.o(i.MX_DAC_Init)
    i.MX_DMA_Init                            0x08001edc   Section        0  dma.o(i.MX_DMA_Init)
    i.MX_GPIO_Init                           0x08002068   Section        0  gpio.o(i.MX_GPIO_Init)
    i.MX_SDIO_SD_Init                        0x08002194   Section        0  sdio.o(i.MX_SDIO_SD_Init)
    i.MX_SPI1_Init                           0x080021d8   Section        0  spi.o(i.MX_SPI1_Init)
    i.MX_SPI2_Init                           0x0800235c   Section        0  spi.o(i.MX_SPI2_Init)
    i.MX_TIM10_Init                          0x08002540   Section        0  tim.o(i.MX_TIM10_Init)
    i.MX_TIM11_Init                          0x0800257c   Section        0  tim.o(i.MX_TIM11_Init)
    i.MX_TIM12_Init                          0x080025b8   Section        0  tim.o(i.MX_TIM12_Init)
    i.MX_TIM13_Init                          0x08002600   Section        0  tim.o(i.MX_TIM13_Init)
    i.MX_TIM14_Init                          0x08002710   Section        0  tim.o(i.MX_TIM14_Init)
    i.MX_TIM6_Init                           0x0800274c   Section        0  tim.o(i.MX_TIM6_Init)
    i.MX_TIM7_Init                           0x080027d4   Section        0  tim.o(i.MX_TIM7_Init)
    i.MX_TIM9_Init                           0x08002820   Section        0  tim.o(i.MX_TIM9_Init)
    i.MX_USART1_UART_Init                    0x08002868   Section        0  usart.o(i.MX_USART1_UART_Init)
    i.MX_USART2_UART_Init                    0x08002a54   Section        0  usart.o(i.MX_USART2_UART_Init)
    i.MemManage_Handler                      0x08002bac   Section        0  stm32f4xx_it.o(i.MemManage_Handler)
    i.NMI_Handler                            0x08002bae   Section        0  stm32f4xx_it.o(i.NMI_Handler)
    i.PendSV_Handler                         0x08002bb0   Section        0  stm32f4xx_it.o(i.PendSV_Handler)
    i.SDIO_ConfigData                        0x08002bb2   Section        0  stm32f4xx_ll_sdmmc.o(i.SDIO_ConfigData)
    i.SDIO_GetPowerState                     0x08002bd6   Section        0  stm32f4xx_ll_sdmmc.o(i.SDIO_GetPowerState)
    i.SDIO_GetResponse                       0x08002bde   Section        0  stm32f4xx_ll_sdmmc.o(i.SDIO_GetResponse)
    i.SDIO_Init                              0x08002bec   Section        0  stm32f4xx_ll_sdmmc.o(i.SDIO_Init)
    i.SDIO_PowerState_ON                     0x08002c18   Section        0  stm32f4xx_ll_sdmmc.o(i.SDIO_PowerState_ON)
    i.SDIO_ReadFIFO                          0x08002c20   Section        0  stm32f4xx_ll_sdmmc.o(i.SDIO_ReadFIFO)
    i.SDMMC_CmdAppCommand                    0x08002c26   Section        0  stm32f4xx_ll_sdmmc.o(i.SDMMC_CmdAppCommand)
    i.SDMMC_CmdAppOperCommand                0x08002c40   Section        0  stm32f4xx_ll_sdmmc.o(i.SDMMC_CmdAppOperCommand)
    i.SDMMC_CmdBlockLength                   0x08002c98   Section        0  stm32f4xx_ll_sdmmc.o(i.SDMMC_CmdBlockLength)
    i.SDMMC_CmdBusWidth                      0x08002cb0   Section        0  stm32f4xx_ll_sdmmc.o(i.SDMMC_CmdBusWidth)
    i.SDMMC_CmdGoIdleState                   0x08002ccc   Section        0  stm32f4xx_ll_sdmmc.o(i.SDMMC_CmdGoIdleState)
    i.SDMMC_CmdOperCond                      0x08002d10   Section        0  stm32f4xx_ll_sdmmc.o(i.SDMMC_CmdOperCond)
    i.SDMMC_CmdSelDesel                      0x08002d70   Section        0  stm32f4xx_ll_sdmmc.o(i.SDMMC_CmdSelDesel)
    i.SDMMC_CmdSendCID                       0x08002d8c   Section        0  stm32f4xx_ll_sdmmc.o(i.SDMMC_CmdSendCID)
    i.SDMMC_CmdSendCSD                       0x08002dec   Section        0  stm32f4xx_ll_sdmmc.o(i.SDMMC_CmdSendCSD)
    i.SDMMC_CmdSendSCR                       0x08002e4c   Section        0  stm32f4xx_ll_sdmmc.o(i.SDMMC_CmdSendSCR)
    i.SDMMC_CmdSetRelAdd                     0x08002e68   Section        0  stm32f4xx_ll_sdmmc.o(i.SDMMC_CmdSetRelAdd)
    i.SDMMC_GetCmdResp1                      0x08002f08   Section        0  stm32f4xx_ll_sdmmc.o(i.SDMMC_GetCmdResp1)
    SDMMC_GetCmdResp1                        0x08002f09   Thumb Code   362  stm32f4xx_ll_sdmmc.o(i.SDMMC_GetCmdResp1)
    i.SD_FindSCR                             0x0800307c   Section        0  stm32f4xx_hal_sd.o(i.SD_FindSCR)
    SD_FindSCR                               0x0800307d   Thumb Code   274  stm32f4xx_hal_sd.o(i.SD_FindSCR)
    i.SVC_Handler                            0x0800318e   Section        0  stm32f4xx_it.o(i.SVC_Handler)
    i.SysTick_Handler                        0x08003190   Section        0  main.o(i.SysTick_Handler)
    i.SystemClock_Config                     0x080031b0   Section        0  main.o(i.SystemClock_Config)
    i.SystemInit                             0x08003280   Section        0  system_stm32f4xx_1.o(i.SystemInit)
    i.UsageFault_Handler                     0x080032d8   Section        0  stm32f4xx_it.o(i.UsageFault_Handler)
    i.cpu_abs                                0x080032dc   Section        0  cpu.o(i.cpu_abs)
    cpu_abs                                  0x080032dd   Thumb Code    12  cpu.o(i.cpu_abs)
    i.cpu_absx                               0x080032ec   Section        0  cpu.o(i.cpu_absx)
    cpu_absx                                 0x080032ed   Thumb Code    50  cpu.o(i.cpu_absx)
    i.cpu_absy                               0x08003328   Section        0  cpu.o(i.cpu_absy)
    cpu_absy                                 0x08003329   Thumb Code    50  cpu.o(i.cpu_absy)
    i.cpu_adc                                0x08003364   Section        0  cpu.o(i.cpu_adc)
    cpu_adc                                  0x08003365   Thumb Code   512  cpu.o(i.cpu_adc)
    i.cpu_and                                0x08003580   Section        0  cpu.o(i.cpu_and)
    cpu_and                                  0x08003581   Thumb Code   406  cpu.o(i.cpu_and)
    i.cpu_asl                                0x08003734   Section        0  cpu.o(i.cpu_asl)
    cpu_asl                                  0x08003735   Thumb Code  1098  cpu.o(i.cpu_asl)
    i.cpu_bit                                0x08003b80   Section        0  cpu.o(i.cpu_bit)
    cpu_bit                                  0x08003b81   Thumb Code   396  cpu.o(i.cpu_bit)
    i.cpu_cmp                                0x08003d28   Section        0  cpu.o(i.cpu_cmp)
    cpu_cmp                                  0x08003d29   Thumb Code   428  cpu.o(i.cpu_cmp)
    i.cpu_cpx                                0x08003ef0   Section        0  cpu.o(i.cpu_cpx)
    cpu_cpx                                  0x08003ef1   Thumb Code   428  cpu.o(i.cpu_cpx)
    i.cpu_cpy                                0x080040b8   Section        0  cpu.o(i.cpu_cpy)
    cpu_cpy                                  0x080040b9   Thumb Code   428  cpu.o(i.cpu_cpy)
    i.cpu_dec                                0x08004280   Section        0  cpu.o(i.cpu_dec)
    cpu_dec                                  0x08004281   Thumb Code  1450  cpu.o(i.cpu_dec)
    i.cpu_eor                                0x08004844   Section        0  cpu.o(i.cpu_eor)
    cpu_eor                                  0x08004845   Thumb Code   408  cpu.o(i.cpu_eor)
    i.cpu_exec                               0x080049f8   Section        0  cpu.o(i.cpu_exec)
    i.cpu_execinstruction                    0x08004aac   Section        0  cpu.o(i.cpu_execinstruction)
    cpu_execinstruction                      0x08004aad   Thumb Code 11394  cpu.o(i.cpu_execinstruction)
    i.cpu_immediate                          0x0800773c   Section        0  cpu.o(i.cpu_immediate)
    cpu_immediate                            0x0800773d   Thumb Code    10  cpu.o(i.cpu_immediate)
    i.cpu_implied                            0x0800774c   Section        0  cpu.o(i.cpu_implied)
    cpu_implied                              0x0800774d   Thumb Code     4  cpu.o(i.cpu_implied)
    i.cpu_inc                                0x08007750   Section        0  cpu.o(i.cpu_inc)
    cpu_inc                                  0x08007751   Thumb Code  1450  cpu.o(i.cpu_inc)
    i.cpu_indabsx                            0x08007d14   Section        0  cpu.o(i.cpu_indabsx)
    cpu_indabsx                              0x08007d15   Thumb Code   374  cpu.o(i.cpu_indabsx)
    i.cpu_indirect                           0x08007ea8   Section        0  cpu.o(i.cpu_indirect)
    cpu_indirect                             0x08007ea9   Thumb Code   378  cpu.o(i.cpu_indirect)
    i.cpu_indx                               0x08008040   Section        0  cpu.o(i.cpu_indx)
    cpu_indx                                 0x08008041   Thumb Code    22  cpu.o(i.cpu_indx)
    i.cpu_indy                               0x08008060   Section        0  cpu.o(i.cpu_indy)
    cpu_indy                                 0x08008061   Thumb Code   410  cpu.o(i.cpu_indy)
    i.cpu_initmem                            0x0800821c   Section        0  cpu.o(i.cpu_initmem)
    i.cpu_lda                                0x08008234   Section        0  cpu.o(i.cpu_lda)
    cpu_lda                                  0x08008235   Thumb Code   404  cpu.o(i.cpu_lda)
    i.cpu_ldx                                0x080083e4   Section        0  cpu.o(i.cpu_ldx)
    cpu_ldx                                  0x080083e5   Thumb Code   404  cpu.o(i.cpu_ldx)
    i.cpu_ldy                                0x08008594   Section        0  cpu.o(i.cpu_ldy)
    cpu_ldy                                  0x08008595   Thumb Code   404  cpu.o(i.cpu_ldy)
    i.cpu_lsr                                0x08008744   Section        0  cpu.o(i.cpu_lsr)
    cpu_lsr                                  0x08008745   Thumb Code  1098  cpu.o(i.cpu_lsr)
    i.cpu_ora                                0x08008b90   Section        0  cpu.o(i.cpu_ora)
    cpu_ora                                  0x08008b91   Thumb Code   408  cpu.o(i.cpu_ora)
    i.cpu_relative                           0x08008d44   Section        0  cpu.o(i.cpu_relative)
    cpu_relative                             0x08008d45   Thumb Code    42  cpu.o(i.cpu_relative)
    i.cpu_reset                              0x08008d74   Section        0  cpu.o(i.cpu_reset)
    i.cpu_rol                                0x08008d9c   Section        0  cpu.o(i.cpu_rol)
    cpu_rol                                  0x08008d9d   Thumb Code  1110  cpu.o(i.cpu_rol)
    i.cpu_ror                                0x080091f8   Section        0  cpu.o(i.cpu_ror)
    cpu_ror                                  0x080091f9   Thumb Code  1116  cpu.o(i.cpu_ror)
    i.cpu_sbc                                0x08009658   Section        0  cpu.o(i.cpu_sbc)
    cpu_sbc                                  0x08009659   Thumb Code   522  cpu.o(i.cpu_sbc)
    i.cpu_sta                                0x08009880   Section        0  cpu.o(i.cpu_sta)
    cpu_sta                                  0x08009881   Thumb Code   612  cpu.o(i.cpu_sta)
    i.cpu_stz                                0x08009b14   Section        0  cpu.o(i.cpu_stz)
    cpu_stz                                  0x08009b15   Thumb Code   394  cpu.o(i.cpu_stz)
    i.cpu_trb                                0x08009cc4   Section        0  cpu.o(i.cpu_trb)
    cpu_trb                                  0x08009cc5   Thumb Code  1436  cpu.o(i.cpu_trb)
    i.cpu_tsb                                0x0800a278   Section        0  cpu.o(i.cpu_tsb)
    cpu_tsb                                  0x0800a279   Thumb Code  1444  cpu.o(i.cpu_tsb)
    i.joypad_read                            0x0800a834   Section        0  cpu.o(i.joypad_read)
    i.joystick_init                          0x0800a8d0   Section        0  adc.o(i.joystick_init)
    i.main                                   0x0800a95c   Section        0  main.o(i.main)
    i.nes_frame                              0x0800ac10   Section        0  nes.o(i.nes_frame)
    i.nes_init                               0x0800acf4   Section        0  nes.o(i.nes_init)
    i.ppu_init                               0x0800ad1c   Section        0  ppu.o(i.ppu_init)
    i.ppu_render_line                        0x0800ad74   Section        0  ppu.o(i.ppu_render_line)
    i.ppu_spr0_hit_flag                      0x0800bab8   Section        0  ppu.o(i.ppu_spr0_hit_flag)
    i.premap_palette                         0x0800bc2c   Section        0  ppu.o(i.premap_palette)
    i.printi                                 0x0800bccc   Section        0  lcd_main.o(i.printi)
    printi                                   0x0800bccd   Thumb Code   168  lcd_main.o(i.printi)
    i.prints                                 0x0800bd74   Section        0  lcd_main.o(i.prints)
    prints                                   0x0800bd75   Thumb Code   132  lcd_main.o(i.prints)
    i.rom_select                             0x0800bdf8   Section        0  nes.o(i.rom_select)
    i.tft_clear                              0x0800be04   Section        0  lcd_main.o(i.tft_clear)
    i.tft_double_push_pxbuf                  0x0800be7c   Section        0  lcd_main.o(i.tft_double_push_pxbuf)
    i.tft_fill_color                         0x0800c040   Section        0  lcd_main.o(i.tft_fill_color)
    i.tft_init                               0x0800c2cc   Section        0  lcd_main.o(i.tft_init)
    i.tft_printc                             0x0800c478   Section        0  lcd_main.o(i.tft_printc)
    i.tft_prints                             0x0800c55c   Section        0  lcd_main.o(i.tft_prints)
    i.tft_update                             0x0800c6b0   Section        0  lcd_main.o(i.tft_update)
    x$fpl$fpinit                             0x0800c9f8   Section       10  fpinit.o(x$fpl$fpinit)
    $v0                                      0x0800c9f8   Number         0  fpinit.o(x$fpl$fpinit)
    .constdata                               0x0800ca02   Section     3659  lcd_main.o(.constdata)
    ascii_8x16                               0x0800ca06   Data        3584  lcd_main.o(.constdata)
    .constdata                               0x0800d84d   Section        8  adc.o(.constdata)
    STREAM_OFFSET_TAB                        0x0800d84d   Data           8  adc.o(.constdata)
    .constdata                               0x0800d855   Section        8  dac.o(.constdata)
    STREAM_OFFSET_TAB                        0x0800d855   Data           8  dac.o(.constdata)
    .constdata                               0x0800d85d   Section        8  spi.o(.constdata)
    STREAM_OFFSET_TAB                        0x0800d85d   Data           8  spi.o(.constdata)
    .constdata                               0x0800d865   Section       14  tim.o(.constdata)
    OFFSET_TAB_CCMRx                         0x0800d865   Data           7  tim.o(.constdata)
    SHIFT_TAB_OCxx                           0x0800d86c   Data           7  tim.o(.constdata)
    .constdata                               0x0800d873   Section        8  usart.o(.constdata)
    STREAM_OFFSET_TAB                        0x0800d873   Data           8  usart.o(.constdata)
    .constdata                               0x0800d87c   Section     1024  cpu.o(.constdata)
    .constdata                               0x0800dc7c   Section      132  ppu.o(.constdata)
    NES_Color_Palette                        0x0800dc80   Data         128  ppu.o(.constdata)
    .constdata                               0x0800dd00   Section    40976  nes.o(.constdata)
    MarioRomFile                             0x0800dd00   Data       40976  nes.o(.constdata)
    .constdata                               0x08017d10   Section    40976  nes.o(.constdata)
    TankRomFile                              0x08017d10   Data       40976  nes.o(.constdata)
    .constdata                               0x08021d20   Section    40976  nes.o(.constdata)
    MappyRomFile                             0x08021d20   Data       40976  nes.o(.constdata)
    .constdata                               0x0802bd30   Section        8  stm32f4xx_hal_dma.o(.constdata)
    flagBitshiftOffset                       0x0802bd30   Data           8  stm32f4xx_hal_dma.o(.constdata)
    .constdata                               0x0802bd38   Section       16  system_stm32f4xx_1.o(.constdata)
    .constdata                               0x0802bd48   Section        8  system_stm32f4xx_1.o(.constdata)
    .conststring                             0x0802bd50   Section      342  main.o(.conststring)
    .conststring                             0x0802bea8   Section      744  cpu.o(.conststring)
    .data                                    0x10000000   Section       16  lcd_main.o(.data)
    .data                                    0x10000010   Section       20  main.o(.data)
    btn_state                                0x10000012   Data           2  main.o(.data)
    GAME_SELECT                              0x1000001c   Data           4  main.o(.data)
    last_blink                               0x10000020   Data           4  main.o(.data)
    .data                                    0x10000024   Section       12  ppu.o(.data)
    .data                                    0x10000030   Section       16  nes.o(.data)
    romFiles                                 0x10000034   Data          12  nes.o(.data)
    .data                                    0x10000040   Section       12  stm32f4xx_hal.o(.data)
    .data                                    0x1000004c   Section        4  system_stm32f4xx_1.o(.data)
    .bss                                     0x10000050   Section    28480  lcd_main.o(.bss)
    tft_dma_bufs                             0x10001f90   Data       20480  lcd_main.o(.bss)
    .bss                                     0x10006f90   Section      228  sdio.o(.bss)
    .bss                                     0x10007074   Section       96  libspace.o(.bss)
    HEAP                                     0x100070d8   Section      512  startup_stm32f407xx.o(HEAP)
    Heap_Mem                                 0x100070d8   Data         512  startup_stm32f407xx.o(HEAP)
    STACK                                    0x100072d8   Section     1024  startup_stm32f407xx.o(STACK)
    Stack_Mem                                0x100072d8   Data        1024  startup_stm32f407xx.o(STACK)
    __initial_sp                             0x100076d8   Data           0  startup_stm32f407xx.o(STACK)
    .data                                    0x20000000   Section        8  adc.o(.data)
    .data                                    0x20000008   Section     1060  cpu.o(.data)
    IRQ_Flag                                 0x20000009   Data           1  cpu.o(.data)
    A                                        0x2000000a   Data           1  cpu.o(.data)
    X                                        0x2000000b   Data           1  cpu.o(.data)
    Y                                        0x2000000c   Data           1  cpu.o(.data)
    P                                        0x2000000d   Data           1  cpu.o(.data)
    S                                        0x2000000e   Data           1  cpu.o(.data)
    opcode                                   0x2000000f   Data           1  cpu.o(.data)
    operand                                  0x20000010   Data           1  cpu.o(.data)
    joypad_read_state                        0x20000011   Data           2  cpu.o(.data)
    joypad_strobe                            0x20000013   Data           2  cpu.o(.data)
    PC                                       0x20000016   Data           2  cpu.o(.data)
    operand16                                0x20000018   Data           2  cpu.o(.data)
    joypad_state                             0x2000001c   Data           4  cpu.o(.data)
    .bss                                     0x2000042c   Section     2048  cpu.o(.bss)
    .bss                                     0x20000c2c   Section    126556  ppu.o(.bss)
    Buffer_scanline                          0x2001f868   Data         544  ppu.o(.bss)
    .bss                                     0x2001fa88   Section      257  ppu.o(.bss)

    Global Symbols

    Symbol Name                              Value     Ov Type        Size  Object(Section)

    BuildAttributes$$THM_ISAv4$E$P$D$K$B$S$7EM$VFPi3$EXTD16$VFPS$VFMA$PE$A:L22UL41UL21$X:L11$S22US41US21$IEEE1$IW$USESV6$~STKCKD$USESV7$~SHL$OTIME$ROPI$EBA8$UX$STANDARDLIB$REQ8$PRES8$EABIv2 0x00000000   Number         0  anon$$obj.o ABSOLUTE
    __ARM_use_no_argv                        0x00000000   Number         0  main.o ABSOLUTE
    __ARM_exceptions_init                     - Undefined Weak Reference
    __alloca_initialize                       - Undefined Weak Reference
    __arm_preinit_                            - Undefined Weak Reference
    __cpp_initialize__aeabi_                  - Undefined Weak Reference
    __cxa_finalize                            - Undefined Weak Reference
    __rt_locale                               - Undefined Weak Reference
    __sigvec_lookup                           - Undefined Weak Reference
    _atexit_init                              - Undefined Weak Reference
    _call_atexit_fns                          - Undefined Weak Reference
    _clock_init                               - Undefined Weak Reference
    _fp_trap_init                             - Undefined Weak Reference
    _fp_trap_shutdown                         - Undefined Weak Reference
    _get_lc_collate                           - Undefined Weak Reference
    _get_lc_ctype                             - Undefined Weak Reference
    _get_lc_monetary                          - Undefined Weak Reference
    _get_lc_numeric                           - Undefined Weak Reference
    _get_lc_time                              - Undefined Weak Reference
    _getenv_init                              - Undefined Weak Reference
    _handle_redirection                       - Undefined Weak Reference
    _init_alloc                               - Undefined Weak Reference
    _init_user_alloc                          - Undefined Weak Reference
    _initio                                   - Undefined Weak Reference
    _rand_init                                - Undefined Weak Reference
    _signal_finish                            - Undefined Weak Reference
    _signal_init                              - Undefined Weak Reference
    _terminate_alloc                          - Undefined Weak Reference
    _terminate_user_alloc                     - Undefined Weak Reference
    _terminateio                              - Undefined Weak Reference
    __Vectors_Size                           0x00000188   Number         0  startup_stm32f407xx.o ABSOLUTE
    __Vectors                                0x08000000   Data           4  startup_stm32f407xx.o(RESET)
    __Vectors_End                            0x08000188   Data           0  startup_stm32f407xx.o(RESET)
    __main                                   0x08000189   Thumb Code     8  __main.o(!!!main)
    __scatterload                            0x08000191   Thumb Code     0  __scatter.o(!!!scatter)
    __scatterload_rt2                        0x08000191   Thumb Code    44  __scatter.o(!!!scatter)
    __scatterload_rt2_thumb_only             0x08000191   Thumb Code     0  __scatter.o(!!!scatter)
    __scatterload_null                       0x0800019f   Thumb Code     0  __scatter.o(!!!scatter)
    __decompress                             0x080001c5   Thumb Code   100  __dclz77c.o(!!dclz77c)
    __decompress2                            0x080001c5   Thumb Code     0  __dclz77c.o(!!dclz77c)
    __scatterload_copy                       0x08000229   Thumb Code    26  __scatter_copy.o(!!handler_copy)
    __scatterload_zeroinit                   0x08000245   Thumb Code    28  __scatter_zi.o(!!handler_zi)
    __rt_lib_init                            0x08000261   Thumb Code     0  libinit.o(.ARM.Collect$$libinit$$00000000)
    __rt_lib_init_fp_1                       0x08000263   Thumb Code     0  libinit2.o(.ARM.Collect$$libinit$$00000001)
    __rt_lib_init_alloca_1                   0x08000267   Thumb Code     0  libinit2.o(.ARM.Collect$$libinit$$0000002E)
    __rt_lib_init_argv_1                     0x08000267   Thumb Code     0  libinit2.o(.ARM.Collect$$libinit$$0000002C)
    __rt_lib_init_atexit_1                   0x08000267   Thumb Code     0  libinit2.o(.ARM.Collect$$libinit$$0000001B)
    __rt_lib_init_clock_1                    0x08000267   Thumb Code     0  libinit2.o(.ARM.Collect$$libinit$$00000021)
    __rt_lib_init_cpp_1                      0x08000267   Thumb Code     0  libinit2.o(.ARM.Collect$$libinit$$00000032)
    __rt_lib_init_exceptions_1               0x08000267   Thumb Code     0  libinit2.o(.ARM.Collect$$libinit$$00000030)
    __rt_lib_init_fp_trap_1                  0x08000267   Thumb Code     0  libinit2.o(.ARM.Collect$$libinit$$0000001F)
    __rt_lib_init_getenv_1                   0x08000267   Thumb Code     0  libinit2.o(.ARM.Collect$$libinit$$00000023)
    __rt_lib_init_heap_1                     0x08000267   Thumb Code     0  libinit2.o(.ARM.Collect$$libinit$$0000000A)
    __rt_lib_init_lc_collate_1               0x08000267   Thumb Code     0  libinit2.o(.ARM.Collect$$libinit$$00000011)
    __rt_lib_init_lc_ctype_1                 0x08000267   Thumb Code     0  libinit2.o(.ARM.Collect$$libinit$$00000013)
    __rt_lib_init_lc_monetary_1              0x08000267   Thumb Code     0  libinit2.o(.ARM.Collect$$libinit$$00000015)
    __rt_lib_init_lc_numeric_1               0x08000267   Thumb Code     0  libinit2.o(.ARM.Collect$$libinit$$00000017)
    __rt_lib_init_lc_time_1                  0x08000267   Thumb Code     0  libinit2.o(.ARM.Collect$$libinit$$00000019)
    __rt_lib_init_preinit_1                  0x08000267   Thumb Code     0  libinit2.o(.ARM.Collect$$libinit$$00000004)
    __rt_lib_init_rand_1                     0x08000267   Thumb Code     0  libinit2.o(.ARM.Collect$$libinit$$0000000E)
    __rt_lib_init_return                     0x08000267   Thumb Code     0  libinit2.o(.ARM.Collect$$libinit$$00000033)
    __rt_lib_init_signal_1                   0x08000267   Thumb Code     0  libinit2.o(.ARM.Collect$$libinit$$0000001D)
    __rt_lib_init_stdio_1                    0x08000267   Thumb Code     0  libinit2.o(.ARM.Collect$$libinit$$00000025)
    __rt_lib_init_user_alloc_1               0x08000267   Thumb Code     0  libinit2.o(.ARM.Collect$$libinit$$0000000C)
    __rt_lib_shutdown                        0x08000269   Thumb Code     0  libshutdown.o(.ARM.Collect$$libshutdown$$00000000)
    __rt_lib_shutdown_cpp_1                  0x0800026b   Thumb Code     0  libshutdown2.o(.ARM.Collect$$libshutdown$$00000002)
    __rt_lib_shutdown_fp_trap_1              0x0800026b   Thumb Code     0  libshutdown2.o(.ARM.Collect$$libshutdown$$00000007)
    __rt_lib_shutdown_heap_1                 0x0800026b   Thumb Code     0  libshutdown2.o(.ARM.Collect$$libshutdown$$0000000F)
    __rt_lib_shutdown_return                 0x0800026b   Thumb Code     0  libshutdown2.o(.ARM.Collect$$libshutdown$$00000010)
    __rt_lib_shutdown_signal_1               0x0800026b   Thumb Code     0  libshutdown2.o(.ARM.Collect$$libshutdown$$0000000A)
    __rt_lib_shutdown_stdio_1                0x0800026b   Thumb Code     0  libshutdown2.o(.ARM.Collect$$libshutdown$$00000004)
    __rt_lib_shutdown_user_alloc_1           0x0800026b   Thumb Code     0  libshutdown2.o(.ARM.Collect$$libshutdown$$0000000C)
    __rt_entry                               0x0800026d   Thumb Code     0  __rtentry.o(.ARM.Collect$$rtentry$$00000000)
    __rt_entry_presh_1                       0x0800026d   Thumb Code     0  __rtentry2.o(.ARM.Collect$$rtentry$$00000002)
    __rt_entry_sh                            0x0800026d   Thumb Code     0  __rtentry4.o(.ARM.Collect$$rtentry$$00000004)
    __rt_entry_li                            0x08000273   Thumb Code     0  __rtentry2.o(.ARM.Collect$$rtentry$$0000000A)
    __rt_entry_postsh_1                      0x08000273   Thumb Code     0  __rtentry2.o(.ARM.Collect$$rtentry$$00000009)
    __rt_entry_main                          0x08000277   Thumb Code     0  __rtentry2.o(.ARM.Collect$$rtentry$$0000000D)
    __rt_entry_postli_1                      0x08000277   Thumb Code     0  __rtentry2.o(.ARM.Collect$$rtentry$$0000000C)
    __rt_exit                                0x0800027f   Thumb Code     0  rtexit.o(.ARM.Collect$$rtexit$$00000000)
    __rt_exit_ls                             0x08000281   Thumb Code     0  rtexit2.o(.ARM.Collect$$rtexit$$00000003)
    __rt_exit_prels_1                        0x08000281   Thumb Code     0  rtexit2.o(.ARM.Collect$$rtexit$$00000002)
    __rt_exit_exit                           0x08000285   Thumb Code     0  rtexit2.o(.ARM.Collect$$rtexit$$00000004)
    Reset_Handler                            0x0800028d   Thumb Code     8  startup_stm32f407xx.o(.text)
    ADC_IRQHandler                           0x080002a7   Thumb Code     0  startup_stm32f407xx.o(.text)
    CAN1_RX0_IRQHandler                      0x080002a7   Thumb Code     0  startup_stm32f407xx.o(.text)
    CAN1_RX1_IRQHandler                      0x080002a7   Thumb Code     0  startup_stm32f407xx.o(.text)
    CAN1_SCE_IRQHandler                      0x080002a7   Thumb Code     0  startup_stm32f407xx.o(.text)
    CAN1_TX_IRQHandler                       0x080002a7   Thumb Code     0  startup_stm32f407xx.o(.text)
    CAN2_RX0_IRQHandler                      0x080002a7   Thumb Code     0  startup_stm32f407xx.o(.text)
    CAN2_RX1_IRQHandler                      0x080002a7   Thumb Code     0  startup_stm32f407xx.o(.text)
    CAN2_SCE_IRQHandler                      0x080002a7   Thumb Code     0  startup_stm32f407xx.o(.text)
    CAN2_TX_IRQHandler                       0x080002a7   Thumb Code     0  startup_stm32f407xx.o(.text)
    DCMI_IRQHandler                          0x080002a7   Thumb Code     0  startup_stm32f407xx.o(.text)
    DMA1_Stream0_IRQHandler                  0x080002a7   Thumb Code     0  startup_stm32f407xx.o(.text)
    DMA1_Stream1_IRQHandler                  0x080002a7   Thumb Code     0  startup_stm32f407xx.o(.text)
    DMA1_Stream2_IRQHandler                  0x080002a7   Thumb Code     0  startup_stm32f407xx.o(.text)
    DMA1_Stream3_IRQHandler                  0x080002a7   Thumb Code     0  startup_stm32f407xx.o(.text)
    DMA1_Stream4_IRQHandler                  0x080002a7   Thumb Code     0  startup_stm32f407xx.o(.text)
    DMA1_Stream5_IRQHandler                  0x080002a7   Thumb Code     0  startup_stm32f407xx.o(.text)
    DMA1_Stream6_IRQHandler                  0x080002a7   Thumb Code     0  startup_stm32f407xx.o(.text)
    DMA1_Stream7_IRQHandler                  0x080002a7   Thumb Code     0  startup_stm32f407xx.o(.text)
    DMA2_Stream0_IRQHandler                  0x080002a7   Thumb Code     0  startup_stm32f407xx.o(.text)
    DMA2_Stream1_IRQHandler                  0x080002a7   Thumb Code     0  startup_stm32f407xx.o(.text)
    DMA2_Stream3_IRQHandler                  0x080002a7   Thumb Code     0  startup_stm32f407xx.o(.text)
    DMA2_Stream4_IRQHandler                  0x080002a7   Thumb Code     0  startup_stm32f407xx.o(.text)
    DMA2_Stream7_IRQHandler                  0x080002a7   Thumb Code     0  startup_stm32f407xx.o(.text)
    ETH_IRQHandler                           0x080002a7   Thumb Code     0  startup_stm32f407xx.o(.text)
    ETH_WKUP_IRQHandler                      0x080002a7   Thumb Code     0  startup_stm32f407xx.o(.text)
    EXTI0_IRQHandler                         0x080002a7   Thumb Code     0  startup_stm32f407xx.o(.text)
    EXTI15_10_IRQHandler                     0x080002a7   Thumb Code     0  startup_stm32f407xx.o(.text)
    EXTI1_IRQHandler                         0x080002a7   Thumb Code     0  startup_stm32f407xx.o(.text)
    EXTI2_IRQHandler                         0x080002a7   Thumb Code     0  startup_stm32f407xx.o(.text)
    EXTI3_IRQHandler                         0x080002a7   Thumb Code     0  startup_stm32f407xx.o(.text)
    EXTI4_IRQHandler                         0x080002a7   Thumb Code     0  startup_stm32f407xx.o(.text)
    EXTI9_5_IRQHandler                       0x080002a7   Thumb Code     0  startup_stm32f407xx.o(.text)
    FLASH_IRQHandler                         0x080002a7   Thumb Code     0  startup_stm32f407xx.o(.text)
    FMC_IRQHandler                           0x080002a7   Thumb Code     0  startup_stm32f407xx.o(.text)
    FPU_IRQHandler                           0x080002a7   Thumb Code     0  startup_stm32f407xx.o(.text)
    HASH_RNG_IRQHandler                      0x080002a7   Thumb Code     0  startup_stm32f407xx.o(.text)
    I2C1_ER_IRQHandler                       0x080002a7   Thumb Code     0  startup_stm32f407xx.o(.text)
    I2C1_EV_IRQHandler                       0x080002a7   Thumb Code     0  startup_stm32f407xx.o(.text)
    I2C2_ER_IRQHandler                       0x080002a7   Thumb Code     0  startup_stm32f407xx.o(.text)
    I2C2_EV_IRQHandler                       0x080002a7   Thumb Code     0  startup_stm32f407xx.o(.text)
    I2C3_ER_IRQHandler                       0x080002a7   Thumb Code     0  startup_stm32f407xx.o(.text)
    I2C3_EV_IRQHandler                       0x080002a7   Thumb Code     0  startup_stm32f407xx.o(.text)
    OTG_FS_IRQHandler                        0x080002a7   Thumb Code     0  startup_stm32f407xx.o(.text)
    OTG_FS_WKUP_IRQHandler                   0x080002a7   Thumb Code     0  startup_stm32f407xx.o(.text)
    OTG_HS_EP1_IN_IRQHandler                 0x080002a7   Thumb Code     0  startup_stm32f407xx.o(.text)
    OTG_HS_EP1_OUT_IRQHandler                0x080002a7   Thumb Code     0  startup_stm32f407xx.o(.text)
    OTG_HS_IRQHandler                        0x080002a7   Thumb Code     0  startup_stm32f407xx.o(.text)
    OTG_HS_WKUP_IRQHandler                   0x080002a7   Thumb Code     0  startup_stm32f407xx.o(.text)
    PVD_IRQHandler                           0x080002a7   Thumb Code     0  startup_stm32f407xx.o(.text)
    RCC_IRQHandler                           0x080002a7   Thumb Code     0  startup_stm32f407xx.o(.text)
    RTC_Alarm_IRQHandler                     0x080002a7   Thumb Code     0  startup_stm32f407xx.o(.text)
    RTC_WKUP_IRQHandler                      0x080002a7   Thumb Code     0  startup_stm32f407xx.o(.text)
    SDIO_IRQHandler                          0x080002a7   Thumb Code     0  startup_stm32f407xx.o(.text)
    SPI1_IRQHandler                          0x080002a7   Thumb Code     0  startup_stm32f407xx.o(.text)
    SPI2_IRQHandler                          0x080002a7   Thumb Code     0  startup_stm32f407xx.o(.text)
    SPI3_IRQHandler                          0x080002a7   Thumb Code     0  startup_stm32f407xx.o(.text)
    TAMP_STAMP_IRQHandler                    0x080002a7   Thumb Code     0  startup_stm32f407xx.o(.text)
    TIM1_BRK_TIM9_IRQHandler                 0x080002a7   Thumb Code     0  startup_stm32f407xx.o(.text)
    TIM1_CC_IRQHandler                       0x080002a7   Thumb Code     0  startup_stm32f407xx.o(.text)
    TIM1_TRG_COM_TIM11_IRQHandler            0x080002a7   Thumb Code     0  startup_stm32f407xx.o(.text)
    TIM1_UP_TIM10_IRQHandler                 0x080002a7   Thumb Code     0  startup_stm32f407xx.o(.text)
    TIM2_IRQHandler                          0x080002a7   Thumb Code     0  startup_stm32f407xx.o(.text)
    TIM3_IRQHandler                          0x080002a7   Thumb Code     0  startup_stm32f407xx.o(.text)
    TIM4_IRQHandler                          0x080002a7   Thumb Code     0  startup_stm32f407xx.o(.text)
    TIM5_IRQHandler                          0x080002a7   Thumb Code     0  startup_stm32f407xx.o(.text)
    TIM6_DAC_IRQHandler                      0x080002a7   Thumb Code     0  startup_stm32f407xx.o(.text)
    TIM7_IRQHandler                          0x080002a7   Thumb Code     0  startup_stm32f407xx.o(.text)
    TIM8_BRK_TIM12_IRQHandler                0x080002a7   Thumb Code     0  startup_stm32f407xx.o(.text)
    TIM8_CC_IRQHandler                       0x080002a7   Thumb Code     0  startup_stm32f407xx.o(.text)
    TIM8_TRG_COM_TIM14_IRQHandler            0x080002a7   Thumb Code     0  startup_stm32f407xx.o(.text)
    TIM8_UP_TIM13_IRQHandler                 0x080002a7   Thumb Code     0  startup_stm32f407xx.o(.text)
    UART4_IRQHandler                         0x080002a7   Thumb Code     0  startup_stm32f407xx.o(.text)
    UART5_IRQHandler                         0x080002a7   Thumb Code     0  startup_stm32f407xx.o(.text)
    USART1_IRQHandler                        0x080002a7   Thumb Code     0  startup_stm32f407xx.o(.text)
    USART2_IRQHandler                        0x080002a7   Thumb Code     0  startup_stm32f407xx.o(.text)
    USART3_IRQHandler                        0x080002a7   Thumb Code     0  startup_stm32f407xx.o(.text)
    USART6_IRQHandler                        0x080002a7   Thumb Code     0  startup_stm32f407xx.o(.text)
    WWDG_IRQHandler                          0x080002a7   Thumb Code     0  startup_stm32f407xx.o(.text)
    __user_initial_stackheap                 0x080002a9   Thumb Code     0  startup_stm32f407xx.o(.text)
    __aeabi_memmove                          0x080002cd   Thumb Code     0  rt_memmove_v6.o(.text)
    __rt_memmove                             0x080002cd   Thumb Code   132  rt_memmove_v6.o(.text)
    __memmove_lastfew                        0x0800032d   Thumb Code     0  rt_memmove_v6.o(.text)
    __aeabi_memclr4                          0x08000351   Thumb Code     0  rt_memclr_w.o(.text)
    __aeabi_memclr8                          0x08000351   Thumb Code     0  rt_memclr_w.o(.text)
    __rt_memclr_w                            0x08000351   Thumb Code    78  rt_memclr_w.o(.text)
    _memset_w                                0x08000355   Thumb Code     0  rt_memclr_w.o(.text)
    __use_two_region_memory                  0x0800039f   Thumb Code     2  heapauxi.o(.text)
    __rt_heap_escrow$2region                 0x080003a1   Thumb Code     2  heapauxi.o(.text)
    __rt_heap_expand$2region                 0x080003a3   Thumb Code     2  heapauxi.o(.text)
    __aeabi_memcpy                           0x080003a5   Thumb Code     0  rt_memcpy_v6.o(.text)
    __rt_memcpy                              0x080003a5   Thumb Code   138  rt_memcpy_v6.o(.text)
    _memcpy_lastbytes                        0x0800040b   Thumb Code     0  rt_memcpy_v6.o(.text)
    __aeabi_memmove4                         0x0800042f   Thumb Code     0  rt_memmove_w.o(.text)
    __aeabi_memmove8                         0x0800042f   Thumb Code     0  rt_memmove_w.o(.text)
    __rt_memmove_w                           0x0800042f   Thumb Code   122  rt_memmove_w.o(.text)
    __memmove_aligned                        0x08000455   Thumb Code     0  rt_memmove_w.o(.text)
    __memmove_lastfew_aligned                0x0800048d   Thumb Code     0  rt_memmove_w.o(.text)
    __aeabi_memcpy4                          0x080004a9   Thumb Code     0  rt_memcpy_w.o(.text)
    __aeabi_memcpy8                          0x080004a9   Thumb Code     0  rt_memcpy_w.o(.text)
    __rt_memcpy_w                            0x080004a9   Thumb Code   100  rt_memcpy_w.o(.text)
    _memcpy_lastbytes_aligned                0x080004f1   Thumb Code     0  rt_memcpy_w.o(.text)
    __user_setup_stackheap                   0x0800050d   Thumb Code    74  sys_stackheap_outer.o(.text)
    exit                                     0x08000557   Thumb Code    18  exit.o(.text)
    __user_libspace                          0x08000569   Thumb Code     8  libspace.o(.text)
    __user_perproc_libspace                  0x08000569   Thumb Code     0  libspace.o(.text)
    __user_perthread_libspace                0x08000569   Thumb Code     0  libspace.o(.text)
    _sys_exit                                0x08000571   Thumb Code     8  sys_exit.o(.text)
    __I$use$semihosting                      0x0800057d   Thumb Code     0  use_no_semi.o(.text)
    __use_no_semihosting_swi                 0x0800057d   Thumb Code     2  use_no_semi.o(.text)
    BusFault_Handler                         0x0800057f   Thumb Code     2  stm32f4xx_it.o(i.BusFault_Handler)
    __semihosting_library_function           0x0800057f   Thumb Code     0  indicate_semi.o(.text)
    DMA2_Stream2_IRQHandler                  0x08000581   Thumb Code     2  stm32f4xx_it.o(i.DMA2_Stream2_IRQHandler)
    DMA2_Stream5_IRQHandler                  0x08000583   Thumb Code     2  stm32f4xx_it.o(i.DMA2_Stream5_IRQHandler)
    DMA2_Stream6_IRQHandler                  0x08000585   Thumb Code     6  stm32f4xx_it.o(i.DMA2_Stream6_IRQHandler)
    DebugMon_Handler                         0x08000591   Thumb Code     2  stm32f4xx_it.o(i.DebugMon_Handler)
    Error_Handler                            0x08000593   Thumb Code     2  main.o(i.Error_Handler)
    HAL_DMA_IRQHandler                       0x08000595   Thumb Code   470  stm32f4xx_hal_dma.o(i.HAL_DMA_IRQHandler)
    HAL_DMA_Init                             0x08000771   Thumb Code   334  stm32f4xx_hal_dma.o(i.HAL_DMA_Init)
    HAL_Delay                                0x080008cd   Thumb Code    34  stm32f4xx_hal.o(i.HAL_Delay)
    HAL_GPIO_Init                            0x080008f5   Thumb Code   552  stm32f4xx_hal_gpio.o(i.HAL_GPIO_Init)
    HAL_GetTick                              0x08000b31   Thumb Code     6  main.o(i.HAL_GetTick)
    HAL_Init                                 0x08000b3d   Thumb Code    48  stm32f4xx_hal.o(i.HAL_Init)
    HAL_InitTick                             0x08000b71   Thumb Code    54  stm32f4xx_hal.o(i.HAL_InitTick)
    HAL_MspInit                              0x08000bb1   Thumb Code    42  stm32f4xx_hal_msp.o(i.HAL_MspInit)
    HAL_NVIC_EnableIRQ                       0x08000be5   Thumb Code    24  stm32f4xx_hal_cortex.o(i.HAL_NVIC_EnableIRQ)
    HAL_NVIC_SetPriority                     0x08000bfd   Thumb Code    96  stm32f4xx_hal_cortex.o(i.HAL_NVIC_SetPriority)
    HAL_NVIC_SetPriorityGrouping             0x08000c61   Thumb Code    30  stm32f4xx_hal_cortex.o(i.HAL_NVIC_SetPriorityGrouping)
    HAL_SD_ConfigWideBusOperation            0x08000c85   Thumb Code   280  stm32f4xx_hal_sd.o(i.HAL_SD_ConfigWideBusOperation)
    HAL_SD_GetCardCSD                        0x08000d9d   Thumb Code   508  stm32f4xx_hal_sd.o(i.HAL_SD_GetCardCSD)
    HAL_SD_Init                              0x08000f99   Thumb Code    54  stm32f4xx_hal_sd.o(i.HAL_SD_Init)
    HAL_SD_InitCard                          0x08000fd1   Thumb Code   446  stm32f4xx_hal_sd.o(i.HAL_SD_InitCard)
    HAL_SD_MspInit                           0x08001195   Thumb Code   214  sdio.o(i.HAL_SD_MspInit)
    HAL_SYSTICK_Config                       0x08001285   Thumb Code    38  stm32f4xx_hal_cortex.o(i.HAL_SYSTICK_Config)
    HardFault_Handler                        0x080012b1   Thumb Code     2  stm32f4xx_it.o(i.HardFault_Handler)
    LL_ADC_CommonInit                        0x080012b5   Thumb Code    86  stm32f4xx_ll_adc.o(i.LL_ADC_CommonInit)
    LL_ADC_Init                              0x08001315   Thumb Code    60  stm32f4xx_ll_adc.o(i.LL_ADC_Init)
    LL_ADC_REG_Init                          0x08001351   Thumb Code   108  stm32f4xx_ll_adc.o(i.LL_ADC_REG_Init)
    LL_DAC_Init                              0x080013c1   Thumb Code    90  stm32f4xx_ll_dac.o(i.LL_DAC_Init)
    LL_GPIO_Init                             0x0800141d   Thumb Code   340  stm32f4xx_ll_gpio.o(i.LL_GPIO_Init)
    LL_Init1msTick                           0x08001571   Thumb Code    26  stm32f4xx_ll_utils.o(i.LL_Init1msTick)
    LL_RCC_GetSystemClocksFreq               0x0800158d   Thumb Code   142  stm32f4xx_ll_rcc.o(i.LL_RCC_GetSystemClocksFreq)
    LL_SPI_Init                              0x08001631   Thumb Code   102  stm32f4xx_ll_spi.o(i.LL_SPI_Init)
    LL_SetSystemCoreClock                    0x08001699   Thumb Code     6  stm32f4xx_ll_utils.o(i.LL_SetSystemCoreClock)
    LL_TIM_Init                              0x080016a5   Thumb Code   182  stm32f4xx_ll_tim.o(i.LL_TIM_Init)
    LL_TIM_OC_Init                           0x08001771   Thumb Code   446  stm32f4xx_ll_tim.o(i.LL_TIM_OC_Init)
    LL_USART_Init                            0x08001939   Thumb Code   408  stm32f4xx_ll_usart.o(i.LL_USART_Init)
    MX_ADC1_Init                             0x08001ad5   Thumb Code   690  adc.o(i.MX_ADC1_Init)
    MX_DAC_Init                              0x08001da9   Thumb Code   262  dac.o(i.MX_DAC_Init)
    MX_DMA_Init                              0x08001edd   Thumb Code   348  dma.o(i.MX_DMA_Init)
    MX_GPIO_Init                             0x08002069   Thumb Code   268  gpio.o(i.MX_GPIO_Init)
    MX_SDIO_SD_Init                          0x08002195   Thumb Code    58  sdio.o(i.MX_SDIO_SD_Init)
    MX_SPI1_Init                             0x080021d9   Thumb Code   346  spi.o(i.MX_SPI1_Init)
    MX_SPI2_Init                             0x0800235d   Thumb Code   444  spi.o(i.MX_SPI2_Init)
    MX_TIM10_Init                            0x08002541   Thumb Code    50  tim.o(i.MX_TIM10_Init)
    MX_TIM11_Init                            0x0800257d   Thumb Code    50  tim.o(i.MX_TIM11_Init)
    MX_TIM12_Init                            0x080025b9   Thumb Code    64  tim.o(i.MX_TIM12_Init)
    MX_TIM13_Init                            0x08002601   Thumb Code   230  tim.o(i.MX_TIM13_Init)
    MX_TIM14_Init                            0x08002711   Thumb Code    50  tim.o(i.MX_TIM14_Init)
    MX_TIM6_Init                             0x0800274d   Thumb Code   116  tim.o(i.MX_TIM6_Init)
    MX_TIM7_Init                             0x080027d5   Thumb Code    68  tim.o(i.MX_TIM7_Init)
    MX_TIM9_Init                             0x08002821   Thumb Code    64  tim.o(i.MX_TIM9_Init)
    MX_USART1_UART_Init                      0x08002869   Thumb Code   452  usart.o(i.MX_USART1_UART_Init)
    MX_USART2_UART_Init                      0x08002a55   Thumb Code   304  usart.o(i.MX_USART2_UART_Init)
    MemManage_Handler                        0x08002bad   Thumb Code     2  stm32f4xx_it.o(i.MemManage_Handler)
    NMI_Handler                              0x08002baf   Thumb Code     2  stm32f4xx_it.o(i.NMI_Handler)
    PendSV_Handler                           0x08002bb1   Thumb Code     2  stm32f4xx_it.o(i.PendSV_Handler)
    SDIO_ConfigData                          0x08002bb3   Thumb Code    36  stm32f4xx_ll_sdmmc.o(i.SDIO_ConfigData)
    SDIO_GetPowerState                       0x08002bd7   Thumb Code     8  stm32f4xx_ll_sdmmc.o(i.SDIO_GetPowerState)
    SDIO_GetResponse                         0x08002bdf   Thumb Code    14  stm32f4xx_ll_sdmmc.o(i.SDIO_GetResponse)
    SDIO_Init                                0x08002bed   Thumb Code    44  stm32f4xx_ll_sdmmc.o(i.SDIO_Init)
    SDIO_PowerState_ON                       0x08002c19   Thumb Code     8  stm32f4xx_ll_sdmmc.o(i.SDIO_PowerState_ON)
    SDIO_ReadFIFO                            0x08002c21   Thumb Code     6  stm32f4xx_ll_sdmmc.o(i.SDIO_ReadFIFO)
    SDMMC_CmdAppCommand                      0x08002c27   Thumb Code    26  stm32f4xx_ll_sdmmc.o(i.SDMMC_CmdAppCommand)
    SDMMC_CmdAppOperCommand                  0x08002c41   Thumb Code    84  stm32f4xx_ll_sdmmc.o(i.SDMMC_CmdAppOperCommand)
    SDMMC_CmdBlockLength                     0x08002c99   Thumb Code    24  stm32f4xx_ll_sdmmc.o(i.SDMMC_CmdBlockLength)
    SDMMC_CmdBusWidth                        0x08002cb1   Thumb Code    26  stm32f4xx_ll_sdmmc.o(i.SDMMC_CmdBusWidth)
    SDMMC_CmdGoIdleState                     0x08002ccd   Thumb Code    62  stm32f4xx_ll_sdmmc.o(i.SDMMC_CmdGoIdleState)
    SDMMC_CmdOperCond                        0x08002d11   Thumb Code    92  stm32f4xx_ll_sdmmc.o(i.SDMMC_CmdOperCond)
    SDMMC_CmdSelDesel                        0x08002d71   Thumb Code    26  stm32f4xx_ll_sdmmc.o(i.SDMMC_CmdSelDesel)
    SDMMC_CmdSendCID                         0x08002d8d   Thumb Code    92  stm32f4xx_ll_sdmmc.o(i.SDMMC_CmdSendCID)
    SDMMC_CmdSendCSD                         0x08002ded   Thumb Code    92  stm32f4xx_ll_sdmmc.o(i.SDMMC_CmdSendCSD)
    SDMMC_CmdSendSCR                         0x08002e4d   Thumb Code    28  stm32f4xx_ll_sdmmc.o(i.SDMMC_CmdSendSCR)
    SDMMC_CmdSetRelAdd                       0x08002e69   Thumb Code   156  stm32f4xx_ll_sdmmc.o(i.SDMMC_CmdSetRelAdd)
    SVC_Handler                              0x0800318f   Thumb Code     2  stm32f4xx_it.o(i.SVC_Handler)
    SysTick_Handler                          0x08003191   Thumb Code    28  main.o(i.SysTick_Handler)
    SystemClock_Config                       0x080031b1   Thumb Code   174  main.o(i.SystemClock_Config)
    SystemInit                               0x08003281   Thumb Code    64  system_stm32f4xx_1.o(i.SystemInit)
    UsageFault_Handler                       0x080032d9   Thumb Code     2  stm32f4xx_it.o(i.UsageFault_Handler)
    cpu_exec                                 0x080049f9   Thumb Code   172  cpu.o(i.cpu_exec)
    cpu_initmem                              0x0800821d   Thumb Code    20  cpu.o(i.cpu_initmem)
    cpu_reset                                0x08008d75   Thumb Code    36  cpu.o(i.cpu_reset)
    joypad_read                              0x0800a835   Thumb Code   126  cpu.o(i.joypad_read)
    joystick_init                            0x0800a8d1   Thumb Code   116  adc.o(i.joystick_init)
    main                                     0x0800a95d   Thumb Code   504  main.o(i.main)
    nes_frame                                0x0800ac11   Thumb Code   202  nes.o(i.nes_frame)
    nes_init                                 0x0800acf5   Thumb Code    38  nes.o(i.nes_init)
    ppu_init                                 0x0800ad1d   Thumb Code    76  ppu.o(i.ppu_init)
    ppu_render_line                          0x0800ad75   Thumb Code  3390  ppu.o(i.ppu_render_line)
    ppu_spr0_hit_flag                        0x0800bab9   Thumb Code   354  ppu.o(i.ppu_spr0_hit_flag)
    premap_palette                           0x0800bc2d   Thumb Code   148  ppu.o(i.premap_palette)
    rom_select                               0x0800bdf9   Thumb Code     8  nes.o(i.rom_select)
    tft_clear                                0x0800be05   Thumb Code   112  lcd_main.o(i.tft_clear)
    tft_double_push_pxbuf                    0x0800be7d   Thumb Code   426  lcd_main.o(i.tft_double_push_pxbuf)
    tft_fill_color                           0x0800c041   Thumb Code   638  lcd_main.o(i.tft_fill_color)
    tft_init                                 0x0800c2cd   Thumb Code   388  lcd_main.o(i.tft_init)
    tft_printc                               0x0800c479   Thumb Code   220  lcd_main.o(i.tft_printc)
    tft_prints                               0x0800c55d   Thumb Code   332  lcd_main.o(i.tft_prints)
    tft_update                               0x0800c6b1   Thumb Code   818  lcd_main.o(i.tft_update)
    _fp_init                                 0x0800c9f9   Thumb Code    10  fpinit.o(x$fpl$fpinit)
    __fplib_config_fpu_vfp                   0x0800ca01   Thumb Code     0  fpinit.o(x$fpl$fpinit)
    __fplib_config_pureend_doubles           0x0800ca01   Thumb Code     0  fpinit.o(x$fpl$fpinit)
    tft_orientation_init_code                0x0800ca02   Data           4  lcd_main.o(.constdata)
    tft_init_code                            0x0800d806   Data          71  lcd_main.o(.constdata)
    opcodeticks                              0x0800d87c   Data        1024  cpu.o(.constdata)
    sprite                                   0x0800dc7c   Data           4  ppu.o(.constdata)
    AHBPrescTable                            0x0802bd38   Data          16  system_stm32f4xx_1.o(.constdata)
    APBPrescTable                            0x0802bd48   Data           8  system_stm32f4xx_1.o(.constdata)
    Region$$Table$$Base                      0x0802c190   Number         0  anon$$obj.o(Region$$Table)
    Region$$Table$$Limit                     0x0802c1d0   Number         0  anon$$obj.o(Region$$Table)
    tft_orientation                          0x10000000   Data           1  lcd_main.o(.data)
    char_max_x                               0x10000001   Data           1  lcd_main.o(.data)
    char_max_y                               0x10000002   Data           1  lcd_main.o(.data)
    cur_screen                               0x10000003   Data           1  lcd_main.o(.data)
    next_screen                              0x10000004   Data           1  lcd_main.o(.data)
    curr_bg_color                            0x10000006   Data           2  lcd_main.o(.data)
    curr_highlight_color                     0x10000008   Data           2  lcd_main.o(.data)
    curr_text_color                          0x1000000a   Data           2  lcd_main.o(.data)
    curr_text_color_sp                       0x1000000c   Data           2  lcd_main.o(.data)
    row_width                                0x1000000e   Data           2  lcd_main.o(.data)
    __tickf                                  0x10000010   Data           1  main.o(.data)
    __ticks                                  0x10000014   Data           4  main.o(.data)
    __delay                                  0x10000018   Data           4  main.o(.data)
    SpriteHitFlag                            0x10000024   Data           1  ppu.o(.data)
    PPU_Latch_Flag                           0x10000025   Data           1  ppu.o(.data)
    PPU_BG_VScrlOrg                          0x10000026   Data           1  ppu.o(.data)
    PPU_BG_HScrlOrg                          0x10000027   Data           1  ppu.o(.data)
    PPU_Reg                                  0x10000028   Data           4  ppu.o(.data)
    PPU_scanline                             0x1000002c   Data           4  ppu.o(.data)
    frame_count                              0x10000030   Data           4  nes.o(.data)
    uwTickFreq                               0x10000040   Data           1  stm32f4xx_hal.o(.data)
    uwTickPrio                               0x10000044   Data           4  stm32f4xx_hal.o(.data)
    uwTick                                   0x10000048   Data           4  stm32f4xx_hal.o(.data)
    SystemCoreClock                          0x1000004c   Data           4  system_stm32f4xx_1.o(.data)
    text_buf                                 0x10000050   Data        1600  lcd_main.o(.bss)
    text_color_buf                           0x10000690   Data        3200  lcd_main.o(.bss)
    bg_color_buf                             0x10001310   Data        3200  lcd_main.o(.bss)
    hsd                                      0x10006f90   Data         132  sdio.o(.bss)
    hdma_sdio                                0x10007014   Data          96  sdio.o(.bss)
    __libspace_start                         0x10007074   Data          96  libspace.o(.bss)
    __temporary_stack_top$libspace           0x100070d4   Data           0  libspace.o(.bss)
    joys                                     0x20000000   Data           8  adc.o(.data)
    NMI_Flag                                 0x20000008   Data           1  cpu.o(.data)
    prg_rombank0                             0x20000020   Data           4  cpu.o(.data)
    prg_rombank1                             0x20000024   Data           4  cpu.o(.data)
    cpu_clockticks                           0x20000028   Data           4  cpu.o(.data)
    opcode_names                             0x2000002c   Data        1024  cpu.o(.data)
    cpu_ram                                  0x2000042c   Data        2048  cpu.o(.bss)
    DisplayBuffer                            0x20000c2c   Data       122880  ppu.o(.bss)
    Premapped_palette                        0x2001ec2c   Data        1024  ppu.o(.bss)
    NameTable                                0x2001f02c   Data        2048  ppu.o(.bss)
    PPU_Mem                                  0x2001f82c   Data          60  ppu.o(.bss)
    Spr_Mem                                  0x2001fa88   Data         257  ppu.o(.bss)



==============================================================================

Memory Map of the image

  Image Entry point : 0x08000189

  Load Region LR_IROM1 (Base: 0x08000000, Size: 0x0002c64c, Max: 0x00080000, ABSOLUTE, COMPRESSED[0x0002c3b0])

    Execution Region ER_IROM1 (Exec base: 0x08000000, Load base: 0x08000000, Size: 0x0002c1d0, Max: 0x00080000, ABSOLUTE)

    Exec Addr    Load Addr    Size         Type   Attr      Idx    E Section Name        Object

    0x08000000   0x08000000   0x00000188   Data   RO            3    RESET               startup_stm32f407xx.o
    0x08000188   0x08000188   0x00000008   Code   RO         3490  * !!!main             c_w.l(__main.o)
    0x08000190   0x08000190   0x00000034   Code   RO         3667    !!!scatter          c_w.l(__scatter.o)
    0x080001c4   0x080001c4   0x00000064   Code   RO         3665    !!dclz77c           c_w.l(__dclz77c.o)
    0x08000228   0x08000228   0x0000001a   Code   RO         3669    !!handler_copy      c_w.l(__scatter_copy.o)
    0x08000242   0x08000242   0x00000002   PAD
    0x08000244   0x08000244   0x0000001c   Code   RO         3671    !!handler_zi        c_w.l(__scatter_zi.o)
    0x08000260   0x08000260   0x00000002   Code   RO         3535    .ARM.Collect$$libinit$$00000000  c_w.l(libinit.o)
    0x08000262   0x08000262   0x00000004   Code   RO         3547    .ARM.Collect$$libinit$$00000001  c_w.l(libinit2.o)
    0x08000266   0x08000266   0x00000000   Code   RO         3550    .ARM.Collect$$libinit$$00000004  c_w.l(libinit2.o)
    0x08000266   0x08000266   0x00000000   Code   RO         3553    .ARM.Collect$$libinit$$0000000A  c_w.l(libinit2.o)
    0x08000266   0x08000266   0x00000000   Code   RO         3555    .ARM.Collect$$libinit$$0000000C  c_w.l(libinit2.o)
    0x08000266   0x08000266   0x00000000   Code   RO         3557    .ARM.Collect$$libinit$$0000000E  c_w.l(libinit2.o)
    0x08000266   0x08000266   0x00000000   Code   RO         3560    .ARM.Collect$$libinit$$00000011  c_w.l(libinit2.o)
    0x08000266   0x08000266   0x00000000   Code   RO         3562    .ARM.Collect$$libinit$$00000013  c_w.l(libinit2.o)
    0x08000266   0x08000266   0x00000000   Code   RO         3564    .ARM.Collect$$libinit$$00000015  c_w.l(libinit2.o)
    0x08000266   0x08000266   0x00000000   Code   RO         3566    .ARM.Collect$$libinit$$00000017  c_w.l(libinit2.o)
    0x08000266   0x08000266   0x00000000   Code   RO         3568    .ARM.Collect$$libinit$$00000019  c_w.l(libinit2.o)
    0x08000266   0x08000266   0x00000000   Code   RO         3570    .ARM.Collect$$libinit$$0000001B  c_w.l(libinit2.o)
    0x08000266   0x08000266   0x00000000   Code   RO         3572    .ARM.Collect$$libinit$$0000001D  c_w.l(libinit2.o)
    0x08000266   0x08000266   0x00000000   Code   RO         3574    .ARM.Collect$$libinit$$0000001F  c_w.l(libinit2.o)
    0x08000266   0x08000266   0x00000000   Code   RO         3576    .ARM.Collect$$libinit$$00000021  c_w.l(libinit2.o)
    0x08000266   0x08000266   0x00000000   Code   RO         3578    .ARM.Collect$$libinit$$00000023  c_w.l(libinit2.o)
    0x08000266   0x08000266   0x00000000   Code   RO         3580    .ARM.Collect$$libinit$$00000025  c_w.l(libinit2.o)
    0x08000266   0x08000266   0x00000000   Code   RO         3584    .ARM.Collect$$libinit$$0000002C  c_w.l(libinit2.o)
    0x08000266   0x08000266   0x00000000   Code   RO         3586    .ARM.Collect$$libinit$$0000002E  c_w.l(libinit2.o)
    0x08000266   0x08000266   0x00000000   Code   RO         3588    .ARM.Collect$$libinit$$00000030  c_w.l(libinit2.o)
    0x08000266   0x08000266   0x00000000   Code   RO         3590    .ARM.Collect$$libinit$$00000032  c_w.l(libinit2.o)
    0x08000266   0x08000266   0x00000002   Code   RO         3591    .ARM.Collect$$libinit$$00000033  c_w.l(libinit2.o)
    0x08000268   0x08000268   0x00000002   Code   RO         3622    .ARM.Collect$$libshutdown$$00000000  c_w.l(libshutdown.o)
    0x0800026a   0x0800026a   0x00000000   Code   RO         3648    .ARM.Collect$$libshutdown$$00000002  c_w.l(libshutdown2.o)
    0x0800026a   0x0800026a   0x00000000   Code   RO         3650    .ARM.Collect$$libshutdown$$00000004  c_w.l(libshutdown2.o)
    0x0800026a   0x0800026a   0x00000000   Code   RO         3653    .ARM.Collect$$libshutdown$$00000007  c_w.l(libshutdown2.o)
    0x0800026a   0x0800026a   0x00000000   Code   RO         3656    .ARM.Collect$$libshutdown$$0000000A  c_w.l(libshutdown2.o)
    0x0800026a   0x0800026a   0x00000000   Code   RO         3658    .ARM.Collect$$libshutdown$$0000000C  c_w.l(libshutdown2.o)
    0x0800026a   0x0800026a   0x00000000   Code   RO         3661    .ARM.Collect$$libshutdown$$0000000F  c_w.l(libshutdown2.o)
    0x0800026a   0x0800026a   0x00000002   Code   RO         3662    .ARM.Collect$$libshutdown$$00000010  c_w.l(libshutdown2.o)
    0x0800026c   0x0800026c   0x00000000   Code   RO         3492    .ARM.Collect$$rtentry$$00000000  c_w.l(__rtentry.o)
    0x0800026c   0x0800026c   0x00000000   Code   RO         3504    .ARM.Collect$$rtentry$$00000002  c_w.l(__rtentry2.o)
    0x0800026c   0x0800026c   0x00000006   Code   RO         3516    .ARM.Collect$$rtentry$$00000004  c_w.l(__rtentry4.o)
    0x08000272   0x08000272   0x00000000   Code   RO         3506    .ARM.Collect$$rtentry$$00000009  c_w.l(__rtentry2.o)
    0x08000272   0x08000272   0x00000004   Code   RO         3507    .ARM.Collect$$rtentry$$0000000A  c_w.l(__rtentry2.o)
    0x08000276   0x08000276   0x00000000   Code   RO         3509    .ARM.Collect$$rtentry$$0000000C  c_w.l(__rtentry2.o)
    0x08000276   0x08000276   0x00000008   Code   RO         3510    .ARM.Collect$$rtentry$$0000000D  c_w.l(__rtentry2.o)
    0x0800027e   0x0800027e   0x00000002   Code   RO         3539    .ARM.Collect$$rtexit$$00000000  c_w.l(rtexit.o)
    0x08000280   0x08000280   0x00000000   Code   RO         3595    .ARM.Collect$$rtexit$$00000002  c_w.l(rtexit2.o)
    0x08000280   0x08000280   0x00000004   Code   RO         3596    .ARM.Collect$$rtexit$$00000003  c_w.l(rtexit2.o)
    0x08000284   0x08000284   0x00000006   Code   RO         3597    .ARM.Collect$$rtexit$$00000004  c_w.l(rtexit2.o)
    0x0800028a   0x0800028a   0x00000002   PAD
    0x0800028c   0x0800028c   0x00000040   Code   RO            4    .text               startup_stm32f407xx.o
    0x080002cc   0x080002cc   0x00000084   Code   RO         3482    .text               c_w.l(rt_memmove_v6.o)
    0x08000350   0x08000350   0x0000004e   Code   RO         3486    .text               c_w.l(rt_memclr_w.o)
    0x0800039e   0x0800039e   0x00000006   Code   RO         3488    .text               c_w.l(heapauxi.o)
    0x080003a4   0x080003a4   0x0000008a   Code   RO         3497    .text               c_w.l(rt_memcpy_v6.o)
    0x0800042e   0x0800042e   0x0000007a   Code   RO         3499    .text               c_w.l(rt_memmove_w.o)
    0x080004a8   0x080004a8   0x00000064   Code   RO         3520    .text               c_w.l(rt_memcpy_w.o)
    0x0800050c   0x0800050c   0x0000004a   Code   RO         3522    .text               c_w.l(sys_stackheap_outer.o)
    0x08000556   0x08000556   0x00000012   Code   RO         3524    .text               c_w.l(exit.o)
    0x08000568   0x08000568   0x00000008   Code   RO         3536    .text               c_w.l(libspace.o)
    0x08000570   0x08000570   0x0000000c   Code   RO         3592    .text               c_w.l(sys_exit.o)
    0x0800057c   0x0800057c   0x00000002   Code   RO         3611    .text               c_w.l(use_no_semi.o)
    0x0800057e   0x0800057e   0x00000000   Code   RO         3613    .text               c_w.l(indicate_semi.o)
    0x0800057e   0x0800057e   0x00000002   Code   RO          837    i.BusFault_Handler  stm32f4xx_it.o
    0x08000580   0x08000580   0x00000002   Code   RO          838    i.DMA2_Stream2_IRQHandler  stm32f4xx_it.o
    0x08000582   0x08000582   0x00000002   Code   RO          839    i.DMA2_Stream5_IRQHandler  stm32f4xx_it.o
    0x08000584   0x08000584   0x0000000c   Code   RO          840    i.DMA2_Stream6_IRQHandler  stm32f4xx_it.o
    0x08000590   0x08000590   0x00000002   Code   RO          841    i.DebugMon_Handler  stm32f4xx_it.o
    0x08000592   0x08000592   0x00000002   Code   RO          399    i.Error_Handler     main.o
    0x08000594   0x08000594   0x000001dc   Code   RO         2880    i.HAL_DMA_IRQHandler  stm32f4xx_hal_dma.o
    0x08000770   0x08000770   0x0000015c   Code   RO         2881    i.HAL_DMA_Init      stm32f4xx_hal_dma.o
    0x080008cc   0x080008cc   0x00000028   Code   RO         3277    i.HAL_Delay         stm32f4xx_hal.o
    0x080008f4   0x080008f4   0x0000023c   Code   RO         2776    i.HAL_GPIO_Init     stm32f4xx_hal_gpio.o
    0x08000b30   0x08000b30   0x0000000c   Code   RO          400    i.HAL_GetTick       main.o
    0x08000b3c   0x08000b3c   0x00000034   Code   RO         3288    i.HAL_Init          stm32f4xx_hal.o
    0x08000b70   0x08000b70   0x00000040   Code   RO         3289    i.HAL_InitTick      stm32f4xx_hal.o
    0x08000bb0   0x08000bb0   0x00000034   Code   RO          925    i.HAL_MspInit       stm32f4xx_hal_msp.o
    0x08000be4   0x08000be4   0x00000018   Code   RO         3145    i.HAL_NVIC_EnableIRQ  stm32f4xx_hal_cortex.o
    0x08000bfc   0x08000bfc   0x00000064   Code   RO         3151    i.HAL_NVIC_SetPriority  stm32f4xx_hal_cortex.o
    0x08000c60   0x08000c60   0x00000024   Code   RO         3152    i.HAL_NVIC_SetPriorityGrouping  stm32f4xx_hal_cortex.o
    0x08000c84   0x08000c84   0x00000118   Code   RO         1800    i.HAL_SD_ConfigWideBusOperation  stm32f4xx_hal_sd.o
    0x08000d9c   0x08000d9c   0x000001fc   Code   RO         1805    i.HAL_SD_GetCardCSD  stm32f4xx_hal_sd.o
    0x08000f98   0x08000f98   0x00000036   Code   RO         1812    i.HAL_SD_Init       stm32f4xx_hal_sd.o
    0x08000fce   0x08000fce   0x00000002   PAD
    0x08000fd0   0x08000fd0   0x000001c4   Code   RO         1813    i.HAL_SD_InitCard   stm32f4xx_hal_sd.o
    0x08001194   0x08001194   0x000000f0   Code   RO          649    i.HAL_SD_MspInit    sdio.o
    0x08001284   0x08001284   0x0000002c   Code   RO         3156    i.HAL_SYSTICK_Config  stm32f4xx_hal_cortex.o
    0x080012b0   0x080012b0   0x00000002   Code   RO          842    i.HardFault_Handler  stm32f4xx_it.o
    0x080012b2   0x080012b2   0x00000002   PAD
    0x080012b4   0x080012b4   0x00000060   Code   RO         1385    i.LL_ADC_CommonInit  stm32f4xx_ll_adc.o
    0x08001314   0x08001314   0x0000003c   Code   RO         1390    i.LL_ADC_Init       stm32f4xx_ll_adc.o
    0x08001350   0x08001350   0x00000070   Code   RO         1391    i.LL_ADC_REG_Init   stm32f4xx_ll_adc.o
    0x080013c0   0x080013c0   0x0000005a   Code   RO         1510    i.LL_DAC_Init       stm32f4xx_ll_dac.o
    0x0800141a   0x0800141a   0x00000002   PAD
    0x0800141c   0x0800141c   0x00000154   Code   RO         1343    i.LL_GPIO_Init      stm32f4xx_ll_gpio.o
    0x08001570   0x08001570   0x0000001a   Code   RO         2355    i.LL_Init1msTick    stm32f4xx_ll_utils.o
    0x0800158a   0x0800158a   0x00000002   PAD
    0x0800158c   0x0800158c   0x000000a4   Code   RO         2266    i.LL_RCC_GetSystemClocksFreq  stm32f4xx_ll_rcc.o
    0x08001630   0x08001630   0x00000066   Code   RO         2013    i.LL_SPI_Init       stm32f4xx_ll_spi.o
    0x08001696   0x08001696   0x00000002   PAD
    0x08001698   0x08001698   0x0000000c   Code   RO         2358    i.LL_SetSystemCoreClock  stm32f4xx_ll_utils.o
    0x080016a4   0x080016a4   0x000000cc   Code   RO         2121    i.LL_TIM_Init       stm32f4xx_ll_tim.o
    0x08001770   0x08001770   0x000001c8   Code   RO         2122    i.LL_TIM_OC_Init    stm32f4xx_ll_tim.o
    0x08001938   0x08001938   0x0000019c   Code   RO         2214    i.LL_USART_Init     stm32f4xx_ll_usart.o
    0x08001ad4   0x08001ad4   0x000002d4   Code   RO          541    i.MX_ADC1_Init      adc.o
    0x08001da8   0x08001da8   0x00000134   Code   RO          588    i.MX_DAC_Init       dac.o
    0x08001edc   0x08001edc   0x0000018c   Code   RO          624    i.MX_DMA_Init       dma.o
    0x08002068   0x08002068   0x0000012c   Code   RO          507    i.MX_GPIO_Init      gpio.o
    0x08002194   0x08002194   0x00000044   Code   RO          650    i.MX_SDIO_SD_Init   sdio.o
    0x080021d8   0x080021d8   0x00000184   Code   RO          690    i.MX_SPI1_Init      spi.o
    0x0800235c   0x0800235c   0x000001e4   Code   RO          691    i.MX_SPI2_Init      spi.o
    0x08002540   0x08002540   0x0000003c   Code   RO          731    i.MX_TIM10_Init     tim.o
    0x0800257c   0x0800257c   0x0000003c   Code   RO          732    i.MX_TIM11_Init     tim.o
    0x080025b8   0x080025b8   0x00000048   Code   RO          733    i.MX_TIM12_Init     tim.o
    0x08002600   0x08002600   0x00000110   Code   RO          734    i.MX_TIM13_Init     tim.o
    0x08002710   0x08002710   0x0000003c   Code   RO          735    i.MX_TIM14_Init     tim.o
    0x0800274c   0x0800274c   0x00000088   Code   RO          736    i.MX_TIM6_Init      tim.o
    0x080027d4   0x080027d4   0x0000004c   Code   RO          737    i.MX_TIM7_Init      tim.o
    0x08002820   0x08002820   0x00000048   Code   RO          738    i.MX_TIM9_Init      tim.o
    0x08002868   0x08002868   0x000001ec   Code   RO          802    i.MX_USART1_UART_Init  usart.o
    0x08002a54   0x08002a54   0x00000158   Code   RO          803    i.MX_USART2_UART_Init  usart.o
    0x08002bac   0x08002bac   0x00000002   Code   RO          843    i.MemManage_Handler  stm32f4xx_it.o
    0x08002bae   0x08002bae   0x00000002   Code   RO          844    i.NMI_Handler       stm32f4xx_it.o
    0x08002bb0   0x08002bb0   0x00000002   Code   RO          845    i.PendSV_Handler    stm32f4xx_it.o
    0x08002bb2   0x08002bb2   0x00000024   Code   RO         1548    i.SDIO_ConfigData   stm32f4xx_ll_sdmmc.o
    0x08002bd6   0x08002bd6   0x00000008   Code   RO         1552    i.SDIO_GetPowerState  stm32f4xx_ll_sdmmc.o
    0x08002bde   0x08002bde   0x0000000e   Code   RO         1553    i.SDIO_GetResponse  stm32f4xx_ll_sdmmc.o
    0x08002bec   0x08002bec   0x0000002c   Code   RO         1554    i.SDIO_Init         stm32f4xx_ll_sdmmc.o
    0x08002c18   0x08002c18   0x00000008   Code   RO         1556    i.SDIO_PowerState_ON  stm32f4xx_ll_sdmmc.o
    0x08002c20   0x08002c20   0x00000006   Code   RO         1557    i.SDIO_ReadFIFO     stm32f4xx_ll_sdmmc.o
    0x08002c26   0x08002c26   0x0000001a   Code   RO         1561    i.SDMMC_CmdAppCommand  stm32f4xx_ll_sdmmc.o
    0x08002c40   0x08002c40   0x00000058   Code   RO         1562    i.SDMMC_CmdAppOperCommand  stm32f4xx_ll_sdmmc.o
    0x08002c98   0x08002c98   0x00000018   Code   RO         1563    i.SDMMC_CmdBlockLength  stm32f4xx_ll_sdmmc.o
    0x08002cb0   0x08002cb0   0x0000001a   Code   RO         1564    i.SDMMC_CmdBusWidth  stm32f4xx_ll_sdmmc.o
    0x08002cca   0x08002cca   0x00000002   PAD
    0x08002ccc   0x08002ccc   0x00000044   Code   RO         1568    i.SDMMC_CmdGoIdleState  stm32f4xx_ll_sdmmc.o
    0x08002d10   0x08002d10   0x00000060   Code   RO         1570    i.SDMMC_CmdOperCond  stm32f4xx_ll_sdmmc.o
    0x08002d70   0x08002d70   0x0000001a   Code   RO         1575    i.SDMMC_CmdSelDesel  stm32f4xx_ll_sdmmc.o
    0x08002d8a   0x08002d8a   0x00000002   PAD
    0x08002d8c   0x08002d8c   0x00000060   Code   RO         1576    i.SDMMC_CmdSendCID  stm32f4xx_ll_sdmmc.o
    0x08002dec   0x08002dec   0x00000060   Code   RO         1577    i.SDMMC_CmdSendCSD  stm32f4xx_ll_sdmmc.o
    0x08002e4c   0x08002e4c   0x0000001c   Code   RO         1578    i.SDMMC_CmdSendSCR  stm32f4xx_ll_sdmmc.o
    0x08002e68   0x08002e68   0x000000a0   Code   RO         1580    i.SDMMC_CmdSetRelAdd  stm32f4xx_ll_sdmmc.o
    0x08002f08   0x08002f08   0x00000174   Code   RO         1586    i.SDMMC_GetCmdResp1  stm32f4xx_ll_sdmmc.o
    0x0800307c   0x0800307c   0x00000112   Code   RO         1829    i.SD_FindSCR        stm32f4xx_hal_sd.o
    0x0800318e   0x0800318e   0x00000002   Code   RO          846    i.SVC_Handler       stm32f4xx_it.o
    0x08003190   0x08003190   0x00000020   Code   RO          401    i.SysTick_Handler   main.o
    0x080031b0   0x080031b0   0x000000d0   Code   RO          402    i.SystemClock_Config  main.o
    0x08003280   0x08003280   0x00000058   Code   RO         3442    i.SystemInit        system_stm32f4xx_1.o
    0x080032d8   0x080032d8   0x00000002   Code   RO          847    i.UsageFault_Handler  stm32f4xx_it.o
    0x080032da   0x080032da   0x00000002   PAD
    0x080032dc   0x080032dc   0x00000010   Code   RO          949    i.cpu_abs           cpu.o
    0x080032ec   0x080032ec   0x0000003c   Code   RO          950    i.cpu_absx          cpu.o
    0x08003328   0x08003328   0x0000003c   Code   RO          951    i.cpu_absy          cpu.o
    0x08003364   0x08003364   0x0000021c   Code   RO          952    i.cpu_adc           cpu.o
    0x08003580   0x08003580   0x000001b4   Code   RO          953    i.cpu_and           cpu.o
    0x08003734   0x08003734   0x0000044a   Code   RO          954    i.cpu_asl           cpu.o
    0x08003b7e   0x08003b7e   0x00000002   PAD
    0x08003b80   0x08003b80   0x000001a8   Code   RO          955    i.cpu_bit           cpu.o
    0x08003d28   0x08003d28   0x000001c8   Code   RO          956    i.cpu_cmp           cpu.o
    0x08003ef0   0x08003ef0   0x000001c8   Code   RO          957    i.cpu_cpx           cpu.o
    0x080040b8   0x080040b8   0x000001c8   Code   RO          958    i.cpu_cpy           cpu.o
    0x08004280   0x08004280   0x000005c4   Code   RO          960    i.cpu_dec           cpu.o
    0x08004844   0x08004844   0x000001b4   Code   RO          961    i.cpu_eor           cpu.o
    0x080049f8   0x080049f8   0x000000b4   Code   RO          962    i.cpu_exec          cpu.o
    0x08004aac   0x08004aac   0x00002c90   Code   RO          963    i.cpu_execinstruction  cpu.o
    0x0800773c   0x0800773c   0x00000010   Code   RO          964    i.cpu_immediate     cpu.o
    0x0800774c   0x0800774c   0x00000004   Code   RO          965    i.cpu_implied       cpu.o
    0x08007750   0x08007750   0x000005c4   Code   RO          966    i.cpu_inc           cpu.o
    0x08007d14   0x08007d14   0x00000194   Code   RO          967    i.cpu_indabsx       cpu.o
    0x08007ea8   0x08007ea8   0x00000198   Code   RO          968    i.cpu_indirect      cpu.o
    0x08008040   0x08008040   0x00000020   Code   RO          969    i.cpu_indx          cpu.o
    0x08008060   0x08008060   0x000001bc   Code   RO          970    i.cpu_indy          cpu.o
    0x0800821c   0x0800821c   0x00000018   Code   RO          971    i.cpu_initmem       cpu.o
    0x08008234   0x08008234   0x000001b0   Code   RO          973    i.cpu_lda           cpu.o
    0x080083e4   0x080083e4   0x000001b0   Code   RO          974    i.cpu_ldx           cpu.o
    0x08008594   0x08008594   0x000001b0   Code   RO          975    i.cpu_ldy           cpu.o
    0x08008744   0x08008744   0x0000044a   Code   RO          976    i.cpu_lsr           cpu.o
    0x08008b8e   0x08008b8e   0x00000002   PAD
    0x08008b90   0x08008b90   0x000001b4   Code   RO          978    i.cpu_ora           cpu.o
    0x08008d44   0x08008d44   0x00000030   Code   RO          979    i.cpu_relative      cpu.o
    0x08008d74   0x08008d74   0x00000028   Code   RO          980    i.cpu_reset         cpu.o
    0x08008d9c   0x08008d9c   0x0000045c   Code   RO          981    i.cpu_rol           cpu.o
    0x080091f8   0x080091f8   0x00000460   Code   RO          982    i.cpu_ror           cpu.o
    0x08009658   0x08009658   0x00000228   Code   RO          983    i.cpu_sbc           cpu.o
    0x08009880   0x08009880   0x00000294   Code   RO          984    i.cpu_sta           cpu.o
    0x08009b14   0x08009b14   0x000001b0   Code   RO          985    i.cpu_stz           cpu.o
    0x08009cc4   0x08009cc4   0x000005b4   Code   RO          986    i.cpu_trb           cpu.o
    0x0800a278   0x0800a278   0x000005bc   Code   RO          987    i.cpu_tsb           cpu.o
    0x0800a834   0x0800a834   0x0000009c   Code   RO          988    i.joypad_read       cpu.o
    0x0800a8d0   0x0800a8d0   0x0000008c   Code   RO          542    i.joystick_init     adc.o
    0x0800a95c   0x0800a95c   0x000002b4   Code   RO          403    i.main              main.o
    0x0800ac10   0x0800ac10   0x000000e4   Code   RO         1294    i.nes_frame         nes.o
    0x0800acf4   0x0800acf4   0x00000026   Code   RO         1295    i.nes_init          nes.o
    0x0800ad1a   0x0800ad1a   0x00000002   PAD
    0x0800ad1c   0x0800ad1c   0x00000058   Code   RO         1243    i.ppu_init          ppu.o
    0x0800ad74   0x0800ad74   0x00000d44   Code   RO         1244    i.ppu_render_line   ppu.o
    0x0800bab8   0x0800bab8   0x00000174   Code   RO         1245    i.ppu_spr0_hit_flag  ppu.o
    0x0800bc2c   0x0800bc2c   0x000000a0   Code   RO         1246    i.premap_palette    ppu.o
    0x0800bccc   0x0800bccc   0x000000a8   Code   RO           13    i.printi            lcd_main.o
    0x0800bd74   0x0800bd74   0x00000084   Code   RO           14    i.prints            lcd_main.o
    0x0800bdf8   0x0800bdf8   0x0000000c   Code   RO         1296    i.rom_select        nes.o
    0x0800be04   0x0800be04   0x00000078   Code   RO           16    i.tft_clear         lcd_main.o
    0x0800be7c   0x0800be7c   0x000001c4   Code   RO           20    i.tft_double_push_pxbuf  lcd_main.o
    0x0800c040   0x0800c040   0x0000028c   Code   RO           21    i.tft_fill_color    lcd_main.o
    0x0800c2cc   0x0800c2cc   0x000001ac   Code   RO           24    i.tft_init          lcd_main.o
    0x0800c478   0x0800c478   0x000000e4   Code   RO          207    i.tft_printc        lcd_main.o
    0x0800c55c   0x0800c55c   0x00000154   Code   RO           30    i.tft_prints        lcd_main.o
    0x0800c6b0   0x0800c6b0   0x00000348   Code   RO           42    i.tft_update        lcd_main.o
    0x0800c9f8   0x0800c9f8   0x0000000a   Code   RO         3607    x$fpl$fpinit        fz_wm.l(fpinit.o)
    0x0800ca02   0x0800ca02   0x00000e4b   Data   RO           45    .constdata          lcd_main.o
    0x0800d84d   0x0800d84d   0x00000008   Data   RO          543    .constdata          adc.o
    0x0800d855   0x0800d855   0x00000008   Data   RO          589    .constdata          dac.o
    0x0800d85d   0x0800d85d   0x00000008   Data   RO          692    .constdata          spi.o
    0x0800d865   0x0800d865   0x0000000e   Data   RO          739    .constdata          tim.o
    0x0800d873   0x0800d873   0x00000008   Data   RO          804    .constdata          usart.o
    0x0800d87b   0x0800d87b   0x00000001   PAD
    0x0800d87c   0x0800d87c   0x00000400   Data   RO          992    .constdata          cpu.o
    0x0800dc7c   0x0800dc7c   0x00000084   Data   RO         1249    .constdata          ppu.o
    0x0800dd00   0x0800dd00   0x0000a010   Data   RO         1297    .constdata          nes.o
    0x08017d10   0x08017d10   0x0000a010   Data   RO         1298    .constdata          nes.o
    0x08021d20   0x08021d20   0x0000a010   Data   RO         1299    .constdata          nes.o
    0x0802bd30   0x0802bd30   0x00000008   Data   RO         2887    .constdata          stm32f4xx_hal_dma.o
    0x0802bd38   0x0802bd38   0x00000010   Data   RO         3443    .constdata          system_stm32f4xx_1.o
    0x0802bd48   0x0802bd48   0x00000008   Data   RO         3444    .constdata          system_stm32f4xx_1.o
    0x0802bd50   0x0802bd50   0x00000156   Data   RO          404    .conststring        main.o
    0x0802bea6   0x0802bea6   0x00000002   PAD
    0x0802bea8   0x0802bea8   0x000002e8   Data   RO          993    .conststring        cpu.o
    0x0802c190   0x0802c190   0x00000040   Data   RO         3663    Region$$Table       anon$$obj.o


    Execution Region RW_IRAM2 (Exec base: 0x10000000, Load base: 0x0802c360, Size: 0x000076d8, Max: 0x00010000, ABSOLUTE)

    Exec Addr    Load Addr    Size         Type   Attr      Idx    E Section Name        Object

    0x10000000   0x0802c360   0x00000010   Data   RW           46    .data               lcd_main.o
    0x10000010   0x0802c370   0x00000014   Data   RW          405    .data               main.o
    0x10000024   0x0802c384   0x0000000c   Data   RW         1250    .data               ppu.o
    0x10000030   0x0802c390   0x00000010   Data   RW         1300    .data               nes.o
    0x10000040   0x0802c3a0   0x0000000c   Data   RW         3295    .data               stm32f4xx_hal.o
    0x1000004c   0x0802c3ac   0x00000004   Data   RW         3445    .data               system_stm32f4xx_1.o
    0x10000050        -       0x00006f40   Zero   RW           44    .bss                lcd_main.o
    0x10006f90        -       0x000000e4   Zero   RW          651    .bss                sdio.o
    0x10007074        -       0x00000060   Zero   RW         3537    .bss                c_w.l(libspace.o)
    0x100070d4   0x0802c3b0   0x00000004   PAD
    0x100070d8        -       0x00000200   Zero   RW            2    HEAP                startup_stm32f407xx.o
    0x100072d8        -       0x00000400   Zero   RW            1    STACK               startup_stm32f407xx.o


    Execution Region RW_IRAM1 (Exec base: 0x20000000, Load base: 0x0802c1d0, Size: 0x0001fb8c, Max: 0x00020000, ABSOLUTE, COMPRESSED[0x00000190])

    Exec Addr    Load Addr    Size         Type   Attr      Idx    E Section Name        Object

    0x20000000   COMPRESSED   0x00000008   Data   RW          544    .data               adc.o
    0x20000008   COMPRESSED   0x00000424   Data   RW          994    .data               cpu.o
    0x2000042c        -       0x00000800   Zero   RW          991    .bss                cpu.o
    0x20000c2c        -       0x0001ee5c   Zero   RW         1247    .bss                ppu.o
    0x2001fa88        -       0x00000101   Zero   RW         1248    .bss                ppu.o


==============================================================================

Image component sizes


      Code (inc. data)   RO Data    RW Data    ZI Data      Debug   Object Name

       864         58          8          8          0      65493   adc.o
     30192       3852       1768       1060       2048      92362   cpu.o
       308         46          8          0          0      49449   dac.o
       396         48          0          0          0       2310   dma.o
       300         32          0          0          0      10755   gpio.o
      3360        126       3659         16      28480     676481   lcd_main.o
       946        232        342         20          0      57748   main.o
       278         30     122928         16          0       3290   nes.o
      4016        134        132         12     126813      15463   ppu.o
       308         36          0          0        228       1883   sdio.o
       872         82          8          0          0      34926   spi.o
        64         26        392          0       1536        856   startup_stm32f407xx.o
       156         20          0         12          0       3585   stm32f4xx_hal.o
       204         16          0          0          0      30003   stm32f4xx_hal_cortex.o
       824         20          8          0          0       3276   stm32f4xx_hal_dma.o
       572         20          0          0          0       1728   stm32f4xx_hal_gpio.o
        52         10          0          0          0        862   stm32f4xx_hal_msp.o
      1568          6          0          0          0       7366   stm32f4xx_hal_sd.o
        32          6          0          0          0       5170   stm32f4xx_it.o
       268         14          0          0          0      52580   stm32f4xx_ll_adc.o
        90          0          0          0          0       4138   stm32f4xx_ll_dac.o
       340          0          0          0          0       7319   stm32f4xx_ll_gpio.o
       164         22          0          0          0      25264   stm32f4xx_ll_rcc.o
      1222         36          0          0          0      16512   stm32f4xx_ll_sdmmc.o
       102          0          0          0          0       4490   stm32f4xx_ll_spi.o
       660         32          0          0          0      32771   stm32f4xx_ll_tim.o
       412          4          0          0          0      15564   stm32f4xx_ll_usart.o
        38          6          0          0          0       8825   stm32f4xx_ll_utils.o
        88         24         24          4          0       1191   system_stm32f4xx_1.o
       808        116         14          0          0      31829   tim.o
       836         80          8          0          0      15788   usart.o

    ----------------------------------------------------------------------
     50362       5134     129366       1148     159108    1279277   Object Totals
         0          0         64          0          0          0   (incl. Generated)
        22          0          3          0          3          0   (incl. Padding)

    ----------------------------------------------------------------------

      Code (inc. data)   RO Data    RW Data    ZI Data      Debug   Library Member Name

       100          0          0          0          0          0   __dclz77c.o
         8          0          0          0          0         68   __main.o
         0          0          0          0          0          0   __rtentry.o
        12          0          0          0          0          0   __rtentry2.o
         6          0          0          0          0          0   __rtentry4.o
        52          8          0          0          0          0   __scatter.o
        26          0          0          0          0          0   __scatter_copy.o
        28          0          0          0          0          0   __scatter_zi.o
        18          0          0          0          0         80   exit.o
         6          0          0          0          0        152   heapauxi.o
         0          0          0          0          0          0   indicate_semi.o
         2          0          0          0          0          0   libinit.o
         6          0          0          0          0          0   libinit2.o
         2          0          0          0          0          0   libshutdown.o
         2          0          0          0          0          0   libshutdown2.o
         8          4          0          0         96         68   libspace.o
        78          0          0          0          0         80   rt_memclr_w.o
       138          0          0          0          0         68   rt_memcpy_v6.o
       100          0          0          0          0         80   rt_memcpy_w.o
       132          0          0          0          0         68   rt_memmove_v6.o
       122          0          0          0          0         80   rt_memmove_w.o
         2          0          0          0          0          0   rtexit.o
        10          0          0          0          0          0   rtexit2.o
        12          4          0          0          0         68   sys_exit.o
        74          0          0          0          0         80   sys_stackheap_outer.o
         2          0          0          0          0         68   use_no_semi.o
        10          0          0          0          0        116   fpinit.o

    ----------------------------------------------------------------------
       960         16          0          0        100       1076   Library Totals
         4          0          0          0          4          0   (incl. Padding)

    ----------------------------------------------------------------------

      Code (inc. data)   RO Data    RW Data    ZI Data      Debug   Library Name

       946         16          0          0         96        960   c_w.l
        10          0          0          0          0        116   fz_wm.l

    ----------------------------------------------------------------------
       960         16          0          0        100       1076   Library Totals

    ----------------------------------------------------------------------

==============================================================================


      Code (inc. data)   RO Data    RW Data    ZI Data      Debug   

     51322       5150     129366       1148     159208    1267205   Grand Totals
     51322       5150     129366        480     159208    1267205   ELF Image Totals (compressed)
     51322       5150     129366        480          0          0   ROM Totals

==============================================================================

    Total RO  Size (Code + RO Data)               180688 ( 176.45kB)
    Total RW  Size (RW Data + ZI Data)            160356 ( 156.60kB)
    Total ROM Size (Code + RO Data + RW Data)     181168 ( 176.92kB)

==============================================================================

