Component: ARM Compiler 5.06 update 6 (build 750) Tool: armlink [4d35ed]

==============================================================================

Section Cross References

    startup_stm32f407xx.o(STACK) refers (Special) to heapauxi.o(.text) for __use_two_region_memory
    startup_stm32f407xx.o(HEAP) refers (Special) to heapauxi.o(.text) for __use_two_region_memory
    startup_stm32f407xx.o(RESET) refers (Special) to heapauxi.o(.text) for __use_two_region_memory
    startup_stm32f407xx.o(RESET) refers to startup_stm32f407xx.o(STACK) for __initial_sp
    startup_stm32f407xx.o(RESET) refers to startup_stm32f407xx.o(.text) for Reset_Handler
    startup_stm32f407xx.o(RESET) refers to stm32f4xx_it.o(i.NMI_Handler) for NMI_Handler
    startup_stm32f407xx.o(RESET) refers to stm32f4xx_it.o(i.HardFault_Handler) for HardFault_Handler
    startup_stm32f407xx.o(RESET) refers to stm32f4xx_it.o(i.MemManage_Handler) for MemManage_Handler
    startup_stm32f407xx.o(RESET) refers to stm32f4xx_it.o(i.BusFault_Handler) for BusFault_Handler
    startup_stm32f407xx.o(RESET) refers to stm32f4xx_it.o(i.UsageFault_Handler) for UsageFault_Handler
    startup_stm32f407xx.o(RESET) refers to stm32f4xx_it.o(i.SVC_Handler) for SVC_Handler
    startup_stm32f407xx.o(RESET) refers to stm32f4xx_it.o(i.DebugMon_Handler) for DebugMon_Handler
    startup_stm32f407xx.o(RESET) refers to stm32f4xx_it.o(i.PendSV_Handler) for PendSV_Handler
    startup_stm32f407xx.o(RESET) refers to main.o(i.SysTick_Handler) for SysTick_Handler
    startup_stm32f407xx.o(RESET) refers to stm32f4xx_it.o(i.DMA2_Stream2_IRQHandler) for DMA2_Stream2_IRQHandler
    startup_stm32f407xx.o(RESET) refers to stm32f4xx_it.o(i.DMA2_Stream5_IRQHandler) for DMA2_Stream5_IRQHandler
    startup_stm32f407xx.o(RESET) refers to stm32f4xx_it.o(i.DMA2_Stream6_IRQHandler) for DMA2_Stream6_IRQHandler
    startup_stm32f407xx.o(.text) refers (Special) to heapauxi.o(.text) for __use_two_region_memory
    startup_stm32f407xx.o(.text) refers to system_stm32f4xx_1.o(i.SystemInit) for SystemInit
    startup_stm32f407xx.o(.text) refers to __main.o(!!!main) for __main
    startup_stm32f407xx.o(.text) refers to startup_stm32f407xx.o(HEAP) for Heap_Mem
    startup_stm32f407xx.o(.text) refers to startup_stm32f407xx.o(STACK) for Stack_Mem
    lcd_main.o(i.printi) refers to lcd_main.o(i.prints) for prints
    lcd_main.o(i.tft_clear) refers to lcd_main.o(.data) for .data
    lcd_main.o(i.tft_clear) refers to lcd_main.o(.bss) for .bss
    lcd_main.o(i.tft_clear_line) refers to lcd_main.o(.data) for .data
    lcd_main.o(i.tft_clear_line) refers to lcd_main.o(.bss) for .bss
    lcd_main.o(i.tft_fill_color) refers to lcd_main.o(.data) for .data
    lcd_main.o(i.tft_force_clear) refers to aeabi_memset.o(.text) for __aeabi_memset
    lcd_main.o(i.tft_force_clear) refers to lcd_main.o(i.tft_fill_color) for tft_fill_color
    lcd_main.o(i.tft_force_clear) refers to lcd_main.o(.bss) for .bss
    lcd_main.o(i.tft_force_clear) refers to lcd_main.o(.data) for .data
    lcd_main.o(i.tft_get_orientation) refers to lcd_main.o(.data) for .data
    lcd_main.o(i.tft_init) refers to lcd_main.o(i.tft_fill_color) for tft_fill_color
    lcd_main.o(i.tft_init) refers to lcd_main.o(i.tft_clear) for tft_clear
    lcd_main.o(i.tft_init) refers to lcd_main.o(.data) for .data
    lcd_main.o(i.tft_init) refers to main.o(.data) for __delay
    lcd_main.o(i.tft_init) refers to lcd_main.o(.constdata) for .constdata
    lcd_main.o(i.tft_printb) refers to lcd_main.o(i.tft_printc) for tft_printc
    lcd_main.o(i.tft_printf) refers to lcd_main.o(i.tft_printc) for tft_printc
    lcd_main.o(i.tft_printh) refers to lcd_main.o(i.tft_printc) for tft_printc
    lcd_main.o(i.tft_printi) refers to lcd_main.o(i.tft_printc) for tft_printc
    lcd_main.o(i.tft_printl) refers to llsdiv.o(.text) for __aeabi_ldivmod
    lcd_main.o(i.tft_printl) refers to lcd_main.o(i.tft_printc) for tft_printc
    lcd_main.o(i.tft_prints) refers to rt_memclr_w.o(.text) for __aeabi_memclr4
    lcd_main.o(i.tft_prints) refers to lcd_main.o(i.prints) for prints
    lcd_main.o(i.tft_prints) refers to lcd_main.o(i.printi) for printi
    lcd_main.o(i.tft_prints) refers to lcd_main.o(i.tft_printc) for tft_printc
    lcd_main.o(i.tft_printu) refers to lcd_main.o(i.tft_printc) for tft_printc
    lcd_main.o(i.tft_pxbuf_update) refers to lcd_main.o(.data) for .data
    lcd_main.o(i.tft_pxbuf_update) refers to lcd_main.o(.bss) for .bss
    lcd_main.o(i.tft_pxbuf_update) refers to lcd_main.o(.constdata) for .constdata
    lcd_main.o(i.tft_pxbuf_write) refers to lcd_main.o(.data) for .data
    lcd_main.o(i.tft_pxbuf_write) refers to lcd_main.o(.bss) for .bss
    lcd_main.o(i.tft_pxbuf_write) refers to lcd_main.o(.constdata) for .constdata
    lcd_main.o(i.tft_reset) refers to main.o(.data) for __delay
    lcd_main.o(i.tft_set_bg_color) refers to lcd_main.o(.data) for .data
    lcd_main.o(i.tft_set_highlight_color) refers to lcd_main.o(.data) for .data
[...]
    cpu_pha                                  0x0800a5f5   Thumb Code    20  cpu.o(i.cpu_pha)
    i.cpu_php                                0x0800a610   Section        0  cpu.o(i.cpu_php)
    cpu_php                                  0x0800a611   Thumb Code    20  cpu.o(i.cpu_php)
    i.cpu_phx                                0x0800a62c   Section        0  cpu.o(i.cpu_phx)
    cpu_phx                                  0x0800a62d   Thumb Code    20  cpu.o(i.cpu_phx)
    i.cpu_phy                                0x0800a648   Section        0  cpu.o(i.cpu_phy)
    cpu_phy                                  0x0800a649   Thumb Code    20  cpu.o(i.cpu_phy)
    i.cpu_pla                                0x0800a664   Section        0  cpu.o(i.cpu_pla)
    cpu_pla                                  0x0800a665   Thumb Code    58  cpu.o(i.cpu_pla)
    i.cpu_plp                                0x0800a6a8   Section        0  cpu.o(i.cpu_plp)
    cpu_plp                                  0x0800a6a9   Thumb Code    26  cpu.o(i.cpu_plp)
    i.cpu_plx                                0x0800a6cc   Section        0  cpu.o(i.cpu_plx)
    cpu_plx                                  0x0800a6cd   Thumb Code    58  cpu.o(i.cpu_plx)
    i.cpu_ply                                0x0800a710   Section        0  cpu.o(i.cpu_ply)
    cpu_ply                                  0x0800a711   Thumb Code    58  cpu.o(i.cpu_ply)
    i.cpu_relative                           0x0800a754   Section        0  cpu.o(i.cpu_relative)
    i.cpu_reset                              0x0800a90c   Section        0  cpu.o(i.cpu_reset)
    i.cpu_rol                                0x0800a934   Section        0  cpu.o(i.cpu_rol)
    cpu_rol                                  0x0800a935   Thumb Code   906  cpu.o(i.cpu_rol)
    i.cpu_rola                               0x0800acf0   Section        0  cpu.o(i.cpu_rola)
    cpu_rola                                 0x0800acf1   Thumb Code    62  cpu.o(i.cpu_rola)
    i.cpu_rolzp                              0x0800ad34   Section        0  cpu.o(i.cpu_rolzp)
    cpu_rolzp                                0x0800ad35   Thumb Code    84  cpu.o(i.cpu_rolzp)
    i.cpu_rolzpx                             0x0800ad90   Section        0  cpu.o(i.cpu_rolzpx)
    cpu_rolzpx                               0x0800ad91   Thumb Code    84  cpu.o(i.cpu_rolzpx)
    i.cpu_ror                                0x0800adec   Section        0  cpu.o(i.cpu_ror)
    cpu_ror                                  0x0800aded   Thumb Code   916  cpu.o(i.cpu_ror)
    i.cpu_rora                               0x0800b1b0   Section        0  cpu.o(i.cpu_rora)
    cpu_rora                                 0x0800b1b1   Thumb Code    76  cpu.o(i.cpu_rora)
    i.cpu_rorzp                              0x0800b200   Section        0  cpu.o(i.cpu_rorzp)
    cpu_rorzp                                0x0800b201   Thumb Code   100  cpu.o(i.cpu_rorzp)
    i.cpu_rorzpx                             0x0800b26c   Section        0  cpu.o(i.cpu_rorzpx)
    cpu_rorzpx                               0x0800b26d   Thumb Code   100  cpu.o(i.cpu_rorzpx)
    i.cpu_rti                                0x0800b2d8   Section        0  cpu.o(i.cpu_rti)
    cpu_rti                                  0x0800b2d9   Thumb Code    36  cpu.o(i.cpu_rti)
    i.cpu_rts                                0x0800b304   Section        0  cpu.o(i.cpu_rts)
    cpu_rts                                  0x0800b305   Thumb Code    22  cpu.o(i.cpu_rts)
    i.cpu_sbc                                0x0800b324   Section        0  cpu.o(i.cpu_sbc)
    cpu_sbc                                  0x0800b325   Thumb Code   558  cpu.o(i.cpu_sbc)
    i.cpu_sbcindzp                           0x0800b574   Section        0  cpu.o(i.cpu_sbcindzp)
    cpu_sbcindzp                             0x0800b575   Thumb Code   546  cpu.o(i.cpu_sbcindzp)
    i.cpu_sbczp                              0x0800b7b4   Section        0  cpu.o(i.cpu_sbczp)
    cpu_sbczp                                0x0800b7b5   Thumb Code   184  cpu.o(i.cpu_sbczp)
    i.cpu_sbczpx                             0x0800b874   Section        0  cpu.o(i.cpu_sbczpx)
    cpu_sbczpx                               0x0800b875   Thumb Code   184  cpu.o(i.cpu_sbczpx)
    i.cpu_sec                                0x0800b934   Section        0  cpu.o(i.cpu_sec)
    cpu_sec                                  0x0800b935   Thumb Code    12  cpu.o(i.cpu_sec)
    i.cpu_sed                                0x0800b944   Section        0  cpu.o(i.cpu_sed)
    cpu_sed                                  0x0800b945   Thumb Code    12  cpu.o(i.cpu_sed)
    i.cpu_sei                                0x0800b954   Section        0  cpu.o(i.cpu_sei)
    cpu_sei                                  0x0800b955   Thumb Code    12  cpu.o(i.cpu_sei)
    i.cpu_sta                                0x0800b964   Section        0  cpu.o(i.cpu_sta)
    cpu_sta                                  0x0800b965   Thumb Code   492  cpu.o(i.cpu_sta)
    i.cpu_staindzp                           0x0800bb7c   Section        0  cpu.o(i.cpu_staindzp)
    cpu_staindzp                             0x0800bb7d   Thumb Code   476  cpu.o(i.cpu_staindzp)
    i.cpu_stazp                              0x0800bd80   Section        0  cpu.o(i.cpu_stazp)
    cpu_stazp                                0x0800bd81   Thumb Code    18  cpu.o(i.cpu_stazp)
    i.cpu_stazpx                             0x0800bd9c   Section        0  cpu.o(i.cpu_stazpx)
    cpu_stazpx                               0x0800bd9d   Thumb Code    18  cpu.o(i.cpu_stazpx)
    i.cpu_stx                                0x0800bdb8   Section        0  cpu.o(i.cpu_stx)
    cpu_stx                                  0x0800bdb9   Thumb Code   492  cpu.o(i.cpu_stx)
    i.cpu_stxzp                              0x0800bfd0   Section        0  cpu.o(i.cpu_stxzp)
    cpu_stxzp                                0x0800bfd1   Thumb Code    18  cpu.o(i.cpu_stxzp)
    i.cpu_stxzpy                             0x0800bfec   Section        0  cpu.o(i.cpu_stxzpy)
    cpu_stxzpy                               0x0800bfed   Thumb Code    18  cpu.o(i.cpu_stxzpy)
    i.cpu_sty                                0x0800c008   Section        0  cpu.o(i.cpu_sty)
    cpu_sty                                  0x0800c009   Thumb Code   492  cpu.o(i.cpu_sty)
    i.cpu_styzp                              0x0800c220   Section        0  cpu.o(i.cpu_styzp)
    cpu_styzp                                0x0800c221   Thumb Code    18  cpu.o(i.cpu_styzp)
    i.cpu_styzpx                             0x0800c23c   Section        0  cpu.o(i.cpu_styzpx)
    cpu_styzpx                               0x0800c23d   Thumb Code    18  cpu.o(i.cpu_styzpx)
    i.cpu_stz                                0x0800c258   Section        0  cpu.o(i.cpu_stz)
    cpu_stz                                  0x0800c259   Thumb Code   414  cpu.o(i.cpu_stz)
    i.cpu_stzzp                              0x0800c420   Section        0  cpu.o(i.cpu_stzzp)
    cpu_stzzp                                0x0800c421   Thumb Code    18  cpu.o(i.cpu_stzzp)
    i.cpu_stzzpx                             0x0800c43c   Section        0  cpu.o(i.cpu_stzzpx)
    cpu_stzzpx                               0x0800c43d   Thumb Code    18  cpu.o(i.cpu_stzzpx)
    i.cpu_tax                                0x0800c458   Section        0  cpu.o(i.cpu_tax)
    cpu_tax                                  0x0800c459   Thumb Code    44  cpu.o(i.cpu_tax)
    i.cpu_tay                                0x0800c488   Section        0  cpu.o(i.cpu_tay)
    cpu_tay                                  0x0800c489   Thumb Code    44  cpu.o(i.cpu_tay)
    i.cpu_trb                                0x0800c4b8   Section        0  cpu.o(i.cpu_trb)
    cpu_trb                                  0x0800c4b9   Thumb Code  1286  cpu.o(i.cpu_trb)
    i.cpu_trbzp                              0x0800c9c4   Section        0  cpu.o(i.cpu_trbzp)
    cpu_trbzp                                0x0800c9c5   Thumb Code    46  cpu.o(i.cpu_trbzp)
    i.cpu_tsb                                0x0800c9fc   Section        0  cpu.o(i.cpu_tsb)
    cpu_tsb                                  0x0800c9fd   Thumb Code  1272  cpu.o(i.cpu_tsb)
    i.cpu_tsbzp                              0x0800cef4   Section        0  cpu.o(i.cpu_tsbzp)
    cpu_tsbzp                                0x0800cef5   Thumb Code    42  cpu.o(i.cpu_tsbzp)
    i.cpu_tsx                                0x0800cf28   Section        0  cpu.o(i.cpu_tsx)
    cpu_tsx                                  0x0800cf29   Thumb Code    44  cpu.o(i.cpu_tsx)
    i.cpu_txa                                0x0800cf58   Section        0  cpu.o(i.cpu_txa)
    cpu_txa                                  0x0800cf59   Thumb Code    44  cpu.o(i.cpu_txa)
    i.cpu_txs                                0x0800cf88   Section        0  cpu.o(i.cpu_txs)
    cpu_txs                                  0x0800cf89   Thumb Code     8  cpu.o(i.cpu_txs)
    i.cpu_tya                                0x0800cf94   Section        0  cpu.o(i.cpu_tya)
    cpu_tya                                  0x0800cf95   Thumb Code    44  cpu.o(i.cpu_tya)
    i.cpu_zp                                 0x0800cfc4   Section        0  cpu.o(i.cpu_zp)
    i.cpu_zpx                                0x0800d15c   Section        0  cpu.o(i.cpu_zpx)
    i.cpu_zpy                                0x0800d2fc   Section        0  cpu.o(i.cpu_zpy)
    i.joypad_read                            0x0800d49c   Section        0  cpu.o(i.joypad_read)
    i.joystick_init                          0x0800d568   Section        0  adc.o(i.joystick_init)
    i.main                                   0x0800d5f4   Section        0  main.o(i.main)
    i.nes_frame                              0x0800d6a8   Section        0  nes.o(i.nes_frame)
    i.nes_init                               0x0800d798   Section        0  nes.o(i.nes_init)
    i.ppu_init                               0x0800d7bc   Section        0  ppu.o(i.ppu_init)
    i.ppu_render_line                        0x0800d814   Section        0  ppu.o(i.ppu_render_line)
    i.ppu_spr0_hit_flag                      0x0800e32c   Section        0  ppu.o(i.ppu_spr0_hit_flag)
    i.tft_clear                              0x0800e4a0   Section        0  lcd_main.o(i.tft_clear)
    i.tft_double_push_pxbuf                  0x0800e518   Section        0  lcd_main.o(i.tft_double_push_pxbuf)
    i.tft_fill_color                         0x0800e6dc   Section        0  lcd_main.o(i.tft_fill_color)
    i.tft_init                               0x0800e968   Section        0  lcd_main.o(i.tft_init)
    x$fpl$fpinit                             0x0800eb14   Section       10  fpinit.o(x$fpl$fpinit)
    $v0                                      0x0800eb14   Number         0  fpinit.o(x$fpl$fpinit)
    .constdata                               0x0800eb1e   Section     3659  lcd_main.o(.constdata)
    ascii_8x16                               0x0800eb22   Data        3584  lcd_main.o(.constdata)
    .constdata                               0x0800f969   Section        8  adc.o(.constdata)
    STREAM_OFFSET_TAB                        0x0800f969   Data           8  adc.o(.constdata)
    .constdata                               0x0800f971   Section        8  dac.o(.constdata)
    STREAM_OFFSET_TAB                        0x0800f971   Data           8  dac.o(.constdata)
    .constdata                               0x0800f979   Section        8  spi.o(.constdata)
    STREAM_OFFSET_TAB                        0x0800f979   Data           8  spi.o(.constdata)
    .constdata                               0x0800f981   Section       14  tim.o(.constdata)
    OFFSET_TAB_CCMRx                         0x0800f981   Data           7  tim.o(.constdata)
    SHIFT_TAB_OCxx                           0x0800f988   Data           7  tim.o(.constdata)
    .constdata                               0x0800f98f   Section        8  usart.o(.constdata)
    STREAM_OFFSET_TAB                        0x0800f98f   Data           8  usart.o(.constdata)
    .constdata                               0x0800f998   Section     3072  cpu.o(.constdata)
    .constdata                               0x08010598   Section      132  ppu.o(.constdata)
    NES_Color_Palette                        0x0801059c   Data         128  ppu.o(.constdata)
    .constdata                               0x0801061c   Section    40976  nes.o(.constdata)
    romfile                                  0x0801061c   Data       40976  nes.o(.constdata)
    .constdata                               0x0801a62c   Section        8  stm32f4xx_hal_dma.o(.constdata)
    flagBitshiftOffset                       0x0801a62c   Data           8  stm32f4xx_hal_dma.o(.constdata)
    .constdata                               0x0801a634   Section       16  system_stm32f4xx_1.o(.constdata)
    .constdata                               0x0801a644   Section        8  system_stm32f4xx_1.o(.constdata)
    .conststring                             0x0801a64c   Section      744  cpu.o(.conststring)
    .data                                    0x10000000   Section       16  lcd_main.o(.data)
    .data                                    0x10000010   Section       12  main.o(.data)
    .data                                    0x1000001c   Section       12  ppu.o(.data)
    .data                                    0x10000028   Section        4  nes.o(.data)
    .data                                    0x1000002c   Section       12  stm32f4xx_hal.o(.data)
    .data                                    0x10000038   Section        4  system_stm32f4xx_1.o(.data)
    .bss                                     0x1000003c   Section    28480  lcd_main.o(.bss)
    tft_dma_bufs                             0x10001f7c   Data       20480  lcd_main.o(.bss)
    .bss                                     0x10006f7c   Section      228  sdio.o(.bss)
    .bss                                     0x10007060   Section       96  libspace.o(.bss)
    HEAP                                     0x100070c0   Section      512  startup_stm32f407xx.o(HEAP)
    Heap_Mem                                 0x100070c0   Data         512  startup_stm32f407xx.o(HEAP)
    STACK                                    0x100072c0   Section     1024  startup_stm32f407xx.o(STACK)
    Stack_Mem                                0x100072c0   Data        1024  startup_stm32f407xx.o(STACK)
    __initial_sp                             0x100076c0   Data           0  startup_stm32f407xx.o(STACK)
    .data                                    0x20000000   Section        8  adc.o(.data)
    .data                                    0x20000008   Section     1064  cpu.o(.data)
    IRQ_Flag                                 0x20000009   Data           1  cpu.o(.data)
    A                                        0x2000000a   Data           1  cpu.o(.data)
    X                                        0x2000000b   Data           1  cpu.o(.data)
    Y                                        0x2000000c   Data           1  cpu.o(.data)
    P                                        0x2000000d   Data           1  cpu.o(.data)
    S                                        0x2000000e   Data           1  cpu.o(.data)
    joypad_read_state                        0x20000011   Data           2  cpu.o(.data)
    joypad_strobe                            0x20000013   Data           2  cpu.o(.data)
    PC                                       0x20000016   Data           2  cpu.o(.data)
    .bss                                     0x20000430   Section     2048  cpu.o(.bss)
    .bss                                     0x20000c30   Section    125532  ppu.o(.bss)
    Buffer_scanline                          0x2001f46c   Data         544  ppu.o(.bss)
    .bss                                     0x2001f68c   Section      257  ppu.o(.bss)

    Global Symbols

    Symbol Name                              Value     Ov Type        Size  Object(Section)

    BuildAttributes$$THM_ISAv4$E$P$D$K$B$S$7EM$VFPi3$EXTD16$VFPS$VFMA$PE$A:L22UL41UL21$X:L11$S22US41US21$IEEE1$IW$USESV6$~STKCKD$USESV7$~SHL$OTIME$ROPI$EBA8$UX$STANDARDLIB$REQ8$PRES8$EABIv2 0x00000000   Number         0  anon$$obj.o ABSOLUTE
    __ARM_use_no_argv                        0x00000000   Number         0  main.o ABSOLUTE
    __ARM_exceptions_init                     - Undefined Weak Reference
    __alloca_initialize                       - Undefined Weak Reference
    __arm_preinit_                            - Undefined Weak Reference
    __cpp_initialize__aeabi_                  - Undefined Weak Reference
    __cxa_finalize                            - Undefined Weak Reference
    __rt_locale                               - Undefined Weak Reference
    __sigvec_lookup                           - Undefined Weak Reference
    _atexit_init                              - Undefined Weak Reference
    _call_atexit_fns                          - Undefined Weak Reference
    _clock_init                               - Undefined Weak Reference
    _fp_trap_init                             - Undefined Weak Reference
    _fp_trap_shutdown                         - Undefined Weak Reference
    _get_lc_collate                           - Undefined Weak Reference
    _get_lc_ctype                             - Undefined Weak Reference
    _get_lc_monetary                          - Undefined Weak Reference
    _get_lc_numeric                           - Undefined Weak Reference
    _get_lc_time                              - Undefined Weak Reference
    _getenv_init                              - Undefined Weak Reference
    _handle_redirection                       - Undefined Weak Reference
    _init_alloc                               - Undefined Weak Reference
    _init_user_alloc                          - Undefined Weak Reference
    _initio                                   - Undefined Weak Reference
    _rand_init                                - Undefined Weak Reference
    _signal_finish                            - Undefined Weak Reference
    _signal_init                              - Undefined Weak Reference
    _terminate_alloc                          - Undefined Weak Reference
    _terminate_user_alloc                     - Undefined Weak Reference
    _terminateio                              - Undefined Weak Reference
    __Vectors_Size                           0x00000188   Number         0  startup_stm32f407xx.o ABSOLUTE
    __Vectors                                0x08000000   Data           4  startup_stm32f407xx.o(RESET)
    __Vectors_End                            0x08000188   Data           0  startup_stm32f407xx.o(RESET)
    __main                                   0x08000189   Thumb Code     8  __main.o(!!!main)
    __scatterload                            0x08000191   Thumb Code     0  __scatter.o(!!!scatter)
    __scatterload_rt2                        0x08000191   Thumb Code    44  __scatter.o(!!!scatter)
    __scatterload_rt2_thumb_only             0x08000191   Thumb Code     0  __scatter.o(!!!scatter)
    __scatterload_null                       0x0800019f   Thumb Code     0  __scatter.o(!!!scatter)
    __decompress                             0x080001c5   Thumb Code   100  __dclz77c.o(!!dclz77c)
    __decompress2                            0x080001c5   Thumb Code     0  __dclz77c.o(!!dclz77c)
    __scatterload_copy                       0x08000229   Thumb Code    26  __scatter_copy.o(!!handler_copy)
    __scatterload_zeroinit                   0x08000245   Thumb Code    28  __scatter_zi.o(!!handler_zi)
    __rt_lib_init                            0x08000261   Thumb Code     0  libinit.o(.ARM.Collect$$libinit$$00000000)
    __rt_lib_init_fp_1                       0x08000263   Thumb Code     0  libinit2.o(.ARM.Collect$$libinit$$00000001)
    __rt_lib_init_alloca_1                   0x08000267   Thumb Code     0  libinit2.o(.ARM.Collect$$libinit$$0000002E)
    __rt_lib_init_argv_1                     0x08000267   Thumb Code     0  libinit2.o(.ARM.Collect$$libinit$$0000002C)
    __rt_lib_init_atexit_1                   0x08000267   Thumb Code     0  libinit2.o(.ARM.Collect$$libinit$$0000001B)
    __rt_lib_init_clock_1                    0x08000267   Thumb Code     0  libinit2.o(.ARM.Collect$$libinit$$00000021)
    __rt_lib_init_cpp_1                      0x08000267   Thumb Code     0  libinit2.o(.ARM.Collect$$libinit$$00000032)
    __rt_lib_init_exceptions_1               0x08000267   Thumb Code     0  libinit2.o(.ARM.Collect$$libinit$$00000030)
    __rt_lib_init_fp_trap_1                  0x08000267   Thumb Code     0  libinit2.o(.ARM.Collect$$libinit$$0000001F)
    __rt_lib_init_getenv_1                   0x08000267   Thumb Code     0  libinit2.o(.ARM.Collect$$libinit$$00000023)
    __rt_lib_init_heap_1                     0x08000267   Thumb Code     0  libinit2.o(.ARM.Collect$$libinit$$0000000A)
    __rt_lib_init_lc_collate_1               0x08000267   Thumb Code     0  libinit2.o(.ARM.Collect$$libinit$$00000011)
    __rt_lib_init_lc_ctype_1                 0x08000267   Thumb Code     0  libinit2.o(.ARM.Collect$$libinit$$00000013)
    __rt_lib_init_lc_monetary_1              0x08000267   Thumb Code     0  libinit2.o(.ARM.Collect$$libinit$$00000015)
    __rt_lib_init_lc_numeric_1               0x08000267   Thumb Code     0  libinit2.o(.ARM.Collect$$libinit$$00000017)
    __rt_lib_init_lc_time_1                  0x08000267   Thumb Code     0  libinit2.o(.ARM.Collect$$libinit$$00000019)
    __rt_lib_init_preinit_1                  0x08000267   Thumb Code     0  libinit2.o(.ARM.Collect$$libinit$$00000004)
    __rt_lib_init_rand_1                     0x08000267   Thumb Code     0  libinit2.o(.ARM.Collect$$libinit$$0000000E)
    __rt_lib_init_return                     0x08000267   Thumb Code     0  libinit2.o(.ARM.Collect$$libinit$$00000033)
    __rt_lib_init_signal_1                   0x08000267   Thumb Code     0  libinit2.o(.ARM.Collect$$libinit$$0000001D)
    __rt_lib_init_stdio_1                    0x08000267   Thumb Code     0  libinit2.o(.ARM.Collect$$libinit$$00000025)
    __rt_lib_init_user_alloc_1               0x08000267   Thumb Code     0  libinit2.o(.ARM.Collect$$libinit$$0000000C)
    __rt_lib_shutdown                        0x08000269   Thumb Code     0  libshutdown.o(.ARM.Collect$$libshutdown$$00000000)
    __rt_lib_shutdown_cpp_1                  0x0800026b   Thumb Code     0  libshutdown2.o(.ARM.Collect$$libshutdown$$00000002)
    __rt_lib_shutdown_fp_trap_1              0x0800026b   Thumb Code     0  libshutdown2.o(.ARM.Collect$$libshutdown$$00000007)
    __rt_lib_shutdown_heap_1                 0x0800026b   Thumb Code     0  libshutdown2.o(.ARM.Collect$$libshutdown$$0000000F)
    __rt_lib_shutdown_return                 0x0800026b   Thumb Code     0  libshutdown2.o(.ARM.Collect$$libshutdown$$00000010)
    __rt_lib_shutdown_signal_1               0x0800026b   Thumb Code     0  libshutdown2.o(.ARM.Collect$$libshutdown$$0000000A)
    __rt_lib_shutdown_stdio_1                0x0800026b   Thumb Code     0  libshutdown2.o(.ARM.Collect$$libshutdown$$00000004)
    __rt_lib_shutdown_user_alloc_1           0x0800026b   Thumb Code     0  libshutdown2.o(.ARM.Collect$$libshutdown$$0000000C)
    __rt_entry                               0x0800026d   Thumb Code     0  __rtentry.o(.ARM.Collect$$rtentry$$00000000)
    __rt_entry_presh_1                       0x0800026d   Thumb Code     0  __rtentry2.o(.ARM.Collect$$rtentry$$00000002)
    __rt_entry_sh                            0x0800026d   Thumb Code     0  __rtentry4.o(.ARM.Collect$$rtentry$$00000004)
    __rt_entry_li                            0x08000273   Thumb Code     0  __rtentry2.o(.ARM.Collect$$rtentry$$0000000A)
    __rt_entry_postsh_1                      0x08000273   Thumb Code     0  __rtentry2.o(.ARM.Collect$$rtentry$$00000009)
    __rt_entry_main                          0x08000277   Thumb Code     0  __rtentry2.o(.ARM.Collect$$rtentry$$0000000D)
    __rt_entry_postli_1                      0x08000277   Thumb Code     0  __rtentry2.o(.ARM.Collect$$rtentry$$0000000C)
    __rt_exit                                0x0800027f   Thumb Code     0  rtexit.o(.ARM.Collect$$rtexit$$00000000)
    __rt_exit_ls                             0x08000281   Thumb Code     0  rtexit2.o(.ARM.Collect$$rtexit$$00000003)
    __rt_exit_prels_1                        0x08000281   Thumb Code     0  rtexit2.o(.ARM.Collect$$rtexit$$00000002)
    __rt_exit_exit                           0x08000285   Thumb Code     0  rtexit2.o(.ARM.Collect$$rtexit$$00000004)
    Reset_Handler                            0x0800028d   Thumb Code     8  startup_stm32f407xx.o(.text)
    ADC_IRQHandler                           0x080002a7   Thumb Code     0  startup_stm32f407xx.o(.text)
    CAN1_RX0_IRQHandler                      0x080002a7   Thumb Code     0  startup_stm32f407xx.o(.text)
    CAN1_RX1_IRQHandler                      0x080002a7   Thumb Code     0  startup_stm32f407xx.o(.text)
    CAN1_SCE_IRQHandler                      0x080002a7   Thumb Code     0  startup_stm32f407xx.o(.text)
    CAN1_TX_IRQHandler                       0x080002a7   Thumb Code     0  startup_stm32f407xx.o(.text)
    CAN2_RX0_IRQHandler                      0x080002a7   Thumb Code     0  startup_stm32f407xx.o(.text)
    CAN2_RX1_IRQHandler                      0x080002a7   Thumb Code     0  startup_stm32f407xx.o(.text)
    CAN2_SCE_IRQHandler                      0x080002a7   Thumb Code     0  startup_stm32f407xx.o(.text)
    CAN2_TX_IRQHandler                       0x080002a7   Thumb Code     0  startup_stm32f407xx.o(.text)
    DCMI_IRQHandler                          0x080002a7   Thumb Code     0  startup_stm32f407xx.o(.text)
    DMA1_Stream0_IRQHandler                  0x080002a7   Thumb Code     0  startup_stm32f407xx.o(.text)
    DMA1_Stream1_IRQHandler                  0x080002a7   Thumb Code     0  startup_stm32f407xx.o(.text)
    DMA1_Stream2_IRQHandler                  0x080002a7   Thumb Code     0  startup_stm32f407xx.o(.text)
    DMA1_Stream3_IRQHandler                  0x080002a7   Thumb Code     0  startup_stm32f407xx.o(.text)
    DMA1_Stream4_IRQHandler                  0x080002a7   Thumb Code     0  startup_stm32f407xx.o(.text)
    DMA1_Stream5_IRQHandler                  0x080002a7   Thumb Code     0  startup_stm32f407xx.o(.text)
    DMA1_Stream6_IRQHandler                  0x080002a7   Thumb Code     0  startup_stm32f407xx.o(.text)
    DMA1_Stream7_IRQHandler                  0x080002a7   Thumb Code     0  startup_stm32f407xx.o(.text)
    DMA2_Stream0_IRQHandler                  0x080002a7   Thumb Code     0  startup_stm32f407xx.o(.text)
    DMA2_Stream1_IRQHandler                  0x080002a7   Thumb Code     0  startup_stm32f407xx.o(.text)
    DMA2_Stream3_IRQHandler                  0x080002a7   Thumb Code     0  startup_stm32f407xx.o(.text)
    DMA2_Stream4_IRQHandler                  0x080002a7   Thumb Code     0  startup_stm32f407xx.o(.text)
    DMA2_Stream7_IRQHandler                  0x080002a7   Thumb Code     0  startup_stm32f407xx.o(.text)
    ETH_IRQHandler                           0x080002a7   Thumb Code     0  startup_stm32f407xx.o(.text)
    ETH_WKUP_IRQHandler                      0x080002a7   Thumb Code     0  startup_stm32f407xx.o(.text)
    EXTI0_IRQHandler                         0x080002a7   Thumb Code     0  startup_stm32f407xx.o(.text)
    EXTI15_10_IRQHandler                     0x080002a7   Thumb Code     0  startup_stm32f407xx.o(.text)
    EXTI1_IRQHandler                         0x080002a7   Thumb Code     0  startup_stm32f407xx.o(.text)
    EXTI2_IRQHandler                         0x080002a7   Thumb Code     0  startup_stm32f407xx.o(.text)
    EXTI3_IRQHandler                         0x080002a7   Thumb Code     0  startup_stm32f407xx.o(.text)
    EXTI4_IRQHandler                         0x080002a7   Thumb Code     0  startup_stm32f407xx.o(.text)
    EXTI9_5_IRQHandler                       0x080002a7   Thumb Code     0  startup_stm32f407xx.o(.text)
    FLASH_IRQHandler                         0x080002a7   Thumb Code     0  startup_stm32f407xx.o(.text)
    FMC_IRQHandler                           0x080002a7   Thumb Code     0  startup_stm32f407xx.o(.text)
    FPU_IRQHandler                           0x080002a7   Thumb Code     0  startup_stm32f407xx.o(.text)
    HASH_RNG_IRQHandler                      0x080002a7   Thumb Code     0  startup_stm32f407xx.o(.text)
    I2C1_ER_IRQHandler                       0x080002a7   Thumb Code     0  startup_stm32f407xx.o(.text)
    I2C1_EV_IRQHandler                       0x080002a7   Thumb Code     0  startup_stm32f407xx.o(.text)
    I2C2_ER_IRQHandler                       0x080002a7   Thumb Code     0  startup_stm32f407xx.o(.text)
    I2C2_EV_IRQHandler                       0x080002a7   Thumb Code     0  startup_stm32f407xx.o(.text)
    I2C3_ER_IRQHandler                       0x080002a7   Thumb Code     0  startup_stm32f407xx.o(.text)
    I2C3_EV_IRQHandler                       0x080002a7   Thumb Code     0  startup_stm32f407xx.o(.text)
    OTG_FS_IRQHandler                        0x080002a7   Thumb Code     0  startup_stm32f407xx.o(.text)
    OTG_FS_WKUP_IRQHandler                   0x080002a7   Thumb Code     0  startup_stm32f407xx.o(.text)
    OTG_HS_EP1_IN_IRQHandler                 0x080002a7   Thumb Code     0  startup_stm32f407xx.o(.text)
    OTG_HS_EP1_OUT_IRQHandler                0x080002a7   Thumb Code     0  startup_stm32f407xx.o(.text)
    OTG_HS_IRQHandler                        0x080002a7   Thumb Code     0  startup_stm32f407xx.o(.text)
    OTG_HS_WKUP_IRQHandler                   0x080002a7   Thumb Code     0  startup_stm32f407xx.o(.text)
    PVD_IRQHandler                           0x080002a7   Thumb Code     0  startup_stm32f407xx.o(.text)
    RCC_IRQHandler                           0x080002a7   Thumb Code     0  startup_stm32f407xx.o(.text)
    RTC_Alarm_IRQHandler                     0x080002a7   Thumb Code     0  startup_stm32f407xx.o(.text)
    RTC_WKUP_IRQHandler                      0x080002a7   Thumb Code     0  startup_stm32f407xx.o(.text)
    SDIO_IRQHandler                          0x080002a7   Thumb Code     0  startup_stm32f407xx.o(.text)
    SPI1_IRQHandler                          0x080002a7   Thumb Code     0  startup_stm32f407xx.o(.text)
    SPI2_IRQHandler                          0x080002a7   Thumb Code     0  startup_stm32f407xx.o(.text)
    SPI3_IRQHandler                          0x080002a7   Thumb Code     0  startup_stm32f407xx.o(.text)
    TAMP_STAMP_IRQHandler                    0x080002a7   Thumb Code     0  startup_stm32f407xx.o(.text)
    TIM1_BRK_TIM9_IRQHandler                 0x080002a7   Thumb Code     0  startup_stm32f407xx.o(.text)
    TIM1_CC_IRQHandler                       0x080002a7   Thumb Code     0  startup_stm32f407xx.o(.text)
    TIM1_TRG_COM_TIM11_IRQHandler            0x080002a7   Thumb Code     0  startup_stm32f407xx.o(.text)
    TIM1_UP_TIM10_IRQHandler                 0x080002a7   Thumb Code     0  startup_stm32f407xx.o(.text)
    TIM2_IRQHandler                          0x080002a7   Thumb Code     0  startup_stm32f407xx.o(.text)
    TIM3_IRQHandler                          0x080002a7   Thumb Code     0  startup_stm32f407xx.o(.text)
    TIM4_IRQHandler                          0x080002a7   Thumb Code     0  startup_stm32f407xx.o(.text)
    TIM5_IRQHandler                          0x080002a7   Thumb Code     0  startup_stm32f407xx.o(.text)
    TIM6_DAC_IRQHandler                      0x080002a7   Thumb Code     0  startup_stm32f407xx.o(.text)
    TIM7_IRQHandler                          0x080002a7   Thumb Code     0  startup_stm32f407xx.o(.text)
    TIM8_BRK_TIM12_IRQHandler                0x080002a7   Thumb Code     0  startup_stm32f407xx.o(.text)
    TIM8_CC_IRQHandler                       0x080002a7   Thumb Code     0  startup_stm32f407xx.o(.text)
    TIM8_TRG_COM_TIM14_IRQHandler            0x080002a7   Thumb Code     0  startup_stm32f407xx.o(.text)
    TIM8_UP_TIM13_IRQHandler                 0x080002a7   Thumb Code     0  startup_stm32f407xx.o(.text)
    UART4_IRQHandler                         0x080002a7   Thumb Code     0  startup_stm32f407xx.o(.text)
    UART5_IRQHandler                         0x080002a7   Thumb Code     0  startup_stm32f407xx.o(.text)
    USART1_IRQHandler                        0x080002a7   Thumb Code     0  startup_stm32f407xx.o(.text)
    USART2_IRQHandler                        0x080002a7   Thumb Code     0  startup_stm32f407xx.o(.text)
    USART3_IRQHandler                        0x080002a7   Thumb Code     0  startup_stm32f407xx.o(.text)
    USART6_IRQHandler                        0x080002a7   Thumb Code     0  startup_stm32f407xx.o(.text)
    WWDG_IRQHandler                          0x080002a7   Thumb Code     0  startup_stm32f407xx.o(.text)
    __user_initial_stackheap                 0x080002a9   Thumb Code     0  startup_stm32f407xx.o(.text)
    __aeabi_memcpy                           0x080002cd   Thumb Code     0  rt_memcpy_v6.o(.text)
    __rt_memcpy                              0x080002cd   Thumb Code   138  rt_memcpy_v6.o(.text)
    _memcpy_lastbytes                        0x08000333   Thumb Code     0  rt_memcpy_v6.o(.text)
    __aeabi_memmove                          0x08000357   Thumb Code     0  rt_memmove_v6.o(.text)
    __rt_memmove                             0x08000357   Thumb Code   132  rt_memmove_v6.o(.text)
    __memmove_lastfew                        0x080003b7   Thumb Code     0  rt_memmove_v6.o(.text)
    __aeabi_memclr                           0x080003db   Thumb Code     0  rt_memclr.o(.text)
    __rt_memclr                              0x080003db   Thumb Code    68  rt_memclr.o(.text)
    _memset                                  0x080003df   Thumb Code     0  rt_memclr.o(.text)
    __aeabi_memclr4                          0x0800041f   Thumb Code     0  rt_memclr_w.o(.text)
    __aeabi_memclr8                          0x0800041f   Thumb Code     0  rt_memclr_w.o(.text)
    __rt_memclr_w                            0x0800041f   Thumb Code    78  rt_memclr_w.o(.text)
    _memset_w                                0x08000423   Thumb Code     0  rt_memclr_w.o(.text)
    __use_two_region_memory                  0x0800046d   Thumb Code     2  heapauxi.o(.text)
    __rt_heap_escrow$2region                 0x0800046f   Thumb Code     2  heapauxi.o(.text)
    __rt_heap_expand$2region                 0x08000471   Thumb Code     2  heapauxi.o(.text)
    __aeabi_memcpy4                          0x08000473   Thumb Code     0  rt_memcpy_w.o(.text)
    __aeabi_memcpy8                          0x08000473   Thumb Code     0  rt_memcpy_w.o(.text)
    __rt_memcpy_w                            0x08000473   Thumb Code   100  rt_memcpy_w.o(.text)
    _memcpy_lastbytes_aligned                0x080004bb   Thumb Code     0  rt_memcpy_w.o(.text)
    __aeabi_memmove4                         0x080004d7   Thumb Code     0  rt_memmove_w.o(.text)
    __aeabi_memmove8                         0x080004d7   Thumb Code     0  rt_memmove_w.o(.text)
    __rt_memmove_w                           0x080004d7   Thumb Code   122  rt_memmove_w.o(.text)
    __memmove_aligned                        0x080004fd   Thumb Code     0  rt_memmove_w.o(.text)
    __memmove_lastfew_aligned                0x08000535   Thumb Code     0  rt_memmove_w.o(.text)
    __user_setup_stackheap                   0x08000551   Thumb Code    74  sys_stackheap_outer.o(.text)
    exit                                     0x0800059b   Thumb Code    18  exit.o(.text)
    __user_libspace                          0x080005ad   Thumb Code     8  libspace.o(.text)
    __user_perproc_libspace                  0x080005ad   Thumb Code     0  libspace.o(.text)
    __user_perthread_libspace                0x080005ad   Thumb Code     0  libspace.o(.text)
    _sys_exit                                0x080005b5   Thumb Code     8  sys_exit.o(.text)
    __I$use$semihosting                      0x080005c1   Thumb Code     0  use_no_semi.o(.text)
    __use_no_semihosting_swi                 0x080005c1   Thumb Code     2  use_no_semi.o(.text)
    BusFault_Handler                         0x080005c3   Thumb Code     2  stm32f4xx_it.o(i.BusFault_Handler)
    __semihosting_library_function           0x080005c3   Thumb Code     0  indicate_semi.o(.text)
    DMA2_Stream2_IRQHandler                  0x080005c5   Thumb Code     2  stm32f4xx_it.o(i.DMA2_Stream2_IRQHandler)
    DMA2_Stream5_IRQHandler                  0x080005c7   Thumb Code     2  stm32f4xx_it.o(i.DMA2_Stream5_IRQHandler)
    DMA2_Stream6_IRQHandler                  0x080005c9   Thumb Code     6  stm32f4xx_it.o(i.DMA2_Stream6_IRQHandler)
    DebugMon_Handler                         0x080005d5   Thumb Code     2  stm32f4xx_it.o(i.DebugMon_Handler)
    Error_Handler                            0x080005d7   Thumb Code     2  main.o(i.Error_Handler)
    HAL_DMA_IRQHandler                       0x080005d9   Thumb Code   470  stm32f4xx_hal_dma.o(i.HAL_DMA_IRQHandler)
    HAL_DMA_Init                             0x080007b5   Thumb Code   334  stm32f4xx_hal_dma.o(i.HAL_DMA_Init)
    HAL_Delay                                0x08000911   Thumb Code    34  stm32f4xx_hal.o(i.HAL_Delay)
    HAL_GPIO_Init                            0x08000939   Thumb Code   552  stm32f4xx_hal_gpio.o(i.HAL_GPIO_Init)
    HAL_GetTick                              0x08000b75   Thumb Code     6  main.o(i.HAL_GetTick)
    HAL_Init                                 0x08000b81   Thumb Code    48  stm32f4xx_hal.o(i.HAL_Init)
    HAL_InitTick                             0x08000bb5   Thumb Code    54  stm32f4xx_hal.o(i.HAL_InitTick)
    HAL_MspInit                              0x08000bf5   Thumb Code    42  stm32f4xx_hal_msp.o(i.HAL_MspInit)
    HAL_NVIC_EnableIRQ                       0x08000c29   Thumb Code    24  stm32f4xx_hal_cortex.o(i.HAL_NVIC_EnableIRQ)
    HAL_NVIC_SetPriority                     0x08000c41   Thumb Code    96  stm32f4xx_hal_cortex.o(i.HAL_NVIC_SetPriority)
    HAL_NVIC_SetPriorityGrouping             0x08000ca5   Thumb Code    30  stm32f4xx_hal_cortex.o(i.HAL_NVIC_SetPriorityGrouping)
    HAL_SD_ConfigWideBusOperation            0x08000cc9   Thumb Code   280  stm32f4xx_hal_sd.o(i.HAL_SD_ConfigWideBusOperation)
    HAL_SD_GetCardCSD                        0x08000de1   Thumb Code   508  stm32f4xx_hal_sd.o(i.HAL_SD_GetCardCSD)
    HAL_SD_Init                              0x08000fdd   Thumb Code    54  stm32f4xx_hal_sd.o(i.HAL_SD_Init)
    HAL_SD_InitCard                          0x08001015   Thumb Code   446  stm32f4xx_hal_sd.o(i.HAL_SD_InitCard)
    HAL_SD_MspInit                           0x080011d9   Thumb Code   214  sdio.o(i.HAL_SD_MspInit)
    HAL_SYSTICK_Config                       0x080012c9   Thumb Code    38  stm32f4xx_hal_cortex.o(i.HAL_SYSTICK_Config)
    HardFault_Handler                        0x080012f5   Thumb Code     2  stm32f4xx_it.o(i.HardFault_Handler)
    LL_ADC_CommonInit                        0x080012f9   Thumb Code    86  stm32f4xx_ll_adc.o(i.LL_ADC_CommonInit)
    LL_ADC_Init                              0x08001359   Thumb Code    60  stm32f4xx_ll_adc.o(i.LL_ADC_Init)
    LL_ADC_REG_Init                          0x08001395   Thumb Code   108  stm32f4xx_ll_adc.o(i.LL_ADC_REG_Init)
    LL_DAC_Init                              0x08001405   Thumb Code    90  stm32f4xx_ll_dac.o(i.LL_DAC_Init)
    LL_GPIO_Init                             0x08001461   Thumb Code   340  stm32f4xx_ll_gpio.o(i.LL_GPIO_Init)
    LL_Init1msTick                           0x080015b5   Thumb Code    26  stm32f4xx_ll_utils.o(i.LL_Init1msTick)
    LL_RCC_GetSystemClocksFreq               0x080015d1   Thumb Code   142  stm32f4xx_ll_rcc.o(i.LL_RCC_GetSystemClocksFreq)
    LL_SPI_Init                              0x08001675   Thumb Code   102  stm32f4xx_ll_spi.o(i.LL_SPI_Init)
    LL_SetSystemCoreClock                    0x080016dd   Thumb Code     6  stm32f4xx_ll_utils.o(i.LL_SetSystemCoreClock)
    LL_TIM_Init                              0x080016e9   Thumb Code   182  stm32f4xx_ll_tim.o(i.LL_TIM_Init)
    LL_TIM_OC_Init                           0x080017b5   Thumb Code   446  stm32f4xx_ll_tim.o(i.LL_TIM_OC_Init)
    LL_USART_Init                            0x0800197d   Thumb Code   408  stm32f4xx_ll_usart.o(i.LL_USART_Init)
    MX_ADC1_Init                             0x08001b19   Thumb Code   690  adc.o(i.MX_ADC1_Init)
    MX_DAC_Init                              0x08001ded   Thumb Code   262  dac.o(i.MX_DAC_Init)
    MX_DMA_Init                              0x08001f21   Thumb Code   348  dma.o(i.MX_DMA_Init)
    MX_GPIO_Init                             0x080020ad   Thumb Code   268  gpio.o(i.MX_GPIO_Init)
    MX_SDIO_SD_Init                          0x080021d9   Thumb Code    58  sdio.o(i.MX_SDIO_SD_Init)
    MX_SPI1_Init                             0x0800221d   Thumb Code   346  spi.o(i.MX_SPI1_Init)
    MX_SPI2_Init                             0x080023a1   Thumb Code   444  spi.o(i.MX_SPI2_Init)
    MX_TIM10_Init                            0x08002585   Thumb Code    50  tim.o(i.MX_TIM10_Init)
    MX_TIM11_Init                            0x080025c1   Thumb Code    50  tim.o(i.MX_TIM11_Init)
    MX_TIM12_Init                            0x080025fd   Thumb Code    64  tim.o(i.MX_TIM12_Init)
    MX_TIM13_Init                            0x08002645   Thumb Code   230  tim.o(i.MX_TIM13_Init)
    MX_TIM14_Init                            0x08002755   Thumb Code    50  tim.o(i.MX_TIM14_Init)
    MX_TIM6_Init                             0x08002791   Thumb Code   116  tim.o(i.MX_TIM6_Init)
    MX_TIM7_Init                             0x08002819   Thumb Code    68  tim.o(i.MX_TIM7_Init)
    MX_TIM9_Init                             0x08002865   Thumb Code    64  tim.o(i.MX_TIM9_Init)
    MX_USART1_UART_Init                      0x080028ad   Thumb Code   452  usart.o(i.MX_USART1_UART_Init)
    MX_USART2_UART_Init                      0x08002a99   Thumb Code   304  usart.o(i.MX_USART2_UART_Init)
    MemManage_Handler                        0x08002bf1   Thumb Code     2  stm32f4xx_it.o(i.MemManage_Handler)
    NMI_Handler                              0x08002bf3   Thumb Code     2  stm32f4xx_it.o(i.NMI_Handler)
    PendSV_Handler                           0x08002bf5   Thumb Code     2  stm32f4xx_it.o(i.PendSV_Handler)
    SDIO_ConfigData                          0x08002bf7   Thumb Code    36  stm32f4xx_ll_sdmmc.o(i.SDIO_ConfigData)
    SDIO_GetPowerState                       0x08002c1b   Thumb Code     8  stm32f4xx_ll_sdmmc.o(i.SDIO_GetPowerState)
    SDIO_GetResponse                         0x08002c23   Thumb Code    14  stm32f4xx_ll_sdmmc.o(i.SDIO_GetResponse)
    SDIO_Init                                0x08002c31   Thumb Code    44  stm32f4xx_ll_sdmmc.o(i.SDIO_Init)
    SDIO_PowerState_ON                       0x08002c5d   Thumb Code     8  stm32f4xx_ll_sdmmc.o(i.SDIO_PowerState_ON)
    SDIO_ReadFIFO                            0x08002c65   Thumb Code     6  stm32f4xx_ll_sdmmc.o(i.SDIO_ReadFIFO)
    SDMMC_CmdAppCommand                      0x08002c6b   Thumb Code    26  stm32f4xx_ll_sdmmc.o(i.SDMMC_CmdAppCommand)
    SDMMC_CmdAppOperCommand                  0x08002c85   Thumb Code    84  stm32f4xx_ll_sdmmc.o(i.SDMMC_CmdAppOperCommand)
    SDMMC_CmdBlockLength                     0x08002cdd   Thumb Code    24  stm32f4xx_ll_sdmmc.o(i.SDMMC_CmdBlockLength)
    SDMMC_CmdBusWidth                        0x08002cf5   Thumb Code    26  stm32f4xx_ll_sdmmc.o(i.SDMMC_CmdBusWidth)
    SDMMC_CmdGoIdleState                     0x08002d11   Thumb Code    62  stm32f4xx_ll_sdmmc.o(i.SDMMC_CmdGoIdleState)
    SDMMC_CmdOperCond                        0x08002d55   Thumb Code    92  stm32f4xx_ll_sdmmc.o(i.SDMMC_CmdOperCond)
    SDMMC_CmdSelDesel                        0x08002db5   Thumb Code    26  stm32f4xx_ll_sdmmc.o(i.SDMMC_CmdSelDesel)
    SDMMC_CmdSendCID                         0x08002dd1   Thumb Code    92  stm32f4xx_ll_sdmmc.o(i.SDMMC_CmdSendCID)
    SDMMC_CmdSendCSD                         0x08002e31   Thumb Code    92  stm32f4xx_ll_sdmmc.o(i.SDMMC_CmdSendCSD)
    SDMMC_CmdSendSCR                         0x08002e91   Thumb Code    28  stm32f4xx_ll_sdmmc.o(i.SDMMC_CmdSendSCR)
    SDMMC_CmdSetRelAdd                       0x08002ead   Thumb Code   156  stm32f4xx_ll_sdmmc.o(i.SDMMC_CmdSetRelAdd)
    SVC_Handler                              0x080031d3   Thumb Code     2  stm32f4xx_it.o(i.SVC_Handler)
    SysTick_Handler                          0x080031d5   Thumb Code    28  main.o(i.SysTick_Handler)
    SystemClock_Config                       0x080031f5   Thumb Code   174  main.o(i.SystemClock_Config)
    SystemInit                               0x080032c5   Thumb Code    64  system_stm32f4xx_1.o(i.SystemInit)
    UsageFault_Handler                       0x0800331d   Thumb Code     2  stm32f4xx_it.o(i.UsageFault_Handler)
    cpu_abs                                  0x08003321   Thumb Code   380  cpu.o(i.cpu_abs)
    cpu_absx                                 0x080034b9   Thumb Code   422  cpu.o(i.cpu_absx)
    cpu_absy                                 0x08003681   Thumb Code   422  cpu.o(i.cpu_absy)
    cpu_exec                                 0x08006aad   Thumb Code  5528  cpu.o(i.cpu_exec)
    cpu_immediate                            0x08008045   Thumb Code    12  cpu.o(i.cpu_immediate)
    cpu_implied                              0x08008055   Thumb Code     2  cpu.o(i.cpu_implied)
    cpu_indabsx                              0x0800861d   Thumb Code   740  cpu.o(i.cpu_indabsx)
    cpu_indirect                             0x0800891d   Thumb Code   746  cpu.o(i.cpu_indirect)
    cpu_indx                                 0x08008c25   Thumb Code   746  cpu.o(i.cpu_indx)
    cpu_indy                                 0x08008f2d   Thumb Code   782  cpu.o(i.cpu_indy)
    cpu_indzp                                0x0800925d   Thumb Code   384  cpu.o(i.cpu_indzp)
    cpu_initmem                              0x080093f9   Thumb Code    20  cpu.o(i.cpu_initmem)
    cpu_relative                             0x0800a755   Thumb Code   412  cpu.o(i.cpu_relative)
    cpu_reset                                0x0800a90d   Thumb Code    36  cpu.o(i.cpu_reset)
    cpu_zp                                   0x0800cfc5   Thumb Code   380  cpu.o(i.cpu_zp)
    cpu_zpx                                  0x0800d15d   Thumb Code   386  cpu.o(i.cpu_zpx)
    cpu_zpy                                  0x0800d2fd   Thumb Code   386  cpu.o(i.cpu_zpy)
    joypad_read                              0x0800d49d   Thumb Code   192  cpu.o(i.joypad_read)
    joystick_init                            0x0800d569   Thumb Code   116  adc.o(i.joystick_init)
    main                                     0x0800d5f5   Thumb Code   172  main.o(i.main)
    nes_frame                                0x0800d6a9   Thumb Code   214  nes.o(i.nes_frame)
    nes_init                                 0x0800d799   Thumb Code    26  nes.o(i.nes_init)
    ppu_init                                 0x0800d7bd   Thumb Code    76  ppu.o(i.ppu_init)
    ppu_render_line                          0x0800d815   Thumb Code  2818  ppu.o(i.ppu_render_line)
    ppu_spr0_hit_flag                        0x0800e32d   Thumb Code   354  ppu.o(i.ppu_spr0_hit_flag)
    tft_clear                                0x0800e4a1   Thumb Code   112  lcd_main.o(i.tft_clear)
    tft_double_push_pxbuf                    0x0800e519   Thumb Code   426  lcd_main.o(i.tft_double_push_pxbuf)
    tft_fill_color                           0x0800e6dd   Thumb Code   638  lcd_main.o(i.tft_fill_color)
    tft_init                                 0x0800e969   Thumb Code   388  lcd_main.o(i.tft_init)
    _fp_init                                 0x0800eb15   Thumb Code    10  fpinit.o(x$fpl$fpinit)
    __fplib_config_fpu_vfp                   0x0800eb1d   Thumb Code     0  fpinit.o(x$fpl$fpinit)
    __fplib_config_pureend_doubles           0x0800eb1d   Thumb Code     0  fpinit.o(x$fpl$fpinit)
    tft_orientation_init_code                0x0800eb1e   Data           4  lcd_main.o(.constdata)
    tft_init_code                            0x0800f922   Data          71  lcd_main.o(.constdata)
    opcodetable                              0x0800f998   Data        3072  cpu.o(.constdata)
    sprite                                   0x08010598   Data           4  ppu.o(.constdata)
    AHBPrescTable                            0x0801a634   Data          16  system_stm32f4xx_1.o(.constdata)
    APBPrescTable                            0x0801a644   Data           8  system_stm32f4xx_1.o(.constdata)
    Region$$Table$$Base                      0x0801a934   Number         0  anon$$obj.o(Region$$Table)
    Region$$Table$$Limit                     0x0801a974   Number         0  anon$$obj.o(Region$$Table)
    tft_orientation                          0x10000000   Data           1  lcd_main.o(.data)
    char_max_x                               0x10000001   Data           1  lcd_main.o(.data)
    char_max_y                               0x10000002   Data           1  lcd_main.o(.data)
    cur_screen                               0x10000003   Data           1  lcd_main.o(.data)
    next_screen                              0x10000004   Data           1  lcd_main.o(.data)
    curr_bg_color                            0x10000006   Data           2  lcd_main.o(.data)
    curr_highlight_color                     0x10000008   Data           2  lcd_main.o(.data)
    curr_text_color                          0x1000000a   Data           2  lcd_main.o(.data)
    curr_text_color_sp                       0x1000000c   Data           2  lcd_main.o(.data)
    row_width                                0x1000000e   Data           2  lcd_main.o(.data)
    __tickf                                  0x10000010   Data           1  main.o(.data)
    __ticks                                  0x10000014   Data           4  main.o(.data)
    __delay                                  0x10000018   Data           4  main.o(.data)
    SpriteHitFlag                            0x1000001c   Data           1  ppu.o(.data)
    PPU_Latch_Flag                           0x1000001d   Data           1  ppu.o(.data)
    PPU_BG_VScrlOrg                          0x1000001e   Data           1  ppu.o(.data)
    PPU_BG_HScrlOrg                          0x1000001f   Data           1  ppu.o(.data)
    PPU_Reg                                  0x10000020   Data           4  ppu.o(.data)
    PPU_scanline                             0x10000024   Data           4  ppu.o(.data)
    frame_count                              0x10000028   Data           4  nes.o(.data)
    uwTickFreq                               0x1000002c   Data           1  stm32f4xx_hal.o(.data)
    uwTickPrio                               0x10000030   Data           4  stm32f4xx_hal.o(.data)
    uwTick                                   0x10000034   Data           4  stm32f4xx_hal.o(.data)
    SystemCoreClock                          0x10000038   Data           4  system_stm32f4xx_1.o(.data)
    text_buf                                 0x1000003c   Data        1600  lcd_main.o(.bss)
    text_color_buf                           0x1000067c   Data        3200  lcd_main.o(.bss)
    bg_color_buf                             0x100012fc   Data        3200  lcd_main.o(.bss)
    hsd                                      0x10006f7c   Data         132  sdio.o(.bss)
    hdma_sdio                                0x10007000   Data          96  sdio.o(.bss)
    __libspace_start                         0x10007060   Data          96  libspace.o(.bss)
    __temporary_stack_top$libspace           0x100070c0   Data           0  libspace.o(.bss)
    joys                                     0x20000000   Data           8  adc.o(.data)
    NMI_Flag                                 0x20000008   Data           1  cpu.o(.data)
    opcode                                   0x2000000f   Data           1  cpu.o(.data)
    value                                    0x20000010   Data           1  cpu.o(.data)
    savepc                                   0x20000018   Data           2  cpu.o(.data)
    help                                     0x2000001a   Data           2  cpu.o(.data)
    prg_rombank0                             0x2000001c   Data           4  cpu.o(.data)
    prg_rombank1                             0x20000020   Data           4  cpu.o(.data)
    cpu_clockticks                           0x20000024   Data           4  cpu.o(.data)
    sum                                      0x20000028   Data           4  cpu.o(.data)
    saveflags                                0x2000002c   Data           4  cpu.o(.data)
    opcode_names                             0x20000030   Data        1024  cpu.o(.data)
    cpu_ram                                  0x20000430   Data        2048  cpu.o(.bss)
    DisplayBuffer                            0x20000c30   Data       122880  ppu.o(.bss)
    NameTable                                0x2001ec30   Data        2048  ppu.o(.bss)
    PPU_Mem                                  0x2001f430   Data          60  ppu.o(.bss)
    Spr_Mem                                  0x2001f68c   Data         257  ppu.o(.bss)



==============================================================================

Memory Map of the image

  Image Entry point : 0x08000189

  Load Region LR_IROM1 (Base: 0x08000000, Size: 0x0001ade0, Max: 0x00080000, ABSOLUTE, COMPRESSED[0x0001ab44])

    Execution Region ER_IROM1 (Exec base: 0x08000000, Load base: 0x08000000, Size: 0x0001a974, Max: 0x00080000, ABSOLUTE)

    Exec Addr    Load Addr    Size         Type   Attr      Idx    E Section Name        Object

    0x08000000   0x08000000   0x00000188   Data   RO            3    RESET               startup_stm32f407xx.o
    0x08000188   0x08000188   0x00000008   Code   RO         4013  * !!!main             c_w.l(__main.o)
    0x08000190   0x08000190   0x00000034   Code   RO         4186    !!!scatter          c_w.l(__scatter.o)
    0x080001c4   0x080001c4   0x00000064   Code   RO         4184    !!dclz77c           c_w.l(__dclz77c.o)
    0x08000228   0x08000228   0x0000001a   Code   RO         4188    !!handler_copy      c_w.l(__scatter_copy.o)
    0x08000242   0x08000242   0x00000002   PAD
    0x08000244   0x08000244   0x0000001c   Code   RO         4190    !!handler_zi        c_w.l(__scatter_zi.o)
    0x08000260   0x08000260   0x00000002   Code   RO         4054    .ARM.Collect$$libinit$$00000000  c_w.l(libinit.o)
    0x08000262   0x08000262   0x00000004   Code   RO         4066    .ARM.Collect$$libinit$$00000001  c_w.l(libinit2.o)
    0x08000266   0x08000266   0x00000000   Code   RO         4069    .ARM.Collect$$libinit$$00000004  c_w.l(libinit2.o)
    0x08000266   0x08000266   0x00000000   Code   RO         4072    .ARM.Collect$$libinit$$0000000A  c_w.l(libinit2.o)
    0x08000266   0x08000266   0x00000000   Code   RO         4074    .ARM.Collect$$libinit$$0000000C  c_w.l(libinit2.o)
    0x08000266   0x08000266   0x00000000   Code   RO         4076    .ARM.Collect$$libinit$$0000000E  c_w.l(libinit2.o)
    0x08000266   0x08000266   0x00000000   Code   RO         4079    .ARM.Collect$$libinit$$00000011  c_w.l(libinit2.o)
    0x08000266   0x08000266   0x00000000   Code   RO         4081    .ARM.Collect$$libinit$$00000013  c_w.l(libinit2.o)
    0x08000266   0x08000266   0x00000000   Code   RO         4083    .ARM.Collect$$libinit$$00000015  c_w.l(libinit2.o)
    0x08000266   0x08000266   0x00000000   Code   RO         4085    .ARM.Collect$$libinit$$00000017  c_w.l(libinit2.o)
    0x08000266   0x08000266   0x00000000   Code   RO         4087    .ARM.Collect$$libinit$$00000019  c_w.l(libinit2.o)
    0x08000266   0x08000266   0x00000000   Code   RO         4089    .ARM.Collect$$libinit$$0000001B  c_w.l(libinit2.o)
    0x08000266   0x08000266   0x00000000   Code   RO         4091    .ARM.Collect$$libinit$$0000001D  c_w.l(libinit2.o)
    0x08000266   0x08000266   0x00000000   Code   RO         4093    .ARM.Collect$$libinit$$0000001F  c_w.l(libinit2.o)
    0x08000266   0x08000266   0x00000000   Code   RO         4095    .ARM.Collect$$libinit$$00000021  c_w.l(libinit2.o)
    0x08000266   0x08000266   0x00000000   Code   RO         4097    .ARM.Collect$$libinit$$00000023  c_w.l(libinit2.o)
    0x08000266   0x08000266   0x00000000   Code   RO         4099    .ARM.Collect$$libinit$$00000025  c_w.l(libinit2.o)
    0x08000266   0x08000266   0x00000000   Code   RO         4103    .ARM.Collect$$libinit$$0000002C  c_w.l(libinit2.o)
    0x08000266   0x08000266   0x00000000   Code   RO         4105    .ARM.Collect$$libinit$$0000002E  c_w.l(libinit2.o)
    0x08000266   0x08000266   0x00000000   Code   RO         4107    .ARM.Collect$$libinit$$00000030  c_w.l(libinit2.o)
    0x08000266   0x08000266   0x00000000   Code   RO         4109    .ARM.Collect$$libinit$$00000032  c_w.l(libinit2.o)
    0x08000266   0x08000266   0x00000002   Code   RO         4110    .ARM.Collect$$libinit$$00000033  c_w.l(libinit2.o)
    0x08000268   0x08000268   0x00000002   Code   RO         4141    .ARM.Collect$$libshutdown$$00000000  c_w.l(libshutdown.o)
    0x0800026a   0x0800026a   0x00000000   Code   RO         4167    .ARM.Collect$$libshutdown$$00000002  c_w.l(libshutdown2.o)
    0x0800026a   0x0800026a   0x00000000   Code   RO         4169    .ARM.Collect$$libshutdown$$00000004  c_w.l(libshutdown2.o)
    0x0800026a   0x0800026a   0x00000000   Code   RO         4172    .ARM.Collect$$libshutdown$$00000007  c_w.l(libshutdown2.o)
    0x0800026a   0x0800026a   0x00000000   Code   RO         4175    .ARM.Collect$$libshutdown$$0000000A  c_w.l(libshutdown2.o)
    0x0800026a   0x0800026a   0x00000000   Code   RO         4177    .ARM.Collect$$libshutdown$$0000000C  c_w.l(libshutdown2.o)
    0x0800026a   0x0800026a   0x00000000   Code   RO         4180    .ARM.Collect$$libshutdown$$0000000F  c_w.l(libshutdown2.o)
    0x0800026a   0x0800026a   0x00000002   Code   RO         4181    .ARM.Collect$$libshutdown$$00000010  c_w.l(libshutdown2.o)
    0x0800026c   0x0800026c   0x00000000   Code   RO         4015    .ARM.Collect$$rtentry$$00000000  c_w.l(__rtentry.o)
    0x0800026c   0x0800026c   0x00000000   Code   RO         4025    .ARM.Collect$$rtentry$$00000002  c_w.l(__rtentry2.o)
    0x0800026c   0x0800026c   0x00000006   Code   RO         4037    .ARM.Collect$$rtentry$$00000004  c_w.l(__rtentry4.o)
    0x08000272   0x08000272   0x00000000   Code   RO         4027    .ARM.Collect$$rtentry$$00000009  c_w.l(__rtentry2.o)
    0x08000272   0x08000272   0x00000004   Code   RO         4028    .ARM.Collect$$rtentry$$0000000A  c_w.l(__rtentry2.o)
    0x08000276   0x08000276   0x00000000   Code   RO         4030    .ARM.Collect$$rtentry$$0000000C  c_w.l(__rtentry2.o)
    0x08000276   0x08000276   0x00000008   Code   RO         4031    .ARM.Collect$$rtentry$$0000000D  c_w.l(__rtentry2.o)
    0x0800027e   0x0800027e   0x00000002   Code   RO         4058    .ARM.Collect$$rtexit$$00000000  c_w.l(rtexit.o)
    0x08000280   0x08000280   0x00000000   Code   RO         4114    .ARM.Collect$$rtexit$$00000002  c_w.l(rtexit2.o)
    0x08000280   0x08000280   0x00000004   Code   RO         4115    .ARM.Collect$$rtexit$$00000003  c_w.l(rtexit2.o)
    0x08000284   0x08000284   0x00000006   Code   RO         4116    .ARM.Collect$$rtexit$$00000004  c_w.l(rtexit2.o)
    0x0800028a   0x0800028a   0x00000002   PAD
    0x0800028c   0x0800028c   0x00000040   Code   RO            4    .text               startup_stm32f407xx.o
    0x080002cc   0x080002cc   0x0000008a   Code   RO         4001    .text               c_w.l(rt_memcpy_v6.o)
    0x08000356   0x08000356   0x00000084   Code   RO         4003    .text               c_w.l(rt_memmove_v6.o)
    0x080003da   0x080003da   0x00000044   Code   RO         4007    .text               c_w.l(rt_memclr.o)
    0x0800041e   0x0800041e   0x0000004e   Code   RO         4009    .text               c_w.l(rt_memclr_w.o)
    0x0800046c   0x0800046c   0x00000006   Code   RO         4011    .text               c_w.l(heapauxi.o)
    0x08000472   0x08000472   0x00000064   Code   RO         4020    .text               c_w.l(rt_memcpy_w.o)
    0x080004d6   0x080004d6   0x0000007a   Code   RO         4022    .text               c_w.l(rt_memmove_w.o)
    0x08000550   0x08000550   0x0000004a   Code   RO         4041    .text               c_w.l(sys_stackheap_outer.o)
    0x0800059a   0x0800059a   0x00000012   Code   RO         4043    .text               c_w.l(exit.o)
    0x080005ac   0x080005ac   0x00000008   Code   RO         4055    .text               c_w.l(libspace.o)
    0x080005b4   0x080005b4   0x0000000c   Code   RO         4111    .text               c_w.l(sys_exit.o)
    0x080005c0   0x080005c0   0x00000002   Code   RO         4130    .text               c_w.l(use_no_semi.o)
    0x080005c2   0x080005c2   0x00000000   Code   RO         4132    .text               c_w.l(indicate_semi.o)
    0x080005c2   0x080005c2   0x00000002   Code   RO          842    i.BusFault_Handler  stm32f4xx_it.o
    0x080005c4   0x080005c4   0x00000002   Code   RO          843    i.DMA2_Stream2_IRQHandler  stm32f4xx_it.o
    0x080005c6   0x080005c6   0x00000002   Code   RO          844    i.DMA2_Stream5_IRQHandler  stm32f4xx_it.o
    0x080005c8   0x080005c8   0x0000000c   Code   RO          845    i.DMA2_Stream6_IRQHandler  stm32f4xx_it.o
    0x080005d4   0x080005d4   0x00000002   Code   RO          846    i.DebugMon_Handler  stm32f4xx_it.o
    0x080005d6   0x080005d6   0x00000002   Code   RO          405    i.Error_Handler     main.o
    0x080005d8   0x080005d8   0x000001dc   Code   RO         3399    i.HAL_DMA_IRQHandler  stm32f4xx_hal_dma.o
    0x080007b4   0x080007b4   0x0000015c   Code   RO         3400    i.HAL_DMA_Init      stm32f4xx_hal_dma.o
    0x08000910   0x08000910   0x00000028   Code   RO         3796    i.HAL_Delay         stm32f4xx_hal.o
    0x08000938   0x08000938   0x0000023c   Code   RO         3295    i.HAL_GPIO_Init     stm32f4xx_hal_gpio.o
    0x08000b74   0x08000b74   0x0000000c   Code   RO          406    i.HAL_GetTick       main.o
    0x08000b80   0x08000b80   0x00000034   Code   RO         3807    i.HAL_Init          stm32f4xx_hal.o
    0x08000bb4   0x08000bb4   0x00000040   Code   RO         3808    i.HAL_InitTick      stm32f4xx_hal.o
    0x08000bf4   0x08000bf4   0x00000034   Code   RO          930    i.HAL_MspInit       stm32f4xx_hal_msp.o
    0x08000c28   0x08000c28   0x00000018   Code   RO         3664    i.HAL_NVIC_EnableIRQ  stm32f4xx_hal_cortex.o
    0x08000c40   0x08000c40   0x00000064   Code   RO         3670    i.HAL_NVIC_SetPriority  stm32f4xx_hal_cortex.o
    0x08000ca4   0x08000ca4   0x00000024   Code   RO         3671    i.HAL_NVIC_SetPriorityGrouping  stm32f4xx_hal_cortex.o
    0x08000cc8   0x08000cc8   0x00000118   Code   RO         2319    i.HAL_SD_ConfigWideBusOperation  stm32f4xx_hal_sd.o
    0x08000de0   0x08000de0   0x000001fc   Code   RO         2324    i.HAL_SD_GetCardCSD  stm32f4xx_hal_sd.o
    0x08000fdc   0x08000fdc   0x00000036   Code   RO         2331    i.HAL_SD_Init       stm32f4xx_hal_sd.o
    0x08001012   0x08001012   0x00000002   PAD
    0x08001014   0x08001014   0x000001c4   Code   RO         2332    i.HAL_SD_InitCard   stm32f4xx_hal_sd.o
    0x080011d8   0x080011d8   0x000000f0   Code   RO          654    i.HAL_SD_MspInit    sdio.o
    0x080012c8   0x080012c8   0x0000002c   Code   RO         3675    i.HAL_SYSTICK_Config  stm32f4xx_hal_cortex.o
    0x080012f4   0x080012f4   0x00000002   Code   RO          847    i.HardFault_Handler  stm32f4xx_it.o
    0x080012f6   0x080012f6   0x00000002   PAD
    0x080012f8   0x080012f8   0x00000060   Code   RO         1904    i.LL_ADC_CommonInit  stm32f4xx_ll_adc.o
    0x08001358   0x08001358   0x0000003c   Code   RO         1909    i.LL_ADC_Init       stm32f4xx_ll_adc.o
    0x08001394   0x08001394   0x00000070   Code   RO         1910    i.LL_ADC_REG_Init   stm32f4xx_ll_adc.o
    0x08001404   0x08001404   0x0000005a   Code   RO         2029    i.LL_DAC_Init       stm32f4xx_ll_dac.o
    0x0800145e   0x0800145e   0x00000002   PAD
    0x08001460   0x08001460   0x00000154   Code   RO         1862    i.LL_GPIO_Init      stm32f4xx_ll_gpio.o
    0x080015b4   0x080015b4   0x0000001a   Code   RO         2874    i.LL_Init1msTick    stm32f4xx_ll_utils.o
    0x080015ce   0x080015ce   0x00000002   PAD
    0x080015d0   0x080015d0   0x000000a4   Code   RO         2785    i.LL_RCC_GetSystemClocksFreq  stm32f4xx_ll_rcc.o
    0x08001674   0x08001674   0x00000066   Code   RO         2532    i.LL_SPI_Init       stm32f4xx_ll_spi.o
    0x080016da   0x080016da   0x00000002   PAD
    0x080016dc   0x080016dc   0x0000000c   Code   RO         2877    i.LL_SetSystemCoreClock  stm32f4xx_ll_utils.o
    0x080016e8   0x080016e8   0x000000cc   Code   RO         2640    i.LL_TIM_Init       stm32f4xx_ll_tim.o
    0x080017b4   0x080017b4   0x000001c8   Code   RO         2641    i.LL_TIM_OC_Init    stm32f4xx_ll_tim.o
    0x0800197c   0x0800197c   0x0000019c   Code   RO         2733    i.LL_USART_Init     stm32f4xx_ll_usart.o
    0x08001b18   0x08001b18   0x000002d4   Code   RO          546    i.MX_ADC1_Init      adc.o
    0x08001dec   0x08001dec   0x00000134   Code   RO          593    i.MX_DAC_Init       dac.o
    0x08001f20   0x08001f20   0x0000018c   Code   RO          629    i.MX_DMA_Init       dma.o
    0x080020ac   0x080020ac   0x0000012c   Code   RO          512    i.MX_GPIO_Init      gpio.o
    0x080021d8   0x080021d8   0x00000044   Code   RO          655    i.MX_SDIO_SD_Init   sdio.o
    0x0800221c   0x0800221c   0x00000184   Code   RO          695    i.MX_SPI1_Init      spi.o
    0x080023a0   0x080023a0   0x000001e4   Code   RO          696    i.MX_SPI2_Init      spi.o
    0x08002584   0x08002584   0x0000003c   Code   RO          736    i.MX_TIM10_Init     tim.o
    0x080025c0   0x080025c0   0x0000003c   Code   RO          737    i.MX_TIM11_Init     tim.o
    0x080025fc   0x080025fc   0x00000048   Code   RO          738    i.MX_TIM12_Init     tim.o
    0x08002644   0x08002644   0x00000110   Code   RO          739    i.MX_TIM13_Init     tim.o
    0x08002754   0x08002754   0x0000003c   Code   RO          740    i.MX_TIM14_Init     tim.o
    0x08002790   0x08002790   0x00000088   Code   RO          741    i.MX_TIM6_Init      tim.o
    0x08002818   0x08002818   0x0000004c   Code   RO          742    i.MX_TIM7_Init      tim.o
    0x08002864   0x08002864   0x00000048   Code   RO          743    i.MX_TIM9_Init      tim.o
    0x080028ac   0x080028ac   0x000001ec   Code   RO          807    i.MX_USART1_UART_Init  usart.o
    0x08002a98   0x08002a98   0x00000158   Code   RO          808    i.MX_USART2_UART_Init  usart.o
    0x08002bf0   0x08002bf0   0x00000002   Code   RO          848    i.MemManage_Handler  stm32f4xx_it.o
    0x08002bf2   0x08002bf2   0x00000002   Code   RO          849    i.NMI_Handler       stm32f4xx_it.o
    0x08002bf4   0x08002bf4   0x00000002   Code   RO          850    i.PendSV_Handler    stm32f4xx_it.o
    0x08002bf6   0x08002bf6   0x00000024   Code   RO         2067    i.SDIO_ConfigData   stm32f4xx_ll_sdmmc.o
    0x08002c1a   0x08002c1a   0x00000008   Code   RO         2071    i.SDIO_GetPowerState  stm32f4xx_ll_sdmmc.o
    0x08002c22   0x08002c22   0x0000000e   Code   RO         2072    i.SDIO_GetResponse  stm32f4xx_ll_sdmmc.o
    0x08002c30   0x08002c30   0x0000002c   Code   RO         2073    i.SDIO_Init         stm32f4xx_ll_sdmmc.o
    0x08002c5c   0x08002c5c   0x00000008   Code   RO         2075    i.SDIO_PowerState_ON  stm32f4xx_ll_sdmmc.o
    0x08002c64   0x08002c64   0x00000006   Code   RO         2076    i.SDIO_ReadFIFO     stm32f4xx_ll_sdmmc.o
    0x08002c6a   0x08002c6a   0x0000001a   Code   RO         2080    i.SDMMC_CmdAppCommand  stm32f4xx_ll_sdmmc.o
    0x08002c84   0x08002c84   0x00000058   Code   RO         2081    i.SDMMC_CmdAppOperCommand  stm32f4xx_ll_sdmmc.o
    0x08002cdc   0x08002cdc   0x00000018   Code   RO         2082    i.SDMMC_CmdBlockLength  stm32f4xx_ll_sdmmc.o
    0x08002cf4   0x08002cf4   0x0000001a   Code   RO         2083    i.SDMMC_CmdBusWidth  stm32f4xx_ll_sdmmc.o
    0x08002d0e   0x08002d0e   0x00000002   PAD
    0x08002d10   0x08002d10   0x00000044   Code   RO         2087    i.SDMMC_CmdGoIdleState  stm32f4xx_ll_sdmmc.o
    0x08002d54   0x08002d54   0x00000060   Code   RO         2089    i.SDMMC_CmdOperCond  stm32f4xx_ll_sdmmc.o
    0x08002db4   0x08002db4   0x0000001a   Code   RO         2094    i.SDMMC_CmdSelDesel  stm32f4xx_ll_sdmmc.o
    0x08002dce   0x08002dce   0x00000002   PAD
    0x08002dd0   0x08002dd0   0x00000060   Code   RO         2095    i.SDMMC_CmdSendCID  stm32f4xx_ll_sdmmc.o
    0x08002e30   0x08002e30   0x00000060   Code   RO         2096    i.SDMMC_CmdSendCSD  stm32f4xx_ll_sdmmc.o
    0x08002e90   0x08002e90   0x0000001c   Code   RO         2097    i.SDMMC_CmdSendSCR  stm32f4xx_ll_sdmmc.o
    0x08002eac   0x08002eac   0x000000a0   Code   RO         2099    i.SDMMC_CmdSetRelAdd  stm32f4xx_ll_sdmmc.o
    0x08002f4c   0x08002f4c   0x00000174   Code   RO         2105    i.SDMMC_GetCmdResp1  stm32f4xx_ll_sdmmc.o
    0x080030c0   0x080030c0   0x00000112   Code   RO         2348    i.SD_FindSCR        stm32f4xx_hal_sd.o
    0x080031d2   0x080031d2   0x00000002   Code   RO          851    i.SVC_Handler       stm32f4xx_it.o
    0x080031d4   0x080031d4   0x00000020   Code   RO          407    i.SysTick_Handler   main.o
    0x080031f4   0x080031f4   0x000000d0   Code   RO          408    i.SystemClock_Config  main.o
    0x080032c4   0x080032c4   0x00000058   Code   RO         3961    i.SystemInit        system_stm32f4xx_1.o
    0x0800331c   0x0800331c   0x00000002   Code   RO          852    i.UsageFault_Handler  stm32f4xx_it.o
    0x0800331e   0x0800331e   0x00000002   PAD
    0x08003320   0x08003320   0x00000198   Code   RO          954    i.cpu_abs           cpu.o
    0x080034b8   0x080034b8   0x000001c8   Code   RO          955    i.cpu_absx          cpu.o
    0x08003680   0x08003680   0x000001c8   Code   RO          956    i.cpu_absy          cpu.o
    0x08003848   0x08003848   0x0000023c   Code   RO          957    i.cpu_adc           cpu.o
    0x08003a84   0x08003a84   0x0000022c   Code   RO          958    i.cpu_adcindzp      cpu.o
    0x08003cb0   0x08003cb0   0x000000b0   Code   RO          959    i.cpu_adczp         cpu.o
    0x08003d60   0x08003d60   0x000000b0   Code   RO          960    i.cpu_adczpx        cpu.o
    0x08003e10   0x08003e10   0x000001cc   Code   RO          961    i.cpu_and           cpu.o
    0x08003fdc   0x08003fdc   0x000001bc   Code   RO          962    i.cpu_andindzp      cpu.o
    0x08004198   0x08004198   0x00000040   Code   RO          963    i.cpu_andzp         cpu.o
    0x080041d8   0x080041d8   0x00000040   Code   RO          964    i.cpu_andzpx        cpu.o
    0x08004218   0x08004218   0x000003b0   Code   RO          965    i.cpu_asl           cpu.o
    0x080045c8   0x080045c8   0x0000003c   Code   RO          966    i.cpu_asla          cpu.o
    0x08004604   0x08004604   0x00000054   Code   RO          967    i.cpu_aslzp         cpu.o
    0x08004658   0x08004658   0x00000054   Code   RO          968    i.cpu_aslzpx        cpu.o
    0x080046ac   0x080046ac   0x000001c4   Code   RO          969    i.cpu_bcc           cpu.o
    0x08004870   0x08004870   0x000001c0   Code   RO          970    i.cpu_bcs           cpu.o
    0x08004a30   0x08004a30   0x000001c0   Code   RO          971    i.cpu_beq           cpu.o
    0x08004bf0   0x08004bf0   0x000001c4   Code   RO          972    i.cpu_bit           cpu.o
    0x08004db4   0x08004db4   0x00000038   Code   RO          973    i.cpu_bitzp         cpu.o
    0x08004dec   0x08004dec   0x00000038   Code   RO          974    i.cpu_bitzpx        cpu.o
    0x08004e24   0x08004e24   0x000001c0   Code   RO          975    i.cpu_bmi           cpu.o
    0x08004fe4   0x08004fe4   0x000001c4   Code   RO          976    i.cpu_bne           cpu.o
    0x080051a8   0x080051a8   0x000001c4   Code   RO          977    i.cpu_bpl           cpu.o
    0x0800536c   0x0800536c   0x0000002c   Code   RO          978    i.cpu_bra           cpu.o
    0x08005398   0x08005398   0x0000003c   Code   RO          979    i.cpu_brk           cpu.o
    0x080053d4   0x080053d4   0x000001c4   Code   RO          980    i.cpu_bvc           cpu.o
    0x08005598   0x08005598   0x000001c0   Code   RO          981    i.cpu_bvs           cpu.o
    0x08005758   0x08005758   0x00000010   Code   RO          982    i.cpu_clc           cpu.o
    0x08005768   0x08005768   0x00000010   Code   RO          983    i.cpu_cld           cpu.o
    0x08005778   0x08005778   0x00000010   Code   RO          984    i.cpu_cli           cpu.o
    0x08005788   0x08005788   0x00000010   Code   RO          985    i.cpu_clv           cpu.o
    0x08005798   0x08005798   0x000001e4   Code   RO          986    i.cpu_cmp           cpu.o
    0x0800597c   0x0800597c   0x000001d4   Code   RO          987    i.cpu_cmpindzp      cpu.o
    0x08005b50   0x08005b50   0x00000058   Code   RO          988    i.cpu_cmpzp         cpu.o
    0x08005ba8   0x08005ba8   0x00000058   Code   RO          989    i.cpu_cmpzpx        cpu.o
    0x08005c00   0x08005c00   0x000001e4   Code   RO          990    i.cpu_cpx           cpu.o
    0x08005de4   0x08005de4   0x00000058   Code   RO          991    i.cpu_cpxzp         cpu.o
    0x08005e3c   0x08005e3c   0x000001e4   Code   RO          992    i.cpu_cpy           cpu.o
    0x08006020   0x08006020   0x00000058   Code   RO          993    i.cpu_cpyzp         cpu.o
    0x08006078   0x08006078   0x00000034   Code   RO          994    i.cpu_dea           cpu.o
    0x080060ac   0x080060ac   0x00000508   Code   RO          996    i.cpu_dec           cpu.o
    0x080065b4   0x080065b4   0x00000044   Code   RO          997    i.cpu_deczp         cpu.o
    0x080065f8   0x080065f8   0x00000044   Code   RO          998    i.cpu_deczpx        cpu.o
    0x0800663c   0x0800663c   0x00000034   Code   RO          999    i.cpu_dex           cpu.o
    0x08006670   0x08006670   0x00000034   Code   RO         1000    i.cpu_dey           cpu.o
    0x080066a4   0x080066a4   0x000001cc   Code   RO         1001    i.cpu_eor           cpu.o
    0x08006870   0x08006870   0x000001bc   Code   RO         1002    i.cpu_eorindzp      cpu.o
    0x08006a2c   0x08006a2c   0x00000040   Code   RO         1003    i.cpu_eorzp         cpu.o
    0x08006a6c   0x08006a6c   0x00000040   Code   RO         1004    i.cpu_eorzpx        cpu.o
    0x08006aac   0x08006aac   0x00001598   Code   RO         1005    i.cpu_exec          cpu.o
    0x08008044   0x08008044   0x00000010   Code   RO         1006    i.cpu_immediate     cpu.o
    0x08008054   0x08008054   0x00000002   Code   RO         1007    i.cpu_implied       cpu.o
    0x08008056   0x08008056   0x00000002   PAD
    0x08008058   0x08008058   0x00000034   Code   RO         1008    i.cpu_ina           cpu.o
    0x0800808c   0x0800808c   0x00000508   Code   RO         1009    i.cpu_inc           cpu.o
    0x08008594   0x08008594   0x00000044   Code   RO         1010    i.cpu_inczp         cpu.o
    0x080085d8   0x080085d8   0x00000044   Code   RO         1011    i.cpu_inczpx        cpu.o
    0x0800861c   0x0800861c   0x00000300   Code   RO         1012    i.cpu_indabsx       cpu.o
    0x0800891c   0x0800891c   0x00000308   Code   RO         1013    i.cpu_indirect      cpu.o
    0x08008c24   0x08008c24   0x00000308   Code   RO         1014    i.cpu_indx          cpu.o
    0x08008f2c   0x08008f2c   0x00000330   Code   RO         1015    i.cpu_indy          cpu.o
    0x0800925c   0x0800925c   0x0000019c   Code   RO         1016    i.cpu_indzp         cpu.o
    0x080093f8   0x080093f8   0x00000018   Code   RO         1017    i.cpu_initmem       cpu.o
    0x08009410   0x08009410   0x00000034   Code   RO         1018    i.cpu_inx           cpu.o
    0x08009444   0x08009444   0x00000034   Code   RO         1019    i.cpu_iny           cpu.o
    0x08009478   0x08009478   0x00000024   Code   RO         1021    i.cpu_jmp           cpu.o
    0x0800949c   0x0800949c   0x00000040   Code   RO         1022    i.cpu_jsr           cpu.o
    0x080094dc   0x080094dc   0x000001c8   Code   RO         1023    i.cpu_lda           cpu.o
    0x080096a4   0x080096a4   0x000001b8   Code   RO         1024    i.cpu_ldaindzp      cpu.o
    0x0800985c   0x0800985c   0x0000003c   Code   RO         1025    i.cpu_ldazp         cpu.o
    0x08009898   0x08009898   0x0000003c   Code   RO         1026    i.cpu_ldazpx        cpu.o
    0x080098d4   0x080098d4   0x000001c8   Code   RO         1027    i.cpu_ldx           cpu.o
    0x08009a9c   0x08009a9c   0x0000003c   Code   RO         1028    i.cpu_ldxzp         cpu.o
    0x08009ad8   0x08009ad8   0x0000003c   Code   RO         1029    i.cpu_ldxzpy        cpu.o
    0x08009b14   0x08009b14   0x000001c8   Code   RO         1030    i.cpu_ldy           cpu.o
    0x08009cdc   0x08009cdc   0x0000003c   Code   RO         1031    i.cpu_ldyzp         cpu.o
    0x08009d18   0x08009d18   0x0000003c   Code   RO         1032    i.cpu_ldyzpx        cpu.o
    0x08009d54   0x08009d54   0x000003b0   Code   RO         1033    i.cpu_lsr           cpu.o
    0x0800a104   0x0800a104   0x0000003c   Code   RO         1034    i.cpu_lsra          cpu.o
    0x0800a140   0x0800a140   0x00000054   Code   RO         1035    i.cpu_lsrzp         cpu.o
    0x0800a194   0x0800a194   0x00000054   Code   RO         1036    i.cpu_lsrzpx        cpu.o
    0x0800a1e8   0x0800a1e8   0x00000002   Code   RO         1038    i.cpu_nop           cpu.o
    0x0800a1ea   0x0800a1ea   0x00000002   PAD
    0x0800a1ec   0x0800a1ec   0x000001cc   Code   RO         1039    i.cpu_ora           cpu.o
    0x0800a3b8   0x0800a3b8   0x000001bc   Code   RO         1040    i.cpu_oraindzp      cpu.o
    0x0800a574   0x0800a574   0x00000040   Code   RO         1041    i.cpu_orazp         cpu.o
    0x0800a5b4   0x0800a5b4   0x00000040   Code   RO         1042    i.cpu_orazpx        cpu.o
    0x0800a5f4   0x0800a5f4   0x0000001c   Code   RO         1043    i.cpu_pha           cpu.o
    0x0800a610   0x0800a610   0x0000001c   Code   RO         1044    i.cpu_php           cpu.o
    0x0800a62c   0x0800a62c   0x0000001c   Code   RO         1045    i.cpu_phx           cpu.o
    0x0800a648   0x0800a648   0x0000001c   Code   RO         1046    i.cpu_phy           cpu.o
    0x0800a664   0x0800a664   0x00000044   Code   RO         1047    i.cpu_pla           cpu.o
    0x0800a6a8   0x0800a6a8   0x00000024   Code   RO         1048    i.cpu_plp           cpu.o
    0x0800a6cc   0x0800a6cc   0x00000044   Code   RO         1049    i.cpu_plx           cpu.o
    0x0800a710   0x0800a710   0x00000044   Code   RO         1050    i.cpu_ply           cpu.o
    0x0800a754   0x0800a754   0x000001b8   Code   RO         1051    i.cpu_relative      cpu.o
    0x0800a90c   0x0800a90c   0x00000028   Code   RO         1052    i.cpu_reset         cpu.o
    0x0800a934   0x0800a934   0x000003bc   Code   RO         1053    i.cpu_rol           cpu.o
    0x0800acf0   0x0800acf0   0x00000044   Code   RO         1054    i.cpu_rola          cpu.o
    0x0800ad34   0x0800ad34   0x0000005c   Code   RO         1055    i.cpu_rolzp         cpu.o
    0x0800ad90   0x0800ad90   0x0000005c   Code   RO         1056    i.cpu_rolzpx        cpu.o
    0x0800adec   0x0800adec   0x000003c4   Code   RO         1057    i.cpu_ror           cpu.o
    0x0800b1b0   0x0800b1b0   0x00000050   Code   RO         1058    i.cpu_rora          cpu.o
    0x0800b200   0x0800b200   0x0000006c   Code   RO         1059    i.cpu_rorzp         cpu.o
    0x0800b26c   0x0800b26c   0x0000006c   Code   RO         1060    i.cpu_rorzpx        cpu.o
    0x0800b2d8   0x0800b2d8   0x0000002c   Code   RO         1061    i.cpu_rti           cpu.o
    0x0800b304   0x0800b304   0x00000020   Code   RO         1062    i.cpu_rts           cpu.o
    0x0800b324   0x0800b324   0x00000250   Code   RO         1063    i.cpu_sbc           cpu.o
    0x0800b574   0x0800b574   0x00000240   Code   RO         1064    i.cpu_sbcindzp      cpu.o
    0x0800b7b4   0x0800b7b4   0x000000c0   Code   RO         1065    i.cpu_sbczp         cpu.o
    0x0800b874   0x0800b874   0x000000c0   Code   RO         1066    i.cpu_sbczpx        cpu.o
    0x0800b934   0x0800b934   0x00000010   Code   RO         1067    i.cpu_sec           cpu.o
    0x0800b944   0x0800b944   0x00000010   Code   RO         1068    i.cpu_sed           cpu.o
    0x0800b954   0x0800b954   0x00000010   Code   RO         1069    i.cpu_sei           cpu.o
    0x0800b964   0x0800b964   0x00000218   Code   RO         1070    i.cpu_sta           cpu.o
    0x0800bb7c   0x0800bb7c   0x00000204   Code   RO         1071    i.cpu_staindzp      cpu.o
    0x0800bd80   0x0800bd80   0x0000001c   Code   RO         1072    i.cpu_stazp         cpu.o
    0x0800bd9c   0x0800bd9c   0x0000001c   Code   RO         1073    i.cpu_stazpx        cpu.o
    0x0800bdb8   0x0800bdb8   0x00000218   Code   RO         1074    i.cpu_stx           cpu.o
    0x0800bfd0   0x0800bfd0   0x0000001c   Code   RO         1075    i.cpu_stxzp         cpu.o
    0x0800bfec   0x0800bfec   0x0000001c   Code   RO         1076    i.cpu_stxzpy        cpu.o
    0x0800c008   0x0800c008   0x00000218   Code   RO         1077    i.cpu_sty           cpu.o
    0x0800c220   0x0800c220   0x0000001c   Code   RO         1078    i.cpu_styzp         cpu.o
    0x0800c23c   0x0800c23c   0x0000001c   Code   RO         1079    i.cpu_styzpx        cpu.o
    0x0800c258   0x0800c258   0x000001c8   Code   RO         1080    i.cpu_stz           cpu.o
    0x0800c420   0x0800c420   0x0000001c   Code   RO         1081    i.cpu_stzzp         cpu.o
    0x0800c43c   0x0800c43c   0x0000001c   Code   RO         1082    i.cpu_stzzpx        cpu.o
    0x0800c458   0x0800c458   0x00000030   Code   RO         1083    i.cpu_tax           cpu.o
    0x0800c488   0x0800c488   0x00000030   Code   RO         1084    i.cpu_tay           cpu.o
    0x0800c4b8   0x0800c4b8   0x0000050c   Code   RO         1085    i.cpu_trb           cpu.o
    0x0800c9c4   0x0800c9c4   0x00000038   Code   RO         1086    i.cpu_trbzp         cpu.o
    0x0800c9fc   0x0800c9fc   0x000004f8   Code   RO         1087    i.cpu_tsb           cpu.o
    0x0800cef4   0x0800cef4   0x00000034   Code   RO         1088    i.cpu_tsbzp         cpu.o
    0x0800cf28   0x0800cf28   0x00000030   Code   RO         1089    i.cpu_tsx           cpu.o
    0x0800cf58   0x0800cf58   0x00000030   Code   RO         1090    i.cpu_txa           cpu.o
    0x0800cf88   0x0800cf88   0x0000000c   Code   RO         1091    i.cpu_txs           cpu.o
    0x0800cf94   0x0800cf94   0x00000030   Code   RO         1092    i.cpu_tya           cpu.o
    0x0800cfc4   0x0800cfc4   0x00000198   Code   RO         1093    i.cpu_zp            cpu.o
    0x0800d15c   0x0800d15c   0x000001a0   Code   RO         1094    i.cpu_zpx           cpu.o
    0x0800d2fc   0x0800d2fc   0x000001a0   Code   RO         1095    i.cpu_zpy           cpu.o
    0x0800d49c   0x0800d49c   0x000000cc   Code   RO         1096    i.joypad_read       cpu.o
    0x0800d568   0x0800d568   0x0000008c   Code   RO          547    i.joystick_init     adc.o
    0x0800d5f4   0x0800d5f4   0x000000b4   Code   RO          409    i.main              main.o
    0x0800d6a8   0x0800d6a8   0x000000f0   Code   RO         1821    i.nes_frame         nes.o
    0x0800d798   0x0800d798   0x00000024   Code   RO         1822    i.nes_init          nes.o
    0x0800d7bc   0x0800d7bc   0x00000058   Code   RO         1776    i.ppu_init          ppu.o
    0x0800d814   0x0800d814   0x00000b18   Code   RO         1777    i.ppu_render_line   ppu.o
    0x0800e32c   0x0800e32c   0x00000174   Code   RO         1778    i.ppu_spr0_hit_flag  ppu.o
    0x0800e4a0   0x0800e4a0   0x00000078   Code   RO           16    i.tft_clear         lcd_main.o
    0x0800e518   0x0800e518   0x000001c4   Code   RO           20    i.tft_double_push_pxbuf  lcd_main.o
    0x0800e6dc   0x0800e6dc   0x0000028c   Code   RO           21    i.tft_fill_color    lcd_main.o
    0x0800e968   0x0800e968   0x000001ac   Code   RO           24    i.tft_init          lcd_main.o
    0x0800eb14   0x0800eb14   0x0000000a   Code   RO         4126    x$fpl$fpinit        fz_wm.l(fpinit.o)
    0x0800eb1e   0x0800eb1e   0x00000e4b   Data   RO           46    .constdata          lcd_main.o
    0x0800f969   0x0800f969   0x00000008   Data   RO          548    .constdata          adc.o
    0x0800f971   0x0800f971   0x00000008   Data   RO          594    .constdata          dac.o
    0x0800f979   0x0800f979   0x00000008   Data   RO          697    .constdata          spi.o
    0x0800f981   0x0800f981   0x0000000e   Data   RO          744    .constdata          tim.o
    0x0800f98f   0x0800f98f   0x00000008   Data   RO          809    .constdata          usart.o
    0x0800f997   0x0800f997   0x00000001   PAD
    0x0800f998   0x0800f998   0x00000c00   Data   RO         1100    .constdata          cpu.o
    0x08010598   0x08010598   0x00000084   Data   RO         1781    .constdata          ppu.o
    0x0801061c   0x0801061c   0x0000a010   Data   RO         1823    .constdata          nes.o
    0x0801a62c   0x0801a62c   0x00000008   Data   RO         3406    .constdata          stm32f4xx_hal_dma.o
    0x0801a634   0x0801a634   0x00000010   Data   RO         3962    .constdata          system_stm32f4xx_1.o
    0x0801a644   0x0801a644   0x00000008   Data   RO         3963    .constdata          system_stm32f4xx_1.o
    0x0801a64c   0x0801a64c   0x000002e8   Data   RO         1101    .conststring        cpu.o
    0x0801a934   0x0801a934   0x00000040   Data   RO         4182    Region$$Table       anon$$obj.o


    Execution Region RW_IRAM2 (Exec base: 0x10000000, Load base: 0x0801ab08, Size: 0x000076c0, Max: 0x00010000, ABSOLUTE)

    Exec Addr    Load Addr    Size         Type   Attr      Idx    E Section Name        Object

    0x10000000   0x0801ab08   0x00000010   Data   RW           47    .data               lcd_main.o
    0x10000010   0x0801ab18   0x0000000c   Data   RW          410    .data               main.o
    0x1000001c   0x0801ab24   0x0000000c   Data   RW         1782    .data               ppu.o
    0x10000028   0x0801ab30   0x00000004   Data   RW         1824    .data               nes.o
    0x1000002c   0x0801ab34   0x0000000c   Data   RW         3814    .data               stm32f4xx_hal.o
    0x10000038   0x0801ab40   0x00000004   Data   RW         3964    .data               system_stm32f4xx_1.o
    0x1000003c        -       0x00006f40   Zero   RW           45    .bss                lcd_main.o
    0x10006f7c        -       0x000000e4   Zero   RW          656    .bss                sdio.o
    0x10007060        -       0x00000060   Zero   RW         4056    .bss                c_w.l(libspace.o)
    0x100070c0        -       0x00000200   Zero   RW            2    HEAP                startup_stm32f407xx.o
    0x100072c0        -       0x00000400   Zero   RW            1    STACK               startup_stm32f407xx.o


    Execution Region RW_IRAM1 (Exec base: 0x20000000, Load base: 0x0801a974, Size: 0x0001f790, Max: 0x00020000, ABSOLUTE, COMPRESSED[0x00000194])

    Exec Addr    Load Addr    Size         Type   Attr      Idx    E Section Name        Object

    0x20000000   COMPRESSED   0x00000008   Data   RW          549    .data               adc.o
    0x20000008   COMPRESSED   0x00000428   Data   RW         1102    .data               cpu.o
    0x20000430        -       0x00000800   Zero   RW         1099    .bss                cpu.o
    0x20000c30        -       0x0001ea5c   Zero   RW         1779    .bss                ppu.o
    0x2001f68c        -       0x00000101   Zero   RW         1780    .bss                ppu.o


==============================================================================

Image component sizes


      Code (inc. data)   RO Data    RW Data    ZI Data      Debug   Object Name

       864         58          8          8          0      65650   adc.o
     41540       5270       3816       1064       2048     147699   cpu.o
       308         46          8          0          0      49449   dac.o
       396         48          0          0          0       2310   dma.o
       300         32          0          0          0      10755   gpio.o
      1652         88       3659         16      28480     666732   lcd_main.o
       434         52          0         12          0      57164   main.o
       276         36      40976          4          0       2037   nes.o
      3300         96        132         12     125789      12784   ppu.o
       308         36          0          0        228       1883   sdio.o
       872         82          8          0          0      34926   spi.o
        64         26        392          0       1536        856   startup_stm32f407xx.o
       156         20          0         12          0       3585   stm32f4xx_hal.o
       204         16          0          0          0      30003   stm32f4xx_hal_cortex.o
       824         20          8          0          0       3276   stm32f4xx_hal_dma.o
       572         20          0          0          0       1728   stm32f4xx_hal_gpio.o
        52         10          0          0          0        862   stm32f4xx_hal_msp.o
      1568          6          0          0          0       7366   stm32f4xx_hal_sd.o
        32          6          0          0          0       5170   stm32f4xx_it.o
       268         14          0          0          0      52580   stm32f4xx_ll_adc.o
        90          0          0          0          0       4138   stm32f4xx_ll_dac.o
       340          0          0          0          0       7319   stm32f4xx_ll_gpio.o
       164         22          0          0          0      25264   stm32f4xx_ll_rcc.o
      1222         36          0          0          0      16512   stm32f4xx_ll_sdmmc.o
       102          0          0          0          0       4490   stm32f4xx_ll_spi.o
       660         32          0          0          0      32771   stm32f4xx_ll_tim.o
       412          4          0          0          0      15564   stm32f4xx_ll_usart.o
        38          6          0          0          0       8825   stm32f4xx_ll_utils.o
        88         24         24          4          0       1191   system_stm32f4xx_1.o
       808        116         14          0          0      31829   tim.o
       836         80          8          0          0      15788   usart.o

    ----------------------------------------------------------------------
     58770       6302      49118       1132     158084    1320506   Object Totals
         0          0         64          0          0          0   (incl. Generated)
        20          0          1          0          3          0   (incl. Padding)

    ----------------------------------------------------------------------

      Code (inc. data)   RO Data    RW Data    ZI Data      Debug   Library Member Name

       100          0          0          0          0          0   __dclz77c.o
         8          0          0          0          0         68   __main.o
         0          0          0          0          0          0   __rtentry.o
        12          0          0          0          0          0   __rtentry2.o
         6          0          0          0          0          0   __rtentry4.o
        52          8          0          0          0          0   __scatter.o
        26          0          0          0          0          0   __scatter_copy.o
        28          0          0          0          0          0   __scatter_zi.o
        18          0          0          0          0         80   exit.o
         6          0          0          0          0        152   heapauxi.o
         0          0          0          0          0          0   indicate_semi.o
         2          0          0          0          0          0   libinit.o
         6          0          0          0          0          0   libinit2.o
         2          0          0          0          0          0   libshutdown.o
         2          0          0          0          0          0   libshutdown2.o
         8          4          0          0         96         68   libspace.o
        68          0          0          0          0         68   rt_memclr.o
        78          0          0          0          0         80   rt_memclr_w.o
       138          0          0          0          0         68   rt_memcpy_v6.o
       100          0          0          0          0         80   rt_memcpy_w.o
       132          0          0          0          0         68   rt_memmove_v6.o
       122          0          0          0          0         80   rt_memmove_w.o
         2          0          0          0          0          0   rtexit.o
        10          0          0          0          0          0   rtexit2.o
        12          4          0          0          0         68   sys_exit.o
        74          0          0          0          0         80   sys_stackheap_outer.o
         2          0          0          0          0         68   use_no_semi.o
        10          0          0          0          0        116   fpinit.o

    ----------------------------------------------------------------------
      1028         16          0          0         96       1144   Library Totals
         4          0          0          0          0          0   (incl. Padding)

    ----------------------------------------------------------------------

      Code (inc. data)   RO Data    RW Data    ZI Data      Debug   Library Name

      1014         16          0          0         96       1028   c_w.l
        10          0          0          0          0        116   fz_wm.l

    ----------------------------------------------------------------------
      1028         16          0          0         96       1144   Library Totals

    ----------------------------------------------------------------------

==============================================================================


      Code (inc. data)   RO Data    RW Data    ZI Data      Debug   

     59798       6318      49118       1132     158180    1298850   Grand Totals
     59798       6318      49118        464     158180    1298850   ELF Image Totals (compressed)
     59798       6318      49118        464          0          0   ROM Totals

==============================================================================

    Total RO  Size (Code + RO Data)               108916 ( 106.36kB)
    Total RW  Size (RW Data + ZI Data)            159312 ( 155.58kB)
    Total ROM Size (Code + RO Data + RW Data)     109380 ( 106.82kB)

==============================================================================

